000 (11656585.000.000) 2025-04-15 13:03:09 Job submitted from host: <131.225.189.251:9618?addrs=131.225.189.251-9618+[2620-6a-0-8421--e8]-9618&alias=lpcschedd4.fnal.gov&noUDP&sock=schedd_1977_a2d3>
...
040 (11656585.000.000) 2025-04-15 13:03:22 Started transferring input files
	Transferring to host: <131.225.188.86:9618?addrs=[2620-6a-0-8421-f0-0-188-86]-9618+131.225.188.86-9618&alias=cmswn2042.fnal.gov&noUDP&sock=slot1_20_2367_83f9_12451>
...
040 (11656585.000.000) 2025-04-15 13:03:22 Finished transferring input files
...
001 (11656585.000.000) 2025-04-15 13:03:23 Job executing on host: <131.225.188.86:9618?addrs=[2620-6a-0-8421-f0-0-188-86]-9618+131.225.188.86-9618&alias=cmswn2042.fnal.gov&noUDP&sock=startd_2052_146d>
	SlotName: slot1_20@cmswn2042.fnal.gov
	CondorScratchDir = "/storage/local/data1/condor/execute/dir_3391681"
	Cpus = 1
	Disk = 10487291
	GPUs = 0
	Memory = 8192
...
006 (11656585.000.000) 2025-04-15 13:03:31 Image size of job updated: 50
	50  -  MemoryUsage of job (MB)
	51316  -  ResidentSetSize of job (KB)
...
006 (11656585.000.000) 2025-04-15 13:04:31 Image size of job updated: 664
	664  -  MemoryUsage of job (MB)
	680304  -  ResidentSetSize of job (KB)
...
006 (11656585.000.000) 2025-04-15 13:05:32 Image size of job updated: 831
	831  -  MemoryUsage of job (MB)
	851808  -  ResidentSetSize of job (KB)
...
040 (11656585.000.000) 2025-04-15 14:18:58 Started transferring output files
...
040 (11656585.000.000) 2025-04-15 14:18:58 Finished transferring output files
...
005 (11656585.000.000) 2025-04-15 14:18:59 Job terminated.
	(1) Normal termination (return value 1)
		Usr 0 01:01:27, Sys 0 00:01:48  -  Run Remote Usage
		Usr 0 00:00:00, Sys 0 00:00:00  -  Run Local Usage
		Usr 0 01:01:27, Sys 0 00:01:48  -  Total Remote Usage
		Usr 0 00:00:00, Sys 0 00:00:00  -  Total Local Usage
	31508  -  Run Bytes Sent By Job
	24917  -  Run Bytes Received By Job
	31508  -  Total Bytes Sent By Job
	24917  -  Total Bytes Received By Job
	Partitionable Resources :    Usage  Request Allocated 
	   Cpus                 :     0.00        1         1 
	   Disk (KB)            :   844    10485760  10487291 
	   GPUs                 :                           0 
	   Memory (MB)          :   831        8192      8192 
	   TimeExecute (s)      :  4535                       
	   TimeSlotBusy (s)     :  4537                       

	Job terminated of its own accord at 2025-04-15T19:18:58Z with exit-code 1.
...
