WARNING: In non-interactive mode release checks e.g. deprecated releases, production architectures are disabled.
Warning: Branch good_bJetpt not found in the tree.

 *** Break *** segmentation violation



===========================================================
There was a crash.
This is the entire stack trace of all threads:
===========================================================

Thread 6 (Thread 0x7fd3effd6700 (LWP 397) "root.exe"):
#0  0x00007fd40c29ba46 in do_futex_wait.constprop () from /lib64/libpthread.so.0
#1  0x00007fd40c29bb38 in __new_sem_wait_slow.constprop.0 () from /lib64/libpthread.so.0
#2  0x00007fd3f25e7586 in XrdCl::JobManager::RunJobs() () from /cvmfs/cms.cern.ch/el8_amd64_gcc10/cms/cmssw/CMSSW_12_3_4/external/el8_amd64_gcc10/lib/libXrdCl.so.3
#3  0x00007fd3f25e7649 in RunRunnerThread () from /cvmfs/cms.cern.ch/el8_amd64_gcc10/cms/cmssw/CMSSW_12_3_4/external/el8_amd64_gcc10/lib/libXrdCl.so.3
#4  0x00007fd40c2931ca in start_thread () from /lib64/libpthread.so.0
#5  0x00007fd40beec8d3 in clone () from /lib64/libc.so.6

Thread 5 (Thread 0x7fd3f07d7700 (LWP 396) "root.exe"):
#0  0x00007fd40c29ba46 in do_futex_wait.constprop () from /lib64/libpthread.so.0
#1  0x00007fd40c29bb38 in __new_sem_wait_slow.constprop.0 () from /lib64/libpthread.so.0
#2  0x00007fd3f25e7586 in XrdCl::JobManager::RunJobs() () from /cvmfs/cms.cern.ch/el8_amd64_gcc10/cms/cmssw/CMSSW_12_3_4/external/el8_amd64_gcc10/lib/libXrdCl.so.3
#3  0x00007fd3f25e7649 in RunRunnerThread () from /cvmfs/cms.cern.ch/el8_amd64_gcc10/cms/cmssw/CMSSW_12_3_4/external/el8_amd64_gcc10/lib/libXrdCl.so.3
#4  0x00007fd40c2931ca in start_thread () from /lib64/libpthread.so.0
#5  0x00007fd40beec8d3 in clone () from /lib64/libc.so.6

Thread 4 (Thread 0x7fd3f0fd8700 (LWP 395) "root.exe"):
#0  0x00007fd40c29ba46 in do_futex_wait.constprop () from /lib64/libpthread.so.0
#1  0x00007fd40c29bb38 in __new_sem_wait_slow.constprop.0 () from /lib64/libpthread.so.0
#2  0x00007fd3f25e7586 in XrdCl::JobManager::RunJobs() () from /cvmfs/cms.cern.ch/el8_amd64_gcc10/cms/cmssw/CMSSW_12_3_4/external/el8_amd64_gcc10/lib/libXrdCl.so.3
#3  0x00007fd3f25e7649 in RunRunnerThread () from /cvmfs/cms.cern.ch/el8_amd64_gcc10/cms/cmssw/CMSSW_12_3_4/external/el8_amd64_gcc10/lib/libXrdCl.so.3
#4  0x00007fd40c2931ca in start_thread () from /lib64/libpthread.so.0
#5  0x00007fd40beec8d3 in clone () from /lib64/libc.so.6

Thread 3 (Thread 0x7fd3f17d9700 (LWP 394) "root.exe"):
#0  0x00007fd40c29ce20 in nanosleep () from /lib64/libpthread.so.0
#1  0x00007fd3f3d280ff in XrdSysTimer::Wait(int) () from /cvmfs/cms.cern.ch/el8_amd64_gcc10/cms/cmssw/CMSSW_12_3_4/external/el8_amd64_gcc10/lib/libXrdUtils.so.3
#2  0x00007fd3f2556f23 in XrdCl::TaskManager::RunTasks() () from /cvmfs/cms.cern.ch/el8_amd64_gcc10/cms/cmssw/CMSSW_12_3_4/external/el8_amd64_gcc10/lib/libXrdCl.so.3
#3  0x00007fd3f2557079 in RunRunnerThread () from /cvmfs/cms.cern.ch/el8_amd64_gcc10/cms/cmssw/CMSSW_12_3_4/external/el8_amd64_gcc10/lib/libXrdCl.so.3
#4  0x00007fd40c2931ca in start_thread () from /lib64/libpthread.so.0
#5  0x00007fd40beec8d3 in clone () from /lib64/libc.so.6

Thread 2 (Thread 0x7fd3f1fda700 (LWP 393) "root.exe"):
#0  0x00007fd40bff2307 in epoll_wait () from /lib64/libc.so.6
#1  0x00007fd3f3d22522 in XrdSys::IOEvents::PollE::Begin(XrdSysSemaphore*, int&, char const**) () from /cvmfs/cms.cern.ch/el8_amd64_gcc10/cms/cmssw/CMSSW_12_3_4/external/el8_amd64_gcc10/lib/libXrdUtils.so.3
#2  0x00007fd3f3d1ecad in XrdSys::IOEvents::BootStrap::Start(void*) () from /cvmfs/cms.cern.ch/el8_amd64_gcc10/cms/cmssw/CMSSW_12_3_4/external/el8_amd64_gcc10/lib/libXrdUtils.so.3
#3  0x00007fd3f3d27808 in XrdSysThread_Xeq () from /cvmfs/cms.cern.ch/el8_amd64_gcc10/cms/cmssw/CMSSW_12_3_4/external/el8_amd64_gcc10/lib/libXrdUtils.so.3
#4  0x00007fd40c2931ca in start_thread () from /lib64/libpthread.so.0
#5  0x00007fd40beec8d3 in clone () from /lib64/libc.so.6

Thread 1 (Thread 0x7fd40d120a40 (LWP 371) "root.exe"):
#0  0x00007fd40bfbae42 in waitpid () from /lib64/libc.so.6
#1  0x00007fd40bf0e747 in do_system () from /lib64/libc.so.6
#2  0x00007fd40ccf56db in TUnixSystem::StackTrace() () from /cvmfs/cms.cern.ch/el8_amd64_gcc10/lcg/root/6.24.07-6b24df5a7040a677b8f0d27957c7cb74/lib/libCore.so
#3  0x00007fd40ccf2c75 in TUnixSystem::DispatchSignals(ESignals) () from /cvmfs/cms.cern.ch/el8_amd64_gcc10/lcg/root/6.24.07-6b24df5a7040a677b8f0d27957c7cb74/lib/libCore.so
#4  <signal handler called>
#5  0x00007fd40bf4bb22 in _int_free () from /lib64/libc.so.6
#6  0x00007fd3f4165894 in ROOT::delete_vectorlEfloatcOROOTcLcLDetailcLcLVecOpscLcLRAdoptAllocatorlEfloatgRsPgR(void*) () from /cvmfs/cms.cern.ch/el8_amd64_gcc10/lcg/root/6.24.07-6b24df5a7040a677b8f0d27957c7cb74/lib/libROOTVecOps.so
#7  0x00007fd3ef6fe030 in TBranchElement::ReleaseObject() () from /cvmfs/cms.cern.ch/el8_amd64_gcc10/lcg/root/6.24.07-6b24df5a7040a677b8f0d27957c7cb74/lib/libTree.so
#8  0x00007fd3ef7009e5 in TBranchElement::ResetAddress() () from /cvmfs/cms.cern.ch/el8_amd64_gcc10/lcg/root/6.24.07-6b24df5a7040a677b8f0d27957c7cb74/lib/libTree.so
#9  0x00007fd3ef700a81 in TBranchElement::~TBranchElement() () from /cvmfs/cms.cern.ch/el8_amd64_gcc10/lcg/root/6.24.07-6b24df5a7040a677b8f0d27957c7cb74/lib/libTree.so
#10 0x00007fd3ef701029 in TBranchElement::~TBranchElement() () from /cvmfs/cms.cern.ch/el8_amd64_gcc10/lcg/root/6.24.07-6b24df5a7040a677b8f0d27957c7cb74/lib/libTree.so
#11 0x00007fd40cc5872c in TObjArray::Delete(char const*) () from /cvmfs/cms.cern.ch/el8_amd64_gcc10/lcg/root/6.24.07-6b24df5a7040a677b8f0d27957c7cb74/lib/libCore.so
#12 0x00007fd3ef76ac20 in TTree::~TTree() () from /cvmfs/cms.cern.ch/el8_amd64_gcc10/lcg/root/6.24.07-6b24df5a7040a677b8f0d27957c7cb74/lib/libTree.so
#13 0x00007fd3ef76b229 in TTree::~TTree() () from /cvmfs/cms.cern.ch/el8_amd64_gcc10/lcg/root/6.24.07-6b24df5a7040a677b8f0d27957c7cb74/lib/libTree.so
#14 0x00007fd40cc52920 in TList::Delete(char const*) () from /cvmfs/cms.cern.ch/el8_amd64_gcc10/lcg/root/6.24.07-6b24df5a7040a677b8f0d27957c7cb74/lib/libCore.so
#15 0x00007fd40cc48e4b in THashList::Delete(char const*) () from /cvmfs/cms.cern.ch/el8_amd64_gcc10/lcg/root/6.24.07-6b24df5a7040a677b8f0d27957c7cb74/lib/libCore.so
#16 0x00007fd40b734b05 in TDirectoryFile::Close(char const*) () from /cvmfs/cms.cern.ch/el8_amd64_gcc10/lcg/root/6.24.07-6b24df5a7040a677b8f0d27957c7cb74/lib/libRIO.so
#17 0x00007fd40b7518ec in TFile::Close(char const*) () from /cvmfs/cms.cern.ch/el8_amd64_gcc10/lcg/root/6.24.07-6b24df5a7040a677b8f0d27957c7cb74/lib/libRIO.so
#18 0x00007fd407096da7 in TNetXNGFile::Close(char const*) () from /cvmfs/cms.cern.ch/el8_amd64_gcc10/lcg/root/6.24.07-6b24df5a7040a677b8f0d27957c7cb74/lib/libNetxNG.so
#19 0x00007fd40cb9a5a1 in (anonymous namespace)::R__ListSlowClose(TList*) () from /cvmfs/cms.cern.ch/el8_amd64_gcc10/lcg/root/6.24.07-6b24df5a7040a677b8f0d27957c7cb74/lib/libCore.so
#20 0x00007fd40cb9ad3d in TROOT::CloseFiles() () from /cvmfs/cms.cern.ch/el8_amd64_gcc10/lcg/root/6.24.07-6b24df5a7040a677b8f0d27957c7cb74/lib/libCore.so
#21 0x00007fd40cb9b3d2 in TROOT::EndOfProcessCleanups() () from /cvmfs/cms.cern.ch/el8_amd64_gcc10/lcg/root/6.24.07-6b24df5a7040a677b8f0d27957c7cb74/lib/libCore.so
#22 0x00007fd40cceee4f in TUnixSystem::Exit(int, bool) () from /cvmfs/cms.cern.ch/el8_amd64_gcc10/lcg/root/6.24.07-6b24df5a7040a677b8f0d27957c7cb74/lib/libCore.so
#23 0x00007fd40cba7ee5 in TApplication::Terminate(int) () from /cvmfs/cms.cern.ch/el8_amd64_gcc10/lcg/root/6.24.07-6b24df5a7040a677b8f0d27957c7cb74/lib/libCore.so
#24 0x00007fd40d1d74b6 in TRint::Run(bool) () from /cvmfs/cms.cern.ch/el8_amd64_gcc10/lcg/root/6.24.07-6b24df5a7040a677b8f0d27957c7cb74/lib/libRint.so
#25 0x000000000040110a in main ()
===========================================================


The lines below might hint at the cause of the crash.
You may get help by asking at the ROOT forum https://root.cern.ch/forum
Only if you are really convinced it is a bug in ROOT then please submit a
report at https://root.cern.ch/bugs Please post the ENTIRE stack trace
from above as an attachment in addition to anything else
that might help us fixing this issue.
===========================================================
#5  0x00007fd40bf4bb22 in _int_free () from /lib64/libc.so.6
#6  0x00007fd3f4165894 in ROOT::delete_vectorlEfloatcOROOTcLcLDetailcLcLVecOpscLcLRAdoptAllocatorlEfloatgRsPgR(void*) () from /cvmfs/cms.cern.ch/el8_amd64_gcc10/lcg/root/6.24.07-6b24df5a7040a677b8f0d27957c7cb74/lib/libROOTVecOps.so
#7  0x00007fd3ef6fe030 in TBranchElement::ReleaseObject() () from /cvmfs/cms.cern.ch/el8_amd64_gcc10/lcg/root/6.24.07-6b24df5a7040a677b8f0d27957c7cb74/lib/libTree.so
#8  0x00007fd3ef7009e5 in TBranchElement::ResetAddress() () from /cvmfs/cms.cern.ch/el8_amd64_gcc10/lcg/root/6.24.07-6b24df5a7040a677b8f0d27957c7cb74/lib/libTree.so
#9  0x00007fd3ef700a81 in TBranchElement::~TBranchElement() () from /cvmfs/cms.cern.ch/el8_amd64_gcc10/lcg/root/6.24.07-6b24df5a7040a677b8f0d27957c7cb74/lib/libTree.so
#10 0x00007fd3ef701029 in TBranchElement::~TBranchElement() () from /cvmfs/cms.cern.ch/el8_amd64_gcc10/lcg/root/6.24.07-6b24df5a7040a677b8f0d27957c7cb74/lib/libTree.so
#11 0x00007fd40cc5872c in TObjArray::Delete(char const*) () from /cvmfs/cms.cern.ch/el8_amd64_gcc10/lcg/root/6.24.07-6b24df5a7040a677b8f0d27957c7cb74/lib/libCore.so
#12 0x00007fd3ef76ac20 in TTree::~TTree() () from /cvmfs/cms.cern.ch/el8_amd64_gcc10/lcg/root/6.24.07-6b24df5a7040a677b8f0d27957c7cb74/lib/libTree.so
#13 0x00007fd3ef76b229 in TTree::~TTree() () from /cvmfs/cms.cern.ch/el8_amd64_gcc10/lcg/root/6.24.07-6b24df5a7040a677b8f0d27957c7cb74/lib/libTree.so
#14 0x00007fd40cc52920 in TList::Delete(char const*) () from /cvmfs/cms.cern.ch/el8_amd64_gcc10/lcg/root/6.24.07-6b24df5a7040a677b8f0d27957c7cb74/lib/libCore.so
#15 0x00007fd40cc48e4b in THashList::Delete(char const*) () from /cvmfs/cms.cern.ch/el8_amd64_gcc10/lcg/root/6.24.07-6b24df5a7040a677b8f0d27957c7cb74/lib/libCore.so
#16 0x00007fd40b734b05 in TDirectoryFile::Close(char const*) () from /cvmfs/cms.cern.ch/el8_amd64_gcc10/lcg/root/6.24.07-6b24df5a7040a677b8f0d27957c7cb74/lib/libRIO.so
#17 0x00007fd40b7518ec in TFile::Close(char const*) () from /cvmfs/cms.cern.ch/el8_amd64_gcc10/lcg/root/6.24.07-6b24df5a7040a677b8f0d27957c7cb74/lib/libRIO.so
#18 0x00007fd407096da7 in TNetXNGFile::Close(char const*) () from /cvmfs/cms.cern.ch/el8_amd64_gcc10/lcg/root/6.24.07-6b24df5a7040a677b8f0d27957c7cb74/lib/libNetxNG.so
#19 0x00007fd40cb9a5a1 in (anonymous namespace)::R__ListSlowClose(TList*) () from /cvmfs/cms.cern.ch/el8_amd64_gcc10/lcg/root/6.24.07-6b24df5a7040a677b8f0d27957c7cb74/lib/libCore.so
#20 0x00007fd40cb9ad3d in TROOT::CloseFiles() () from /cvmfs/cms.cern.ch/el8_amd64_gcc10/lcg/root/6.24.07-6b24df5a7040a677b8f0d27957c7cb74/lib/libCore.so
#21 0x00007fd40cb9b3d2 in TROOT::EndOfProcessCleanups() () from /cvmfs/cms.cern.ch/el8_amd64_gcc10/lcg/root/6.24.07-6b24df5a7040a677b8f0d27957c7cb74/lib/libCore.so
#22 0x00007fd40cceee4f in TUnixSystem::Exit(int, bool) () from /cvmfs/cms.cern.ch/el8_amd64_gcc10/lcg/root/6.24.07-6b24df5a7040a677b8f0d27957c7cb74/lib/libCore.so
#23 0x00007fd40cba7ee5 in TApplication::Terminate(int) () from /cvmfs/cms.cern.ch/el8_amd64_gcc10/lcg/root/6.24.07-6b24df5a7040a677b8f0d27957c7cb74/lib/libCore.so
#24 0x00007fd40d1d74b6 in TRint::Run(bool) () from /cvmfs/cms.cern.ch/el8_amd64_gcc10/lcg/root/6.24.07-6b24df5a7040a677b8f0d27957c7cb74/lib/libRint.so
#25 0x000000000040110a in main ()
===========================================================


