000 (11660517.000.000) 2025-04-15 23:59:14 Job submitted from host: <131.225.189.251:9618?addrs=131.225.189.251-9618+[2620-6a-0-8421--e8]-9618&alias=lpcschedd4.fnal.gov&noUDP&sock=schedd_1977_a2d3>
...
000 (11660517.001.000) 2025-04-15 23:59:14 Job submitted from host: <131.225.189.251:9618?addrs=131.225.189.251-9618+[2620-6a-0-8421--e8]-9618&alias=lpcschedd4.fnal.gov&noUDP&sock=schedd_1977_a2d3>
...
040 (11660517.000.000) 2025-04-15 23:59:32 Started transferring input files
	Transferring to host: <131.225.189.183:9618?addrs=[2620-6a-0-8421-f0-0-189-183]-9618+131.225.189.183-9618&alias=cmswn2130.fnal.gov&noUDP&sock=slot1_10_2076093_14a1_19206>
...
040 (11660517.000.000) 2025-04-15 23:59:32 Finished transferring input files
...
040 (11660517.001.000) 2025-04-15 23:59:33 Started transferring input files
	Transferring to host: <131.225.189.36:9618?addrs=[2620-6a-0-8421-f0-0-189-36]-9618+131.225.189.36-9618&alias=cmswn2089.fnal.gov&noUDP&sock=slot1_8_3466_dc46_23734>
...
040 (11660517.001.000) 2025-04-15 23:59:33 Finished transferring input files
...
001 (11660517.000.000) 2025-04-15 23:59:33 Job executing on host: <131.225.189.183:9618?addrs=[2620-6a-0-8421-f0-0-189-183]-9618+131.225.189.183-9618&alias=cmswn2130.fnal.gov&noUDP&sock=startd_2336_e153>
	SlotName: slot1_10@cmswn2130.fnal.gov
	CondorScratchDir = "/storage/local/data1/condor/execute/dir_246071"
	Cpus = 1
	Disk = 10489049
	GPUs = 0
	Memory = 8192
...
001 (11660517.001.000) 2025-04-15 23:59:34 Job executing on host: <131.225.189.36:9618?addrs=[2620-6a-0-8421-f0-0-189-36]-9618+131.225.189.36-9618&alias=cmswn2089.fnal.gov&noUDP&sock=startd_2906_da4e>
	SlotName: slot1_8@cmswn2089.fnal.gov
	CondorScratchDir = "/storage/local/data1/condor/execute/dir_1998320"
	Cpus = 1
	Disk = 10487289
	GPUs = 0
	Memory = 8192
...
006 (11660517.000.000) 2025-04-15 23:59:42 Image size of job updated: 35
	35  -  MemoryUsage of job (MB)
	36608  -  ResidentSetSize of job (KB)
...
006 (11660517.001.000) 2025-04-15 23:59:43 Image size of job updated: 61
	61  -  MemoryUsage of job (MB)
	62552  -  ResidentSetSize of job (KB)
...
006 (11660517.000.000) 2025-04-16 00:00:42 Image size of job updated: 733
	733  -  MemoryUsage of job (MB)
	750796  -  ResidentSetSize of job (KB)
...
006 (11660517.001.000) 2025-04-16 00:00:43 Image size of job updated: 752
	752  -  MemoryUsage of job (MB)
	770128  -  ResidentSetSize of job (KB)
...
006 (11660517.001.000) 2025-04-16 00:01:43 Image size of job updated: 938
	938  -  MemoryUsage of job (MB)
	960968  -  ResidentSetSize of job (KB)
...
006 (11660517.000.000) 2025-04-16 00:01:43 Image size of job updated: 1153
	1153  -  MemoryUsage of job (MB)
	1181204  -  ResidentSetSize of job (KB)
...
006 (11660517.000.000) 2025-04-16 00:02:44 Image size of job updated: 1164
	1164  -  MemoryUsage of job (MB)
	1192400  -  ResidentSetSize of job (KB)
...
006 (11660517.000.000) 2025-04-16 00:05:11 Image size of job updated: 1299
	1299  -  MemoryUsage of job (MB)
	1330628  -  ResidentSetSize of job (KB)
...
040 (11660517.000.000) 2025-04-16 00:05:11 Started transferring output files
...
040 (11660517.000.000) 2025-04-16 00:05:11 Finished transferring output files
...
005 (11660517.000.000) 2025-04-16 00:05:11 Job terminated.
	(1) Normal termination (return value 1)
		Usr 0 00:02:44, Sys 0 00:00:15  -  Run Remote Usage
		Usr 0 00:00:00, Sys 0 00:00:00  -  Run Local Usage
		Usr 0 00:02:44, Sys 0 00:00:15  -  Total Remote Usage
		Usr 0 00:00:00, Sys 0 00:00:00  -  Total Local Usage
	34368  -  Run Bytes Sent By Job
	25071  -  Run Bytes Received By Job
	34368  -  Total Bytes Sent By Job
	25071  -  Total Bytes Received By Job
	Partitionable Resources :    Usage  Request Allocated 
	   Cpus                 :     0.00        1         1 
	   Disk (KB)            :   845    10485760  10489049 
	   GPUs                 :                           0 
	   Memory (MB)          :  1299        8192      8192 
	   TimeExecute (s)      :   338                       
	   TimeSlotBusy (s)     :   339                       

	Job terminated of its own accord at 2025-04-16T05:05:11Z with exit-code 1.
...
040 (11660517.001.000) 2025-04-16 00:39:04 Started transferring output files
...
040 (11660517.001.000) 2025-04-16 00:39:04 Finished transferring output files
...
005 (11660517.001.000) 2025-04-16 00:39:04 Job terminated.
	(1) Normal termination (return value 1)
		Usr 0 00:30:12, Sys 0 00:01:06  -  Run Remote Usage
		Usr 0 00:00:00, Sys 0 00:00:00  -  Run Local Usage
		Usr 0 00:30:12, Sys 0 00:01:06  -  Total Remote Usage
		Usr 0 00:00:00, Sys 0 00:00:00  -  Total Local Usage
	33206  -  Run Bytes Sent By Job
	25071  -  Run Bytes Received By Job
	33206  -  Total Bytes Sent By Job
	25071  -  Total Bytes Received By Job
	Partitionable Resources :    Usage  Request Allocated 
	   Cpus                 :     0.00        1         1 
	   Disk (KB)            :   844    10485760  10487289 
	   GPUs                 :                           0 
	   Memory (MB)          :   938        8192      8192 
	   TimeExecute (s)      :  2370                       
	   TimeSlotBusy (s)     :  2371                       

	Job terminated of its own accord at 2025-04-16T05:39:04Z with exit-code 1.
...
