000 (11689761.000.000) 2025-04-18 03:57:18 Job submitted from host: <131.225.189.251:9618?addrs=131.225.189.251-9618+[2620-6a-0-8421--e8]-9618&alias=lpcschedd4.fnal.gov&noUDP&sock=schedd_1901_81a0>
...
040 (11689761.000.000) 2025-04-18 03:57:32 Started transferring input files
	Transferring to host: <131.225.189.179:9618?addrs=[2620-6a-0-8421-f0-0-189-179]-9618+131.225.189.179-9618&alias=cmswn2128.fnal.gov&noUDP&sock=slot1_8_2866_1b2e_32500>
...
040 (11689761.000.000) 2025-04-18 03:57:32 Finished transferring input files
...
001 (11689761.000.000) 2025-04-18 03:57:33 Job executing on host: <131.225.189.179:9618?addrs=[2620-6a-0-8421-f0-0-189-179]-9618+131.225.189.179-9618&alias=cmswn2128.fnal.gov&noUDP&sock=startd_2582_9d9f>
	SlotName: slot1_8@cmswn2128.fnal.gov
	CondorScratchDir = "/storage/local/data1/condor/execute/dir_1446233"
	Cpus = 1
	Disk = 10489049
	GPUs = 0
	Memory = 8192
...
006 (11689761.000.000) 2025-04-18 03:57:41 Image size of job updated: 53
	53  -  MemoryUsage of job (MB)
	54428  -  ResidentSetSize of job (KB)
...
006 (11689761.000.000) 2025-04-18 03:58:41 Image size of job updated: 319
	319  -  MemoryUsage of job (MB)
	327456  -  ResidentSetSize of job (KB)
...
006 (11689761.000.000) 2025-04-18 03:59:41 Image size of job updated: 330
	330  -  MemoryUsage of job (MB)
	338684  -  ResidentSetSize of job (KB)
...
006 (11689761.000.000) 2025-04-18 04:00:41 Image size of job updated: 330
	330  -  MemoryUsage of job (MB)
	338828  -  ResidentSetSize of job (KB)
...
006 (11689761.000.000) 2025-04-18 04:01:42 Image size of job updated: 332
	332  -  MemoryUsage of job (MB)
	340592  -  ResidentSetSize of job (KB)
...
006 (11689761.000.000) 2025-04-18 04:02:43 Image size of job updated: 332
	332  -  MemoryUsage of job (MB)
	340776  -  ResidentSetSize of job (KB)
...
006 (11689761.000.000) 2025-04-18 04:03:43 Image size of job updated: 333
	333  -  MemoryUsage of job (MB)
	341072  -  ResidentSetSize of job (KB)
...
006 (11689761.000.000) 2025-04-18 04:04:43 Image size of job updated: 333
	333  -  MemoryUsage of job (MB)
	341512  -  ResidentSetSize of job (KB)
...
006 (11689761.000.000) 2025-04-18 04:06:45 Image size of job updated: 333
	333  -  MemoryUsage of job (MB)
	341524  -  ResidentSetSize of job (KB)
...
006 (11689761.000.000) 2025-04-18 04:07:45 Image size of job updated: 333
	333  -  MemoryUsage of job (MB)
	341648  -  ResidentSetSize of job (KB)
...
006 (11689761.000.000) 2025-04-18 04:19:51 Image size of job updated: 334
	334  -  MemoryUsage of job (MB)
	342344  -  ResidentSetSize of job (KB)
...
006 (11689761.000.000) 2025-04-18 04:21:52 Image size of job updated: 334
	334  -  MemoryUsage of job (MB)
	342356  -  ResidentSetSize of job (KB)
...
006 (11689761.000.000) 2025-04-18 04:25:53 Image size of job updated: 334
	334  -  MemoryUsage of job (MB)
	342384  -  ResidentSetSize of job (KB)
...
006 (11689761.000.000) 2025-04-18 04:27:54 Image size of job updated: 334
	334  -  MemoryUsage of job (MB)
	342392  -  ResidentSetSize of job (KB)
...
040 (11689761.000.000) 2025-04-18 04:36:20 Started transferring output files
...
040 (11689761.000.000) 2025-04-18 04:36:20 Finished transferring output files
...
005 (11689761.000.000) 2025-04-18 04:36:21 Job terminated.
	(1) Normal termination (return value 1)
		Usr 0 00:30:54, Sys 0 00:01:09  -  Run Remote Usage
		Usr 0 00:00:00, Sys 0 00:00:00  -  Run Local Usage
		Usr 0 00:30:54, Sys 0 00:01:09  -  Total Remote Usage
		Usr 0 00:00:00, Sys 0 00:00:00  -  Total Local Usage
	17212  -  Run Bytes Sent By Job
	26388  -  Run Bytes Received By Job
	17212  -  Total Bytes Sent By Job
	26388  -  Total Bytes Received By Job
	Partitionable Resources :    Usage  Request Allocated 
	   Cpus                 :     0.00        1         1 
	   Disk (KB)            :   829    10485760  10489049 
	   GPUs                 :                           0 
	   Memory (MB)          :   334        8192      8192 
	   TimeExecute (s)      :  2327                       
	   TimeSlotBusy (s)     :  2330                       

	Job terminated of its own accord at 2025-04-18T09:36:20Z with exit-code 1.
...
