000 (11775233.000.000) 2025-04-24 20:06:24 Job submitted from host: <131.225.189.251:9618?addrs=131.225.189.251-9618+[2620-6a-0-8421--e8]-9618&alias=lpcschedd4.fnal.gov&noUDP&sock=schedd_1901_81a0>
...
000 (11775233.001.000) 2025-04-24 20:06:24 Job submitted from host: <131.225.189.251:9618?addrs=131.225.189.251-9618+[2620-6a-0-8421--e8]-9618&alias=lpcschedd4.fnal.gov&noUDP&sock=schedd_1901_81a0>
...
040 (11775233.000.000) 2025-04-24 20:06:46 Started transferring input files
	Transferring to host: <131.225.188.241:9618?addrs=[2620-6a-0-8421-f0-0-188-241]-9618+131.225.188.241-9618&alias=cmswn2073.fnal.gov&noUDP&sock=slot1_4_935061_d061_26943>
...
040 (11775233.000.000) 2025-04-24 20:06:46 Finished transferring input files
...
040 (11775233.001.000) 2025-04-24 20:06:46 Started transferring input files
	Transferring to host: <131.225.189.226:9618?addrs=[2620-6a-0-8421-f0-0-189-226]-9618+131.225.189.226-9618&alias=cmswn2151.fnal.gov&noUDP&sock=slot1_7_2158_4191_490>
...
040 (11775233.001.000) 2025-04-24 20:06:46 Finished transferring input files
...
001 (11775233.000.000) 2025-04-24 20:06:47 Job executing on host: <131.225.188.241:9618?addrs=[2620-6a-0-8421-f0-0-188-241]-9618+131.225.188.241-9618&alias=cmswn2073.fnal.gov&noUDP&sock=startd_2303_3eb3>
	SlotName: slot1_4@cmswn2073.fnal.gov
	CondorScratchDir = "/storage/local/data1/condor/execute/dir_1927566"
	Cpus = 1
	Disk = 10487309
	GPUs = 0
	Memory = 8192
...
001 (11775233.001.000) 2025-04-24 20:06:47 Job executing on host: <131.225.189.226:9618?addrs=[2620-6a-0-8421-f0-0-189-226]-9618+131.225.189.226-9618&alias=cmswn2151.fnal.gov&noUDP&sock=startd_2054_739e>
	SlotName: slot1_7@cmswn2151.fnal.gov
	CondorScratchDir = "/storage/local/data1/condor/execute/dir_1786742"
	Cpus = 1
	Disk = 10489047
	GPUs = 0
	Memory = 8192
...
006 (11775233.000.000) 2025-04-24 20:06:55 Image size of job updated: 64
	64  -  MemoryUsage of job (MB)
	66020  -  ResidentSetSize of job (KB)
...
006 (11775233.000.000) 2025-04-24 20:07:55 Image size of job updated: 579
	579  -  MemoryUsage of job (MB)
	593108  -  ResidentSetSize of job (KB)
...
006 (11775233.001.000) 2025-04-24 20:07:55 Image size of job updated: 102
	102  -  MemoryUsage of job (MB)
	105144  -  ResidentSetSize of job (KB)
...
006 (11775233.000.000) 2025-04-24 20:08:55 Image size of job updated: 839
	839  -  MemoryUsage of job (MB)
	859836  -  ResidentSetSize of job (KB)
...
006 (11775233.001.000) 2025-04-24 20:08:56 Image size of job updated: 141
	141  -  MemoryUsage of job (MB)
	145120  -  ResidentSetSize of job (KB)
...
006 (11775233.000.000) 2025-04-24 20:09:55 Image size of job updated: 1224
	1224  -  MemoryUsage of job (MB)
	1254296  -  ResidentSetSize of job (KB)
...
006 (11775233.001.000) 2025-04-24 20:09:56 Image size of job updated: 328
	328  -  MemoryUsage of job (MB)
	336076  -  ResidentSetSize of job (KB)
...
006 (11775233.000.000) 2025-04-24 20:10:55 Image size of job updated: 1225
	1225  -  MemoryUsage of job (MB)
	1254584  -  ResidentSetSize of job (KB)
...
006 (11775233.001.000) 2025-04-24 20:10:56 Image size of job updated: 328
	328  -  MemoryUsage of job (MB)
	336088  -  ResidentSetSize of job (KB)
...
006 (11775233.000.000) 2025-04-24 20:11:55 Image size of job updated: 1225
	1225  -  MemoryUsage of job (MB)
	1254688  -  ResidentSetSize of job (KB)
...
006 (11775233.000.000) 2025-04-24 20:12:56 Image size of job updated: 1225
	1225  -  MemoryUsage of job (MB)
	1254732  -  ResidentSetSize of job (KB)
...
006 (11775233.001.000) 2025-04-24 20:27:02 Image size of job updated: 340
	340  -  MemoryUsage of job (MB)
	348640  -  ResidentSetSize of job (KB)
...
006 (11775233.001.000) 2025-04-24 20:43:08 Image size of job updated: 341
	341  -  MemoryUsage of job (MB)
	349644  -  ResidentSetSize of job (KB)
...
006 (11775233.000.000) 2025-04-24 20:49:20 Image size of job updated: 1238
	1238  -  MemoryUsage of job (MB)
	1268064  -  ResidentSetSize of job (KB)
...
006 (11775233.001.000) 2025-04-24 20:58:17 Image size of job updated: 341
	341  -  MemoryUsage of job (MB)
	349960  -  ResidentSetSize of job (KB)
...
006 (11775233.001.000) 2025-04-24 21:15:26 Image size of job updated: 342
	342  -  MemoryUsage of job (MB)
	350212  -  ResidentSetSize of job (KB)
...
006 (11775233.001.000) 2025-04-24 21:31:34 Image size of job updated: 344
	344  -  MemoryUsage of job (MB)
	353136  -  ResidentSetSize of job (KB)
...
006 (11775233.001.000) 2025-04-24 21:32:35 Image size of job updated: 345
	345  -  MemoryUsage of job (MB)
	353672  -  ResidentSetSize of job (KB)
...
006 (11775233.001.000) 2025-04-24 21:33:36 Image size of job updated: 377
	377  -  MemoryUsage of job (MB)
	386064  -  ResidentSetSize of job (KB)
...
006 (11775233.001.000) 2025-04-24 21:34:37 Image size of job updated: 409
	409  -  MemoryUsage of job (MB)
	419344  -  ResidentSetSize of job (KB)
...
006 (11775233.001.000) 2025-04-24 21:35:37 Image size of job updated: 451
	451  -  MemoryUsage of job (MB)
	462656  -  ResidentSetSize of job (KB)
...
006 (11775233.001.000) 2025-04-24 21:36:37 Image size of job updated: 454
	454  -  MemoryUsage of job (MB)
	465484  -  ResidentSetSize of job (KB)
...
006 (11775233.001.000) 2025-04-25 08:25:52 Image size of job updated: 454
	454  -  MemoryUsage of job (MB)
	465500  -  ResidentSetSize of job (KB)
...
040 (11775233.001.000) 2025-04-25 21:09:46 Started transferring output files
...
040 (11775233.001.000) 2025-04-25 21:09:46 Finished transferring output files
...
005 (11775233.001.000) 2025-04-25 21:09:48 Job terminated.
	(1) Normal termination (return value 1)
		Usr 0 20:09:07, Sys 0 00:41:47  -  Run Remote Usage
		Usr 0 00:00:00, Sys 0 00:00:00  -  Run Local Usage
		Usr 0 20:09:07, Sys 0 00:41:47  -  Total Remote Usage
		Usr 0 00:00:00, Sys 0 00:00:00  -  Total Local Usage
	78350  -  Run Bytes Sent By Job
	29740  -  Run Bytes Received By Job
	78350  -  Total Bytes Sent By Job
	29740  -  Total Bytes Received By Job
	Partitionable Resources :    Usage  Request Allocated 
	   Cpus                 :     0.00        1         1 
	   Disk (KB)            :   895    10485760  10489047 
	   GPUs                 :                           0 
	   Memory (MB)          :   454        8192      8192 
	   TimeExecute (s)      : 90179                       
	   TimeSlotBusy (s)     : 90182                       

	Job terminated of its own accord at 2025-04-26T02:09:46Z with exit-code 1.
...
040 (11775233.000.000) 2025-04-25 23:16:25 Started transferring output files
...
040 (11775233.000.000) 2025-04-25 23:16:25 Finished transferring output files
...
004 (11775233.000.000) 2025-04-25 23:16:25 Job was evicted.
	(0) CPU times
		Usr 0 21:44:31, Sys 0 00:44:26  -  Run Remote Usage
		Usr 0 00:00:00, Sys 0 00:00:00  -  Run Local Usage
	39582  -  Run Bytes Sent By Job
	29740  -  Run Bytes Received By Job
	Partitionable Resources :    Usage  Request Allocated 
	   Cpus                 :        0        1         1 
	   Disk (KB)            :      858 10485760  10487309 
	   GPUs                 :                           0 
	   Memory (MB)          :     1238     8192      8192 
	   TimeExecute (s)      :    97778                    
	   TimeSlotBusy (s)     :    97779                    
...
009 (11775233.000.000) 2025-04-25 23:16:25 Job was aborted.
	via condor_rm (by user msahoo)
...
