000 (1553215.000.000) 2025-11-25 04:17:10 Job submitted from host: <131.225.189.251:9618?addrs=131.225.189.251-9618+[2620-6a-0-8421--e8]-9618&alias=lpcschedd4.fnal.gov&noUDP&sock=schedd_747825_53ba>
...
040 (1553215.000.000) 2025-11-25 04:17:29 Started transferring input files
	Transferring to host: <131.225.206.70:9618?addrs=[2620-6a-0-8420-f0-0-206-70]-9618+131.225.206.70-9618&alias=cmswn2251.fnal.gov&noUDP&sock=slot1_8_2053_462d_25346>
...
040 (1553215.000.000) 2025-11-25 04:17:29 Finished transferring input files
...
001 (1553215.000.000) 2025-11-25 04:17:30 Job executing on host: <131.225.206.70:9618?addrs=[2620-6a-0-8420-f0-0-206-70]-9618+131.225.206.70-9618&alias=cmswn2251.fnal.gov&noUDP&sock=startd_1995_fb87>
	SlotName: slot1_8@cmswn2251.fnal.gov
	CondorScratchDir = "/storage/local/data1/condor/execute/dir_1102038"
	Cpus = 1
	Disk = 10489268
	GPUs = 0
	Memory = 8192
...
006 (1553215.000.000) 2025-11-25 04:17:39 Image size of job updated: 33
	33  -  MemoryUsage of job (MB)
	34548  -  ResidentSetSize of job (KB)
...
006 (1553215.000.000) 2025-11-25 04:18:40 Image size of job updated: 344
	344  -  MemoryUsage of job (MB)
	353160  -  ResidentSetSize of job (KB)
...
006 (1553215.000.000) 2025-11-25 04:19:41 Image size of job updated: 346
	346  -  MemoryUsage of job (MB)
	355096  -  ResidentSetSize of job (KB)
...
006 (1553215.000.000) 2025-11-25 04:20:41 Image size of job updated: 346
	346  -  MemoryUsage of job (MB)
	355156  -  ResidentSetSize of job (KB)
...
040 (1553215.000.000) 2025-11-25 04:48:27 Started transferring output files
...
040 (1553215.000.000) 2025-11-25 04:48:27 Finished transferring output files
...
005 (1553215.000.000) 2025-11-25 04:48:28 Job terminated.
	(1) Normal termination (return value 1)
		Usr 0 00:26:56, Sys 0 00:00:44  -  Run Remote Usage
		Usr 0 00:00:00, Sys 0 00:00:00  -  Run Local Usage
		Usr 0 00:26:56, Sys 0 00:00:44  -  Total Remote Usage
		Usr 0 00:00:00, Sys 0 00:00:00  -  Total Local Usage
	85208  -  Run Bytes Sent By Job
	30599  -  Run Bytes Received By Job
	85208  -  Total Bytes Sent By Job
	30599  -  Total Bytes Received By Job
	Partitionable Resources :    Usage  Request Allocated 
	   Cpus                 :     0.00        1         1 
	   Disk (KB)            :   900    10485760  10489268 
	   GPUs                 :                           0 
	   Memory (MB)          :   346        8192      8192 
	   TimeExecute (s)      :  1857                       
	   TimeSlotBusy (s)     :  1859                       

	Job terminated of its own accord at 2025-11-25T10:48:27Z with exit-code 1.
...
