000 (52812219.000.000) 2025-04-13 08:36:17 Job submitted from host: <131.225.204.62:9618?addrs=131.225.204.62-9618+[2620-6a-0-8420-f0-0-204-62]-9618&alias=lpcschedd5.fnal.gov&noUDP&sock=schedd_2241_b7d3>
...
040 (52812219.000.000) 2025-04-13 08:36:24 Started transferring input files
	Transferring to host: <131.225.189.211:9618?addrs=[2620-6a-0-8421-f0-0-189-211]-9618+131.225.189.211-9618&alias=cmswn2145.fnal.gov&noUDP&sock=slot1_10_2900_0fef_23439>
...
040 (52812219.000.000) 2025-04-13 08:36:24 Finished transferring input files
...
001 (52812219.000.000) 2025-04-13 08:36:25 Job executing on host: <131.225.189.211:9618?addrs=[2620-6a-0-8421-f0-0-189-211]-9618+131.225.189.211-9618&alias=cmswn2145.fnal.gov&noUDP&sock=startd_2576_800e>
	SlotName: slot1_10@cmswn2145.fnal.gov
	CondorScratchDir = "/storage/local/data1/condor/execute/dir_2472314"
	Cpus = 1
	Disk = 10489060
	GPUs = 0
	Memory = 8192
...
006 (52812219.000.000) 2025-04-13 08:36:34 Image size of job updated: 58
	58  -  MemoryUsage of job (MB)
	59672  -  ResidentSetSize of job (KB)
...
006 (52812219.000.000) 2025-04-13 08:37:34 Image size of job updated: 1191
	1191  -  MemoryUsage of job (MB)
	1220160  -  ResidentSetSize of job (KB)
...
006 (52812219.000.000) 2025-04-13 08:38:35 Image size of job updated: 1191
	1191  -  MemoryUsage of job (MB)
	1220568  -  ResidentSetSize of job (KB)
...
006 (52812219.000.000) 2025-04-13 08:39:35 Image size of job updated: 1200
	1200  -  MemoryUsage of job (MB)
	1228832  -  ResidentSetSize of job (KB)
...
006 (52812219.000.000) 2025-04-13 08:40:36 Image size of job updated: 1200
	1200  -  MemoryUsage of job (MB)
	1228948  -  ResidentSetSize of job (KB)
...
006 (52812219.000.000) 2025-04-13 08:41:36 Image size of job updated: 1200
	1200  -  MemoryUsage of job (MB)
	1229796  -  ResidentSetSize of job (KB)
...
006 (52812219.000.000) 2025-04-13 08:42:37 Image size of job updated: 1201
	1201  -  MemoryUsage of job (MB)
	1229836  -  ResidentSetSize of job (KB)
...
006 (52812219.000.000) 2025-04-13 08:43:38 Image size of job updated: 1201
	1201  -  MemoryUsage of job (MB)
	1229860  -  ResidentSetSize of job (KB)
...
040 (52812219.000.000) 2025-04-13 09:25:38 Started transferring output files
...
040 (52812219.000.000) 2025-04-13 09:25:38 Finished transferring output files
...
005 (52812219.000.000) 2025-04-13 09:25:39 Job terminated.
	(1) Normal termination (return value 1)
		Usr 0 00:39:35, Sys 0 00:01:17  -  Run Remote Usage
		Usr 0 00:00:00, Sys 0 00:00:00  -  Run Local Usage
		Usr 0 00:39:35, Sys 0 00:01:17  -  Total Remote Usage
		Usr 0 00:00:00, Sys 0 00:00:00  -  Total Local Usage
	19667  -  Run Bytes Sent By Job
	24915  -  Run Bytes Received By Job
	19667  -  Total Bytes Sent By Job
	24915  -  Total Bytes Received By Job
	Partitionable Resources :    Usage  Request Allocated 
	   Cpus                 :        0        1         1 
	   Disk (KB)            :      830 10485760  10489060 
	   GPUs                 :                           0 
	   Memory (MB)          :     1201     8192      8192 
	   TimeExecute (s)      :     2953                    
	   TimeSlotBusy (s)     :     2955                    

	Job terminated of its own accord at 2025-04-13T14:25:38Z with exit-code 1.
...
