000 (57427670.000.000) 2025-11-26 05:13:59 Job submitted from host: <131.225.204.62:9618?addrs=131.225.204.62-9618+[2620-6a-0-8420-f0-0-204-62]-9618&alias=lpcschedd5.fnal.gov&noUDP&sock=schedd_2256_01bf>
...
040 (57427670.000.000) 2025-11-26 05:14:12 Started transferring input files
	Transferring to host: <131.225.206.79:9618?addrs=[2620-6a-0-8420-f0-0-206-79]-9618+131.225.206.79-9618&alias=cmswn2256.fnal.gov&noUDP&sock=slot1_2_2045_a32c_25971>
...
040 (57427670.000.000) 2025-11-26 05:14:12 Finished transferring input files
...
001 (57427670.000.000) 2025-11-26 05:14:13 Job executing on host: <131.225.206.79:9618?addrs=[2620-6a-0-8420-f0-0-206-79]-9618+131.225.206.79-9618&alias=cmswn2256.fnal.gov&noUDP&sock=startd_1991_3d26>
	SlotName: slot1_2@cmswn2256.fnal.gov
	CondorScratchDir = "/storage/local/data1/condor/execute/dir_681872"
	Cpus = 1
	Disk = 10489265
	GPUs = 0
	Memory = 8192
...
006 (57427670.000.000) 2025-11-26 05:14:21 Image size of job updated: 35
	35  -  MemoryUsage of job (MB)
	36648  -  ResidentSetSize of job (KB)
...
006 (57427670.000.000) 2025-11-26 05:15:21 Image size of job updated: 326
	326  -  MemoryUsage of job (MB)
	334828  -  ResidentSetSize of job (KB)
...
006 (57427670.000.000) 2025-11-26 05:15:38 Image size of job updated: 330
	330  -  MemoryUsage of job (MB)
	338052  -  ResidentSetSize of job (KB)
...
040 (57427670.000.000) 2025-11-26 05:15:38 Started transferring output files
...
040 (57427670.000.000) 2025-11-26 05:15:38 Finished transferring output files
...
004 (57427670.000.000) 2025-11-26 05:15:39 Job was evicted.
	(0) CPU times
		Usr 0 00:00:14, Sys 0 00:00:03  -  Run Remote Usage
		Usr 0 00:00:00, Sys 0 00:00:00  -  Run Local Usage
	1568  -  Run Bytes Sent By Job
	30599  -  Run Bytes Received By Job
	Partitionable Resources :    Usage  Request Allocated 
	   Cpus                 :        0        1         1 
	   Disk (KB)            :      821 10485760  10489265 
	   GPUs                 :                           0 
	   Memory (MB)          :      330     8192      8192 
	   TimeExecute (s)      :       85                    
	   TimeSlotBusy (s)     :       87                    
...
009 (57427670.000.000) 2025-11-26 05:15:39 Job was aborted.
	via condor_rm (by user msahoo)
...
