000 (57427671.000.000) 2025-11-26 05:15:04 Job submitted from host: <131.225.204.62:9618?addrs=131.225.204.62-9618+[2620-6a-0-8420-f0-0-204-62]-9618&alias=lpcschedd5.fnal.gov&noUDP&sock=schedd_2256_01bf>
...
040 (57427671.000.000) 2025-11-26 05:15:15 Started transferring input files
	Transferring to host: <131.225.204.75:9618?addrs=[2620-6a-0-8420-f0-0-204-75]-9618+131.225.204.75-9618&alias=cmswn2263.fnal.gov&noUDP&sock=slot1_10_2241_bcb4_25291>
...
040 (57427671.000.000) 2025-11-26 05:15:15 Finished transferring input files
...
001 (57427671.000.000) 2025-11-26 05:15:16 Job executing on host: <131.225.204.75:9618?addrs=[2620-6a-0-8420-f0-0-204-75]-9618+131.225.204.75-9618&alias=cmswn2263.fnal.gov&noUDP&sock=startd_2106_1e8a>
	SlotName: slot1_10@cmswn2263.fnal.gov
	CondorScratchDir = "/storage/local/data1/condor/execute/dir_2303233"
	Cpus = 1
	Disk = 10489283
	GPUs = 0
	Memory = 8192
...
006 (57427671.000.000) 2025-11-26 05:15:24 Image size of job updated: 33
	33  -  MemoryUsage of job (MB)
	34700  -  ResidentSetSize of job (KB)
...
006 (57427671.000.000) 2025-11-26 05:15:38 Image size of job updated: 94
	94  -  MemoryUsage of job (MB)
	96440  -  ResidentSetSize of job (KB)
...
040 (57427671.000.000) 2025-11-26 05:15:38 Started transferring output files
...
040 (57427671.000.000) 2025-11-26 05:15:38 Finished transferring output files
...
004 (57427671.000.000) 2025-11-26 05:15:39 Job was evicted.
	(0) CPU times
		Usr 0 00:00:00, Sys 0 00:00:00  -  Run Remote Usage
		Usr 0 00:00:00, Sys 0 00:00:00  -  Run Local Usage
	1200  -  Run Bytes Sent By Job
	30599  -  Run Bytes Received By Job
	Partitionable Resources :    Usage  Request Allocated 
	   Cpus                 :        0        1         1 
	   Disk (KB)            :      819 10485760  10489283 
	   GPUs                 :                           0 
	   Memory (MB)          :       94     8192      8192 
	   TimeExecute (s)      :       22                    
	   TimeSlotBusy (s)     :       25                    
...
009 (57427671.000.000) 2025-11-26 05:15:39 Job was aborted.
	via condor_rm (by user msahoo)
...
