000 (11600214.000.000) 2025-04-08 21:09:51 Job submitted from host: <131.225.189.251:9618?addrs=131.225.189.251-9618+[2620-6a-0-8421--e8]-9618&alias=lpcschedd4.fnal.gov&noUDP&sock=schedd_1977_a2d3>
...
040 (11600214.000.000) 2025-04-08 21:10:13 Started transferring input files
	Transferring to host: <131.225.189.174:9618?addrs=[2620-6a-0-8421-f0-0-189-174]-9618+131.225.189.174-9618&alias=cmswn2124.fnal.gov&noUDP&sock=slot1_14_2618_5e24_16833>
...
040 (11600214.000.000) 2025-04-08 21:10:13 Finished transferring input files
...
001 (11600214.000.000) 2025-04-08 21:10:14 Job executing on host: <131.225.189.174:9618?addrs=[2620-6a-0-8421-f0-0-189-174]-9618+131.225.189.174-9618&alias=cmswn2124.fnal.gov&noUDP&sock=startd_2293_62c0>
	SlotName: slot1_14@cmswn2124.fnal.gov
	CondorScratchDir = "/storage/local/data1/condor/execute/dir_3288488"
	Cpus = 1
	Disk = 10489043
	GPUs = 0
	Memory = 5120
...
006 (11600214.000.000) 2025-04-08 21:11:25 Image size of job updated: 946
	946  -  MemoryUsage of job (MB)
	969472  -  ResidentSetSize of job (KB)
...
006 (11600214.000.000) 2025-04-08 21:12:25 Image size of job updated: 1192
	1192  -  MemoryUsage of job (MB)
	1221628  -  ResidentSetSize of job (KB)
...
006 (11600214.000.000) 2025-04-08 21:13:25 Image size of job updated: 1194
	1194  -  MemoryUsage of job (MB)
	1223544  -  ResidentSetSize of job (KB)
...
006 (11600214.000.000) 2025-04-08 21:14:25 Image size of job updated: 1195
	1195  -  MemoryUsage of job (MB)
	1224240  -  ResidentSetSize of job (KB)
...
006 (11600214.000.000) 2025-04-08 21:15:25 Image size of job updated: 1196
	1196  -  MemoryUsage of job (MB)
	1225260  -  ResidentSetSize of job (KB)
...
040 (11600214.000.000) 2025-04-08 21:15:48 Started transferring output files
...
040 (11600214.000.000) 2025-04-08 21:15:48 Finished transferring output files
...
005 (11600214.000.000) 2025-04-08 21:15:48 Job terminated.
	(1) Normal termination (return value 1)
		Usr 0 00:03:16, Sys 0 00:00:14  -  Run Remote Usage
		Usr 0 00:00:00, Sys 0 00:00:00  -  Run Local Usage
		Usr 0 00:03:16, Sys 0 00:00:14  -  Total Remote Usage
		Usr 0 00:00:00, Sys 0 00:00:00  -  Total Local Usage
	17848  -  Run Bytes Sent By Job
	24457  -  Run Bytes Received By Job
	17848  -  Total Bytes Sent By Job
	24457  -  Total Bytes Received By Job
	Partitionable Resources :    Usage  Request Allocated 
	   Cpus                 :     0.00        1         1 
	   Disk (KB)            :   833    10485760  10489043 
	   GPUs                 :                           0 
	   Memory (MB)          :  1196        5120      5120 
	   TimeExecute (s)      :   333                       
	   TimeSlotBusy (s)     :   335                       

	Job terminated of its own accord at 2025-04-09T02:15:47Z with exit-code 1.
...
