000 (11629373.000.000) 2025-04-13 05:01:37 Job submitted from host: <131.225.189.251:9618?addrs=131.225.189.251-9618+[2620-6a-0-8421--e8]-9618&alias=lpcschedd4.fnal.gov&noUDP&sock=schedd_1977_a2d3>
...
040 (11629373.000.000) 2025-04-13 05:01:52 Started transferring input files
	Transferring to host: <131.225.189.211:9618?addrs=[2620-6a-0-8421-f0-0-189-211]-9618+131.225.189.211-9618&alias=cmswn2145.fnal.gov&noUDP&sock=slot1_9_2900_0fef_23363>
...
040 (11629373.000.000) 2025-04-13 05:01:57 Finished transferring input files
...
001 (11629373.000.000) 2025-04-13 05:02:00 Job executing on host: <131.225.189.211:9618?addrs=[2620-6a-0-8421-f0-0-189-211]-9618+131.225.189.211-9618&alias=cmswn2145.fnal.gov&noUDP&sock=startd_2576_800e>
	SlotName: slot1_9@cmswn2145.fnal.gov
	CondorScratchDir = "/storage/local/data1/condor/execute/dir_1354113"
	Cpus = 1
	Disk = 52432100
	GPUs = 0
	Memory = 8192
...
006 (11629373.000.000) 2025-04-13 05:02:08 Image size of job updated: 62
	62  -  MemoryUsage of job (MB)
	64072  -  ResidentSetSize of job (KB)
...
006 (11629373.000.000) 2025-04-13 05:03:09 Image size of job updated: 536
	536  -  MemoryUsage of job (MB)
	549816  -  ResidentSetSize of job (KB)
...
006 (11629373.000.000) 2025-04-13 05:05:10 Image size of job updated: 831
	831  -  MemoryUsage of job (MB)
	851084  -  ResidentSetSize of job (KB)
...
006 (11629373.000.000) 2025-04-13 05:06:10 Image size of job updated: 946
	946  -  MemoryUsage of job (MB)
	968804  -  ResidentSetSize of job (KB)
...
006 (11629373.000.000) 2025-04-13 05:07:10 Image size of job updated: 946
	946  -  MemoryUsage of job (MB)
	969520  -  ResidentSetSize of job (KB)
...
006 (11629373.000.000) 2025-04-13 05:12:12 Image size of job updated: 991
	991  -  MemoryUsage of job (MB)
	1014920  -  ResidentSetSize of job (KB)
...
006 (11629373.000.000) 2025-04-13 05:13:12 Image size of job updated: 995
	995  -  MemoryUsage of job (MB)
	1019392  -  ResidentSetSize of job (KB)
...
006 (11629373.000.000) 2025-04-13 05:14:13 Image size of job updated: 999
	999  -  MemoryUsage of job (MB)
	1023396  -  ResidentSetSize of job (KB)
...
006 (11629373.000.000) 2025-04-13 05:15:13 Image size of job updated: 1004
	1004  -  MemoryUsage of job (MB)
	1028164  -  ResidentSetSize of job (KB)
...
006 (11629373.000.000) 2025-04-13 05:16:14 Image size of job updated: 1008
	1008  -  MemoryUsage of job (MB)
	1032488  -  ResidentSetSize of job (KB)
...
006 (11629373.000.000) 2025-04-13 05:17:14 Image size of job updated: 1012
	1012  -  MemoryUsage of job (MB)
	1036796  -  ResidentSetSize of job (KB)
...
006 (11629373.000.000) 2025-04-13 05:18:15 Image size of job updated: 1017
	1017  -  MemoryUsage of job (MB)
	1041596  -  ResidentSetSize of job (KB)
...
006 (11629373.000.000) 2025-04-13 05:19:15 Image size of job updated: 1122
	1122  -  MemoryUsage of job (MB)
	1149608  -  ResidentSetSize of job (KB)
...
006 (11629373.000.000) 2025-04-13 05:20:16 Image size of job updated: 1125
	1125  -  MemoryUsage of job (MB)
	1152140  -  ResidentSetSize of job (KB)
...
006 (11629373.000.000) 2025-04-13 05:21:16 Image size of job updated: 1130
	1130  -  MemoryUsage of job (MB)
	1157744  -  ResidentSetSize of job (KB)
...
006 (11629373.000.000) 2025-04-13 05:22:16 Image size of job updated: 1131
	1131  -  MemoryUsage of job (MB)
	1158964  -  ResidentSetSize of job (KB)
...
006 (11629373.000.000) 2025-04-13 05:23:16 Image size of job updated: 1141
	1141  -  MemoryUsage of job (MB)
	1168600  -  ResidentSetSize of job (KB)
...
006 (11629373.000.000) 2025-04-13 05:24:17 Image size of job updated: 1155
	1155  -  MemoryUsage of job (MB)
	1182876  -  ResidentSetSize of job (KB)
...
006 (11629373.000.000) 2025-04-13 05:25:17 Image size of job updated: 1282
	1282  -  MemoryUsage of job (MB)
	1313772  -  ResidentSetSize of job (KB)
...
006 (11629373.000.000) 2025-04-13 05:27:18 Image size of job updated: 1283
	1283  -  MemoryUsage of job (MB)
	1314056  -  ResidentSetSize of job (KB)
...
006 (11629373.000.000) 2025-04-13 05:28:18 Image size of job updated: 1335
	1335  -  MemoryUsage of job (MB)
	1367528  -  ResidentSetSize of job (KB)
...
006 (11629373.000.000) 2025-04-13 05:29:19 Image size of job updated: 1335
	1335  -  MemoryUsage of job (MB)
	1367660  -  ResidentSetSize of job (KB)
...
006 (11629373.000.000) 2025-04-13 05:30:19 Image size of job updated: 1364
	1364  -  MemoryUsage of job (MB)
	1397700  -  ResidentSetSize of job (KB)
...
006 (11629373.000.000) 2025-04-13 05:31:20 Image size of job updated: 1365
	1365  -  MemoryUsage of job (MB)
	1397864  -  ResidentSetSize of job (KB)
...
006 (11629373.000.000) 2025-04-13 05:32:20 Image size of job updated: 1365
	1365  -  MemoryUsage of job (MB)
	1398016  -  ResidentSetSize of job (KB)
...
006 (11629373.000.000) 2025-04-13 05:33:20 Image size of job updated: 1394
	1394  -  MemoryUsage of job (MB)
	1428072  -  ResidentSetSize of job (KB)
...
006 (11629373.000.000) 2025-04-13 05:35:21 Image size of job updated: 1423
	1423  -  MemoryUsage of job (MB)
	1458172  -  ResidentSetSize of job (KB)
...
006 (11629373.000.000) 2025-04-13 05:36:21 Image size of job updated: 1424
	1424  -  MemoryUsage of job (MB)
	1458280  -  ResidentSetSize of job (KB)
...
006 (11629373.000.000) 2025-04-13 05:37:21 Image size of job updated: 1440
	1440  -  MemoryUsage of job (MB)
	1474816  -  ResidentSetSize of job (KB)
...
006 (11629373.000.000) 2025-04-13 05:38:22 Image size of job updated: 1453
	1453  -  MemoryUsage of job (MB)
	1488492  -  ResidentSetSize of job (KB)
...
006 (11629373.000.000) 2025-04-13 05:40:23 Image size of job updated: 1483
	1483  -  MemoryUsage of job (MB)
	1518740  -  ResidentSetSize of job (KB)
...
006 (11629373.000.000) 2025-04-13 05:42:23 Image size of job updated: 1483
	1483  -  MemoryUsage of job (MB)
	1518844  -  ResidentSetSize of job (KB)
...
006 (11629373.000.000) 2025-04-13 05:43:24 Image size of job updated: 1512
	1512  -  MemoryUsage of job (MB)
	1548968  -  ResidentSetSize of job (KB)
...
006 (11629373.000.000) 2025-04-13 06:16:41 Image size of job updated: 1513
	1513  -  MemoryUsage of job (MB)
	1550288  -  ResidentSetSize of job (KB)
...
006 (11629373.000.000) 2025-04-13 06:17:42 Image size of job updated: 1513
	1513  -  MemoryUsage of job (MB)
	1550328  -  ResidentSetSize of job (KB)
...
006 (11629373.000.000) 2025-04-13 06:18:42 Image size of job updated: 1514
	1514  -  MemoryUsage of job (MB)
	1550372  -  ResidentSetSize of job (KB)
...
006 (11629373.000.000) 2025-04-13 06:19:43 Image size of job updated: 1543
	1543  -  MemoryUsage of job (MB)
	1580540  -  ResidentSetSize of job (KB)
...
006 (11629373.000.000) 2025-04-13 06:20:44 Image size of job updated: 1543
	1543  -  MemoryUsage of job (MB)
	1580560  -  ResidentSetSize of job (KB)
...
006 (11629373.000.000) 2025-04-13 06:21:44 Image size of job updated: 1543
	1543  -  MemoryUsage of job (MB)
	1580764  -  ResidentSetSize of job (KB)
...
006 (11629373.000.000) 2025-04-13 06:22:45 Image size of job updated: 1573
	1573  -  MemoryUsage of job (MB)
	1610788  -  ResidentSetSize of job (KB)
...
006 (11629373.000.000) 2025-04-13 06:23:45 Image size of job updated: 1573
	1573  -  MemoryUsage of job (MB)
	1610800  -  ResidentSetSize of job (KB)
...
006 (11629373.000.000) 2025-04-13 06:24:46 Image size of job updated: 1602
	1602  -  MemoryUsage of job (MB)
	1640916  -  ResidentSetSize of job (KB)
...
006 (11629373.000.000) 2025-04-13 06:25:47 Image size of job updated: 1602
	1602  -  MemoryUsage of job (MB)
	1641028  -  ResidentSetSize of job (KB)
...
006 (11629373.000.000) 2025-04-13 06:26:47 Image size of job updated: 1631
	1631  -  MemoryUsage of job (MB)
	1670992  -  ResidentSetSize of job (KB)
...
006 (11629373.000.000) 2025-04-13 06:27:48 Image size of job updated: 1632
	1632  -  MemoryUsage of job (MB)
	1671264  -  ResidentSetSize of job (KB)
...
006 (11629373.000.000) 2025-04-13 06:28:48 Image size of job updated: 1632
	1632  -  MemoryUsage of job (MB)
	1671336  -  ResidentSetSize of job (KB)
...
006 (11629373.000.000) 2025-04-13 06:29:49 Image size of job updated: 1661
	1661  -  MemoryUsage of job (MB)
	1701512  -  ResidentSetSize of job (KB)
...
006 (11629373.000.000) 2025-04-13 06:31:51 Image size of job updated: 1682
	1682  -  MemoryUsage of job (MB)
	1723052  -  ResidentSetSize of job (KB)
...
006 (11629373.000.000) 2025-04-13 06:32:51 Image size of job updated: 1691
	1691  -  MemoryUsage of job (MB)
	1731720  -  ResidentSetSize of job (KB)
...
006 (11629373.000.000) 2025-04-13 06:34:52 Image size of job updated: 1720
	1720  -  MemoryUsage of job (MB)
	1761864  -  ResidentSetSize of job (KB)
...
006 (11629373.000.000) 2025-04-13 06:36:53 Image size of job updated: 1720
	1720  -  MemoryUsage of job (MB)
	1761912  -  ResidentSetSize of job (KB)
...
006 (11629373.000.000) 2025-04-13 06:37:53 Image size of job updated: 1750
	1750  -  MemoryUsage of job (MB)
	1792128  -  ResidentSetSize of job (KB)
...
006 (11629373.000.000) 2025-04-13 06:38:54 Image size of job updated: 1750
	1750  -  MemoryUsage of job (MB)
	1792148  -  ResidentSetSize of job (KB)
...
006 (11629373.000.000) 2025-04-13 06:39:55 Image size of job updated: 1779
	1779  -  MemoryUsage of job (MB)
	1822332  -  ResidentSetSize of job (KB)
...
006 (11629373.000.000) 2025-04-13 06:40:55 Image size of job updated: 1779
	1779  -  MemoryUsage of job (MB)
	1822368  -  ResidentSetSize of job (KB)
...
006 (11629373.000.000) 2025-04-13 06:41:56 Image size of job updated: 1779
	1779  -  MemoryUsage of job (MB)
	1822508  -  ResidentSetSize of job (KB)
...
006 (11629373.000.000) 2025-04-13 06:42:57 Image size of job updated: 1809
	1809  -  MemoryUsage of job (MB)
	1852608  -  ResidentSetSize of job (KB)
...
006 (11629373.000.000) 2025-04-13 06:44:58 Image size of job updated: 1836
	1836  -  MemoryUsage of job (MB)
	1880980  -  ResidentSetSize of job (KB)
...
006 (11629373.000.000) 2025-04-13 06:45:58 Image size of job updated: 1837
	1837  -  MemoryUsage of job (MB)
	1881132  -  ResidentSetSize of job (KB)
...
006 (11629373.000.000) 2025-04-13 06:46:58 Image size of job updated: 1837
	1837  -  MemoryUsage of job (MB)
	1881140  -  ResidentSetSize of job (KB)
...
006 (11629373.000.000) 2025-04-13 06:47:59 Image size of job updated: 1869
	1869  -  MemoryUsage of job (MB)
	1914824  -  ResidentSetSize of job (KB)
...
006 (11629373.000.000) 2025-04-13 06:48:59 Image size of job updated: 1870
	1870  -  MemoryUsage of job (MB)
	1914916  -  ResidentSetSize of job (KB)
...
006 (11629373.000.000) 2025-04-13 06:49:59 Image size of job updated: 1870
	1870  -  MemoryUsage of job (MB)
	1915200  -  ResidentSetSize of job (KB)
...
006 (11629373.000.000) 2025-04-13 06:51:00 Image size of job updated: 1899
	1899  -  MemoryUsage of job (MB)
	1945244  -  ResidentSetSize of job (KB)
...
006 (11629373.000.000) 2025-04-13 06:52:00 Image size of job updated: 1899
	1899  -  MemoryUsage of job (MB)
	1945300  -  ResidentSetSize of job (KB)
...
006 (11629373.000.000) 2025-04-13 06:53:01 Image size of job updated: 1929
	1929  -  MemoryUsage of job (MB)
	1975440  -  ResidentSetSize of job (KB)
...
006 (11629373.000.000) 2025-04-13 06:54:01 Image size of job updated: 1929
	1929  -  MemoryUsage of job (MB)
	1975480  -  ResidentSetSize of job (KB)
...
006 (11629373.000.000) 2025-04-13 06:55:02 Image size of job updated: 1929
	1929  -  MemoryUsage of job (MB)
	1975512  -  ResidentSetSize of job (KB)
...
006 (11629373.000.000) 2025-04-13 06:56:02 Image size of job updated: 1959
	1959  -  MemoryUsage of job (MB)
	2006404  -  ResidentSetSize of job (KB)
...
006 (11629373.000.000) 2025-04-13 06:59:03 Image size of job updated: 1988
	1988  -  MemoryUsage of job (MB)
	2036460  -  ResidentSetSize of job (KB)
...
006 (11629373.000.000) 2025-04-13 07:00:04 Image size of job updated: 1988
	1988  -  MemoryUsage of job (MB)
	2036632  -  ResidentSetSize of job (KB)
...
006 (11629373.000.000) 2025-04-13 07:02:05 Image size of job updated: 1989
	1989  -  MemoryUsage of job (MB)
	2036920  -  ResidentSetSize of job (KB)
...
006 (11629373.000.000) 2025-04-13 07:03:05 Image size of job updated: 2018
	2018  -  MemoryUsage of job (MB)
	2066808  -  ResidentSetSize of job (KB)
...
006 (11629373.000.000) 2025-04-13 07:04:06 Image size of job updated: 2018
	2018  -  MemoryUsage of job (MB)
	2066868  -  ResidentSetSize of job (KB)
...
006 (11629373.000.000) 2025-04-13 07:05:07 Image size of job updated: 2018
	2018  -  MemoryUsage of job (MB)
	2066928  -  ResidentSetSize of job (KB)
...
006 (11629373.000.000) 2025-04-13 07:06:07 Image size of job updated: 2047
	2047  -  MemoryUsage of job (MB)
	2097060  -  ResidentSetSize of job (KB)
...
006 (11629373.000.000) 2025-04-13 07:07:07 Image size of job updated: 2047
	2047  -  MemoryUsage of job (MB)
	2097132  -  ResidentSetSize of job (KB)
...
006 (11629373.000.000) 2025-04-13 07:08:08 Image size of job updated: 2077
	2077  -  MemoryUsage of job (MB)
	2127296  -  ResidentSetSize of job (KB)
...
006 (11629373.000.000) 2025-04-13 07:09:08 Image size of job updated: 2077
	2077  -  MemoryUsage of job (MB)
	2127304  -  ResidentSetSize of job (KB)
...
006 (11629373.000.000) 2025-04-13 07:10:08 Image size of job updated: 2077
	2077  -  MemoryUsage of job (MB)
	2127436  -  ResidentSetSize of job (KB)
...
006 (11629373.000.000) 2025-04-13 07:11:08 Image size of job updated: 2106
	2106  -  MemoryUsage of job (MB)
	2157556  -  ResidentSetSize of job (KB)
...
006 (11629373.000.000) 2025-04-13 07:13:08 Image size of job updated: 2136
	2136  -  MemoryUsage of job (MB)
	2187732  -  ResidentSetSize of job (KB)
...
006 (11629373.000.000) 2025-04-13 07:14:08 Image size of job updated: 2136
	2136  -  MemoryUsage of job (MB)
	2187788  -  ResidentSetSize of job (KB)
...
006 (11629373.000.000) 2025-04-13 07:15:08 Image size of job updated: 2136
	2136  -  MemoryUsage of job (MB)
	2188060  -  ResidentSetSize of job (KB)
...
006 (11629373.000.000) 2025-04-13 07:16:08 Image size of job updated: 2165
	2165  -  MemoryUsage of job (MB)
	2217868  -  ResidentSetSize of job (KB)
...
006 (11629373.000.000) 2025-04-13 07:17:09 Image size of job updated: 2166
	2166  -  MemoryUsage of job (MB)
	2218012  -  ResidentSetSize of job (KB)
...
006 (11629373.000.000) 2025-04-13 07:18:10 Image size of job updated: 2195
	2195  -  MemoryUsage of job (MB)
	2248176  -  ResidentSetSize of job (KB)
...
006 (11629373.000.000) 2025-04-13 07:19:12 Image size of job updated: 2195
	2195  -  MemoryUsage of job (MB)
	2248252  -  ResidentSetSize of job (KB)
...
006 (11629373.000.000) 2025-04-13 07:20:13 Image size of job updated: 2195
	2195  -  MemoryUsage of job (MB)
	2248396  -  ResidentSetSize of job (KB)
...
006 (11629373.000.000) 2025-04-13 07:21:13 Image size of job updated: 2225
	2225  -  MemoryUsage of job (MB)
	2278424  -  ResidentSetSize of job (KB)
...
006 (11629373.000.000) 2025-04-13 07:23:15 Image size of job updated: 2254
	2254  -  MemoryUsage of job (MB)
	2308376  -  ResidentSetSize of job (KB)
...
006 (11629373.000.000) 2025-04-13 07:24:15 Image size of job updated: 2254
	2254  -  MemoryUsage of job (MB)
	2308756  -  ResidentSetSize of job (KB)
...
006 (11629373.000.000) 2025-04-13 07:25:15 Image size of job updated: 2254
	2254  -  MemoryUsage of job (MB)
	2308872  -  ResidentSetSize of job (KB)
...
006 (11629373.000.000) 2025-04-13 07:26:15 Image size of job updated: 2284
	2284  -  MemoryUsage of job (MB)
	2339104  -  ResidentSetSize of job (KB)
...
006 (11629373.000.000) 2025-04-13 07:28:16 Image size of job updated: 2313
	2313  -  MemoryUsage of job (MB)
	2369160  -  ResidentSetSize of job (KB)
...
006 (11629373.000.000) 2025-04-13 07:29:16 Image size of job updated: 2313
	2313  -  MemoryUsage of job (MB)
	2369328  -  ResidentSetSize of job (KB)
...
006 (11629373.000.000) 2025-04-13 07:31:18 Image size of job updated: 2343
	2343  -  MemoryUsage of job (MB)
	2399508  -  ResidentSetSize of job (KB)
...
006 (11629373.000.000) 2025-04-13 07:33:19 Image size of job updated: 2343
	2343  -  MemoryUsage of job (MB)
	2399532  -  ResidentSetSize of job (KB)
...
006 (11629373.000.000) 2025-04-13 07:34:20 Image size of job updated: 2372
	2372  -  MemoryUsage of job (MB)
	2429656  -  ResidentSetSize of job (KB)
...
006 (11629373.000.000) 2025-04-13 07:35:20 Image size of job updated: 2372
	2372  -  MemoryUsage of job (MB)
	2429732  -  ResidentSetSize of job (KB)
...
006 (11629373.000.000) 2025-04-13 07:36:21 Image size of job updated: 2402
	2402  -  MemoryUsage of job (MB)
	2459888  -  ResidentSetSize of job (KB)
...
006 (11629373.000.000) 2025-04-13 07:37:21 Image size of job updated: 2402
	2402  -  MemoryUsage of job (MB)
	2459940  -  ResidentSetSize of job (KB)
...
006 (11629373.000.000) 2025-04-13 07:38:22 Image size of job updated: 2402
	2402  -  MemoryUsage of job (MB)
	2460116  -  ResidentSetSize of job (KB)
...
006 (11629373.000.000) 2025-04-13 07:39:23 Image size of job updated: 2431
	2431  -  MemoryUsage of job (MB)
	2490152  -  ResidentSetSize of job (KB)
...
006 (11629373.000.000) 2025-04-13 07:41:24 Image size of job updated: 2461
	2461  -  MemoryUsage of job (MB)
	2520304  -  ResidentSetSize of job (KB)
...
006 (11629373.000.000) 2025-04-13 07:42:24 Image size of job updated: 2461
	2461  -  MemoryUsage of job (MB)
	2520392  -  ResidentSetSize of job (KB)
...
006 (11629373.000.000) 2025-04-13 07:43:25 Image size of job updated: 2490
	2490  -  MemoryUsage of job (MB)
	2550192  -  ResidentSetSize of job (KB)
...
006 (11629373.000.000) 2025-04-13 07:46:27 Image size of job updated: 2515
	2515  -  MemoryUsage of job (MB)
	2576380  -  ResidentSetSize of job (KB)
...
006 (11629373.000.000) 2025-04-13 07:47:27 Image size of job updated: 2520
	2520  -  MemoryUsage of job (MB)
	2580756  -  ResidentSetSize of job (KB)
...
006 (11629373.000.000) 2025-04-13 07:48:28 Image size of job updated: 2549
	2549  -  MemoryUsage of job (MB)
	2610788  -  ResidentSetSize of job (KB)
...
006 (11629373.000.000) 2025-04-13 07:49:28 Image size of job updated: 2549
	2549  -  MemoryUsage of job (MB)
	2611000  -  ResidentSetSize of job (KB)
...
006 (11629373.000.000) 2025-04-13 07:51:29 Image size of job updated: 2579
	2579  -  MemoryUsage of job (MB)
	2641144  -  ResidentSetSize of job (KB)
...
006 (11629373.000.000) 2025-04-13 07:53:30 Image size of job updated: 2608
	2608  -  MemoryUsage of job (MB)
	2671248  -  ResidentSetSize of job (KB)
...
006 (11629373.000.000) 2025-04-13 07:54:31 Image size of job updated: 2608
	2608  -  MemoryUsage of job (MB)
	2671448  -  ResidentSetSize of job (KB)
...
006 (11629373.000.000) 2025-04-13 07:55:32 Image size of job updated: 2608
	2608  -  MemoryUsage of job (MB)
	2671560  -  ResidentSetSize of job (KB)
...
006 (11629373.000.000) 2025-04-13 07:56:32 Image size of job updated: 2638
	2638  -  MemoryUsage of job (MB)
	2701600  -  ResidentSetSize of job (KB)
...
006 (11629373.000.000) 2025-04-13 07:57:33 Image size of job updated: 2638
	2638  -  MemoryUsage of job (MB)
	2701648  -  ResidentSetSize of job (KB)
...
006 (11629373.000.000) 2025-04-13 07:58:33 Image size of job updated: 2667
	2667  -  MemoryUsage of job (MB)
	2731600  -  ResidentSetSize of job (KB)
...
006 (11629373.000.000) 2025-04-13 07:59:33 Image size of job updated: 2667
	2667  -  MemoryUsage of job (MB)
	2731620  -  ResidentSetSize of job (KB)
...
006 (11629373.000.000) 2025-04-13 08:00:34 Image size of job updated: 2668
	2668  -  MemoryUsage of job (MB)
	2732140  -  ResidentSetSize of job (KB)
...
006 (11629373.000.000) 2025-04-13 08:01:34 Image size of job updated: 2697
	2697  -  MemoryUsage of job (MB)
	2762108  -  ResidentSetSize of job (KB)
...
006 (11629373.000.000) 2025-04-13 08:02:35 Image size of job updated: 2697
	2697  -  MemoryUsage of job (MB)
	2762120  -  ResidentSetSize of job (KB)
...
006 (11629373.000.000) 2025-04-13 08:03:36 Image size of job updated: 2711
	2711  -  MemoryUsage of job (MB)
	2776184  -  ResidentSetSize of job (KB)
...
040 (11629373.000.000) 2025-04-13 08:03:39 Finished transferring output files
...
005 (11629373.000.000) 2025-04-13 08:03:39 Job terminated.
	(1) Normal termination (return value 0)
		Usr 0 00:50:59, Sys 0 00:01:49  -  Run Remote Usage
		Usr 0 00:00:00, Sys 0 00:00:00  -  Run Local Usage
		Usr 0 00:50:59, Sys 0 00:01:49  -  Total Remote Usage
		Usr 0 00:00:00, Sys 0 00:00:00  -  Total Local Usage
	0  -  Run Bytes Sent By Job
	410983136  -  Run Bytes Received By Job
	0  -  Total Bytes Sent By Job
	410983136  -  Total Bytes Received By Job
	Partitionable Resources :      Usage  Request Allocated 
	   Cpus                 :       0.00        1         1 
	   Disk (KB)            : 2244852    52428800  52432100 
	   GPUs                 :                             0 
	   Memory (MB)          :    2711        8192      8192 
	   TimeExecute (s)      :   10899                       
	   TimeSlotBusy (s)     :   10907                       

	Job terminated of its own accord at 2025-04-13T13:03:38Z with exit-code 0.
...
