000 (11626174.000.000) 2025-04-12 11:35:40 Job submitted from host: <131.225.189.251:9618?addrs=131.225.189.251-9618+[2620-6a-0-8421--e8]-9618&alias=lpcschedd4.fnal.gov&noUDP&sock=schedd_1977_a2d3>
...
040 (11626174.000.000) 2025-04-12 11:35:50 Started transferring input files
	Transferring to host: <131.225.188.193:9618?addrs=[2620-6a-0-8421-f0-0-188-193]-9618+131.225.188.193-9618&alias=cmswn2062.fnal.gov&noUDP&sock=slot1_7_2257904_60a2_12900>
...
040 (11626174.000.000) 2025-04-12 11:35:56 Finished transferring input files
...
001 (11626174.000.000) 2025-04-12 11:35:57 Job executing on host: <131.225.188.193:9618?addrs=[2620-6a-0-8421-f0-0-188-193]-9618+131.225.188.193-9618&alias=cmswn2062.fnal.gov&noUDP&sock=startd_2291_0390>
	SlotName: slot1_7@cmswn2062.fnal.gov
	CondorScratchDir = "/storage/local/data1/condor/execute/dir_3285680"
	Cpus = 1
	Disk = 52430340
	GPUs = 0
	Memory = 8192
...
006 (11626174.000.000) 2025-04-12 11:36:06 Image size of job updated: 47
	47  -  MemoryUsage of job (MB)
	48136  -  ResidentSetSize of job (KB)
...
006 (11626174.000.000) 2025-04-12 11:37:07 Image size of job updated: 451
	451  -  MemoryUsage of job (MB)
	462520  -  ResidentSetSize of job (KB)
...
006 (11626174.000.000) 2025-04-12 11:38:07 Image size of job updated: 554
	554  -  MemoryUsage of job (MB)
	567636  -  ResidentSetSize of job (KB)
...
006 (11626174.000.000) 2025-04-12 11:39:08 Image size of job updated: 554
	554  -  MemoryUsage of job (MB)
	568184  -  ResidentSetSize of job (KB)
...
006 (11626174.000.000) 2025-04-12 11:40:09 Image size of job updated: 554
	554  -  MemoryUsage of job (MB)
	568216  -  ResidentSetSize of job (KB)
...
006 (11626174.000.000) 2025-04-12 11:41:09 Image size of job updated: 554
	554  -  MemoryUsage of job (MB)
	568236  -  ResidentSetSize of job (KB)
...
006 (11626174.000.000) 2025-04-12 11:42:10 Image size of job updated: 555
	555  -  MemoryUsage of job (MB)
	568336  -  ResidentSetSize of job (KB)
...
006 (11626174.000.000) 2025-04-12 11:43:11 Image size of job updated: 597
	597  -  MemoryUsage of job (MB)
	611396  -  ResidentSetSize of job (KB)
...
006 (11626174.000.000) 2025-04-12 11:44:11 Image size of job updated: 598
	598  -  MemoryUsage of job (MB)
	612672  -  ResidentSetSize of job (KB)
...
006 (11626174.000.000) 2025-04-12 11:45:12 Image size of job updated: 608
	608  -  MemoryUsage of job (MB)
	623588  -  ResidentSetSize of job (KB)
...
006 (11626174.000.000) 2025-04-12 11:46:13 Image size of job updated: 610
	610  -  MemoryUsage of job (MB)
	625308  -  ResidentSetSize of job (KB)
...
006 (11626174.000.000) 2025-04-12 11:47:13 Image size of job updated: 612
	612  -  MemoryUsage of job (MB)
	626936  -  ResidentSetSize of job (KB)
...
006 (11626174.000.000) 2025-04-12 11:48:14 Image size of job updated: 613
	613  -  MemoryUsage of job (MB)
	628240  -  ResidentSetSize of job (KB)
...
006 (11626174.000.000) 2025-04-12 11:49:14 Image size of job updated: 615
	615  -  MemoryUsage of job (MB)
	630408  -  ResidentSetSize of job (KB)
...
006 (11626174.000.000) 2025-04-12 11:50:14 Image size of job updated: 617
	617  -  MemoryUsage of job (MB)
	632012  -  ResidentSetSize of job (KB)
...
006 (11626174.000.000) 2025-04-12 11:51:15 Image size of job updated: 618
	618  -  MemoryUsage of job (MB)
	633004  -  ResidentSetSize of job (KB)
...
006 (11626174.000.000) 2025-04-12 11:52:15 Image size of job updated: 619
	619  -  MemoryUsage of job (MB)
	634860  -  ResidentSetSize of job (KB)
...
006 (11626174.000.000) 2025-04-12 11:53:15 Image size of job updated: 643
	643  -  MemoryUsage of job (MB)
	658580  -  ResidentSetSize of job (KB)
...
006 (11626174.000.000) 2025-04-12 11:54:16 Image size of job updated: 644
	644  -  MemoryUsage of job (MB)
	660200  -  ResidentSetSize of job (KB)
...
006 (11626174.000.000) 2025-04-12 11:55:16 Image size of job updated: 646
	646  -  MemoryUsage of job (MB)
	661984  -  ResidentSetSize of job (KB)
...
006 (11626174.000.000) 2025-04-12 11:56:17 Image size of job updated: 648
	648  -  MemoryUsage of job (MB)
	663588  -  ResidentSetSize of job (KB)
...
006 (11626174.000.000) 2025-04-12 11:57:17 Image size of job updated: 649
	649  -  MemoryUsage of job (MB)
	664980  -  ResidentSetSize of job (KB)
...
006 (11626174.000.000) 2025-04-12 11:58:17 Image size of job updated: 651
	651  -  MemoryUsage of job (MB)
	666908  -  ResidentSetSize of job (KB)
...
006 (11626174.000.000) 2025-04-12 11:59:18 Image size of job updated: 652
	652  -  MemoryUsage of job (MB)
	668256  -  ResidentSetSize of job (KB)
...
006 (11626174.000.000) 2025-04-12 12:00:18 Image size of job updated: 654
	654  -  MemoryUsage of job (MB)
	669824  -  ResidentSetSize of job (KB)
...
006 (11626174.000.000) 2025-04-12 12:01:19 Image size of job updated: 655
	655  -  MemoryUsage of job (MB)
	671356  -  ResidentSetSize of job (KB)
...
006 (11626174.000.000) 2025-04-12 12:03:20 Image size of job updated: 787
	787  -  MemoryUsage of job (MB)
	806120  -  ResidentSetSize of job (KB)
...
006 (11626174.000.000) 2025-04-12 12:04:21 Image size of job updated: 787
	787  -  MemoryUsage of job (MB)
	806144  -  ResidentSetSize of job (KB)
...
006 (11626174.000.000) 2025-04-12 12:06:22 Image size of job updated: 790
	790  -  MemoryUsage of job (MB)
	809880  -  ResidentSetSize of job (KB)
...
006 (11626174.000.000) 2025-04-12 12:07:22 Image size of job updated: 791
	791  -  MemoryUsage of job (MB)
	810776  -  ResidentSetSize of job (KB)
...
006 (11626174.000.000) 2025-04-12 12:08:23 Image size of job updated: 795
	795  -  MemoryUsage of job (MB)
	814412  -  ResidentSetSize of job (KB)
...
006 (11626174.000.000) 2025-04-12 12:09:24 Image size of job updated: 796
	796  -  MemoryUsage of job (MB)
	815164  -  ResidentSetSize of job (KB)
...
006 (11626174.000.000) 2025-04-12 12:10:24 Image size of job updated: 797
	797  -  MemoryUsage of job (MB)
	816236  -  ResidentSetSize of job (KB)
...
006 (11626174.000.000) 2025-04-12 12:11:25 Image size of job updated: 797
	797  -  MemoryUsage of job (MB)
	816592  -  ResidentSetSize of job (KB)
...
006 (11626174.000.000) 2025-04-12 12:12:25 Image size of job updated: 822
	822  -  MemoryUsage of job (MB)
	842048  -  ResidentSetSize of job (KB)
...
006 (11626174.000.000) 2025-04-12 12:13:26 Image size of job updated: 828
	828  -  MemoryUsage of job (MB)
	848440  -  ResidentSetSize of job (KB)
...
006 (11626174.000.000) 2025-04-12 12:14:26 Image size of job updated: 828
	828  -  MemoryUsage of job (MB)
	848524  -  ResidentSetSize of job (KB)
...
006 (11626174.000.000) 2025-04-12 12:15:26 Image size of job updated: 829
	829  -  MemoryUsage of job (MB)
	848988  -  ResidentSetSize of job (KB)
...
006 (11626174.000.000) 2025-04-12 12:16:27 Image size of job updated: 948
	948  -  MemoryUsage of job (MB)
	971732  -  ResidentSetSize of job (KB)
...
006 (11626174.000.000) 2025-04-12 12:19:28 Image size of job updated: 962
	962  -  MemoryUsage of job (MB)
	985680  -  ResidentSetSize of job (KB)
...
006 (11626174.000.000) 2025-04-12 12:20:28 Image size of job updated: 962
	962  -  MemoryUsage of job (MB)
	985688  -  ResidentSetSize of job (KB)
...
006 (11626174.000.000) 2025-04-12 12:22:29 Image size of job updated: 991
	991  -  MemoryUsage of job (MB)
	1015696  -  ResidentSetSize of job (KB)
...
006 (11626174.000.000) 2025-04-12 12:23:30 Image size of job updated: 991
	991  -  MemoryUsage of job (MB)
	1015804  -  ResidentSetSize of job (KB)
...
006 (11626174.000.000) 2025-04-12 12:24:30 Image size of job updated: 992
	992  -  MemoryUsage of job (MB)
	1015812  -  ResidentSetSize of job (KB)
...
006 (11626174.000.000) 2025-04-12 12:26:31 Image size of job updated: 992
	992  -  MemoryUsage of job (MB)
	1015856  -  ResidentSetSize of job (KB)
...
006 (11626174.000.000) 2025-04-12 12:34:33 Image size of job updated: 992
	992  -  MemoryUsage of job (MB)
	1016232  -  ResidentSetSize of job (KB)
...
006 (11626174.000.000) 2025-04-12 12:35:34 Image size of job updated: 1021
	1021  -  MemoryUsage of job (MB)
	1045904  -  ResidentSetSize of job (KB)
...
006 (11626174.000.000) 2025-04-12 12:36:34 Image size of job updated: 1027
	1027  -  MemoryUsage of job (MB)
	1052640  -  ResidentSetSize of job (KB)
...
006 (11626174.000.000) 2025-04-12 12:37:35 Image size of job updated: 1028
	1028  -  MemoryUsage of job (MB)
	1052780  -  ResidentSetSize of job (KB)
...
006 (11626174.000.000) 2025-04-12 12:38:36 Image size of job updated: 1028
	1028  -  MemoryUsage of job (MB)
	1052852  -  ResidentSetSize of job (KB)
...
006 (11626174.000.000) 2025-04-12 12:39:36 Image size of job updated: 1028
	1028  -  MemoryUsage of job (MB)
	1052892  -  ResidentSetSize of job (KB)
...
006 (11626174.000.000) 2025-04-12 12:42:38 Image size of job updated: 1029
	1029  -  MemoryUsage of job (MB)
	1054624  -  ResidentSetSize of job (KB)
...
006 (11626174.000.000) 2025-04-12 12:43:39 Image size of job updated: 1058
	1058  -  MemoryUsage of job (MB)
	1084248  -  ResidentSetSize of job (KB)
...
006 (11626174.000.000) 2025-04-12 12:48:42 Image size of job updated: 1058
	1058  -  MemoryUsage of job (MB)
	1084260  -  ResidentSetSize of job (KB)
...
006 (11626174.000.000) 2025-04-12 12:53:44 Image size of job updated: 1058
	1058  -  MemoryUsage of job (MB)
	1084376  -  ResidentSetSize of job (KB)
...
006 (11626174.000.000) 2025-04-12 12:54:44 Image size of job updated: 1059
	1059  -  MemoryUsage of job (MB)
	1084440  -  ResidentSetSize of job (KB)
...
006 (11626174.000.000) 2025-04-12 12:55:44 Image size of job updated: 1059
	1059  -  MemoryUsage of job (MB)
	1084488  -  ResidentSetSize of job (KB)
...
006 (11626174.000.000) 2025-04-12 12:56:45 Image size of job updated: 1059
	1059  -  MemoryUsage of job (MB)
	1084596  -  ResidentSetSize of job (KB)
...
006 (11626174.000.000) 2025-04-12 13:00:47 Image size of job updated: 1059
	1059  -  MemoryUsage of job (MB)
	1085080  -  ResidentSetSize of job (KB)
...
006 (11626174.000.000) 2025-04-12 13:01:47 Image size of job updated: 1088
	1088  -  MemoryUsage of job (MB)
	1114748  -  ResidentSetSize of job (KB)
...
006 (11626174.000.000) 2025-04-12 13:02:48 Image size of job updated: 1089
	1089  -  MemoryUsage of job (MB)
	1115276  -  ResidentSetSize of job (KB)
...
006 (11626174.000.000) 2025-04-12 13:07:50 Image size of job updated: 1118
	1118  -  MemoryUsage of job (MB)
	1145284  -  ResidentSetSize of job (KB)
...
006 (11626174.000.000) 2025-04-12 13:08:51 Image size of job updated: 1118
	1118  -  MemoryUsage of job (MB)
	1145352  -  ResidentSetSize of job (KB)
...
006 (11626174.000.000) 2025-04-12 13:10:52 Image size of job updated: 1118
	1118  -  MemoryUsage of job (MB)
	1145372  -  ResidentSetSize of job (KB)
...
006 (11626174.000.000) 2025-04-12 13:13:55 Image size of job updated: 1118
	1118  -  MemoryUsage of job (MB)
	1145844  -  ResidentSetSize of job (KB)
...
006 (11626174.000.000) 2025-04-12 13:14:55 Image size of job updated: 1147
	1147  -  MemoryUsage of job (MB)
	1175452  -  ResidentSetSize of job (KB)
...
006 (11626174.000.000) 2025-04-12 13:16:55 Image size of job updated: 1147
	1147  -  MemoryUsage of job (MB)
	1175472  -  ResidentSetSize of job (KB)
...
006 (11626174.000.000) 2025-04-12 13:18:56 Image size of job updated: 1147
	1147  -  MemoryUsage of job (MB)
	1175544  -  ResidentSetSize of job (KB)
...
006 (11626174.000.000) 2025-04-12 13:23:59 Image size of job updated: 1148
	1148  -  MemoryUsage of job (MB)
	1175920  -  ResidentSetSize of job (KB)
...
006 (11626174.000.000) 2025-04-12 13:24:59 Image size of job updated: 1148
	1148  -  MemoryUsage of job (MB)
	1175952  -  ResidentSetSize of job (KB)
...
006 (11626174.000.000) 2025-04-12 13:26:00 Image size of job updated: 1177
	1177  -  MemoryUsage of job (MB)
	1205596  -  ResidentSetSize of job (KB)
...
006 (11626174.000.000) 2025-04-12 13:30:02 Image size of job updated: 1177
	1177  -  MemoryUsage of job (MB)
	1205600  -  ResidentSetSize of job (KB)
...
006 (11626174.000.000) 2025-04-12 13:38:05 Image size of job updated: 1177
	1177  -  MemoryUsage of job (MB)
	1205604  -  ResidentSetSize of job (KB)
...
006 (11626174.000.000) 2025-04-12 13:39:06 Image size of job updated: 1177
	1177  -  MemoryUsage of job (MB)
	1205992  -  ResidentSetSize of job (KB)
...
006 (11626174.000.000) 2025-04-12 13:40:07 Image size of job updated: 1206
	1206  -  MemoryUsage of job (MB)
	1235620  -  ResidentSetSize of job (KB)
...
006 (11626174.000.000) 2025-04-12 13:41:07 Image size of job updated: 1206
	1206  -  MemoryUsage of job (MB)
	1235700  -  ResidentSetSize of job (KB)
...
006 (11626174.000.000) 2025-04-12 13:45:09 Image size of job updated: 1206
	1206  -  MemoryUsage of job (MB)
	1235704  -  ResidentSetSize of job (KB)
...
006 (11626174.000.000) 2025-04-12 13:46:09 Image size of job updated: 1236
	1236  -  MemoryUsage of job (MB)
	1265800  -  ResidentSetSize of job (KB)
...
006 (11626174.000.000) 2025-04-12 14:10:22 Image size of job updated: 1246
	1246  -  MemoryUsage of job (MB)
	1276636  -  ResidentSetSize of job (KB)
...
006 (11626174.000.000) 2025-04-12 14:11:23 Image size of job updated: 1246
	1246  -  MemoryUsage of job (MB)
	1276816  -  ResidentSetSize of job (KB)
...
006 (11626174.000.000) 2025-04-12 14:13:24 Image size of job updated: 1246
	1246  -  MemoryUsage of job (MB)
	1276820  -  ResidentSetSize of job (KB)
...
006 (11626174.000.000) 2025-04-12 14:14:24 Image size of job updated: 1246
	1246  -  MemoryUsage of job (MB)
	1276832  -  ResidentSetSize of job (KB)
...
006 (11626174.000.000) 2025-04-12 14:16:25 Image size of job updated: 1246
	1246  -  MemoryUsage of job (MB)
	1276848  -  ResidentSetSize of job (KB)
...
006 (11626174.000.000) 2025-04-12 14:17:25 Image size of job updated: 1247
	1247  -  MemoryUsage of job (MB)
	1277228  -  ResidentSetSize of job (KB)
...
006 (11626174.000.000) 2025-04-12 14:18:26 Image size of job updated: 1276
	1276  -  MemoryUsage of job (MB)
	1306880  -  ResidentSetSize of job (KB)
...
006 (11626174.000.000) 2025-04-12 14:19:26 Image size of job updated: 1276
	1276  -  MemoryUsage of job (MB)
	1306960  -  ResidentSetSize of job (KB)
...
006 (11626174.000.000) 2025-04-12 14:20:27 Image size of job updated: 1276
	1276  -  MemoryUsage of job (MB)
	1306968  -  ResidentSetSize of job (KB)
...
006 (11626174.000.000) 2025-04-12 14:21:27 Image size of job updated: 1276
	1276  -  MemoryUsage of job (MB)
	1306976  -  ResidentSetSize of job (KB)
...
006 (11626174.000.000) 2025-04-12 14:24:29 Image size of job updated: 1305
	1305  -  MemoryUsage of job (MB)
	1336860  -  ResidentSetSize of job (KB)
...
006 (11626174.000.000) 2025-04-12 14:25:30 Image size of job updated: 1305
	1305  -  MemoryUsage of job (MB)
	1337044  -  ResidentSetSize of job (KB)
...
006 (11626174.000.000) 2025-04-12 14:26:30 Image size of job updated: 1305
	1305  -  MemoryUsage of job (MB)
	1337056  -  ResidentSetSize of job (KB)
...
006 (11626174.000.000) 2025-04-12 14:30:32 Image size of job updated: 1335
	1335  -  MemoryUsage of job (MB)
	1367072  -  ResidentSetSize of job (KB)
...
006 (11626174.000.000) 2025-04-12 14:31:33 Image size of job updated: 1335
	1335  -  MemoryUsage of job (MB)
	1367156  -  ResidentSetSize of job (KB)
...
006 (11626174.000.000) 2025-04-12 14:32:33 Image size of job updated: 1335
	1335  -  MemoryUsage of job (MB)
	1367168  -  ResidentSetSize of job (KB)
...
006 (11626174.000.000) 2025-04-12 14:36:36 Image size of job updated: 1364
	1364  -  MemoryUsage of job (MB)
	1397056  -  ResidentSetSize of job (KB)
...
006 (11626174.000.000) 2025-04-12 14:37:36 Image size of job updated: 1364
	1364  -  MemoryUsage of job (MB)
	1397216  -  ResidentSetSize of job (KB)
...
006 (11626174.000.000) 2025-04-12 14:38:36 Image size of job updated: 1364
	1364  -  MemoryUsage of job (MB)
	1397244  -  ResidentSetSize of job (KB)
...
006 (11626174.000.000) 2025-04-12 14:41:38 Image size of job updated: 1364
	1364  -  MemoryUsage of job (MB)
	1397260  -  ResidentSetSize of job (KB)
...
006 (11626174.000.000) 2025-04-12 14:43:39 Image size of job updated: 1364
	1364  -  MemoryUsage of job (MB)
	1397668  -  ResidentSetSize of job (KB)
...
006 (11626174.000.000) 2025-04-12 14:44:39 Image size of job updated: 1393
	1393  -  MemoryUsage of job (MB)
	1427360  -  ResidentSetSize of job (KB)
...
006 (11626174.000.000) 2025-04-12 14:45:40 Image size of job updated: 1393
	1393  -  MemoryUsage of job (MB)
	1427388  -  ResidentSetSize of job (KB)
...
006 (11626174.000.000) 2025-04-12 15:01:49 Image size of job updated: 1423
	1423  -  MemoryUsage of job (MB)
	1457352  -  ResidentSetSize of job (KB)
...
006 (11626174.000.000) 2025-04-12 15:02:49 Image size of job updated: 1423
	1423  -  MemoryUsage of job (MB)
	1457396  -  ResidentSetSize of job (KB)
...
006 (11626174.000.000) 2025-04-12 15:03:49 Image size of job updated: 1423
	1423  -  MemoryUsage of job (MB)
	1457400  -  ResidentSetSize of job (KB)
...
006 (11626174.000.000) 2025-04-12 15:04:50 Image size of job updated: 1423
	1423  -  MemoryUsage of job (MB)
	1457408  -  ResidentSetSize of job (KB)
...
006 (11626174.000.000) 2025-04-12 15:05:50 Image size of job updated: 1423
	1423  -  MemoryUsage of job (MB)
	1457612  -  ResidentSetSize of job (KB)
...
006 (11626174.000.000) 2025-04-12 15:15:53 Image size of job updated: 1423
	1423  -  MemoryUsage of job (MB)
	1457980  -  ResidentSetSize of job (KB)
...
006 (11626174.000.000) 2025-04-12 15:16:54 Image size of job updated: 1423
	1423  -  MemoryUsage of job (MB)
	1458000  -  ResidentSetSize of job (KB)
...
006 (11626174.000.000) 2025-04-12 15:17:54 Image size of job updated: 1452
	1452  -  MemoryUsage of job (MB)
	1487628  -  ResidentSetSize of job (KB)
...
006 (11626174.000.000) 2025-04-12 15:18:54 Image size of job updated: 1452
	1452  -  MemoryUsage of job (MB)
	1487652  -  ResidentSetSize of job (KB)
...
006 (11626174.000.000) 2025-04-12 15:20:56 Image size of job updated: 1452
	1452  -  MemoryUsage of job (MB)
	1487676  -  ResidentSetSize of job (KB)
...
006 (11626174.000.000) 2025-04-12 15:21:57 Image size of job updated: 1452
	1452  -  MemoryUsage of job (MB)
	1487684  -  ResidentSetSize of job (KB)
...
006 (11626174.000.000) 2025-04-12 15:28:59 Image size of job updated: 1453
	1453  -  MemoryUsage of job (MB)
	1487944  -  ResidentSetSize of job (KB)
...
006 (11626174.000.000) 2025-04-12 15:29:59 Image size of job updated: 1453
	1453  -  MemoryUsage of job (MB)
	1488112  -  ResidentSetSize of job (KB)
...
006 (11626174.000.000) 2025-04-12 15:30:41 Image size of job updated: 1482
	1482  -  MemoryUsage of job (MB)
	1517796  -  ResidentSetSize of job (KB)
...
040 (11626174.000.000) 2025-04-12 15:30:41 Finished transferring output files
...
005 (11626174.000.000) 2025-04-12 15:30:41 Job terminated.
	(1) Normal termination (return value 0)
		Usr 0 00:31:18, Sys 0 00:02:06  -  Run Remote Usage
		Usr 0 00:00:00, Sys 0 00:00:00  -  Run Local Usage
		Usr 0 00:31:18, Sys 0 00:02:06  -  Total Remote Usage
		Usr 0 00:00:00, Sys 0 00:00:00  -  Total Local Usage
	0  -  Run Bytes Sent By Job
	409592896  -  Run Bytes Received By Job
	0  -  Total Bytes Sent By Job
	409592896  -  Total Bytes Received By Job
	Partitionable Resources :     Usage  Request Allocated 
	   Cpus                 :      0.00        1         1 
	   Disk (KB)            : 986718    52428800  52430340 
	   GPUs                 :                            0 
	   Memory (MB)          :   1482        8192      8192 
	   TimeExecute (s)      :  14084                       
	   TimeSlotBusy (s)     :  14091                       

	Job terminated of its own accord at 2025-04-12T20:30:41Z with exit-code 0.
...
