000 (11630181.000.000) 2025-04-13 19:24:26 Job submitted from host: <131.225.189.251:9618?addrs=131.225.189.251-9618+[2620-6a-0-8421--e8]-9618&alias=lpcschedd4.fnal.gov&noUDP&sock=schedd_1977_a2d3>
...
000 (11630181.001.000) 2025-04-13 19:24:26 Job submitted from host: <131.225.189.251:9618?addrs=131.225.189.251-9618+[2620-6a-0-8421--e8]-9618&alias=lpcschedd4.fnal.gov&noUDP&sock=schedd_1977_a2d3>
...
040 (11630181.000.000) 2025-04-13 19:24:35 Started transferring input files
	Transferring to host: <131.225.188.86:9618?addrs=[2620-6a-0-8421-f0-0-188-86]-9618+131.225.188.86-9618&alias=cmswn2042.fnal.gov&noUDP&sock=slot1_7_2367_83f9_11085>
...
040 (11630181.001.000) 2025-04-13 19:24:35 Started transferring input files
	Transferring to host: <131.225.189.211:9618?addrs=[2620-6a-0-8421-f0-0-189-211]-9618+131.225.189.211-9618&alias=cmswn2145.fnal.gov&noUDP&sock=slot1_9_2900_0fef_23527>
...
040 (11630181.000.000) 2025-04-13 19:24:45 Finished transferring input files
...
001 (11630181.000.000) 2025-04-13 19:24:46 Job executing on host: <131.225.188.86:9618?addrs=[2620-6a-0-8421-f0-0-188-86]-9618+131.225.188.86-9618&alias=cmswn2042.fnal.gov&noUDP&sock=startd_2052_146d>
	SlotName: slot1_7@cmswn2042.fnal.gov
	CondorScratchDir = "/storage/local/data1/condor/execute/dir_2279963"
	Cpus = 1
	Disk = 52430331
	GPUs = 0
	Memory = 8192
...
040 (11630181.001.000) 2025-04-13 19:24:50 Finished transferring input files
...
001 (11630181.001.000) 2025-04-13 19:24:51 Job executing on host: <131.225.189.211:9618?addrs=[2620-6a-0-8421-f0-0-189-211]-9618+131.225.189.211-9618&alias=cmswn2145.fnal.gov&noUDP&sock=startd_2576_800e>
	SlotName: slot1_9@cmswn2145.fnal.gov
	CondorScratchDir = "/storage/local/data1/condor/execute/dir_494803"
	Cpus = 1
	Disk = 52432100
	GPUs = 0
	Memory = 8192
...
006 (11630181.001.000) 2025-04-13 19:25:00 Image size of job updated: 106
	106  -  MemoryUsage of job (MB)
	109128  -  ResidentSetSize of job (KB)
...
006 (11630181.000.000) 2025-04-13 19:25:56 Image size of job updated: 632
	632  -  MemoryUsage of job (MB)
	647452  -  ResidentSetSize of job (KB)
...
006 (11630181.001.000) 2025-04-13 19:26:00 Image size of job updated: 519
	519  -  MemoryUsage of job (MB)
	532452  -  ResidentSetSize of job (KB)
...
006 (11630181.000.000) 2025-04-13 19:26:56 Image size of job updated: 734
	734  -  MemoryUsage of job (MB)
	751812  -  ResidentSetSize of job (KB)
...
006 (11630181.001.000) 2025-04-13 19:27:01 Image size of job updated: 527
	527  -  MemoryUsage of job (MB)
	540016  -  ResidentSetSize of job (KB)
...
006 (11630181.000.000) 2025-04-13 19:27:57 Image size of job updated: 983
	983  -  MemoryUsage of job (MB)
	1006900  -  ResidentSetSize of job (KB)
...
006 (11630181.001.000) 2025-04-13 19:28:02 Image size of job updated: 877
	877  -  MemoryUsage of job (MB)
	898228  -  ResidentSetSize of job (KB)
...
006 (11630181.000.000) 2025-04-13 19:28:57 Image size of job updated: 983
	983  -  MemoryUsage of job (MB)
	1007584  -  ResidentSetSize of job (KB)
...
006 (11630181.001.000) 2025-04-13 19:29:02 Image size of job updated: 888
	888  -  MemoryUsage of job (MB)
	909864  -  ResidentSetSize of job (KB)
...
006 (11630181.000.000) 2025-04-13 19:29:57 Image size of job updated: 1044
	1044  -  MemoryUsage of job (MB)
	1069316  -  ResidentSetSize of job (KB)
...
006 (11630181.001.000) 2025-04-13 19:30:03 Image size of job updated: 888
	888  -  MemoryUsage of job (MB)
	910020  -  ResidentSetSize of job (KB)
...
006 (11630181.000.000) 2025-04-13 19:30:58 Image size of job updated: 1057
	1057  -  MemoryUsage of job (MB)
	1082468  -  ResidentSetSize of job (KB)
...
006 (11630181.001.000) 2025-04-13 19:31:03 Image size of job updated: 889
	889  -  MemoryUsage of job (MB)
	910484  -  ResidentSetSize of job (KB)
...
006 (11630181.000.000) 2025-04-13 19:31:58 Image size of job updated: 1144
	1144  -  MemoryUsage of job (MB)
	1172408  -  ResidentSetSize of job (KB)
...
006 (11630181.000.000) 2025-04-13 19:32:59 Image size of job updated: 1154
	1154  -  MemoryUsage of job (MB)
	1182332  -  ResidentSetSize of job (KB)
...
006 (11630181.001.000) 2025-04-13 19:33:05 Image size of job updated: 889
	889  -  MemoryUsage of job (MB)
	910580  -  ResidentSetSize of job (KB)
...
006 (11630181.000.000) 2025-04-13 19:33:59 Image size of job updated: 1281
	1281  -  MemoryUsage of job (MB)
	1312156  -  ResidentSetSize of job (KB)
...
006 (11630181.000.000) 2025-04-13 19:34:59 Image size of job updated: 1281
	1281  -  MemoryUsage of job (MB)
	1312500  -  ResidentSetSize of job (KB)
...
006 (11630181.001.000) 2025-04-13 19:35:06 Image size of job updated: 932
	932  -  MemoryUsage of job (MB)
	955344  -  ResidentSetSize of job (KB)
...
006 (11630181.000.000) 2025-04-13 19:36:00 Image size of job updated: 1281
	1281  -  MemoryUsage of job (MB)
	1312592  -  ResidentSetSize of job (KB)
...
006 (11630181.001.000) 2025-04-13 19:36:06 Image size of job updated: 940
	940  -  MemoryUsage of job (MB)
	962780  -  ResidentSetSize of job (KB)
...
006 (11630181.000.000) 2025-04-13 19:37:00 Image size of job updated: 1311
	1311  -  MemoryUsage of job (MB)
	1342544  -  ResidentSetSize of job (KB)
...
006 (11630181.001.000) 2025-04-13 19:37:06 Image size of job updated: 946
	946  -  MemoryUsage of job (MB)
	969588  -  ResidentSetSize of job (KB)
...
006 (11630181.000.000) 2025-04-13 19:38:01 Image size of job updated: 1311
	1311  -  MemoryUsage of job (MB)
	1342620  -  ResidentSetSize of job (KB)
...
006 (11630181.001.000) 2025-04-13 19:38:07 Image size of job updated: 953
	953  -  MemoryUsage of job (MB)
	976668  -  ResidentSetSize of job (KB)
...
006 (11630181.000.000) 2025-04-13 19:39:01 Image size of job updated: 1340
	1340  -  MemoryUsage of job (MB)
	1372528  -  ResidentSetSize of job (KB)
...
006 (11630181.001.000) 2025-04-13 19:39:07 Image size of job updated: 960
	960  -  MemoryUsage of job (MB)
	983372  -  ResidentSetSize of job (KB)
...
006 (11630181.000.000) 2025-04-13 19:40:01 Image size of job updated: 1340
	1340  -  MemoryUsage of job (MB)
	1372652  -  ResidentSetSize of job (KB)
...
006 (11630181.001.000) 2025-04-13 19:40:07 Image size of job updated: 1058
	1058  -  MemoryUsage of job (MB)
	1084324  -  ResidentSetSize of job (KB)
...
006 (11630181.000.000) 2025-04-13 19:41:02 Image size of job updated: 1370
	1370  -  MemoryUsage of job (MB)
	1403652  -  ResidentSetSize of job (KB)
...
006 (11630181.001.000) 2025-04-13 19:41:08 Image size of job updated: 1067
	1067  -  MemoryUsage of job (MB)
	1093232  -  ResidentSetSize of job (KB)
...
006 (11630181.000.000) 2025-04-13 19:42:02 Image size of job updated: 1370
	1370  -  MemoryUsage of job (MB)
	1403712  -  ResidentSetSize of job (KB)
...
006 (11630181.001.000) 2025-04-13 19:42:08 Image size of job updated: 1077
	1077  -  MemoryUsage of job (MB)
	1103344  -  ResidentSetSize of job (KB)
...
006 (11630181.000.000) 2025-04-13 19:43:03 Image size of job updated: 1371
	1371  -  MemoryUsage of job (MB)
	1403964  -  ResidentSetSize of job (KB)
...
006 (11630181.001.000) 2025-04-13 19:43:08 Image size of job updated: 1080
	1080  -  MemoryUsage of job (MB)
	1106280  -  ResidentSetSize of job (KB)
...
006 (11630181.000.000) 2025-04-13 19:44:03 Image size of job updated: 1400
	1400  -  MemoryUsage of job (MB)
	1433628  -  ResidentSetSize of job (KB)
...
006 (11630181.001.000) 2025-04-13 19:44:09 Image size of job updated: 1216
	1216  -  MemoryUsage of job (MB)
	1245452  -  ResidentSetSize of job (KB)
...
006 (11630181.001.000) 2025-04-13 19:45:09 Image size of job updated: 1216
	1216  -  MemoryUsage of job (MB)
	1245560  -  ResidentSetSize of job (KB)
...
040 (11630181.000.000) 2025-04-13 20:05:46 Started transferring output files
...
040 (11630181.000.000) 2025-04-13 20:05:46 Finished transferring output files
...
005 (11630181.000.000) 2025-04-13 20:05:46 Job terminated.
	(1) Normal termination (return value 1)
		Usr 0 00:10:34, Sys 0 00:00:13  -  Run Remote Usage
		Usr 0 00:00:00, Sys 0 00:00:00  -  Run Local Usage
		Usr 0 00:10:34, Sys 0 00:00:13  -  Total Remote Usage
		Usr 0 00:00:00, Sys 0 00:00:00  -  Total Local Usage
	35881  -  Run Bytes Sent By Job
	854688192  -  Run Bytes Received By Job
	35881  -  Total Bytes Sent By Job
	854688192  -  Total Bytes Received By Job
	Partitionable Resources :    Usage  Request Allocated 
	   Cpus                 :        0        1         1 
	   Disk (KB)            :  1303092 52428800  52430331 
	   GPUs                 :                           0 
	   Memory (MB)          :     1400     8192      8192 
	   TimeExecute (s)      :     2459                    
	   TimeSlotBusy (s)     :     2471                    

	Job terminated of its own accord at 2025-04-14T01:05:45Z with exit-code 1.
...
006 (11630181.001.000) 2025-04-13 20:32:34 Image size of job updated: 1224
	1224  -  MemoryUsage of job (MB)
	1254032  -  ResidentSetSize of job (KB)
...
006 (11630181.001.000) 2025-04-13 20:36:37 Image size of job updated: 1224
	1224  -  MemoryUsage of job (MB)
	1254120  -  ResidentSetSize of job (KB)
...
006 (11630181.001.000) 2025-04-13 20:37:37 Image size of job updated: 1254
	1254  -  MemoryUsage of job (MB)
	1284264  -  ResidentSetSize of job (KB)
...
006 (11630181.001.000) 2025-04-13 20:38:38 Image size of job updated: 1261
	1261  -  MemoryUsage of job (MB)
	1292188  -  ResidentSetSize of job (KB)
...
006 (11630181.001.000) 2025-04-13 20:41:40 Image size of job updated: 1262
	1262  -  MemoryUsage of job (MB)
	1292436  -  ResidentSetSize of job (KB)
...
006 (11630181.001.000) 2025-04-13 20:42:40 Image size of job updated: 1291
	1291  -  MemoryUsage of job (MB)
	1322308  -  ResidentSetSize of job (KB)
...
006 (11630181.001.000) 2025-04-13 20:44:42 Image size of job updated: 1291
	1291  -  MemoryUsage of job (MB)
	1322492  -  ResidentSetSize of job (KB)
...
006 (11630181.001.000) 2025-04-13 20:46:43 Image size of job updated: 1291
	1291  -  MemoryUsage of job (MB)
	1322524  -  ResidentSetSize of job (KB)
...
006 (11630181.001.000) 2025-04-13 20:47:44 Image size of job updated: 1320
	1320  -  MemoryUsage of job (MB)
	1352524  -  ResidentSetSize of job (KB)
...
006 (11630181.001.000) 2025-04-13 20:48:44 Image size of job updated: 1320
	1320  -  MemoryUsage of job (MB)
	1352616  -  ResidentSetSize of job (KB)
...
006 (11630181.001.000) 2025-04-13 20:49:44 Image size of job updated: 1321
	1321  -  MemoryUsage of job (MB)
	1352720  -  ResidentSetSize of job (KB)
...
006 (11630181.001.000) 2025-04-13 20:51:46 Image size of job updated: 1321
	1321  -  MemoryUsage of job (MB)
	1353136  -  ResidentSetSize of job (KB)
...
006 (11630181.001.000) 2025-04-13 20:52:46 Image size of job updated: 1321
	1321  -  MemoryUsage of job (MB)
	1353140  -  ResidentSetSize of job (KB)
...
006 (11630181.001.000) 2025-04-13 20:53:47 Image size of job updated: 1350
	1350  -  MemoryUsage of job (MB)
	1382828  -  ResidentSetSize of job (KB)
...
006 (11630181.001.000) 2025-04-13 20:54:47 Image size of job updated: 1350
	1350  -  MemoryUsage of job (MB)
	1383104  -  ResidentSetSize of job (KB)
...
006 (11630181.001.000) 2025-04-13 20:55:48 Image size of job updated: 1350
	1350  -  MemoryUsage of job (MB)
	1383108  -  ResidentSetSize of job (KB)
...
006 (11630181.001.000) 2025-04-13 20:56:49 Image size of job updated: 1350
	1350  -  MemoryUsage of job (MB)
	1383112  -  ResidentSetSize of job (KB)
...
006 (11630181.001.000) 2025-04-13 21:00:51 Image size of job updated: 1350
	1350  -  MemoryUsage of job (MB)
	1383124  -  ResidentSetSize of job (KB)
...
006 (11630181.001.000) 2025-04-13 21:02:52 Image size of job updated: 1351
	1351  -  MemoryUsage of job (MB)
	1383428  -  ResidentSetSize of job (KB)
...
006 (11630181.001.000) 2025-04-13 21:03:53 Image size of job updated: 1351
	1351  -  MemoryUsage of job (MB)
	1383436  -  ResidentSetSize of job (KB)
...
006 (11630181.001.000) 2025-04-13 21:04:54 Image size of job updated: 1380
	1380  -  MemoryUsage of job (MB)
	1413324  -  ResidentSetSize of job (KB)
...
006 (11630181.001.000) 2025-04-13 21:05:54 Image size of job updated: 1380
	1380  -  MemoryUsage of job (MB)
	1413448  -  ResidentSetSize of job (KB)
...
006 (11630181.001.000) 2025-04-13 21:06:55 Image size of job updated: 1380
	1380  -  MemoryUsage of job (MB)
	1413480  -  ResidentSetSize of job (KB)
...
006 (11630181.001.000) 2025-04-13 21:09:57 Image size of job updated: 1380
	1380  -  MemoryUsage of job (MB)
	1413492  -  ResidentSetSize of job (KB)
...
006 (11630181.001.000) 2025-04-13 21:13:59 Image size of job updated: 1380
	1380  -  MemoryUsage of job (MB)
	1413892  -  ResidentSetSize of job (KB)
...
006 (11630181.001.000) 2025-04-13 21:16:00 Image size of job updated: 1409
	1409  -  MemoryUsage of job (MB)
	1443832  -  ResidentSetSize of job (KB)
...
006 (11630181.001.000) 2025-04-13 21:17:00 Image size of job updated: 1410
	1410  -  MemoryUsage of job (MB)
	1443856  -  ResidentSetSize of job (KB)
...
006 (11630181.001.000) 2025-04-13 21:22:03 Image size of job updated: 1410
	1410  -  MemoryUsage of job (MB)
	1443872  -  ResidentSetSize of job (KB)
...
006 (11630181.001.000) 2025-04-13 21:25:04 Image size of job updated: 1410
	1410  -  MemoryUsage of job (MB)
	1444076  -  ResidentSetSize of job (KB)
...
006 (11630181.001.000) 2025-04-13 21:26:05 Image size of job updated: 1435
	1435  -  MemoryUsage of job (MB)
	1470084  -  ResidentSetSize of job (KB)
...
006 (11630181.001.000) 2025-04-13 21:27:05 Image size of job updated: 1439
	1439  -  MemoryUsage of job (MB)
	1474104  -  ResidentSetSize of job (KB)
...
040 (11630181.001.000) 2025-04-13 21:31:31 Started transferring output files
...
040 (11630181.001.000) 2025-04-13 21:31:31 Finished transferring output files
...
004 (11630181.001.000) 2025-04-13 21:31:31 Job was evicted.
	(0) CPU times
		Usr 0 00:25:15, Sys 0 00:00:50  -  Run Remote Usage
		Usr 0 00:00:00, Sys 0 00:00:00  -  Run Local Usage
	29704  -  Run Bytes Sent By Job
	854688640  -  Run Bytes Received By Job
	Partitionable Resources :      Usage  Request Allocated 
	   Cpus                 :       0.00        1         1 
	   Disk (KB)            : 1394851    52428800  52432100 
	   GPUs                 :                             0 
	   Memory (MB)          :    1439        8192      8192 
	   TimeExecute (s)      :    7600                       
	   TimeSlotBusy (s)     :    7616                       
...
009 (11630181.001.000) 2025-04-13 21:31:31 Job was aborted.
	via condor_rm (by user msahoo)
...
