000 (11630429.000.000) 2025-04-13 21:33:29 Job submitted from host: <131.225.189.251:9618?addrs=131.225.189.251-9618+[2620-6a-0-8421--e8]-9618&alias=lpcschedd4.fnal.gov&noUDP&sock=schedd_1977_a2d3>
...
000 (11630429.001.000) 2025-04-13 21:33:29 Job submitted from host: <131.225.189.251:9618?addrs=131.225.189.251-9618+[2620-6a-0-8421--e8]-9618&alias=lpcschedd4.fnal.gov&noUDP&sock=schedd_1977_a2d3>
...
000 (11630429.002.000) 2025-04-13 21:33:29 Job submitted from host: <131.225.189.251:9618?addrs=131.225.189.251-9618+[2620-6a-0-8421--e8]-9618&alias=lpcschedd4.fnal.gov&noUDP&sock=schedd_1977_a2d3>
...
000 (11630429.003.000) 2025-04-13 21:33:29 Job submitted from host: <131.225.189.251:9618?addrs=131.225.189.251-9618+[2620-6a-0-8421--e8]-9618&alias=lpcschedd4.fnal.gov&noUDP&sock=schedd_1977_a2d3>
...
000 (11630429.004.000) 2025-04-13 21:33:29 Job submitted from host: <131.225.189.251:9618?addrs=131.225.189.251-9618+[2620-6a-0-8421--e8]-9618&alias=lpcschedd4.fnal.gov&noUDP&sock=schedd_1977_a2d3>
...
040 (11630429.000.000) 2025-04-13 21:33:46 Started transferring input files
	Transferring to host: <131.225.188.17:9618?addrs=[2620-6a-0-8421-f0-0-188-17]-9618+131.225.188.17-9618&alias=cmswn2020.fnal.gov&noUDP&sock=slot1_10_1876735_55b6_1655>
...
040 (11630429.002.000) 2025-04-13 21:33:46 Started transferring input files
	Transferring to host: <131.225.188.68:9618?addrs=[2620-6a-0-8421-f0-0-188-68]-9618+131.225.188.68-9618&alias=cmswn2037.fnal.gov&noUDP&sock=slot1_10_2328_0958_18681>
...
040 (11630429.003.000) 2025-04-13 21:33:47 Started transferring input files
	Transferring to host: <131.225.189.155:9618?addrs=[2620-6a-0-8421-f0-0-189-155]-9618+131.225.189.155-9618&alias=cmswn2112.fnal.gov&noUDP&sock=slot1_10_3151376_3a8f_13659>
...
040 (11630429.001.000) 2025-04-13 21:33:47 Started transferring input files
	Transferring to host: <131.225.189.211:9618?addrs=[2620-6a-0-8421-f0-0-189-211]-9618+131.225.189.211-9618&alias=cmswn2145.fnal.gov&noUDP&sock=slot1_9_2900_0fef_23544>
...
040 (11630429.004.000) 2025-04-13 21:33:47 Started transferring input files
	Transferring to host: <131.225.189.172:9618?addrs=[2620-6a-0-8421-f0-0-189-172]-9618+131.225.189.172-9618&alias=cmswn2122.fnal.gov&noUDP&sock=slot1_10_2929069_d61f_14098>
...
040 (11630429.003.000) 2025-04-13 21:33:54 Finished transferring input files
...
040 (11630429.004.000) 2025-04-13 21:33:55 Finished transferring input files
...
001 (11630429.003.000) 2025-04-13 21:33:55 Job executing on host: <131.225.189.155:9618?addrs=[2620-6a-0-8421-f0-0-189-155]-9618+131.225.189.155-9618&alias=cmswn2112.fnal.gov&noUDP&sock=startd_2322_46ff>
	SlotName: slot1_10@cmswn2112.fnal.gov
	CondorScratchDir = "/storage/local/data1/condor/execute/dir_2932891"
	Cpus = 1
	Disk = 52432099
	GPUs = 0
	Memory = 8192
...
001 (11630429.004.000) 2025-04-13 21:33:56 Job executing on host: <131.225.189.172:9618?addrs=[2620-6a-0-8421-f0-0-189-172]-9618+131.225.189.172-9618&alias=cmswn2122.fnal.gov&noUDP&sock=startd_2342_fee4>
	SlotName: slot1_10@cmswn2122.fnal.gov
	CondorScratchDir = "/storage/local/data1/condor/execute/dir_1796760"
	Cpus = 1
	Disk = 52432098
	GPUs = 0
	Memory = 8192
...
040 (11630429.000.000) 2025-04-13 21:33:56 Finished transferring input files
...
040 (11630429.002.000) 2025-04-13 21:33:57 Finished transferring input files
...
001 (11630429.000.000) 2025-04-13 21:33:57 Job executing on host: <131.225.188.17:9618?addrs=[2620-6a-0-8421-f0-0-188-17]-9618+131.225.188.17-9618&alias=cmswn2020.fnal.gov&noUDP&sock=startd_2098_a1c8>
	SlotName: slot1_10@cmswn2020.fnal.gov
	CondorScratchDir = "/storage/local/data1/condor/execute/dir_2499934"
	Cpus = 1
	Disk = 52430455
	GPUs = 0
	Memory = 8192
...
001 (11630429.002.000) 2025-04-13 21:33:58 Job executing on host: <131.225.188.68:9618?addrs=[2620-6a-0-8421-f0-0-188-68]-9618+131.225.188.68-9618&alias=cmswn2037.fnal.gov&noUDP&sock=startd_2267_8d4a>
	SlotName: slot1_10@cmswn2037.fnal.gov
	CondorScratchDir = "/storage/local/data1/condor/execute/dir_2134470"
	Cpus = 1
	Disk = 52430447
	GPUs = 0
	Memory = 8192
...
040 (11630429.001.000) 2025-04-13 21:33:59 Finished transferring input files
...
001 (11630429.001.000) 2025-04-13 21:34:00 Job executing on host: <131.225.189.211:9618?addrs=[2620-6a-0-8421-f0-0-189-211]-9618+131.225.189.211-9618&alias=cmswn2145.fnal.gov&noUDP&sock=startd_2576_800e>
	SlotName: slot1_9@cmswn2145.fnal.gov
	CondorScratchDir = "/storage/local/data1/condor/execute/dir_970530"
	Cpus = 1
	Disk = 52432100
	GPUs = 0
	Memory = 8192
...
006 (11630429.003.000) 2025-04-13 21:34:05 Image size of job updated: 51
	51  -  MemoryUsage of job (MB)
	53068  -  ResidentSetSize of job (KB)
...
006 (11630429.000.000) 2025-04-13 21:34:06 Image size of job updated: 59
	59  -  MemoryUsage of job (MB)
	61060  -  ResidentSetSize of job (KB)
...
006 (11630429.001.000) 2025-04-13 21:34:08 Image size of job updated: 44
	44  -  MemoryUsage of job (MB)
	45908  -  ResidentSetSize of job (KB)
...
040 (11630429.003.000) 2025-04-13 21:34:10 Started transferring output files
...
040 (11630429.003.000) 2025-04-13 21:34:10 Finished transferring output files
...
006 (11630429.004.000) 2025-04-13 21:34:10 Image size of job updated: 48
	48  -  MemoryUsage of job (MB)
	49680  -  ResidentSetSize of job (KB)
...
040 (11630429.004.000) 2025-04-13 21:34:10 Started transferring output files
...
040 (11630429.004.000) 2025-04-13 21:34:10 Finished transferring output files
...
004 (11630429.003.000) 2025-04-13 21:34:11 Job was evicted.
	(0) CPU times
		Usr 0 00:00:01, Sys 0 00:00:00  -  Run Remote Usage
		Usr 0 00:00:00, Sys 0 00:00:00  -  Run Local Usage
	976  -  Run Bytes Sent By Job
	621026048  -  Run Bytes Received By Job
	Partitionable Resources :     Usage  Request Allocated 
	   Cpus                 :      0.48        1         1 
	   Disk (KB)            : 607254    52428800  52432099 
	   GPUs                 :                            0 
	   Memory (MB)          :     51        8192      8192 
	   TimeExecute (s)      :     15                       
	   TimeSlotBusy (s)     :     24                       
...
009 (11630429.003.000) 2025-04-13 21:34:11 Job was aborted.
	via condor_rm (by user msahoo)
...
004 (11630429.004.000) 2025-04-13 21:34:11 Job was evicted.
	(0) CPU times
		Usr 0 00:00:01, Sys 0 00:00:00  -  Run Remote Usage
		Usr 0 00:00:00, Sys 0 00:00:00  -  Run Local Usage
	976  -  Run Bytes Sent By Job
	621026112  -  Run Bytes Received By Job
	Partitionable Resources :     Usage  Request Allocated 
	   Cpus                 :      0.73        1         1 
	   Disk (KB)            : 607254    52428800  52432098 
	   GPUs                 :                            0 
	   Memory (MB)          :     48        8192      8192 
	   TimeExecute (s)      :     14                       
	   TimeSlotBusy (s)     :     24                       
...
009 (11630429.004.000) 2025-04-13 21:34:11 Job was aborted.
	via condor_rm (by user msahoo)
...
006 (11630429.000.000) 2025-04-13 21:34:11 Image size of job updated: 82
	82  -  MemoryUsage of job (MB)
	84380  -  ResidentSetSize of job (KB)
...
040 (11630429.000.000) 2025-04-13 21:34:11 Started transferring output files
...
040 (11630429.000.000) 2025-04-13 21:34:11 Finished transferring output files
...
040 (11630429.002.000) 2025-04-13 21:34:11 Started transferring output files
...
040 (11630429.002.000) 2025-04-13 21:34:11 Finished transferring output files
...
040 (11630429.001.000) 2025-04-13 21:34:11 Started transferring output files
...
040 (11630429.001.000) 2025-04-13 21:34:11 Finished transferring output files
...
004 (11630429.000.000) 2025-04-13 21:34:11 Job was evicted.
	(0) CPU times
		Usr 0 00:00:03, Sys 0 00:00:01  -  Run Remote Usage
		Usr 0 00:00:00, Sys 0 00:00:00  -  Run Local Usage
	5225  -  Run Bytes Sent By Job
	621026560  -  Run Bytes Received By Job
	Partitionable Resources :     Usage  Request Allocated 
	   Cpus                 :      0.00        1         1 
	   Disk (KB)            : 607259    52428800  52430455 
	   GPUs                 :                            0 
	   Memory (MB)          :     82        8192      8192 
	   TimeExecute (s)      :     14                       
	   TimeSlotBusy (s)     :     25                       
...
009 (11630429.000.000) 2025-04-13 21:34:11 Job was aborted.
	via condor_rm (by user msahoo)
...
004 (11630429.002.000) 2025-04-13 21:34:12 Job was evicted.
	(0) CPU times
		Usr 0 00:00:00, Sys 0 00:00:00  -  Run Remote Usage
		Usr 0 00:00:00, Sys 0 00:00:00  -  Run Local Usage
	561  -  Run Bytes Sent By Job
	621026560  -  Run Bytes Received By Job
	Partitionable Resources :    Usage  Request Allocated 
	   Cpus                 :        0        1         1 
	   Disk (KB)            :   606489 52428800  52430447 
	   GPUs                 :                           0 
	   Memory (MB)          :              8192      8192 
	   TimeExecute (s)      :       13                    
	   TimeSlotBusy (s)     :       26                    
...
009 (11630429.002.000) 2025-04-13 21:34:12 Job was aborted.
	via condor_rm (by user msahoo)
...
004 (11630429.001.000) 2025-04-13 21:34:12 Job was evicted.
	(0) CPU times
		Usr 0 00:00:00, Sys 0 00:00:01  -  Run Remote Usage
		Usr 0 00:00:00, Sys 0 00:00:00  -  Run Local Usage
	975  -  Run Bytes Sent By Job
	621027456  -  Run Bytes Received By Job
	Partitionable Resources :     Usage  Request Allocated 
	   Cpus                 :      0.00        1         1 
	   Disk (KB)            : 607256    52428800  52432100 
	   GPUs                 :                            0 
	   Memory (MB)          :     44        8192      8192 
	   TimeExecute (s)      :     11                       
	   TimeSlotBusy (s)     :     25                       
...
009 (11630429.001.000) 2025-04-13 21:34:12 Job was aborted.
	via condor_rm (by user msahoo)
...
