000 (11643124.000.000) 2025-04-15 01:08:03 Job submitted from host: <131.225.189.251:9618?addrs=131.225.189.251-9618+[2620-6a-0-8421--e8]-9618&alias=lpcschedd4.fnal.gov&noUDP&sock=schedd_1977_a2d3>
...
000 (11643124.001.000) 2025-04-15 01:08:03 Job submitted from host: <131.225.189.251:9618?addrs=131.225.189.251-9618+[2620-6a-0-8421--e8]-9618&alias=lpcschedd4.fnal.gov&noUDP&sock=schedd_1977_a2d3>
...
040 (11643124.001.000) 2025-04-15 01:08:20 Started transferring input files
	Transferring to host: <131.225.189.62:9618?addrs=[2620-6a-0-8421-f0-0-189-62]-9618+131.225.189.62-9618&alias=cmswn2077.fnal.gov&noUDP&sock=slot1_2_116905_e5eb_16511>
...
040 (11643124.000.000) 2025-04-15 01:08:20 Started transferring input files
	Transferring to host: <131.225.188.34:9618?addrs=[2620-6a-0-8421-f0-0-188-34]-9618+131.225.188.34-9618&alias=cmswn2026.fnal.gov&noUDP&sock=slot1_8_1567561_4859_2832>
...
040 (11643124.001.000) 2025-04-15 01:08:29 Finished transferring input files
...
001 (11643124.001.000) 2025-04-15 01:08:30 Job executing on host: <131.225.189.62:9618?addrs=[2620-6a-0-8421-f0-0-189-62]-9618+131.225.189.62-9618&alias=cmswn2077.fnal.gov&noUDP&sock=startd_2259_1088>
	SlotName: slot1_2@cmswn2077.fnal.gov
	CondorScratchDir = "/storage/local/data1/condor/execute/dir_379060"
	Cpus = 1
	Disk = 52430324
	GPUs = 0
	Memory = 8192
...
040 (11643124.000.000) 2025-04-15 01:08:32 Finished transferring input files
...
001 (11643124.000.000) 2025-04-15 01:08:33 Job executing on host: <131.225.188.34:9618?addrs=[2620-6a-0-8421-f0-0-188-34]-9618+131.225.188.34-9618&alias=cmswn2026.fnal.gov&noUDP&sock=startd_2262_1f51>
	SlotName: slot1_8@cmswn2026.fnal.gov
	CondorScratchDir = "/storage/local/data1/condor/execute/dir_1928065"
	Cpus = 1
	Disk = 52430350
	GPUs = 0
	Memory = 8192
...
006 (11643124.001.000) 2025-04-15 01:08:39 Image size of job updated: 33
	33  -  MemoryUsage of job (MB)
	33952  -  ResidentSetSize of job (KB)
...
006 (11643124.000.000) 2025-04-15 01:08:41 Image size of job updated: 101
	101  -  MemoryUsage of job (MB)
	103536  -  ResidentSetSize of job (KB)
...
006 (11643124.001.000) 2025-04-15 01:09:39 Image size of job updated: 836
	836  -  MemoryUsage of job (MB)
	856880  -  ResidentSetSize of job (KB)
...
006 (11643124.000.000) 2025-04-15 01:09:41 Image size of job updated: 1000
	1000  -  MemoryUsage of job (MB)
	1024504  -  ResidentSetSize of job (KB)
...
006 (11643124.001.000) 2025-04-15 01:10:39 Image size of job updated: 945
	945  -  MemoryUsage of job (MB)
	968380  -  ResidentSetSize of job (KB)
...
006 (11643124.000.000) 2025-04-15 01:10:42 Image size of job updated: 1002
	1002  -  MemoryUsage of job (MB)
	1026068  -  ResidentSetSize of job (KB)
...
006 (11643124.001.000) 2025-04-15 01:11:40 Image size of job updated: 946
	946  -  MemoryUsage of job (MB)
	969408  -  ResidentSetSize of job (KB)
...
006 (11643124.000.000) 2025-04-15 01:11:43 Image size of job updated: 1002
	1002  -  MemoryUsage of job (MB)
	1026536  -  ResidentSetSize of job (KB)
...
040 (11643124.001.000) 2025-04-15 01:11:51 Started transferring output files
...
040 (11643124.001.000) 2025-04-15 01:11:51 Finished transferring output files
...
005 (11643124.001.000) 2025-04-15 01:11:52 Job terminated.
	(1) Normal termination (return value 1)
		Usr 0 00:02:00, Sys 0 00:00:04  -  Run Remote Usage
		Usr 0 00:00:00, Sys 0 00:00:00  -  Run Local Usage
		Usr 0 00:02:00, Sys 0 00:00:04  -  Total Remote Usage
		Usr 0 00:00:00, Sys 0 00:00:00  -  Total Local Usage
	18601  -  Run Bytes Sent By Job
	647730368  -  Run Bytes Received By Job
	18601  -  Total Bytes Sent By Job
	647730368  -  Total Bytes Received By Job
	Partitionable Resources :     Usage  Request Allocated 
	   Cpus                 :      0.15        1         1 
	   Disk (KB)            : 633438    52428800  52430324 
	   GPUs                 :                            0 
	   Memory (MB)          :    946        8192      8192 
	   TimeExecute (s)      :    201                       
	   TimeSlotBusy (s)     :    213                       

	Job terminated of its own accord at 2025-04-15T06:11:51Z with exit-code 1.
...
006 (11643124.000.000) 2025-04-15 01:12:43 Image size of job updated: 1028
	1028  -  MemoryUsage of job (MB)
	1052688  -  ResidentSetSize of job (KB)
...
006 (11643124.000.000) 2025-04-15 01:13:44 Image size of job updated: 1061
	1061  -  MemoryUsage of job (MB)
	1086756  -  ResidentSetSize of job (KB)
...
006 (11643124.000.000) 2025-04-15 01:14:44 Image size of job updated: 1064
	1064  -  MemoryUsage of job (MB)
	1090472  -  ResidentSetSize of job (KB)
...
006 (11643124.000.000) 2025-04-15 01:15:45 Image size of job updated: 1068
	1068  -  MemoryUsage of job (MB)
	1094348  -  ResidentSetSize of job (KB)
...
006 (11643124.000.000) 2025-04-15 01:16:46 Image size of job updated: 1072
	1072  -  MemoryUsage of job (MB)
	1098640  -  ResidentSetSize of job (KB)
...
006 (11643124.000.000) 2025-04-15 01:17:46 Image size of job updated: 1076
	1076  -  MemoryUsage of job (MB)
	1102248  -  ResidentSetSize of job (KB)
...
006 (11643124.000.000) 2025-04-15 01:18:47 Image size of job updated: 1080
	1080  -  MemoryUsage of job (MB)
	1106416  -  ResidentSetSize of job (KB)
...
006 (11643124.000.000) 2025-04-15 01:19:48 Image size of job updated: 1083
	1083  -  MemoryUsage of job (MB)
	1110008  -  ResidentSetSize of job (KB)
...
040 (11643124.000.000) 2025-04-15 01:19:52 Started transferring output files
...
040 (11643124.000.000) 2025-04-15 01:19:52 Finished transferring output files
...
004 (11643124.000.000) 2025-04-15 01:19:53 Job was evicted.
	(0) CPU times
		Usr 0 00:02:47, Sys 0 00:00:05  -  Run Remote Usage
		Usr 0 00:00:00, Sys 0 00:00:00  -  Run Local Usage
	24610  -  Run Bytes Sent By Job
	647730816  -  Run Bytes Received By Job
	Partitionable Resources :     Usage  Request Allocated 
	   Cpus                 :      0.00        1         1 
	   Disk (KB)            : 658868    52428800  52430350 
	   GPUs                 :                            0 
	   Memory (MB)          :   1083        8192      8192 
	   TimeExecute (s)      :    679                       
	   TimeSlotBusy (s)     :    694                       
...
009 (11643124.000.000) 2025-04-15 01:19:53 Job was aborted.
	via condor_rm (by user msahoo)
...
