000 (11643125.000.000) 2025-04-15 01:20:09 Job submitted from host: <131.225.189.251:9618?addrs=131.225.189.251-9618+[2620-6a-0-8421--e8]-9618&alias=lpcschedd4.fnal.gov&noUDP&sock=schedd_1977_a2d3>
...
000 (11643125.001.000) 2025-04-15 01:20:09 Job submitted from host: <131.225.189.251:9618?addrs=131.225.189.251-9618+[2620-6a-0-8421--e8]-9618&alias=lpcschedd4.fnal.gov&noUDP&sock=schedd_1977_a2d3>
...
040 (11643125.000.000) 2025-04-15 01:20:32 Started transferring input files
	Transferring to host: <131.225.188.34:9618?addrs=[2620-6a-0-8421-f0-0-188-34]-9618+131.225.188.34-9618&alias=cmswn2026.fnal.gov&noUDP&sock=slot1_8_1567561_4859_2835>
...
040 (11643125.001.000) 2025-04-15 01:20:34 Started transferring input files
	Transferring to host: <131.225.189.62:9618?addrs=[2620-6a-0-8421-f0-0-189-62]-9618+131.225.189.62-9618&alias=cmswn2077.fnal.gov&noUDP&sock=slot1_2_116905_e5eb_16515>
...
040 (11643125.000.000) 2025-04-15 01:20:41 Finished transferring input files
...
001 (11643125.000.000) 2025-04-15 01:20:42 Job executing on host: <131.225.188.34:9618?addrs=[2620-6a-0-8421-f0-0-188-34]-9618+131.225.188.34-9618&alias=cmswn2026.fnal.gov&noUDP&sock=startd_2262_1f51>
	SlotName: slot1_8@cmswn2026.fnal.gov
	CondorScratchDir = "/storage/local/data1/condor/execute/dir_1978077"
	Cpus = 1
	Disk = 52430350
	GPUs = 0
	Memory = 8192
...
040 (11643125.001.000) 2025-04-15 01:20:45 Finished transferring input files
...
001 (11643125.001.000) 2025-04-15 01:20:46 Job executing on host: <131.225.189.62:9618?addrs=[2620-6a-0-8421-f0-0-189-62]-9618+131.225.189.62-9618&alias=cmswn2077.fnal.gov&noUDP&sock=startd_2259_1088>
	SlotName: slot1_2@cmswn2077.fnal.gov
	CondorScratchDir = "/storage/local/data1/condor/execute/dir_436540"
	Cpus = 1
	Disk = 52430324
	GPUs = 0
	Memory = 8192
...
006 (11643125.000.000) 2025-04-15 01:20:50 Image size of job updated: 38
	38  -  MemoryUsage of job (MB)
	39220  -  ResidentSetSize of job (KB)
...
006 (11643125.001.000) 2025-04-15 01:20:54 Image size of job updated: 59
	59  -  MemoryUsage of job (MB)
	60960  -  ResidentSetSize of job (KB)
...
006 (11643125.000.000) 2025-04-15 01:21:51 Image size of job updated: 541
	541  -  MemoryUsage of job (MB)
	554324  -  ResidentSetSize of job (KB)
...
006 (11643125.001.000) 2025-04-15 01:21:54 Image size of job updated: 465
	465  -  MemoryUsage of job (MB)
	476464  -  ResidentSetSize of job (KB)
...
006 (11643125.000.000) 2025-04-15 01:22:51 Image size of job updated: 542
	542  -  MemoryUsage of job (MB)
	555428  -  ResidentSetSize of job (KB)
...
006 (11643125.001.000) 2025-04-15 01:22:55 Image size of job updated: 614
	614  -  MemoryUsage of job (MB)
	628872  -  ResidentSetSize of job (KB)
...
006 (11643125.000.000) 2025-04-15 01:23:51 Image size of job updated: 596
	596  -  MemoryUsage of job (MB)
	611052  -  ResidentSetSize of job (KB)
...
006 (11643125.001.000) 2025-04-15 01:23:56 Image size of job updated: 633
	633  -  MemoryUsage of job (MB)
	648604  -  ResidentSetSize of job (KB)
...
006 (11643125.000.000) 2025-04-15 01:24:52 Image size of job updated: 600
	600  -  MemoryUsage of job (MB)
	614428  -  ResidentSetSize of job (KB)
...
006 (11643125.001.000) 2025-04-15 01:24:56 Image size of job updated: 726
	726  -  MemoryUsage of job (MB)
	744372  -  ResidentSetSize of job (KB)
...
006 (11643125.000.000) 2025-04-15 01:25:52 Image size of job updated: 603
	603  -  MemoryUsage of job (MB)
	617944  -  ResidentSetSize of job (KB)
...
006 (11643125.001.000) 2025-04-15 01:25:57 Image size of job updated: 744
	744  -  MemoryUsage of job (MB)
	762300  -  ResidentSetSize of job (KB)
...
006 (11643125.000.000) 2025-04-15 01:26:53 Image size of job updated: 606
	606  -  MemoryUsage of job (MB)
	620664  -  ResidentSetSize of job (KB)
...
006 (11643125.001.000) 2025-04-15 01:26:57 Image size of job updated: 868
	868  -  MemoryUsage of job (MB)
	889112  -  ResidentSetSize of job (KB)
...
006 (11643125.000.000) 2025-04-15 01:27:54 Image size of job updated: 610
	610  -  MemoryUsage of job (MB)
	624748  -  ResidentSetSize of job (KB)
...
006 (11643125.001.000) 2025-04-15 01:27:57 Image size of job updated: 868
	868  -  MemoryUsage of job (MB)
	889184  -  ResidentSetSize of job (KB)
...
006 (11643125.000.000) 2025-04-15 01:28:54 Image size of job updated: 613
	613  -  MemoryUsage of job (MB)
	628384  -  ResidentSetSize of job (KB)
...
006 (11643125.001.000) 2025-04-15 01:28:58 Image size of job updated: 871
	871  -  MemoryUsage of job (MB)
	892432  -  ResidentSetSize of job (KB)
...
006 (11643125.000.000) 2025-04-15 01:29:55 Image size of job updated: 617
	617  -  MemoryUsage of job (MB)
	632048  -  ResidentSetSize of job (KB)
...
006 (11643125.001.000) 2025-04-15 01:29:58 Image size of job updated: 900
	900  -  MemoryUsage of job (MB)
	922280  -  ResidentSetSize of job (KB)
...
006 (11643125.000.000) 2025-04-15 01:30:55 Image size of job updated: 620
	620  -  MemoryUsage of job (MB)
	635816  -  ResidentSetSize of job (KB)
...
006 (11643125.001.000) 2025-04-15 01:30:59 Image size of job updated: 900
	900  -  MemoryUsage of job (MB)
	922348  -  ResidentSetSize of job (KB)
...
006 (11643125.000.000) 2025-04-15 01:31:55 Image size of job updated: 724
	724  -  MemoryUsage of job (MB)
	741612  -  ResidentSetSize of job (KB)
...
006 (11643125.001.000) 2025-04-15 01:32:00 Image size of job updated: 930
	930  -  MemoryUsage of job (MB)
	952340  -  ResidentSetSize of job (KB)
...
040 (11643125.001.000) 2025-04-15 01:32:33 Finished transferring output files
...
005 (11643125.001.000) 2025-04-15 01:32:33 Job terminated.
	(1) Normal termination (return value 0)
		Usr 0 00:04:24, Sys 0 00:00:07  -  Run Remote Usage
		Usr 0 00:00:00, Sys 0 00:00:00  -  Run Local Usage
		Usr 0 00:04:24, Sys 0 00:00:07  -  Total Remote Usage
		Usr 0 00:00:00, Sys 0 00:00:00  -  Total Local Usage
	0  -  Run Bytes Sent By Job
	647755648  -  Run Bytes Received By Job
	0  -  Total Bytes Sent By Job
	647755648  -  Total Bytes Received By Job
	Partitionable Resources :     Usage  Request Allocated 
	   Cpus                 :      0.00        1         1 
	   Disk (KB)            : 751037    52428800  52430324 
	   GPUs                 :                            0 
	   Memory (MB)          :    930        8192      8192 
	   TimeExecute (s)      :    707                       
	   TimeSlotBusy (s)     :    720                       

	Job terminated of its own accord at 2025-04-15T06:32:33Z with exit-code 0.
...
006 (11643125.000.000) 2025-04-15 01:32:56 Image size of job updated: 724
	724  -  MemoryUsage of job (MB)
	741656  -  ResidentSetSize of job (KB)
...
006 (11643125.000.000) 2025-04-15 01:33:56 Image size of job updated: 727
	727  -  MemoryUsage of job (MB)
	745220  -  ResidentSetSize of job (KB)
...
006 (11643125.000.000) 2025-04-15 01:34:57 Image size of job updated: 733
	733  -  MemoryUsage of job (MB)
	750704  -  ResidentSetSize of job (KB)
...
006 (11643125.000.000) 2025-04-15 01:35:58 Image size of job updated: 733
	733  -  MemoryUsage of job (MB)
	750868  -  ResidentSetSize of job (KB)
...
006 (11643125.000.000) 2025-04-15 01:36:58 Image size of job updated: 734
	734  -  MemoryUsage of job (MB)
	752464  -  ResidentSetSize of job (KB)
...
006 (11643125.000.000) 2025-04-15 01:37:59 Image size of job updated: 743
	743  -  MemoryUsage of job (MB)
	761572  -  ResidentSetSize of job (KB)
...
006 (11643125.000.000) 2025-04-15 01:38:59 Image size of job updated: 745
	745  -  MemoryUsage of job (MB)
	763508  -  ResidentSetSize of job (KB)
...
006 (11643125.000.000) 2025-04-15 01:40:00 Image size of job updated: 876
	876  -  MemoryUsage of job (MB)
	897076  -  ResidentSetSize of job (KB)
...
006 (11643125.000.000) 2025-04-15 01:41:01 Image size of job updated: 876
	876  -  MemoryUsage of job (MB)
	897124  -  ResidentSetSize of job (KB)
...
006 (11643125.000.000) 2025-04-15 01:47:03 Image size of job updated: 876
	876  -  MemoryUsage of job (MB)
	897324  -  ResidentSetSize of job (KB)
...
006 (11643125.000.000) 2025-04-15 01:48:04 Image size of job updated: 876
	876  -  MemoryUsage of job (MB)
	897460  -  ResidentSetSize of job (KB)
...
006 (11643125.000.000) 2025-04-15 01:49:04 Image size of job updated: 908
	908  -  MemoryUsage of job (MB)
	930544  -  ResidentSetSize of job (KB)
...
006 (11643125.000.000) 2025-04-15 01:50:05 Image size of job updated: 908
	908  -  MemoryUsage of job (MB)
	930652  -  ResidentSetSize of job (KB)
...
006 (11643125.000.000) 2025-04-15 01:51:05 Image size of job updated: 908
	908  -  MemoryUsage of job (MB)
	930700  -  ResidentSetSize of job (KB)
...
006 (11643125.000.000) 2025-04-15 01:52:05 Image size of job updated: 908
	908  -  MemoryUsage of job (MB)
	930744  -  ResidentSetSize of job (KB)
...
006 (11643125.000.000) 2025-04-15 01:55:07 Image size of job updated: 909
	909  -  MemoryUsage of job (MB)
	930980  -  ResidentSetSize of job (KB)
...
006 (11643125.000.000) 2025-04-15 01:56:07 Image size of job updated: 954
	954  -  MemoryUsage of job (MB)
	977044  -  ResidentSetSize of job (KB)
...
006 (11643125.000.000) 2025-04-15 01:57:08 Image size of job updated: 983
	983  -  MemoryUsage of job (MB)
	1007204  -  ResidentSetSize of job (KB)
...
006 (11643125.000.000) 2025-04-15 01:58:08 Image size of job updated: 1013
	1013  -  MemoryUsage of job (MB)
	1037396  -  ResidentSetSize of job (KB)
...
006 (11643125.000.000) 2025-04-15 01:59:09 Image size of job updated: 1071
	1071  -  MemoryUsage of job (MB)
	1096864  -  ResidentSetSize of job (KB)
...
006 (11643125.000.000) 2025-04-15 02:00:09 Image size of job updated: 1100
	1100  -  MemoryUsage of job (MB)
	1126980  -  ResidentSetSize of job (KB)
...
006 (11643125.000.000) 2025-04-15 02:01:01 Image size of job updated: 1127
	1127  -  MemoryUsage of job (MB)
	1154620  -  ResidentSetSize of job (KB)
...
040 (11643125.000.000) 2025-04-15 02:01:02 Finished transferring output files
...
005 (11643125.000.000) 2025-04-15 02:01:02 Job terminated.
	(1) Normal termination (return value 0)
		Usr 0 00:09:37, Sys 0 00:00:18  -  Run Remote Usage
		Usr 0 00:00:00, Sys 0 00:00:00  -  Run Local Usage
		Usr 0 00:09:37, Sys 0 00:00:18  -  Total Remote Usage
		Usr 0 00:00:00, Sys 0 00:00:00  -  Total Local Usage
	0  -  Run Bytes Sent By Job
	647755200  -  Run Bytes Received By Job
	0  -  Total Bytes Sent By Job
	647755200  -  Total Bytes Received By Job
	Partitionable Resources :     Usage  Request Allocated 
	   Cpus                 :      0.00        1         1 
	   Disk (KB)            : 897186    52428800  52430350 
	   GPUs                 :                            0 
	   Memory (MB)          :   1127        8192      8192 
	   TimeExecute (s)      :   2419                       
	   TimeSlotBusy (s)     :   2430                       

	Job terminated of its own accord at 2025-04-15T07:01:01Z with exit-code 0.
...
