000 (11727229.000.000) 2025-04-22 08:41:47 Job submitted from host: <131.225.189.251:9618?addrs=131.225.189.251-9618+[2620-6a-0-8421--e8]-9618&alias=lpcschedd4.fnal.gov&noUDP&sock=schedd_1901_81a0>
...
040 (11727229.000.000) 2025-04-22 08:42:02 Started transferring input files
	Transferring to host: <131.225.189.51:9618?addrs=[2620-6a-0-8421-f0-0-189-51]-9618+131.225.189.51-9618&alias=cmswn2097.fnal.gov&noUDP&sock=slot1_2_2610_bb23_34504>
...
040 (11727229.000.000) 2025-04-22 08:42:12 Finished transferring input files
...
001 (11727229.000.000) 2025-04-22 08:42:13 Job executing on host: <131.225.189.51:9618?addrs=[2620-6a-0-8421-f0-0-189-51]-9618+131.225.189.51-9618&alias=cmswn2097.fnal.gov&noUDP&sock=startd_2284_3666>
	SlotName: slot1_2@cmswn2097.fnal.gov
	CondorScratchDir = "/storage/local/data1/condor/execute/dir_3948087"
	Cpus = 1
	Disk = 52430330
	GPUs = 0
	Memory = 8192
...
006 (11727229.000.000) 2025-04-22 08:43:21 Image size of job updated: 708
	708  -  MemoryUsage of job (MB)
	725576  -  ResidentSetSize of job (KB)
...
006 (11727229.000.000) 2025-04-22 08:44:22 Image size of job updated: 1002
	1002  -  MemoryUsage of job (MB)
	1026208  -  ResidentSetSize of job (KB)
...
006 (11727229.000.000) 2025-04-22 08:45:22 Image size of job updated: 1002
	1002  -  MemoryUsage of job (MB)
	1026408  -  ResidentSetSize of job (KB)
...
006 (11727229.000.000) 2025-04-22 08:46:23 Image size of job updated: 1002
	1002  -  MemoryUsage of job (MB)
	1026828  -  ResidentSetSize of job (KB)
...
006 (11727229.000.000) 2025-04-22 08:49:24 Image size of job updated: 1052
	1052  -  MemoryUsage of job (MB)
	1077684  -  ResidentSetSize of job (KB)
...
006 (11727229.000.000) 2025-04-22 08:50:25 Image size of job updated: 1053
	1053  -  MemoryUsage of job (MB)
	1078976  -  ResidentSetSize of job (KB)
...
006 (11727229.000.000) 2025-04-22 08:51:26 Image size of job updated: 1055
	1055  -  MemoryUsage of job (MB)
	1080864  -  ResidentSetSize of job (KB)
...
006 (11727229.000.000) 2025-04-22 08:52:26 Image size of job updated: 1057
	1057  -  MemoryUsage of job (MB)
	1082768  -  ResidentSetSize of job (KB)
...
006 (11727229.000.000) 2025-04-22 08:53:27 Image size of job updated: 1059
	1059  -  MemoryUsage of job (MB)
	1084472  -  ResidentSetSize of job (KB)
...
006 (11727229.000.000) 2025-04-22 08:54:28 Image size of job updated: 1060
	1060  -  MemoryUsage of job (MB)
	1086224  -  ResidentSetSize of job (KB)
...
006 (11727229.000.000) 2025-04-22 08:55:28 Image size of job updated: 1062
	1062  -  MemoryUsage of job (MB)
	1088100  -  ResidentSetSize of job (KB)
...
006 (11727229.000.000) 2025-04-22 08:56:28 Image size of job updated: 1063
	1063  -  MemoryUsage of job (MB)
	1089232  -  ResidentSetSize of job (KB)
...
006 (11727229.000.000) 2025-04-22 08:57:29 Image size of job updated: 1065
	1065  -  MemoryUsage of job (MB)
	1091024  -  ResidentSetSize of job (KB)
...
006 (11727229.000.000) 2025-04-22 08:58:29 Image size of job updated: 1067
	1067  -  MemoryUsage of job (MB)
	1092764  -  ResidentSetSize of job (KB)
...
006 (11727229.000.000) 2025-04-22 08:59:30 Image size of job updated: 1068
	1068  -  MemoryUsage of job (MB)
	1094332  -  ResidentSetSize of job (KB)
...
006 (11727229.000.000) 2025-04-22 09:00:31 Image size of job updated: 1070
	1070  -  MemoryUsage of job (MB)
	1096160  -  ResidentSetSize of job (KB)
...
006 (11727229.000.000) 2025-04-22 09:01:31 Image size of job updated: 1071
	1071  -  MemoryUsage of job (MB)
	1097712  -  ResidentSetSize of job (KB)
...
006 (11727229.000.000) 2025-04-22 09:02:32 Image size of job updated: 1073
	1073  -  MemoryUsage of job (MB)
	1099236  -  ResidentSetSize of job (KB)
...
006 (11727229.000.000) 2025-04-22 09:03:32 Image size of job updated: 1075
	1075  -  MemoryUsage of job (MB)
	1100924  -  ResidentSetSize of job (KB)
...
006 (11727229.000.000) 2025-04-22 09:04:32 Image size of job updated: 1076
	1076  -  MemoryUsage of job (MB)
	1102660  -  ResidentSetSize of job (KB)
...
006 (11727229.000.000) 2025-04-22 09:05:33 Image size of job updated: 1078
	1078  -  MemoryUsage of job (MB)
	1104392  -  ResidentSetSize of job (KB)
...
006 (11727229.000.000) 2025-04-22 09:06:34 Image size of job updated: 1080
	1080  -  MemoryUsage of job (MB)
	1106340  -  ResidentSetSize of job (KB)
...
006 (11727229.000.000) 2025-04-22 09:07:34 Image size of job updated: 1081
	1081  -  MemoryUsage of job (MB)
	1107636  -  ResidentSetSize of job (KB)
...
006 (11727229.000.000) 2025-04-22 09:08:35 Image size of job updated: 1222
	1222  -  MemoryUsage of job (MB)
	1252156  -  ResidentSetSize of job (KB)
...
006 (11727229.000.000) 2025-04-22 09:09:35 Image size of job updated: 1223
	1223  -  MemoryUsage of job (MB)
	1252400  -  ResidentSetSize of job (KB)
...
006 (11727229.000.000) 2025-04-22 09:10:36 Image size of job updated: 1223
	1223  -  MemoryUsage of job (MB)
	1252408  -  ResidentSetSize of job (KB)
...
006 (11727229.000.000) 2025-04-22 09:13:37 Image size of job updated: 1230
	1230  -  MemoryUsage of job (MB)
	1259876  -  ResidentSetSize of job (KB)
...
006 (11727229.000.000) 2025-04-22 09:14:38 Image size of job updated: 1231
	1231  -  MemoryUsage of job (MB)
	1261044  -  ResidentSetSize of job (KB)
...
006 (11727229.000.000) 2025-04-22 09:15:38 Image size of job updated: 1254
	1254  -  MemoryUsage of job (MB)
	1285068  -  ResidentSetSize of job (KB)
...
006 (11727229.000.000) 2025-04-22 09:16:39 Image size of job updated: 1257
	1257  -  MemoryUsage of job (MB)
	1287208  -  ResidentSetSize of job (KB)
...
006 (11727229.000.000) 2025-04-22 09:17:39 Image size of job updated: 1428
	1428  -  MemoryUsage of job (MB)
	1462396  -  ResidentSetSize of job (KB)
...
006 (11727229.000.000) 2025-04-22 09:19:40 Image size of job updated: 1428
	1428  -  MemoryUsage of job (MB)
	1462432  -  ResidentSetSize of job (KB)
...
006 (11727229.000.000) 2025-04-22 09:21:41 Image size of job updated: 1457
	1457  -  MemoryUsage of job (MB)
	1492860  -  ResidentSetSize of job (KB)
...
006 (11727229.000.000) 2025-04-22 09:24:43 Image size of job updated: 1509
	1509  -  MemoryUsage of job (MB)
	1545524  -  ResidentSetSize of job (KB)
...
006 (11727229.000.000) 2025-04-22 09:25:43 Image size of job updated: 1509
	1509  -  MemoryUsage of job (MB)
	1545540  -  ResidentSetSize of job (KB)
...
006 (11727229.000.000) 2025-04-22 09:27:44 Image size of job updated: 1509
	1509  -  MemoryUsage of job (MB)
	1545544  -  ResidentSetSize of job (KB)
...
006 (11727229.000.000) 2025-04-22 09:28:44 Image size of job updated: 1538
	1538  -  MemoryUsage of job (MB)
	1575920  -  ResidentSetSize of job (KB)
...
006 (11727229.000.000) 2025-04-22 09:31:45 Image size of job updated: 1539
	1539  -  MemoryUsage of job (MB)
	1575984  -  ResidentSetSize of job (KB)
...
006 (11727229.000.000) 2025-04-22 09:32:46 Image size of job updated: 1568
	1568  -  MemoryUsage of job (MB)
	1606132  -  ResidentSetSize of job (KB)
...
006 (11727229.000.000) 2025-04-22 09:34:47 Image size of job updated: 1568
	1568  -  MemoryUsage of job (MB)
	1606236  -  ResidentSetSize of job (KB)
...
006 (11727229.000.000) 2025-04-22 09:35:47 Image size of job updated: 1597
	1597  -  MemoryUsage of job (MB)
	1636240  -  ResidentSetSize of job (KB)
...
006 (11727229.000.000) 2025-04-22 09:36:48 Image size of job updated: 1598
	1598  -  MemoryUsage of job (MB)
	1636424  -  ResidentSetSize of job (KB)
...
006 (11727229.000.000) 2025-04-22 09:37:48 Image size of job updated: 1598
	1598  -  MemoryUsage of job (MB)
	1636528  -  ResidentSetSize of job (KB)
...
006 (11727229.000.000) 2025-04-22 09:38:49 Image size of job updated: 1598
	1598  -  MemoryUsage of job (MB)
	1636552  -  ResidentSetSize of job (KB)
...
006 (11727229.000.000) 2025-04-22 09:39:49 Image size of job updated: 1627
	1627  -  MemoryUsage of job (MB)
	1666748  -  ResidentSetSize of job (KB)
...
006 (11727229.000.000) 2025-04-22 09:40:49 Image size of job updated: 1627
	1627  -  MemoryUsage of job (MB)
	1666844  -  ResidentSetSize of job (KB)
...
006 (11727229.000.000) 2025-04-22 09:41:49 Image size of job updated: 1627
	1627  -  MemoryUsage of job (MB)
	1666864  -  ResidentSetSize of job (KB)
...
006 (11727229.000.000) 2025-04-22 09:44:50 Image size of job updated: 1657
	1657  -  MemoryUsage of job (MB)
	1696976  -  ResidentSetSize of job (KB)
...
006 (11727229.000.000) 2025-04-22 09:45:51 Image size of job updated: 1657
	1657  -  MemoryUsage of job (MB)
	1697108  -  ResidentSetSize of job (KB)
...
006 (11727229.000.000) 2025-04-22 09:46:52 Image size of job updated: 1657
	1657  -  MemoryUsage of job (MB)
	1697212  -  ResidentSetSize of job (KB)
...
006 (11727229.000.000) 2025-04-22 09:49:53 Image size of job updated: 1657
	1657  -  MemoryUsage of job (MB)
	1697428  -  ResidentSetSize of job (KB)
...
006 (11727229.000.000) 2025-04-22 10:41:19 Image size of job updated: 1686
	1686  -  MemoryUsage of job (MB)
	1726656  -  ResidentSetSize of job (KB)
...
006 (11727229.000.000) 2025-04-22 10:42:19 Image size of job updated: 1686
	1686  -  MemoryUsage of job (MB)
	1726760  -  ResidentSetSize of job (KB)
...
006 (11727229.000.000) 2025-04-22 10:44:20 Image size of job updated: 1715
	1715  -  MemoryUsage of job (MB)
	1756932  -  ResidentSetSize of job (KB)
...
006 (11727229.000.000) 2025-04-22 10:45:20 Image size of job updated: 1715
	1715  -  MemoryUsage of job (MB)
	1757104  -  ResidentSetSize of job (KB)
...
006 (11727229.000.000) 2025-04-22 10:48:21 Image size of job updated: 1745
	1745  -  MemoryUsage of job (MB)
	1787236  -  ResidentSetSize of job (KB)
...
006 (11727229.000.000) 2025-04-22 10:49:21 Image size of job updated: 1745
	1745  -  MemoryUsage of job (MB)
	1787324  -  ResidentSetSize of job (KB)
...
040 (11727229.000.000) 2025-04-22 10:49:46 Finished transferring output files
...
005 (11727229.000.000) 2025-04-22 10:49:46 Job terminated.
	(1) Normal termination (return value 0)
		Usr 0 00:33:21, Sys 0 00:01:19  -  Run Remote Usage
		Usr 0 00:00:00, Sys 0 00:00:00  -  Run Local Usage
		Usr 0 00:33:21, Sys 0 00:01:19  -  Total Remote Usage
		Usr 0 00:00:00, Sys 0 00:00:00  -  Total Local Usage
	0  -  Run Bytes Sent By Job
	767696704  -  Run Bytes Received By Job
	0  -  Total Bytes Sent By Job
	767696704  -  Total Bytes Received By Job
	Partitionable Resources :      Usage  Request Allocated 
	   Cpus                 :       0.00        1         1 
	   Disk (KB)            : 1487637    52428800  52430330 
	   GPUs                 :                             0 
	   Memory (MB)          :    1745        8192      8192 
	   TimeExecute (s)      :    7653                       
	   TimeSlotBusy (s)     :    7665                       

	Job terminated of its own accord at 2025-04-22T15:49:46Z with exit-code 0.
...
