000 (11736969.000.000) 2025-04-23 00:12:36 Job submitted from host: <131.225.189.251:9618?addrs=131.225.189.251-9618+[2620-6a-0-8421--e8]-9618&alias=lpcschedd4.fnal.gov&noUDP&sock=schedd_1901_81a0>
...
000 (11736969.001.000) 2025-04-23 00:12:36 Job submitted from host: <131.225.189.251:9618?addrs=131.225.189.251-9618+[2620-6a-0-8421--e8]-9618&alias=lpcschedd4.fnal.gov&noUDP&sock=schedd_1901_81a0>
...
040 (11736969.000.000) 2025-04-23 00:12:49 Started transferring input files
	Transferring to host: <131.225.188.86:9618?addrs=[2620-6a-0-8421-f0-0-188-86]-9618+131.225.188.86-9618&alias=cmswn2042.fnal.gov&noUDP&sock=slot1_8_247745_83b4_1520>
...
040 (11736969.001.000) 2025-04-23 00:12:49 Started transferring input files
	Transferring to host: <131.225.189.16:9618?addrs=[2620-6a-0-8421-f0-0-189-16]-9618+131.225.189.16-9618&alias=cmswn2080.fnal.gov&noUDP&sock=slot1_9_2065158_6244_11757>
...
040 (11736969.000.000) 2025-04-23 00:13:01 Finished transferring input files
...
001 (11736969.000.000) 2025-04-23 00:13:02 Job executing on host: <131.225.188.86:9618?addrs=[2620-6a-0-8421-f0-0-188-86]-9618+131.225.188.86-9618&alias=cmswn2042.fnal.gov&noUDP&sock=startd_2052_146d>
	SlotName: slot1_8@cmswn2042.fnal.gov
	CondorScratchDir = "/storage/local/data1/condor/execute/dir_2868630"
	Cpus = 1
	Disk = 52430343
	GPUs = 0
	Memory = 8192
...
040 (11736969.001.000) 2025-04-23 00:13:25 Finished transferring input files
...
001 (11736969.001.000) 2025-04-23 00:13:26 Job executing on host: <131.225.189.16:9618?addrs=[2620-6a-0-8421-f0-0-189-16]-9618+131.225.189.16-9618&alias=cmswn2080.fnal.gov&noUDP&sock=startd_2280_7805>
	SlotName: slot1_9@cmswn2080.fnal.gov
	CondorScratchDir = "/storage/local/data1/condor/execute/dir_3003527"
	Cpus = 1
	Disk = 52430332
	GPUs = 0
	Memory = 8192
...
006 (11736969.000.000) 2025-04-23 00:14:12 Image size of job updated: 505
	505  -  MemoryUsage of job (MB)
	517716  -  ResidentSetSize of job (KB)
...
006 (11736969.001.000) 2025-04-23 00:14:34 Image size of job updated: 503
	503  -  MemoryUsage of job (MB)
	515728  -  ResidentSetSize of job (KB)
...
006 (11736969.000.000) 2025-04-23 00:16:13 Image size of job updated: 575
	575  -  MemoryUsage of job (MB)
	589708  -  ResidentSetSize of job (KB)
...
006 (11736969.001.000) 2025-04-23 00:16:35 Image size of job updated: 504
	504  -  MemoryUsage of job (MB)
	516324  -  ResidentSetSize of job (KB)
...
006 (11736969.000.000) 2025-04-23 00:17:14 Image size of job updated: 954
	954  -  MemoryUsage of job (MB)
	977684  -  ResidentSetSize of job (KB)
...
006 (11736969.001.000) 2025-04-23 00:17:36 Image size of job updated: 505
	505  -  MemoryUsage of job (MB)
	517820  -  ResidentSetSize of job (KB)
...
006 (11736969.000.000) 2025-04-23 00:18:15 Image size of job updated: 955
	955  -  MemoryUsage of job (MB)
	978072  -  ResidentSetSize of job (KB)
...
006 (11736969.001.000) 2025-04-23 00:18:36 Image size of job updated: 506
	506  -  MemoryUsage of job (MB)
	518752  -  ResidentSetSize of job (KB)
...
006 (11736969.000.000) 2025-04-23 00:19:15 Image size of job updated: 955
	955  -  MemoryUsage of job (MB)
	978536  -  ResidentSetSize of job (KB)
...
006 (11736969.001.000) 2025-04-23 00:19:36 Image size of job updated: 507
	507  -  MemoryUsage of job (MB)
	519560  -  ResidentSetSize of job (KB)
...
006 (11736969.000.000) 2025-04-23 00:20:15 Image size of job updated: 955
	955  -  MemoryUsage of job (MB)
	978700  -  ResidentSetSize of job (KB)
...
006 (11736969.001.000) 2025-04-23 00:20:37 Image size of job updated: 508
	508  -  MemoryUsage of job (MB)
	520516  -  ResidentSetSize of job (KB)
...
006 (11736969.000.000) 2025-04-23 00:21:16 Image size of job updated: 969
	969  -  MemoryUsage of job (MB)
	992440  -  ResidentSetSize of job (KB)
...
006 (11736969.000.000) 2025-04-23 00:22:17 Image size of job updated: 1022
	1022  -  MemoryUsage of job (MB)
	1047220  -  ResidentSetSize of job (KB)
...
006 (11736969.000.000) 2025-04-23 00:23:18 Image size of job updated: 1155
	1155  -  MemoryUsage of job (MB)
	1183192  -  ResidentSetSize of job (KB)
...
006 (11736969.001.000) 2025-04-23 00:23:38 Image size of job updated: 508
	508  -  MemoryUsage of job (MB)
	520596  -  ResidentSetSize of job (KB)
...
006 (11736969.000.000) 2025-04-23 00:24:19 Image size of job updated: 1234
	1234  -  MemoryUsage of job (MB)
	1264228  -  ResidentSetSize of job (KB)
...
006 (11736969.001.000) 2025-04-23 00:24:39 Image size of job updated: 550
	550  -  MemoryUsage of job (MB)
	564008  -  ResidentSetSize of job (KB)
...
006 (11736969.000.000) 2025-04-23 00:25:19 Image size of job updated: 1343
	1343  -  MemoryUsage of job (MB)
	1375520  -  ResidentSetSize of job (KB)
...
006 (11736969.001.000) 2025-04-23 00:25:40 Image size of job updated: 873
	873  -  MemoryUsage of job (MB)
	893964  -  ResidentSetSize of job (KB)
...
006 (11736969.000.000) 2025-04-23 00:26:19 Image size of job updated: 1372
	1372  -  MemoryUsage of job (MB)
	1405248  -  ResidentSetSize of job (KB)
...
006 (11736969.001.000) 2025-04-23 00:26:40 Image size of job updated: 930
	930  -  MemoryUsage of job (MB)
	952928  -  ResidentSetSize of job (KB)
...
006 (11736969.000.000) 2025-04-23 00:27:19 Image size of job updated: 1372
	1372  -  MemoryUsage of job (MB)
	1405536  -  ResidentSetSize of job (KB)
...
006 (11736969.001.000) 2025-04-23 00:27:41 Image size of job updated: 930
	930  -  MemoryUsage of job (MB)
	953028  -  ResidentSetSize of job (KB)
...
006 (11736969.000.000) 2025-04-23 00:28:20 Image size of job updated: 1401
	1401  -  MemoryUsage of job (MB)
	1435400  -  ResidentSetSize of job (KB)
...
006 (11736969.000.000) 2025-04-23 00:29:20 Image size of job updated: 1402
	1402  -  MemoryUsage of job (MB)
	1435840  -  ResidentSetSize of job (KB)
...
006 (11736969.001.000) 2025-04-23 00:29:41 Image size of job updated: 930
	930  -  MemoryUsage of job (MB)
	953060  -  ResidentSetSize of job (KB)
...
006 (11736969.000.000) 2025-04-23 00:30:21 Image size of job updated: 1431
	1431  -  MemoryUsage of job (MB)
	1465508  -  ResidentSetSize of job (KB)
...
006 (11736969.001.000) 2025-04-23 00:30:41 Image size of job updated: 941
	941  -  MemoryUsage of job (MB)
	964028  -  ResidentSetSize of job (KB)
...
006 (11736969.000.000) 2025-04-23 00:31:22 Image size of job updated: 1431
	1431  -  MemoryUsage of job (MB)
	1465764  -  ResidentSetSize of job (KB)
...
006 (11736969.001.000) 2025-04-23 00:31:41 Image size of job updated: 952
	952  -  MemoryUsage of job (MB)
	975564  -  ResidentSetSize of job (KB)
...
006 (11736969.000.000) 2025-04-23 00:32:22 Image size of job updated: 1460
	1460  -  MemoryUsage of job (MB)
	1495936  -  ResidentSetSize of job (KB)
...
006 (11736969.001.000) 2025-04-23 00:32:41 Image size of job updated: 952
	952  -  MemoryUsage of job (MB)
	975780  -  ResidentSetSize of job (KB)
...
006 (11736969.000.000) 2025-04-23 00:33:22 Image size of job updated: 1460
	1460  -  MemoryUsage of job (MB)
	1496060  -  ResidentSetSize of job (KB)
...
006 (11736969.001.000) 2025-04-23 00:33:42 Image size of job updated: 953
	953  -  MemoryUsage of job (MB)
	976580  -  ResidentSetSize of job (KB)
...
006 (11736969.000.000) 2025-04-23 00:34:22 Image size of job updated: 1490
	1490  -  MemoryUsage of job (MB)
	1526052  -  ResidentSetSize of job (KB)
...
006 (11736969.000.000) 2025-04-23 00:35:22 Image size of job updated: 1490
	1490  -  MemoryUsage of job (MB)
	1526248  -  ResidentSetSize of job (KB)
...
006 (11736969.001.000) 2025-04-23 00:35:44 Image size of job updated: 987
	987  -  MemoryUsage of job (MB)
	1011124  -  ResidentSetSize of job (KB)
...
006 (11736969.000.000) 2025-04-23 00:36:23 Image size of job updated: 1519
	1519  -  MemoryUsage of job (MB)
	1556104  -  ResidentSetSize of job (KB)
...
006 (11736969.000.000) 2025-04-23 00:37:24 Image size of job updated: 1519
	1519  -  MemoryUsage of job (MB)
	1556264  -  ResidentSetSize of job (KB)
...
006 (11736969.000.000) 2025-04-23 00:38:25 Image size of job updated: 1549
	1549  -  MemoryUsage of job (MB)
	1586412  -  ResidentSetSize of job (KB)
...
006 (11736969.000.000) 2025-04-23 00:39:25 Image size of job updated: 1549
	1549  -  MemoryUsage of job (MB)
	1586500  -  ResidentSetSize of job (KB)
...
006 (11736969.000.000) 2025-04-23 00:40:25 Image size of job updated: 1578
	1578  -  MemoryUsage of job (MB)
	1616520  -  ResidentSetSize of job (KB)
...
006 (11736969.000.000) 2025-04-23 00:41:26 Image size of job updated: 1607
	1607  -  MemoryUsage of job (MB)
	1646380  -  ResidentSetSize of job (KB)
...
006 (11736969.000.000) 2025-04-23 00:42:26 Image size of job updated: 1608
	1608  -  MemoryUsage of job (MB)
	1646612  -  ResidentSetSize of job (KB)
...
006 (11736969.000.000) 2025-04-23 00:43:27 Image size of job updated: 1637
	1637  -  MemoryUsage of job (MB)
	1676668  -  ResidentSetSize of job (KB)
...
006 (11736969.000.000) 2025-04-23 00:44:27 Image size of job updated: 1637
	1637  -  MemoryUsage of job (MB)
	1676812  -  ResidentSetSize of job (KB)
...
006 (11736969.001.000) 2025-04-23 00:49:56 Image size of job updated: 999
	999  -  MemoryUsage of job (MB)
	1023576  -  ResidentSetSize of job (KB)
...
006 (11736969.001.000) 2025-04-23 00:50:56 Image size of job updated: 1186
	1186  -  MemoryUsage of job (MB)
	1215432  -  ResidentSetSize of job (KB)
...
006 (11736969.001.000) 2025-04-23 00:51:56 Image size of job updated: 1216
	1216  -  MemoryUsage of job (MB)
	1246044  -  ResidentSetSize of job (KB)
...
006 (11736969.001.000) 2025-04-23 00:52:56 Image size of job updated: 1246
	1246  -  MemoryUsage of job (MB)
	1276860  -  ResidentSetSize of job (KB)
...
006 (11736969.001.000) 2025-04-23 00:53:57 Image size of job updated: 1286
	1286  -  MemoryUsage of job (MB)
	1317488  -  ResidentSetSize of job (KB)
...
006 (11736969.000.000) 2025-04-23 00:54:31 Image size of job updated: 1643
	1643  -  MemoryUsage of job (MB)
	1682548  -  ResidentSetSize of job (KB)
...
006 (11736969.001.000) 2025-04-23 00:54:57 Image size of job updated: 1316
	1316  -  MemoryUsage of job (MB)
	1348180  -  ResidentSetSize of job (KB)
...
006 (11736969.000.000) 2025-04-23 00:55:31 Image size of job updated: 1672
	1672  -  MemoryUsage of job (MB)
	1713024  -  ResidentSetSize of job (KB)
...
006 (11736969.001.000) 2025-04-23 00:55:57 Image size of job updated: 1347
	1347  -  MemoryUsage of job (MB)
	1379360  -  ResidentSetSize of job (KB)
...
006 (11736969.000.000) 2025-04-23 00:56:31 Image size of job updated: 1702
	1702  -  MemoryUsage of job (MB)
	1743008  -  ResidentSetSize of job (KB)
...
006 (11736969.001.000) 2025-04-23 00:56:58 Image size of job updated: 1377
	1377  -  MemoryUsage of job (MB)
	1410148  -  ResidentSetSize of job (KB)
...
006 (11736969.000.000) 2025-04-23 00:57:32 Image size of job updated: 1731
	1731  -  MemoryUsage of job (MB)
	1773340  -  ResidentSetSize of job (KB)
...
006 (11736969.001.000) 2025-04-23 00:57:58 Image size of job updated: 1406
	1406  -  MemoryUsage of job (MB)
	1440728  -  ResidentSetSize of job (KB)
...
006 (11736969.000.000) 2025-04-23 00:58:32 Image size of job updated: 1790
	1790  -  MemoryUsage of job (MB)
	1833256  -  ResidentSetSize of job (KB)
...
006 (11736969.001.000) 2025-04-23 00:58:59 Image size of job updated: 1437
	1437  -  MemoryUsage of job (MB)
	1471916  -  ResidentSetSize of job (KB)
...
006 (11736969.000.000) 2025-04-23 00:59:33 Image size of job updated: 1819
	1819  -  MemoryUsage of job (MB)
	1863576  -  ResidentSetSize of job (KB)
...
006 (11736969.001.000) 2025-04-23 01:00:00 Image size of job updated: 1460
	1460  -  MemoryUsage of job (MB)
	1495880  -  ResidentSetSize of job (KB)
...
006 (11736969.000.000) 2025-04-23 01:00:34 Image size of job updated: 1849
	1849  -  MemoryUsage of job (MB)
	1893928  -  ResidentSetSize of job (KB)
...
006 (11736969.001.000) 2025-04-23 01:01:00 Image size of job updated: 1468
	1468  -  MemoryUsage of job (MB)
	1503312  -  ResidentSetSize of job (KB)
...
006 (11736969.000.000) 2025-04-23 01:01:34 Image size of job updated: 1878
	1878  -  MemoryUsage of job (MB)
	1923912  -  ResidentSetSize of job (KB)
...
006 (11736969.001.000) 2025-04-23 01:02:01 Image size of job updated: 1498
	1498  -  MemoryUsage of job (MB)
	1534528  -  ResidentSetSize of job (KB)
...
006 (11736969.000.000) 2025-04-23 01:02:35 Image size of job updated: 1937
	1937  -  MemoryUsage of job (MB)
	1983992  -  ResidentSetSize of job (KB)
...
006 (11736969.001.000) 2025-04-23 01:03:01 Image size of job updated: 1528
	1528  -  MemoryUsage of job (MB)
	1565352  -  ResidentSetSize of job (KB)
...
006 (11736969.000.000) 2025-04-23 01:03:36 Image size of job updated: 1967
	1967  -  MemoryUsage of job (MB)
	2014292  -  ResidentSetSize of job (KB)
...
006 (11736969.001.000) 2025-04-23 01:04:02 Image size of job updated: 1558
	1558  -  MemoryUsage of job (MB)
	1596296  -  ResidentSetSize of job (KB)
...
006 (11736969.000.000) 2025-04-23 01:04:36 Image size of job updated: 1996
	1996  -  MemoryUsage of job (MB)
	2044644  -  ResidentSetSize of job (KB)
...
006 (11736969.001.000) 2025-04-23 01:05:03 Image size of job updated: 1589
	1589  -  MemoryUsage of job (MB)
	1627820  -  ResidentSetSize of job (KB)
...
006 (11736969.000.000) 2025-04-23 01:05:36 Image size of job updated: 2026
	2026  -  MemoryUsage of job (MB)
	2074688  -  ResidentSetSize of job (KB)
...
006 (11736969.001.000) 2025-04-23 01:06:03 Image size of job updated: 1619
	1619  -  MemoryUsage of job (MB)
	1658440  -  ResidentSetSize of job (KB)
...
006 (11736969.000.000) 2025-04-23 01:06:37 Image size of job updated: 2084
	2084  -  MemoryUsage of job (MB)
	2134688  -  ResidentSetSize of job (KB)
...
006 (11736969.001.000) 2025-04-23 01:07:04 Image size of job updated: 1649
	1649  -  MemoryUsage of job (MB)
	1689160  -  ResidentSetSize of job (KB)
...
006 (11736969.000.000) 2025-04-23 01:07:38 Image size of job updated: 2114
	2114  -  MemoryUsage of job (MB)
	2165072  -  ResidentSetSize of job (KB)
...
006 (11736969.001.000) 2025-04-23 01:08:04 Image size of job updated: 1679
	1679  -  MemoryUsage of job (MB)
	1720168  -  ResidentSetSize of job (KB)
...
006 (11736969.000.000) 2025-04-23 01:08:39 Image size of job updated: 2114
	2114  -  MemoryUsage of job (MB)
	2165268  -  ResidentSetSize of job (KB)
...
006 (11736969.001.000) 2025-04-23 01:09:05 Image size of job updated: 1709
	1709  -  MemoryUsage of job (MB)
	1751024  -  ResidentSetSize of job (KB)
...
006 (11736969.001.000) 2025-04-23 01:10:05 Image size of job updated: 1740
	1740  -  MemoryUsage of job (MB)
	1781820  -  ResidentSetSize of job (KB)
...
006 (11736969.001.000) 2025-04-23 01:11:06 Image size of job updated: 1770
	1770  -  MemoryUsage of job (MB)
	1812588  -  ResidentSetSize of job (KB)
...
006 (11736969.001.000) 2025-04-23 01:12:06 Image size of job updated: 1800
	1800  -  MemoryUsage of job (MB)
	1843724  -  ResidentSetSize of job (KB)
...
006 (11736969.000.000) 2025-04-23 01:12:40 Image size of job updated: 2114
	2114  -  MemoryUsage of job (MB)
	2165524  -  ResidentSetSize of job (KB)
...
006 (11736969.001.000) 2025-04-23 01:13:07 Image size of job updated: 1830
	1830  -  MemoryUsage of job (MB)
	1874392  -  ResidentSetSize of job (KB)
...
006 (11736969.000.000) 2025-04-23 01:13:41 Image size of job updated: 2144
	2144  -  MemoryUsage of job (MB)
	2195788  -  ResidentSetSize of job (KB)
...
006 (11736969.001.000) 2025-04-23 01:14:07 Image size of job updated: 1848
	1848  -  MemoryUsage of job (MB)
	1892964  -  ResidentSetSize of job (KB)
...
006 (11736969.000.000) 2025-04-23 01:14:42 Image size of job updated: 2173
	2173  -  MemoryUsage of job (MB)
	2225876  -  ResidentSetSize of job (KB)
...
006 (11736969.001.000) 2025-04-23 01:15:08 Image size of job updated: 1860
	1860  -  MemoryUsage of job (MB)
	1905480  -  ResidentSetSize of job (KB)
...
006 (11736969.000.000) 2025-04-23 01:15:20 Image size of job updated: 2202
	2202  -  MemoryUsage of job (MB)
	2255828  -  ResidentSetSize of job (KB)
...
040 (11736969.000.000) 2025-04-23 01:15:20 Finished transferring output files
...
005 (11736969.000.000) 2025-04-23 01:15:20 Job terminated.
	(1) Normal termination (return value 0)
		Usr 0 00:38:59, Sys 0 00:00:29  -  Run Remote Usage
		Usr 0 00:00:00, Sys 0 00:00:00  -  Run Local Usage
		Usr 0 00:38:59, Sys 0 00:00:29  -  Total Remote Usage
		Usr 0 00:00:00, Sys 0 00:00:00  -  Total Local Usage
	0  -  Run Bytes Sent By Job
	775064128  -  Run Bytes Received By Job
	0  -  Total Bytes Sent By Job
	775064128  -  Total Bytes Received By Job
	Partitionable Resources :      Usage  Request Allocated 
	   Cpus                 :       0.00        1         1 
	   Disk (KB)            : 2163282    52428800  52430343 
	   GPUs                 :                             0 
	   Memory (MB)          :    2202        8192      8192 
	   TimeExecute (s)      :    3738                       
	   TimeSlotBusy (s)     :    3752                       

	Job terminated of its own accord at 2025-04-23T06:15:20Z with exit-code 0.
...
006 (11736969.001.000) 2025-04-23 01:16:08 Image size of job updated: 1891
	1891  -  MemoryUsage of job (MB)
	1936580  -  ResidentSetSize of job (KB)
...
006 (11736969.001.000) 2025-04-23 01:17:09 Image size of job updated: 1921
	1921  -  MemoryUsage of job (MB)
	1967404  -  ResidentSetSize of job (KB)
...
006 (11736969.001.000) 2025-04-23 01:18:09 Image size of job updated: 1951
	1951  -  MemoryUsage of job (MB)
	1998604  -  ResidentSetSize of job (KB)
...
006 (11736969.001.000) 2025-04-23 01:19:10 Image size of job updated: 1981
	1981  -  MemoryUsage of job (MB)
	2029412  -  ResidentSetSize of job (KB)
...
006 (11736969.001.000) 2025-04-23 01:20:10 Image size of job updated: 2012
	2012  -  MemoryUsage of job (MB)
	2060436  -  ResidentSetSize of job (KB)
...
006 (11736969.001.000) 2025-04-23 01:21:11 Image size of job updated: 2042
	2042  -  MemoryUsage of job (MB)
	2091480  -  ResidentSetSize of job (KB)
...
006 (11736969.001.000) 2025-04-23 01:22:11 Image size of job updated: 2072
	2072  -  MemoryUsage of job (MB)
	2122444  -  ResidentSetSize of job (KB)
...
006 (11736969.001.000) 2025-04-23 01:23:12 Image size of job updated: 2102
	2102  -  MemoryUsage of job (MB)
	2153428  -  ResidentSetSize of job (KB)
...
006 (11736969.001.000) 2025-04-23 01:24:13 Image size of job updated: 2133
	2133  -  MemoryUsage of job (MB)
	2184272  -  ResidentSetSize of job (KB)
...
006 (11736969.001.000) 2025-04-23 01:25:13 Image size of job updated: 2163
	2163  -  MemoryUsage of job (MB)
	2215248  -  ResidentSetSize of job (KB)
...
006 (11736969.001.000) 2025-04-23 01:26:14 Image size of job updated: 2193
	2193  -  MemoryUsage of job (MB)
	2245984  -  ResidentSetSize of job (KB)
...
006 (11736969.001.000) 2025-04-23 01:27:14 Image size of job updated: 2224
	2224  -  MemoryUsage of job (MB)
	2277724  -  ResidentSetSize of job (KB)
...
006 (11736969.001.000) 2025-04-23 01:28:15 Image size of job updated: 2254
	2254  -  MemoryUsage of job (MB)
	2308628  -  ResidentSetSize of job (KB)
...
006 (11736969.001.000) 2025-04-23 01:29:15 Image size of job updated: 2284
	2284  -  MemoryUsage of job (MB)
	2339520  -  ResidentSetSize of job (KB)
...
006 (11736969.001.000) 2025-04-23 01:30:16 Image size of job updated: 2314
	2314  -  MemoryUsage of job (MB)
	2370280  -  ResidentSetSize of job (KB)
...
006 (11736969.001.000) 2025-04-23 01:31:16 Image size of job updated: 2314
	2314  -  MemoryUsage of job (MB)
	2370464  -  ResidentSetSize of job (KB)
...
006 (11736969.001.000) 2025-04-23 01:32:17 Image size of job updated: 2345
	2345  -  MemoryUsage of job (MB)
	2401564  -  ResidentSetSize of job (KB)
...
006 (11736969.001.000) 2025-04-23 01:33:17 Image size of job updated: 2375
	2375  -  MemoryUsage of job (MB)
	2432336  -  ResidentSetSize of job (KB)
...
006 (11736969.001.000) 2025-04-23 01:34:18 Image size of job updated: 2405
	2405  -  MemoryUsage of job (MB)
	2463444  -  ResidentSetSize of job (KB)
...
006 (11736969.001.000) 2025-04-23 01:35:18 Image size of job updated: 2436
	2436  -  MemoryUsage of job (MB)
	2494580  -  ResidentSetSize of job (KB)
...
006 (11736969.001.000) 2025-04-23 01:36:19 Image size of job updated: 2466
	2466  -  MemoryUsage of job (MB)
	2525444  -  ResidentSetSize of job (KB)
...
006 (11736969.001.000) 2025-04-23 01:37:19 Image size of job updated: 2496
	2496  -  MemoryUsage of job (MB)
	2556304  -  ResidentSetSize of job (KB)
...
006 (11736969.001.000) 2025-04-23 01:38:20 Image size of job updated: 2529
	2529  -  MemoryUsage of job (MB)
	2590616  -  ResidentSetSize of job (KB)
...
006 (11736969.001.000) 2025-04-23 01:39:21 Image size of job updated: 2560
	2560  -  MemoryUsage of job (MB)
	2621736  -  ResidentSetSize of job (KB)
...
006 (11736969.001.000) 2025-04-23 01:40:21 Image size of job updated: 2590
	2590  -  MemoryUsage of job (MB)
	2652420  -  ResidentSetSize of job (KB)
...
006 (11736969.001.000) 2025-04-23 01:41:22 Image size of job updated: 2620
	2620  -  MemoryUsage of job (MB)
	2683084  -  ResidentSetSize of job (KB)
...
006 (11736969.001.000) 2025-04-23 01:42:23 Image size of job updated: 2620
	2620  -  MemoryUsage of job (MB)
	2683268  -  ResidentSetSize of job (KB)
...
006 (11736969.001.000) 2025-04-23 01:43:24 Image size of job updated: 2650
	2650  -  MemoryUsage of job (MB)
	2714108  -  ResidentSetSize of job (KB)
...
006 (11736969.001.000) 2025-04-23 01:44:25 Image size of job updated: 2667
	2667  -  MemoryUsage of job (MB)
	2731024  -  ResidentSetSize of job (KB)
...
006 (11736969.001.000) 2025-04-23 01:45:26 Image size of job updated: 2672
	2672  -  MemoryUsage of job (MB)
	2736748  -  ResidentSetSize of job (KB)
...
006 (11736969.001.000) 2025-04-23 01:52:33 Image size of job updated: 2675
	2675  -  MemoryUsage of job (MB)
	2740128  -  ResidentSetSize of job (KB)
...
006 (11736969.001.000) 2025-04-23 01:53:34 Image size of job updated: 2705
	2705  -  MemoryUsage of job (MB)
	2770808  -  ResidentSetSize of job (KB)
...
006 (11736969.001.000) 2025-04-23 01:54:35 Image size of job updated: 2736
	2736  -  MemoryUsage of job (MB)
	2802040  -  ResidentSetSize of job (KB)
...
006 (11736969.001.000) 2025-04-23 01:56:37 Image size of job updated: 2766
	2766  -  MemoryUsage of job (MB)
	2832608  -  ResidentSetSize of job (KB)
...
006 (11736969.001.000) 2025-04-23 01:57:38 Image size of job updated: 2796
	2796  -  MemoryUsage of job (MB)
	2863596  -  ResidentSetSize of job (KB)
...
006 (11736969.001.000) 2025-04-23 01:58:39 Image size of job updated: 2828
	2828  -  MemoryUsage of job (MB)
	2896460  -  ResidentSetSize of job (KB)
...
006 (11736969.001.000) 2025-04-23 01:59:39 Image size of job updated: 2889
	2889  -  MemoryUsage of job (MB)
	2959284  -  ResidentSetSize of job (KB)
...
006 (11736969.001.000) 2025-04-23 02:00:40 Image size of job updated: 2921
	2921  -  MemoryUsage of job (MB)
	2991268  -  ResidentSetSize of job (KB)
...
006 (11736969.001.000) 2025-04-23 02:01:40 Image size of job updated: 2952
	2952  -  MemoryUsage of job (MB)
	3023720  -  ResidentSetSize of job (KB)
...
006 (11736969.001.000) 2025-04-23 02:02:41 Image size of job updated: 2984
	2984  -  MemoryUsage of job (MB)
	3056416  -  ResidentSetSize of job (KB)
...
006 (11736969.001.000) 2025-04-23 02:03:41 Image size of job updated: 3016
	3016  -  MemoryUsage of job (MB)
	3088740  -  ResidentSetSize of job (KB)
...
006 (11736969.001.000) 2025-04-23 02:04:42 Image size of job updated: 3047
	3047  -  MemoryUsage of job (MB)
	3121096  -  ResidentSetSize of job (KB)
...
006 (11736969.001.000) 2025-04-23 02:05:43 Image size of job updated: 3080
	3080  -  MemoryUsage of job (MB)
	3154772  -  ResidentSetSize of job (KB)
...
006 (11736969.001.000) 2025-04-23 02:06:43 Image size of job updated: 3111
	3111  -  MemoryUsage of job (MB)
	3185880  -  ResidentSetSize of job (KB)
...
006 (11736969.001.000) 2025-04-23 02:07:43 Image size of job updated: 3142
	3142  -  MemoryUsage of job (MB)
	3217676  -  ResidentSetSize of job (KB)
...
006 (11736969.001.000) 2025-04-23 02:08:43 Image size of job updated: 3173
	3173  -  MemoryUsage of job (MB)
	3249752  -  ResidentSetSize of job (KB)
...
006 (11736969.001.000) 2025-04-23 02:09:43 Image size of job updated: 3204
	3204  -  MemoryUsage of job (MB)
	3281424  -  ResidentSetSize of job (KB)
...
006 (11736969.001.000) 2025-04-23 02:10:43 Image size of job updated: 3235
	3235  -  MemoryUsage of job (MB)
	3313596  -  ResidentSetSize of job (KB)
...
006 (11736969.001.000) 2025-04-23 02:11:44 Image size of job updated: 3267
	3267  -  MemoryUsage of job (MB)
	3345692  -  ResidentSetSize of job (KB)
...
006 (11736969.001.000) 2025-04-23 02:12:44 Image size of job updated: 3298
	3298  -  MemoryUsage of job (MB)
	3377940  -  ResidentSetSize of job (KB)
...
006 (11736969.001.000) 2025-04-23 02:13:44 Image size of job updated: 3329
	3329  -  MemoryUsage of job (MB)
	3409656  -  ResidentSetSize of job (KB)
...
006 (11736969.001.000) 2025-04-23 02:14:44 Image size of job updated: 3331
	3331  -  MemoryUsage of job (MB)
	3411316  -  ResidentSetSize of job (KB)
...
006 (11736969.001.000) 2025-04-23 02:15:45 Image size of job updated: 3362
	3362  -  MemoryUsage of job (MB)
	3443160  -  ResidentSetSize of job (KB)
...
006 (11736969.001.000) 2025-04-23 02:16:45 Image size of job updated: 3393
	3393  -  MemoryUsage of job (MB)
	3475128  -  ResidentSetSize of job (KB)
...
006 (11736969.001.000) 2025-04-23 02:17:45 Image size of job updated: 3424
	3424  -  MemoryUsage of job (MB)
	3506436  -  ResidentSetSize of job (KB)
...
006 (11736969.001.000) 2025-04-23 02:18:46 Image size of job updated: 3455
	3455  -  MemoryUsage of job (MB)
	3538196  -  ResidentSetSize of job (KB)
...
006 (11736969.001.000) 2025-04-23 02:19:46 Image size of job updated: 3486
	3486  -  MemoryUsage of job (MB)
	3570368  -  ResidentSetSize of job (KB)
...
006 (11736969.001.000) 2025-04-23 02:20:47 Image size of job updated: 3517
	3517  -  MemoryUsage of job (MB)
	3602204  -  ResidentSetSize of job (KB)
...
006 (11736969.001.000) 2025-04-23 02:21:48 Image size of job updated: 3548
	3548  -  MemoryUsage of job (MB)
	3634172  -  ResidentSetSize of job (KB)
...
006 (11736969.001.000) 2025-04-23 02:22:48 Image size of job updated: 3580
	3580  -  MemoryUsage of job (MB)
	3666400  -  ResidentSetSize of job (KB)
...
006 (11736969.001.000) 2025-04-23 02:23:49 Image size of job updated: 3612
	3612  -  MemoryUsage of job (MB)
	3698776  -  ResidentSetSize of job (KB)
...
006 (11736969.001.000) 2025-04-23 02:24:50 Image size of job updated: 3643
	3643  -  MemoryUsage of job (MB)
	3730840  -  ResidentSetSize of job (KB)
...
006 (11736969.001.000) 2025-04-23 02:25:50 Image size of job updated: 3675
	3675  -  MemoryUsage of job (MB)
	3763356  -  ResidentSetSize of job (KB)
...
006 (11736969.001.000) 2025-04-23 02:26:50 Image size of job updated: 3706
	3706  -  MemoryUsage of job (MB)
	3795540  -  ResidentSetSize of job (KB)
...
006 (11736969.001.000) 2025-04-23 02:27:50 Image size of job updated: 3739
	3739  -  MemoryUsage of job (MB)
	3828948  -  ResidentSetSize of job (KB)
...
006 (11736969.001.000) 2025-04-23 02:28:51 Image size of job updated: 3770
	3770  -  MemoryUsage of job (MB)
	3861428  -  ResidentSetSize of job (KB)
...
006 (11736969.001.000) 2025-04-23 02:29:52 Image size of job updated: 3802
	3802  -  MemoryUsage of job (MB)
	3893916  -  ResidentSetSize of job (KB)
...
006 (11736969.001.000) 2025-04-23 02:30:53 Image size of job updated: 3863
	3863  -  MemoryUsage of job (MB)
	3956380  -  ResidentSetSize of job (KB)
...
006 (11736969.001.000) 2025-04-23 02:31:54 Image size of job updated: 3895
	3895  -  MemoryUsage of job (MB)
	3988780  -  ResidentSetSize of job (KB)
...
006 (11736969.001.000) 2025-04-23 02:32:55 Image size of job updated: 3927
	3927  -  MemoryUsage of job (MB)
	4021528  -  ResidentSetSize of job (KB)
...
006 (11736969.001.000) 2025-04-23 02:33:56 Image size of job updated: 3958
	3958  -  MemoryUsage of job (MB)
	4053784  -  ResidentSetSize of job (KB)
...
006 (11736969.001.000) 2025-04-23 02:34:57 Image size of job updated: 3990
	3990  -  MemoryUsage of job (MB)
	4086096  -  ResidentSetSize of job (KB)
...
006 (11736969.001.000) 2025-04-23 02:35:57 Image size of job updated: 4022
	4022  -  MemoryUsage of job (MB)
	4118740  -  ResidentSetSize of job (KB)
...
006 (11736969.001.000) 2025-04-23 02:36:58 Image size of job updated: 4053
	4053  -  MemoryUsage of job (MB)
	4150960  -  ResidentSetSize of job (KB)
...
006 (11736969.001.000) 2025-04-23 02:37:58 Image size of job updated: 4084
	4084  -  MemoryUsage of job (MB)
	4183012  -  ResidentSetSize of job (KB)
...
006 (11736969.001.000) 2025-04-23 02:38:59 Image size of job updated: 4141
	4141  -  MemoryUsage of job (MB)
	4241256  -  ResidentSetSize of job (KB)
...
006 (11736969.001.000) 2025-04-23 02:40:00 Image size of job updated: 4177
	4177  -  MemoryUsage of job (MB)
	4278156  -  ResidentSetSize of job (KB)
...
006 (11736969.001.000) 2025-04-23 02:41:00 Image size of job updated: 4209
	4209  -  MemoryUsage of job (MB)
	4310896  -  ResidentSetSize of job (KB)
...
006 (11736969.001.000) 2025-04-23 02:42:00 Image size of job updated: 4241
	4241  -  MemoryUsage of job (MB)
	4342980  -  ResidentSetSize of job (KB)
...
006 (11736969.001.000) 2025-04-23 02:43:00 Image size of job updated: 4272
	4272  -  MemoryUsage of job (MB)
	4375188  -  ResidentSetSize of job (KB)
...
006 (11736969.001.000) 2025-04-23 02:44:01 Image size of job updated: 4303
	4303  -  MemoryUsage of job (MB)
	4407088  -  ResidentSetSize of job (KB)
...
006 (11736969.001.000) 2025-04-23 02:45:02 Image size of job updated: 4335
	4335  -  MemoryUsage of job (MB)
	4439600  -  ResidentSetSize of job (KB)
...
006 (11736969.001.000) 2025-04-23 02:46:03 Image size of job updated: 4392
	4392  -  MemoryUsage of job (MB)
	4497800  -  ResidentSetSize of job (KB)
...
006 (11736969.001.000) 2025-04-23 02:47:03 Image size of job updated: 4423
	4423  -  MemoryUsage of job (MB)
	4529496  -  ResidentSetSize of job (KB)
...
006 (11736969.001.000) 2025-04-23 02:48:03 Image size of job updated: 4454
	4454  -  MemoryUsage of job (MB)
	4561704  -  ResidentSetSize of job (KB)
...
006 (11736969.001.000) 2025-04-23 02:49:03 Image size of job updated: 4491
	4491  -  MemoryUsage of job (MB)
	4599264  -  ResidentSetSize of job (KB)
...
006 (11736969.001.000) 2025-04-23 02:50:04 Image size of job updated: 4523
	4523  -  MemoryUsage of job (MB)
	4632016  -  ResidentSetSize of job (KB)
...
006 (11736969.001.000) 2025-04-23 02:51:04 Image size of job updated: 4554
	4554  -  MemoryUsage of job (MB)
	4663892  -  ResidentSetSize of job (KB)
...
006 (11736969.001.000) 2025-04-23 02:52:05 Image size of job updated: 4585
	4585  -  MemoryUsage of job (MB)
	4695804  -  ResidentSetSize of job (KB)
...
006 (11736969.001.000) 2025-04-23 02:53:06 Image size of job updated: 4618
	4618  -  MemoryUsage of job (MB)
	4729008  -  ResidentSetSize of job (KB)
...
006 (11736969.001.000) 2025-04-23 02:54:07 Image size of job updated: 4650
	4650  -  MemoryUsage of job (MB)
	4761748  -  ResidentSetSize of job (KB)
...
006 (11736969.001.000) 2025-04-23 02:55:07 Image size of job updated: 4682
	4682  -  MemoryUsage of job (MB)
	4794508  -  ResidentSetSize of job (KB)
...
006 (11736969.001.000) 2025-04-23 02:56:07 Image size of job updated: 4743
	4743  -  MemoryUsage of job (MB)
	4857672  -  ResidentSetSize of job (KB)
...
006 (11736969.001.000) 2025-04-23 02:57:07 Image size of job updated: 4774
	4774  -  MemoryUsage of job (MB)
	4888980  -  ResidentSetSize of job (KB)
...
006 (11736969.001.000) 2025-04-23 02:58:08 Image size of job updated: 4806
	4806  -  MemoryUsage of job (MB)
	4921660  -  ResidentSetSize of job (KB)
...
006 (11736969.001.000) 2025-04-23 02:59:09 Image size of job updated: 4837
	4837  -  MemoryUsage of job (MB)
	4953908  -  ResidentSetSize of job (KB)
...
006 (11736969.001.000) 2025-04-23 03:00:10 Image size of job updated: 4868
	4868  -  MemoryUsage of job (MB)
	4985816  -  ResidentSetSize of job (KB)
...
006 (11736969.001.000) 2025-04-23 03:01:10 Image size of job updated: 4900
	4900  -  MemoryUsage of job (MB)
	5018416  -  ResidentSetSize of job (KB)
...
006 (11736969.001.000) 2025-04-23 03:02:10 Image size of job updated: 4931
	4931  -  MemoryUsage of job (MB)
	5050312  -  ResidentSetSize of job (KB)
...
006 (11736969.001.000) 2025-04-23 03:03:10 Image size of job updated: 4963
	4963  -  MemoryUsage of job (MB)
	5082308  -  ResidentSetSize of job (KB)
...
006 (11736969.001.000) 2025-04-23 03:04:10 Image size of job updated: 4994
	4994  -  MemoryUsage of job (MB)
	5114152  -  ResidentSetSize of job (KB)
...
006 (11736969.001.000) 2025-04-23 03:05:10 Image size of job updated: 5025
	5025  -  MemoryUsage of job (MB)
	5145868  -  ResidentSetSize of job (KB)
...
006 (11736969.001.000) 2025-04-23 03:06:11 Image size of job updated: 5086
	5086  -  MemoryUsage of job (MB)
	5208372  -  ResidentSetSize of job (KB)
...
006 (11736969.001.000) 2025-04-23 03:07:12 Image size of job updated: 5117
	5117  -  MemoryUsage of job (MB)
	5240384  -  ResidentSetSize of job (KB)
...
006 (11736969.001.000) 2025-04-23 03:08:13 Image size of job updated: 5149
	5149  -  MemoryUsage of job (MB)
	5272652  -  ResidentSetSize of job (KB)
...
006 (11736969.001.000) 2025-04-23 03:09:13 Image size of job updated: 5179
	5179  -  MemoryUsage of job (MB)
	5304240  -  ResidentSetSize of job (KB)
...
006 (11736969.001.000) 2025-04-23 03:10:13 Image size of job updated: 5211
	5211  -  MemoryUsage of job (MB)
	5336856  -  ResidentSetSize of job (KB)
...
006 (11736969.001.000) 2025-04-23 03:11:13 Image size of job updated: 5243
	5243  -  MemoryUsage of job (MB)
	5369800  -  ResidentSetSize of job (KB)
...
006 (11736969.001.000) 2025-04-23 03:12:15 Image size of job updated: 5275
	5275  -  MemoryUsage of job (MB)
	5402104  -  ResidentSetSize of job (KB)
...
006 (11736969.001.000) 2025-04-23 03:13:16 Image size of job updated: 5337
	5337  -  MemoryUsage of job (MB)
	5465668  -  ResidentSetSize of job (KB)
...
006 (11736969.001.000) 2025-04-23 03:14:16 Image size of job updated: 5369
	5369  -  MemoryUsage of job (MB)
	5498108  -  ResidentSetSize of job (KB)
...
006 (11736969.001.000) 2025-04-23 03:15:16 Image size of job updated: 5400
	5400  -  MemoryUsage of job (MB)
	5530176  -  ResidentSetSize of job (KB)
...
006 (11736969.001.000) 2025-04-23 03:16:17 Image size of job updated: 5432
	5432  -  MemoryUsage of job (MB)
	5563136  -  ResidentSetSize of job (KB)
...
006 (11736969.001.000) 2025-04-23 03:17:18 Image size of job updated: 5443
	5443  -  MemoryUsage of job (MB)
	5573664  -  ResidentSetSize of job (KB)
...
006 (11736969.001.000) 2025-04-23 03:18:19 Image size of job updated: 5477
	5477  -  MemoryUsage of job (MB)
	5608996  -  ResidentSetSize of job (KB)
...
006 (11736969.001.000) 2025-04-23 03:19:20 Image size of job updated: 5508
	5508  -  MemoryUsage of job (MB)
	5640852  -  ResidentSetSize of job (KB)
...
006 (11736969.001.000) 2025-04-23 03:20:20 Image size of job updated: 5525
	5525  -  MemoryUsage of job (MB)
	5658512  -  ResidentSetSize of job (KB)
...
006 (11736969.001.000) 2025-04-23 03:21:21 Image size of job updated: 5549
	5549  -  MemoryUsage of job (MB)
	5682640  -  ResidentSetSize of job (KB)
...
006 (11736969.001.000) 2025-04-23 03:22:21 Image size of job updated: 5606
	5606  -  MemoryUsage of job (MB)
	5741448  -  ResidentSetSize of job (KB)
...
006 (11736969.001.000) 2025-04-23 03:23:22 Image size of job updated: 5637
	5637  -  MemoryUsage of job (MB)
	5772528  -  ResidentSetSize of job (KB)
...
006 (11736969.001.000) 2025-04-23 03:24:23 Image size of job updated: 5669
	5669  -  MemoryUsage of job (MB)
	5805228  -  ResidentSetSize of job (KB)
...
006 (11736969.001.000) 2025-04-23 03:25:24 Image size of job updated: 5701
	5701  -  MemoryUsage of job (MB)
	5838272  -  ResidentSetSize of job (KB)
...
006 (11736969.001.000) 2025-04-23 03:26:24 Image size of job updated: 5733
	5733  -  MemoryUsage of job (MB)
	5870592  -  ResidentSetSize of job (KB)
...
006 (11736969.001.000) 2025-04-23 03:27:24 Image size of job updated: 5763
	5763  -  MemoryUsage of job (MB)
	5901712  -  ResidentSetSize of job (KB)
...
006 (11736969.001.000) 2025-04-23 03:28:24 Image size of job updated: 5795
	5795  -  MemoryUsage of job (MB)
	5934100  -  ResidentSetSize of job (KB)
...
006 (11736969.001.000) 2025-04-23 03:29:25 Image size of job updated: 5827
	5827  -  MemoryUsage of job (MB)
	5966972  -  ResidentSetSize of job (KB)
...
006 (11736969.001.000) 2025-04-23 03:30:25 Image size of job updated: 5859
	5859  -  MemoryUsage of job (MB)
	6000232  -  ResidentSetSize of job (KB)
...
006 (11736969.001.000) 2025-04-23 03:31:26 Image size of job updated: 5890
	5890  -  MemoryUsage of job (MB)
	6032240  -  ResidentSetSize of job (KB)
...
006 (11736969.001.000) 2025-04-23 03:32:26 Image size of job updated: 5922
	5922  -  MemoryUsage of job (MB)
	6064320  -  ResidentSetSize of job (KB)
...
006 (11736969.001.000) 2025-04-23 03:33:27 Image size of job updated: 5953
	5953  -  MemoryUsage of job (MB)
	6096732  -  ResidentSetSize of job (KB)
...
006 (11736969.001.000) 2025-04-23 03:34:27 Image size of job updated: 6016
	6016  -  MemoryUsage of job (MB)
	6160492  -  ResidentSetSize of job (KB)
...
006 (11736969.001.000) 2025-04-23 03:35:28 Image size of job updated: 6047
	6047  -  MemoryUsage of job (MB)
	6192592  -  ResidentSetSize of job (KB)
...
006 (11736969.001.000) 2025-04-23 03:36:28 Image size of job updated: 6079
	6079  -  MemoryUsage of job (MB)
	6225072  -  ResidentSetSize of job (KB)
...
006 (11736969.001.000) 2025-04-23 03:37:29 Image size of job updated: 6111
	6111  -  MemoryUsage of job (MB)
	6258684  -  ResidentSetSize of job (KB)
...
006 (11736969.001.000) 2025-04-23 03:38:29 Image size of job updated: 6143
	6143  -  MemoryUsage of job (MB)
	6291320  -  ResidentSetSize of job (KB)
...
006 (11736969.001.000) 2025-04-23 03:39:30 Image size of job updated: 6205
	6205  -  MemoryUsage of job (MB)
	6354540  -  ResidentSetSize of job (KB)
...
006 (11736969.001.000) 2025-04-23 03:40:30 Image size of job updated: 6236
	6236  -  MemoryUsage of job (MB)
	6386580  -  ResidentSetSize of job (KB)
...
006 (11736969.001.000) 2025-04-23 03:41:30 Image size of job updated: 6268
	6268  -  MemoryUsage of job (MB)
	6419036  -  ResidentSetSize of job (KB)
...
006 (11736969.001.000) 2025-04-23 03:42:31 Image size of job updated: 6300
	6300  -  MemoryUsage of job (MB)
	6451748  -  ResidentSetSize of job (KB)
...
006 (11736969.001.000) 2025-04-23 03:43:31 Image size of job updated: 6333
	6333  -  MemoryUsage of job (MB)
	6485456  -  ResidentSetSize of job (KB)
...
006 (11736969.001.000) 2025-04-23 03:44:32 Image size of job updated: 6394
	6394  -  MemoryUsage of job (MB)
	6547616  -  ResidentSetSize of job (KB)
...
006 (11736969.001.000) 2025-04-23 03:45:32 Image size of job updated: 6426
	6426  -  MemoryUsage of job (MB)
	6580580  -  ResidentSetSize of job (KB)
...
006 (11736969.001.000) 2025-04-23 03:46:33 Image size of job updated: 6453
	6453  -  MemoryUsage of job (MB)
	6607908  -  ResidentSetSize of job (KB)
...
006 (11736969.001.000) 2025-04-23 03:47:34 Image size of job updated: 6485
	6485  -  MemoryUsage of job (MB)
	6640792  -  ResidentSetSize of job (KB)
...
006 (11736969.001.000) 2025-04-23 03:48:34 Image size of job updated: 6506
	6506  -  MemoryUsage of job (MB)
	6662624  -  ResidentSetSize of job (KB)
...
006 (11736969.001.000) 2025-04-23 03:49:35 Image size of job updated: 6541
	6541  -  MemoryUsage of job (MB)
	6698312  -  ResidentSetSize of job (KB)
...
006 (11736969.001.000) 2025-04-23 03:50:35 Image size of job updated: 6574
	6574  -  MemoryUsage of job (MB)
	6732072  -  ResidentSetSize of job (KB)
...
006 (11736969.001.000) 2025-04-23 03:51:36 Image size of job updated: 6633
	6633  -  MemoryUsage of job (MB)
	6792772  -  ResidentSetSize of job (KB)
...
006 (11736969.001.000) 2025-04-23 03:52:36 Image size of job updated: 6663
	6663  -  MemoryUsage of job (MB)
	6823304  -  ResidentSetSize of job (KB)
...
006 (11736969.001.000) 2025-04-23 03:53:37 Image size of job updated: 6694
	6694  -  MemoryUsage of job (MB)
	6855032  -  ResidentSetSize of job (KB)
...
006 (11736969.001.000) 2025-04-23 03:54:37 Image size of job updated: 6724
	6724  -  MemoryUsage of job (MB)
	6885468  -  ResidentSetSize of job (KB)
...
006 (11736969.001.000) 2025-04-23 03:55:38 Image size of job updated: 6756
	6756  -  MemoryUsage of job (MB)
	6918224  -  ResidentSetSize of job (KB)
...
006 (11736969.001.000) 2025-04-23 03:56:39 Image size of job updated: 6786
	6786  -  MemoryUsage of job (MB)
	6949512  -  ResidentSetSize of job (KB)
...
006 (11736969.001.000) 2025-04-23 03:57:39 Image size of job updated: 6836
	6836  -  MemoryUsage of job (MB)
	7000560  -  ResidentSetSize of job (KB)
...
006 (11736969.001.000) 2025-04-23 03:58:40 Image size of job updated: 6868
	6868  -  MemoryUsage of job (MB)
	7033508  -  ResidentSetSize of job (KB)
...
006 (11736969.001.000) 2025-04-23 03:59:40 Image size of job updated: 6886
	6886  -  MemoryUsage of job (MB)
	7051356  -  ResidentSetSize of job (KB)
...
006 (11736969.001.000) 2025-04-23 04:00:40 Image size of job updated: 6917
	6917  -  MemoryUsage of job (MB)
	7083704  -  ResidentSetSize of job (KB)
...
006 (11736969.001.000) 2025-04-23 04:01:41 Image size of job updated: 6947
	6947  -  MemoryUsage of job (MB)
	7114496  -  ResidentSetSize of job (KB)
...
006 (11736969.001.000) 2025-04-23 04:02:41 Image size of job updated: 6978
	6978  -  MemoryUsage of job (MB)
	7146008  -  ResidentSetSize of job (KB)
...
006 (11736969.001.000) 2025-04-23 04:03:42 Image size of job updated: 7009
	7009  -  MemoryUsage of job (MB)
	7177748  -  ResidentSetSize of job (KB)
...
006 (11736969.001.000) 2025-04-23 04:04:42 Image size of job updated: 7070
	7070  -  MemoryUsage of job (MB)
	7240176  -  ResidentSetSize of job (KB)
...
006 (11736969.001.000) 2025-04-23 04:05:43 Image size of job updated: 7099
	7099  -  MemoryUsage of job (MB)
	7269964  -  ResidentSetSize of job (KB)
...
006 (11736969.001.000) 2025-04-23 04:06:43 Image size of job updated: 7131
	7131  -  MemoryUsage of job (MB)
	7302480  -  ResidentSetSize of job (KB)
...
006 (11736969.001.000) 2025-04-23 04:07:44 Image size of job updated: 7163
	7163  -  MemoryUsage of job (MB)
	7335040  -  ResidentSetSize of job (KB)
...
006 (11736969.001.000) 2025-04-23 04:08:44 Image size of job updated: 7195
	7195  -  MemoryUsage of job (MB)
	7367824  -  ResidentSetSize of job (KB)
...
006 (11736969.001.000) 2025-04-23 04:09:45 Image size of job updated: 7256
	7256  -  MemoryUsage of job (MB)
	7430304  -  ResidentSetSize of job (KB)
...
006 (11736969.001.000) 2025-04-23 04:10:45 Image size of job updated: 7287
	7287  -  MemoryUsage of job (MB)
	7462412  -  ResidentSetSize of job (KB)
...
006 (11736969.001.000) 2025-04-23 04:11:46 Image size of job updated: 7319
	7319  -  MemoryUsage of job (MB)
	7495228  -  ResidentSetSize of job (KB)
...
006 (11736969.001.000) 2025-04-23 04:12:46 Image size of job updated: 7351
	7351  -  MemoryUsage of job (MB)
	7528028  -  ResidentSetSize of job (KB)
...
006 (11736969.001.000) 2025-04-23 04:13:47 Image size of job updated: 7384
	7384  -  MemoryUsage of job (MB)
	7561352  -  ResidentSetSize of job (KB)
...
006 (11736969.001.000) 2025-04-23 04:14:47 Image size of job updated: 7446
	7446  -  MemoryUsage of job (MB)
	7625088  -  ResidentSetSize of job (KB)
...
006 (11736969.001.000) 2025-04-23 04:15:48 Image size of job updated: 7478
	7478  -  MemoryUsage of job (MB)
	7657484  -  ResidentSetSize of job (KB)
...
006 (11736969.001.000) 2025-04-23 04:16:48 Image size of job updated: 7509
	7509  -  MemoryUsage of job (MB)
	7689712  -  ResidentSetSize of job (KB)
...
006 (11736969.001.000) 2025-04-23 04:17:49 Image size of job updated: 7540
	7540  -  MemoryUsage of job (MB)
	7721456  -  ResidentSetSize of job (KB)
...
006 (11736969.001.000) 2025-04-23 04:18:49 Image size of job updated: 7569
	7569  -  MemoryUsage of job (MB)
	7751504  -  ResidentSetSize of job (KB)
...
006 (11736969.001.000) 2025-04-23 04:19:50 Image size of job updated: 7600
	7600  -  MemoryUsage of job (MB)
	7782548  -  ResidentSetSize of job (KB)
...
006 (11736969.001.000) 2025-04-23 04:20:50 Image size of job updated: 7657
	7657  -  MemoryUsage of job (MB)
	7840804  -  ResidentSetSize of job (KB)
...
006 (11736969.001.000) 2025-04-23 04:21:51 Image size of job updated: 7691
	7691  -  MemoryUsage of job (MB)
	7876396  -  ResidentSetSize of job (KB)
...
006 (11736969.001.000) 2025-04-23 04:22:51 Image size of job updated: 7722
	7722  -  MemoryUsage of job (MB)
	7907896  -  ResidentSetSize of job (KB)
...
006 (11736969.001.000) 2025-04-23 04:23:53 Image size of job updated: 7753
	7753  -  MemoryUsage of job (MB)
	7939448  -  ResidentSetSize of job (KB)
...
006 (11736969.001.000) 2025-04-23 04:24:53 Image size of job updated: 7784
	7784  -  MemoryUsage of job (MB)
	7971532  -  ResidentSetSize of job (KB)
...
006 (11736969.001.000) 2025-04-23 04:25:54 Image size of job updated: 7808
	7808  -  MemoryUsage of job (MB)
	7996000  -  ResidentSetSize of job (KB)
...
006 (11736969.001.000) 2025-04-23 04:26:54 Image size of job updated: 7840
	7840  -  MemoryUsage of job (MB)
	8028164  -  ResidentSetSize of job (KB)
...
006 (11736969.001.000) 2025-04-23 04:27:55 Image size of job updated: 7900
	7900  -  MemoryUsage of job (MB)
	8089764  -  ResidentSetSize of job (KB)
...
006 (11736969.001.000) 2025-04-23 04:28:56 Image size of job updated: 7930
	7930  -  MemoryUsage of job (MB)
	8121168  -  ResidentSetSize of job (KB)
...
006 (11736969.001.000) 2025-04-23 04:29:56 Image size of job updated: 7961
	7961  -  MemoryUsage of job (MB)
	8152312  -  ResidentSetSize of job (KB)
...
006 (11736969.001.000) 2025-04-23 04:30:56 Image size of job updated: 7991
	7991  -  MemoryUsage of job (MB)
	8183316  -  ResidentSetSize of job (KB)
...
006 (11736969.001.000) 2025-04-23 04:31:57 Image size of job updated: 8021
	8021  -  MemoryUsage of job (MB)
	8214480  -  ResidentSetSize of job (KB)
...
006 (11736969.001.000) 2025-04-23 04:32:57 Image size of job updated: 8052
	8052  -  MemoryUsage of job (MB)
	8246224  -  ResidentSetSize of job (KB)
...
006 (11736969.001.000) 2025-04-23 04:33:57 Image size of job updated: 8082
	8082  -  MemoryUsage of job (MB)
	8276552  -  ResidentSetSize of job (KB)
...
006 (11736969.001.000) 2025-04-23 04:34:58 Image size of job updated: 8111
	8111  -  MemoryUsage of job (MB)
	8306268  -  ResidentSetSize of job (KB)
...
006 (11736969.001.000) 2025-04-23 04:35:59 Image size of job updated: 8142
	8142  -  MemoryUsage of job (MB)
	8337916  -  ResidentSetSize of job (KB)
...
006 (11736969.001.000) 2025-04-23 04:36:59 Image size of job updated: 8190
	8190  -  MemoryUsage of job (MB)
	8386688  -  ResidentSetSize of job (KB)
...
006 (11736969.001.000) 2025-04-23 04:38:01 Image size of job updated: 8191
	8191  -  MemoryUsage of job (MB)
	8387756  -  ResidentSetSize of job (KB)
...
006 (11736969.001.000) 2025-04-23 04:39:01 Image size of job updated: 8192
	8192  -  MemoryUsage of job (MB)
	8388608  -  ResidentSetSize of job (KB)
...
006 (11736969.001.000) 2025-04-23 04:40:01 Image size of job updated: 8192
	8192  -  MemoryUsage of job (MB)
	8388688  -  ResidentSetSize of job (KB)
...
006 (11736969.001.000) 2025-04-23 04:54:06 Image size of job updated: 8192
	8192  -  MemoryUsage of job (MB)
	8388808  -  ResidentSetSize of job (KB)
...
006 (11736969.001.000) 2025-04-23 11:30:32 Image size of job updated: 8192
	8192  -  MemoryUsage of job (MB)
	8388884  -  ResidentSetSize of job (KB)
...
040 (11736969.001.000) 2025-04-23 11:37:12 Finished transferring output files
...
005 (11736969.001.000) 2025-04-23 11:37:13 Job terminated.
	(1) Normal termination (return value 0)
		Usr 0 10:02:16, Sys 0 00:09:44  -  Run Remote Usage
		Usr 0 00:00:00, Sys 0 00:00:00  -  Run Local Usage
		Usr 0 10:02:16, Sys 0 00:09:44  -  Total Remote Usage
		Usr 0 00:00:00, Sys 0 00:00:00  -  Total Local Usage
	0  -  Run Bytes Sent By Job
	775064576  -  Run Bytes Received By Job
	0  -  Total Bytes Sent By Job
	775064576  -  Total Bytes Received By Job
	Partitionable Resources :       Usage  Request Allocated 
	   Cpus                 :        0.01        1         1 
	   Disk (KB)            : 19311731    52428800  52430332 
	   GPUs                 :                              0 
	   Memory (MB)          :     8192        8192      8192 
	   TimeExecute (s)      :    41026                       
	   TimeSlotBusy (s)     :    41065                       

	Job terminated of its own accord at 2025-04-23T16:37:12Z with exit-code 0.
...
