013 (47325991.039.000) 2025-03-11 00:36:37 Job was released.
	via condor_release (by user msahoo)
...
013 (47325991.040.000) 2025-03-11 00:36:38 Job was released.
	via condor_release (by user msahoo)
...
013 (47325991.041.000) 2025-03-11 00:36:38 Job was released.
	via condor_release (by user msahoo)
...
013 (47325991.042.000) 2025-03-11 00:36:38 Job was released.
	via condor_release (by user msahoo)
...
013 (47325991.043.000) 2025-03-11 00:36:38 Job was released.
	via condor_release (by user msahoo)
...
013 (47325991.044.000) 2025-03-11 00:36:38 Job was released.
	via condor_release (by user msahoo)
...
013 (47325991.045.000) 2025-03-11 00:36:38 Job was released.
	via condor_release (by user msahoo)
...
013 (47325991.046.000) 2025-03-11 00:36:38 Job was released.
	via condor_release (by user msahoo)
...
013 (47325991.047.000) 2025-03-11 00:36:38 Job was released.
	via condor_release (by user msahoo)
...
013 (47325991.048.000) 2025-03-11 00:36:38 Job was released.
	via condor_release (by user msahoo)
...
040 (47325991.043.000) 2025-03-11 00:36:50 Started transferring input files
	Seconds spent in queue: 62912
...
040 (47325991.045.000) 2025-03-11 00:36:50 Started transferring input files
	Seconds spent in queue: 62912
...
040 (47325991.044.000) 2025-03-11 00:36:50 Started transferring input files
	Seconds spent in queue: 42256
...
040 (47325991.040.000) 2025-03-11 00:36:50 Started transferring input files
	Seconds spent in queue: 62912
...
040 (47325991.039.000) 2025-03-11 00:36:50 Started transferring input files
	Seconds spent in queue: 62912
...
040 (47325991.041.000) 2025-03-11 00:36:55 Entered queue to transfer input files
	Transferring to host: <131.225.189.180:9618?addrs=[2620-6a-0-8421-f0-0-189-180]-9618+131.225.189.180-9618&alias=cmswn2129.fnal.gov&noUDP&sock=slot1_10_2164_7bd1_52674>
...
040 (47325991.042.000) 2025-03-11 00:36:55 Entered queue to transfer input files
	Transferring to host: <131.225.189.170:9618?addrs=[2620-6a-0-8421-f0-0-189-170]-9618+131.225.189.170-9618&alias=cmswn2121.fnal.gov&noUDP&sock=slot1_7_2325_ec38_64985>
...
040 (47325991.041.000) 2025-03-11 00:36:56 Started transferring input files
	Seconds spent in queue: 1
...
040 (47325991.040.000) 2025-03-11 00:36:56 Finished transferring input files
...
040 (47325991.042.000) 2025-03-11 00:36:56 Started transferring input files
	Seconds spent in queue: 1
...
040 (47325991.039.000) 2025-03-11 00:36:56 Finished transferring input files
...
001 (47325991.040.000) 2025-03-11 00:36:57 Job executing on host: <131.225.188.219:9618?addrs=[2620-6a-0-8421-f0-0-188-219]-9618+131.225.188.219-9618&alias=cmswn2070.fnal.gov&noUDP&sock=startd_2216_91f5>
	SlotName: slot1_3@cmswn2070.fnal.gov
	CondorScratchDir = "/storage/local/data1/condor/execute/dir_3891846"
	Cpus = 1
	Disk = 54833175
	Memory = 8192
...
001 (47325991.039.000) 2025-03-11 00:36:57 Job executing on host: <131.225.189.41:9618?addrs=[2620-6a-0-8421-f0-0-189-41]-9618+131.225.189.41-9618&alias=cmswn2093.fnal.gov&noUDP&sock=startd_2223_5f1f>
	SlotName: slot1_1@cmswn2093.fnal.gov
	CondorScratchDir = "/storage/local/data1/condor/execute/dir_1233669"
	Cpus = 1
	Disk = 54247807
	Memory = 8192
...
040 (47325991.043.000) 2025-03-11 00:36:57 Finished transferring input files
...
001 (47325991.043.000) 2025-03-11 00:36:58 Job executing on host: <131.225.189.228:9618?addrs=[2620-6a-0-8421-f0-0-189-228]-9618+131.225.189.228-9618&alias=cmswn2153.fnal.gov&noUDP&sock=startd_2016_6304>
	SlotName: slot1_1@cmswn2153.fnal.gov
	CondorScratchDir = "/storage/local/data1/condor/execute/dir_3915658"
	Cpus = 1
	Disk = 54988401
	Memory = 8192
...
040 (47325991.044.000) 2025-03-11 00:37:01 Finished transferring input files
...
040 (47325991.045.000) 2025-03-11 00:37:01 Finished transferring input files
...
001 (47325991.044.000) 2025-03-11 00:37:02 Job executing on host: <131.225.189.162:9618?addrs=[2620-6a-0-8421-f0-0-189-162]-9618+131.225.189.162-9618&alias=cmswn2116.fnal.gov&noUDP&sock=startd_2236_49da>
	SlotName: slot1_1@cmswn2116.fnal.gov
	CondorScratchDir = "/storage/local/data1/condor/execute/dir_2838246"
	Cpus = 1
	Disk = 55280349
	Memory = 8192
...
001 (47325991.045.000) 2025-03-11 00:37:02 Job executing on host: <131.225.189.162:9618?addrs=[2620-6a-0-8421-f0-0-189-162]-9618+131.225.189.162-9618&alias=cmswn2116.fnal.gov&noUDP&sock=startd_2236_49da>
	SlotName: slot1_32@cmswn2116.fnal.gov
	CondorScratchDir = "/storage/local/data1/condor/execute/dir_2838247"
	Cpus = 1
	Disk = 55280349
	Memory = 8192
...
040 (47325991.042.000) 2025-03-11 00:37:03 Finished transferring input files
...
001 (47325991.042.000) 2025-03-11 00:37:04 Job executing on host: <131.225.189.170:9618?addrs=[2620-6a-0-8421-f0-0-189-170]-9618+131.225.189.170-9618&alias=cmswn2121.fnal.gov&noUDP&sock=startd_2235_9a42>
	SlotName: slot1_7@cmswn2121.fnal.gov
	CondorScratchDir = "/storage/local/data1/condor/execute/dir_3825193"
	Cpus = 1
	Disk = 55360809
	Memory = 8192
...
006 (47325991.042.000) 2025-03-11 00:37:13 Image size of job updated: 55
	55  -  MemoryUsage of job (MB)
	56920  -  ResidentSetSize of job (KB)
...
040 (47325991.041.000) 2025-03-11 00:37:26 Finished transferring input files
...
001 (47325991.041.000) 2025-03-11 00:37:27 Job executing on host: <131.225.189.180:9618?addrs=[2620-6a-0-8421-f0-0-189-180]-9618+131.225.189.180-9618&alias=cmswn2129.fnal.gov&noUDP&sock=startd_2113_ebb4>
	SlotName: slot1_10@cmswn2129.fnal.gov
	CondorScratchDir = "/storage/local/data1/condor/execute/dir_3822850"
	Cpus = 1
	Disk = 55066196
	Memory = 8192
...
006 (47325991.040.000) 2025-03-11 00:37:46 Image size of job updated: 875
	875  -  MemoryUsage of job (MB)
	896736  -  ResidentSetSize of job (KB)
...
040 (47325991.040.000) 2025-03-11 00:37:46 Started transferring output files
	Seconds spent in queue: 62968
...
040 (47325991.040.000) 2025-03-11 00:37:46 Finished transferring output files
...
006 (47325991.045.000) 2025-03-11 00:37:46 Image size of job updated: 744
	744  -  MemoryUsage of job (MB)
	762668  -  ResidentSetSize of job (KB)
...
040 (47325991.045.000) 2025-03-11 00:37:46 Started transferring output files
	Seconds spent in queue: 62968
...
040 (47325991.045.000) 2025-03-11 00:37:46 Finished transferring output files
...
006 (47325991.044.000) 2025-03-11 00:37:47 Image size of job updated: 647
	647  -  MemoryUsage of job (MB)
	663132  -  ResidentSetSize of job (KB)
...
040 (47325991.044.000) 2025-03-11 00:37:47 Started transferring output files
	Seconds spent in queue: 42313
...
040 (47325991.044.000) 2025-03-11 00:37:47 Finished transferring output files
...
005 (47325991.045.000) 2025-03-11 00:37:47 Job terminated.
	(1) Normal termination (return value 1)
		Usr 0 00:00:00, Sys 0 00:00:00  -  Run Remote Usage
		Usr 0 00:00:00, Sys 0 00:00:00  -  Run Local Usage
		Usr 0 00:00:00, Sys 0 00:00:00  -  Total Remote Usage
		Usr 0 00:00:00, Sys 0 00:00:00  -  Total Local Usage
	10555  -  Run Bytes Sent By Job
	607165120  -  Run Bytes Received By Job
	10555  -  Total Bytes Sent By Job
	3751707008  -  Total Bytes Received By Job
	Partitionable Resources :     Usage  Request Allocated 
	   Cpus                 :      0.36        1         1 
	   Disk (KB)            : 593735    52428800  55280349 
	   Memory (MB)          :    744        8192      8192 
	   TimeExecute (s)      :     44                       
	   TimeSlotBusy (s)     :     59                       

	Job terminated of its own accord at 2025-03-11T05:37:46Z with exit-code 1.
...
005 (47325991.044.000) 2025-03-11 00:37:47 Job terminated.
	(1) Normal termination (return value 1)
		Usr 0 00:00:21, Sys 0 00:00:04  -  Run Remote Usage
		Usr 0 00:00:00, Sys 0 00:00:00  -  Run Local Usage
		Usr 0 00:00:21, Sys 0 00:00:04  -  Total Remote Usage
		Usr 0 00:00:00, Sys 0 00:00:00  -  Total Local Usage
	10549  -  Run Bytes Sent By Job
	607165120  -  Run Bytes Received By Job
	10549  -  Total Bytes Sent By Job
	3751720832  -  Total Bytes Received By Job
	Partitionable Resources :     Usage  Request Allocated 
	   Cpus                 :      0.34        1         1 
	   Disk (KB)            : 593735    52428800  55280349 
	   Memory (MB)          :    647        8192      8192 
	   TimeExecute (s)      :     45                       
	   TimeSlotBusy (s)     :     59                       

	Job terminated of its own accord at 2025-03-11T05:37:47Z with exit-code 1.
...
005 (47325991.040.000) 2025-03-11 00:37:47 Job terminated.
	(1) Normal termination (return value 1)
		Usr 0 00:00:00, Sys 0 00:00:00  -  Run Remote Usage
		Usr 0 00:00:00, Sys 0 00:00:00  -  Run Local Usage
		Usr 0 00:00:00, Sys 0 00:00:00  -  Total Remote Usage
		Usr 0 00:00:00, Sys 0 00:00:00  -  Total Local Usage
	10543  -  Run Bytes Sent By Job
	607163072  -  Run Bytes Received By Job
	10543  -  Total Bytes Sent By Job
	3751703296  -  Total Bytes Received By Job
	Partitionable Resources :    Usage  Request Allocated 
	   Cpus                 :        0        1         1 
	   Disk (KB)            :   593735 52428800  54833175 
	   Memory (MB)          :      875     8192      8192 
	   TimeExecute (s)      :       49                    
	   TimeSlotBusy (s)     :       60                    

	Job terminated of its own accord at 2025-03-11T05:37:46Z with exit-code 1.
...
040 (47325991.046.000) 2025-03-11 00:37:48 Started transferring input files
	Seconds spent in queue: 62969
...
040 (47325991.047.000) 2025-03-11 00:37:48 Started transferring input files
	Seconds spent in queue: 62969
...
040 (47325991.048.000) 2025-03-11 00:37:48 Started transferring input files
	Seconds spent in queue: 62969
...
006 (47325991.039.000) 2025-03-11 00:37:52 Image size of job updated: 1082
	1082  -  MemoryUsage of job (MB)
	1108980  -  ResidentSetSize of job (KB)
...
040 (47325991.039.000) 2025-03-11 00:37:52 Started transferring output files
	Seconds spent in queue: 62974
...
040 (47325991.039.000) 2025-03-11 00:37:52 Finished transferring output files
...
040 (47325991.048.000) 2025-03-11 00:37:54 Finished transferring input files
...
005 (47325991.039.000) 2025-03-11 00:37:55 Job terminated.
	(1) Normal termination (return value 1)
		Usr 0 00:00:00, Sys 0 00:00:00  -  Run Remote Usage
		Usr 0 00:00:00, Sys 0 00:00:00  -  Run Local Usage
		Usr 0 00:00:00, Sys 0 00:00:00  -  Total Remote Usage
		Usr 0 00:00:00, Sys 0 00:00:00  -  Total Local Usage
	10457  -  Run Bytes Sent By Job
	607163072  -  Run Bytes Received By Job
	10457  -  Total Bytes Sent By Job
	3751702464  -  Total Bytes Received By Job
	Partitionable Resources :     Usage  Request Allocated 
	   Cpus                 :      0.00        1         1 
	   Disk (KB)            : 593733    52428800  54247807 
	   Memory (MB)          :   1082        8192      8192 
	   TimeExecute (s)      :     55                       
	   TimeSlotBusy (s)     :     68                       

	Job terminated of its own accord at 2025-03-11T05:37:52Z with exit-code 1.
...
001 (47325991.048.000) 2025-03-11 00:37:55 Job executing on host: <131.225.188.219:9618?addrs=[2620-6a-0-8421-f0-0-188-219]-9618+131.225.188.219-9618&alias=cmswn2070.fnal.gov&noUDP&sock=startd_2216_91f5>
	SlotName: slot1_3@cmswn2070.fnal.gov
	CondorScratchDir = "/storage/local/data1/condor/execute/dir_3895123"
	Cpus = 1
	Disk = 54833175
	Memory = 8192
...
040 (47325991.046.000) 2025-03-11 00:37:58 Finished transferring input files
...
040 (47325991.047.000) 2025-03-11 00:37:59 Finished transferring input files
...
001 (47325991.046.000) 2025-03-11 00:37:59 Job executing on host: <131.225.189.162:9618?addrs=[2620-6a-0-8421-f0-0-189-162]-9618+131.225.189.162-9618&alias=cmswn2116.fnal.gov&noUDP&sock=startd_2236_49da>
	SlotName: slot1_32@cmswn2116.fnal.gov
	CondorScratchDir = "/storage/local/data1/condor/execute/dir_2841622"
	Cpus = 1
	Disk = 55280349
	Memory = 8192
...
001 (47325991.047.000) 2025-03-11 00:38:00 Job executing on host: <131.225.189.162:9618?addrs=[2620-6a-0-8421-f0-0-189-162]-9618+131.225.189.162-9618&alias=cmswn2116.fnal.gov&noUDP&sock=startd_2236_49da>
	SlotName: slot1_1@cmswn2116.fnal.gov
	CondorScratchDir = "/storage/local/data1/condor/execute/dir_2841624"
	Cpus = 1
	Disk = 55280349
	Memory = 8192
...
006 (47325991.042.000) 2025-03-11 00:38:05 Image size of job updated: 1039
	1039  -  MemoryUsage of job (MB)
	1064244  -  ResidentSetSize of job (KB)
...
040 (47325991.042.000) 2025-03-11 00:38:05 Started transferring output files
	Seconds spent in queue: 70
...
040 (47325991.042.000) 2025-03-11 00:38:05 Finished transferring output files
...
006 (47325991.043.000) 2025-03-11 00:38:06 Image size of job updated: 92
	92  -  MemoryUsage of job (MB)
	95012  -  ResidentSetSize of job (KB)
...
005 (47325991.042.000) 2025-03-11 00:38:09 Job terminated.
	(1) Normal termination (return value 1)
		Usr 0 00:00:00, Sys 0 00:00:00  -  Run Remote Usage
		Usr 0 00:00:00, Sys 0 00:00:00  -  Run Local Usage
		Usr 0 00:00:00, Sys 0 00:00:00  -  Total Remote Usage
		Usr 0 00:00:00, Sys 0 00:00:00  -  Total Local Usage
	10549  -  Run Bytes Sent By Job
	607165312  -  Run Bytes Received By Job
	10549  -  Total Bytes Sent By Job
	3751716992  -  Total Bytes Received By Job
	Partitionable Resources :     Usage  Request Allocated 
	   Cpus                 :      0.00        1         1 
	   Disk (KB)            : 593736    52428800  55360809 
	   Memory (MB)          :   1039        8192      8192 
	   TimeExecute (s)      :     61                       
	   TimeSlotBusy (s)     :     82                       

	Job terminated of its own accord at 2025-03-11T05:38:05Z with exit-code 1.
...
006 (47325991.048.000) 2025-03-11 00:38:11 Image size of job updated: 46
	46  -  MemoryUsage of job (MB)
	47332  -  ResidentSetSize of job (KB)
...
040 (47325991.048.000) 2025-03-11 00:38:11 Started transferring output files
	Seconds spent in queue: 62992
...
040 (47325991.048.000) 2025-03-11 00:38:11 Finished transferring output files
...
005 (47325991.048.000) 2025-03-11 00:38:11 Job terminated.
	(1) Normal termination (return value 1)
		Usr 0 00:00:01, Sys 0 00:00:00  -  Run Remote Usage
		Usr 0 00:00:00, Sys 0 00:00:00  -  Run Local Usage
		Usr 0 00:00:01, Sys 0 00:00:00  -  Total Remote Usage
		Usr 0 00:00:00, Sys 0 00:00:00  -  Total Local Usage
	4457  -  Run Bytes Sent By Job
	607194176  -  Run Bytes Received By Job
	4457  -  Total Bytes Sent By Job
	3751748096  -  Total Bytes Received By Job
	Partitionable Resources :    Usage  Request Allocated 
	   Cpus                 :        0        1         1 
	   Disk (KB)            :   593760 52428800  54833175 
	   Memory (MB)          :       46     8192      8192 
	   TimeExecute (s)      :       16                    
	   TimeSlotBusy (s)     :       23                    

	Job terminated of its own accord at 2025-03-11T05:38:11Z with exit-code 1.
...
006 (47325991.041.000) 2025-03-11 00:38:37 Image size of job updated: 255
	255  -  MemoryUsage of job (MB)
	261216  -  ResidentSetSize of job (KB)
...
006 (47325991.046.000) 2025-03-11 00:38:38 Image size of job updated: 310
	310  -  MemoryUsage of job (MB)
	317596  -  ResidentSetSize of job (KB)
...
040 (47325991.046.000) 2025-03-11 00:38:38 Started transferring output files
	Seconds spent in queue: 63019
...
040 (47325991.046.000) 2025-03-11 00:38:38 Finished transferring output files
...
005 (47325991.046.000) 2025-03-11 00:38:38 Job terminated.
	(1) Normal termination (return value 1)
		Usr 0 00:00:20, Sys 0 00:00:03  -  Run Remote Usage
		Usr 0 00:00:00, Sys 0 00:00:00  -  Run Local Usage
		Usr 0 00:00:20, Sys 0 00:00:03  -  Total Remote Usage
		Usr 0 00:00:00, Sys 0 00:00:00  -  Total Local Usage
	10801  -  Run Bytes Sent By Job
	607195520  -  Run Bytes Received By Job
	10801  -  Total Bytes Sent By Job
	3751747072  -  Total Bytes Received By Job
	Partitionable Resources :    Usage  Request Allocated 
	   Cpus                 :        0        1         1 
	   Disk (KB)            :   593765 52428800  55280349 
	   Memory (MB)          :      310     8192      8192 
	   TimeExecute (s)      :       39                    
	   TimeSlotBusy (s)     :       50                    

	Job terminated of its own accord at 2025-03-11T05:38:38Z with exit-code 1.
...
006 (47325991.047.000) 2025-03-11 00:38:41 Image size of job updated: 515
	515  -  MemoryUsage of job (MB)
	527432  -  ResidentSetSize of job (KB)
...
040 (47325991.047.000) 2025-03-11 00:38:41 Started transferring output files
	Seconds spent in queue: 63022
...
040 (47325991.047.000) 2025-03-11 00:38:41 Finished transferring output files
...
005 (47325991.047.000) 2025-03-11 00:38:41 Job terminated.
	(1) Normal termination (return value 1)
		Usr 0 00:00:20, Sys 0 00:00:03  -  Run Remote Usage
		Usr 0 00:00:00, Sys 0 00:00:00  -  Run Local Usage
		Usr 0 00:00:20, Sys 0 00:00:03  -  Total Remote Usage
		Usr 0 00:00:00, Sys 0 00:00:00  -  Total Local Usage
	10795  -  Run Bytes Sent By Job
	607195520  -  Run Bytes Received By Job
	10795  -  Total Bytes Sent By Job
	3751742912  -  Total Bytes Received By Job
	Partitionable Resources :     Usage  Request Allocated 
	   Cpus                 :      0.00        1         1 
	   Disk (KB)            : 593765    52428800  55280349 
	   Memory (MB)          :    515        8192      8192 
	   TimeExecute (s)      :     41                       
	   TimeSlotBusy (s)     :     53                       

	Job terminated of its own accord at 2025-03-11T05:38:41Z with exit-code 1.
...
006 (47325991.043.000) 2025-03-11 00:39:07 Image size of job updated: 332
	332  -  MemoryUsage of job (MB)
	340972  -  ResidentSetSize of job (KB)
...
006 (47325991.041.000) 2025-03-11 00:39:34 Image size of job updated: 910
	910  -  MemoryUsage of job (MB)
	932224  -  ResidentSetSize of job (KB)
...
040 (47325991.041.000) 2025-03-11 00:39:34 Started transferring output files
	Seconds spent in queue: 159
...
040 (47325991.041.000) 2025-03-11 00:39:34 Finished transferring output files
...
005 (47325991.041.000) 2025-03-11 00:39:35 Job terminated.
	(1) Normal termination (return value 1)
		Usr 0 00:00:24, Sys 0 00:00:04  -  Run Remote Usage
		Usr 0 00:00:00, Sys 0 00:00:00  -  Run Local Usage
		Usr 0 00:00:24, Sys 0 00:00:04  -  Total Remote Usage
		Usr 0 00:00:00, Sys 0 00:00:00  -  Total Local Usage
	10549  -  Run Bytes Sent By Job
	607166592  -  Run Bytes Received By Job
	10549  -  Total Bytes Sent By Job
	3751712064  -  Total Bytes Received By Job
	Partitionable Resources :     Usage  Request Allocated 
	   Cpus                 :      0.00        1         1 
	   Disk (KB)            : 593735    52428800  55066196 
	   Memory (MB)          :    910        8192      8192 
	   TimeExecute (s)      :    127                       
	   TimeSlotBusy (s)     :    168                       

	Job terminated of its own accord at 2025-03-11T05:39:34Z with exit-code 1.
...
006 (47325991.043.000) 2025-03-11 00:40:08 Image size of job updated: 760
	760  -  MemoryUsage of job (MB)
	779072  -  ResidentSetSize of job (KB)
...
006 (47325991.043.000) 2025-03-11 00:40:52 Image size of job updated: 1016
	1016  -  MemoryUsage of job (MB)
	1040460  -  ResidentSetSize of job (KB)
...
040 (47325991.043.000) 2025-03-11 00:40:52 Started transferring output files
	Seconds spent in queue: 63154
...
040 (47325991.043.000) 2025-03-11 00:40:52 Finished transferring output files
...
005 (47325991.043.000) 2025-03-11 00:40:54 Job terminated.
	(1) Normal termination (return value 1)
		Usr 0 00:00:11, Sys 0 00:00:02  -  Run Remote Usage
		Usr 0 00:00:00, Sys 0 00:00:00  -  Run Local Usage
		Usr 0 00:00:11, Sys 0 00:00:02  -  Total Remote Usage
		Usr 0 00:00:00, Sys 0 00:00:00  -  Total Local Usage
	10549  -  Run Bytes Sent By Job
	607163584  -  Run Bytes Received By Job
	10549  -  Total Bytes Sent By Job
	3751712960  -  Total Bytes Received By Job
	Partitionable Resources :     Usage  Request Allocated 
	   Cpus                 :      0.00        1         1 
	   Disk (KB)            : 593732    52428800  54988401 
	   Memory (MB)          :   1016        8192      8192 
	   TimeExecute (s)      :    234                       
	   TimeSlotBusy (s)     :    247                       

	Job terminated of its own accord at 2025-03-11T05:40:52Z with exit-code 1.
...
