000 (50709593.000.000) 2025-03-17 07:38:18 Job submitted from host: <131.225.204.62:9618?addrs=131.225.204.62-9618+[2620-6a-0-8420-f0-0-204-62]-9618&alias=lpcschedd5.fnal.gov&noUDP&sock=schedd_2457_e048>
...
000 (50709593.001.000) 2025-03-17 07:38:18 Job submitted from host: <131.225.204.62:9618?addrs=131.225.204.62-9618+[2620-6a-0-8420-f0-0-204-62]-9618&alias=lpcschedd5.fnal.gov&noUDP&sock=schedd_2457_e048>
...
000 (50709593.002.000) 2025-03-17 07:38:18 Job submitted from host: <131.225.204.62:9618?addrs=131.225.204.62-9618+[2620-6a-0-8420-f0-0-204-62]-9618&alias=lpcschedd5.fnal.gov&noUDP&sock=schedd_2457_e048>
...
000 (50709593.003.000) 2025-03-17 07:38:18 Job submitted from host: <131.225.204.62:9618?addrs=131.225.204.62-9618+[2620-6a-0-8420-f0-0-204-62]-9618&alias=lpcschedd5.fnal.gov&noUDP&sock=schedd_2457_e048>
...
000 (50709593.004.000) 2025-03-17 07:38:18 Job submitted from host: <131.225.204.62:9618?addrs=131.225.204.62-9618+[2620-6a-0-8420-f0-0-204-62]-9618&alias=lpcschedd5.fnal.gov&noUDP&sock=schedd_2457_e048>
...
040 (50709593.002.000) 2025-03-17 07:38:41 Started transferring input files
	Transferring to host: <131.225.188.241:9618?addrs=[2620-6a-0-8421-f0-0-188-241]-9618+131.225.188.241-9618&alias=cmswn2073.fnal.gov&noUDP&sock=slot1_21_2587_8682_18732>
...
040 (50709593.001.000) 2025-03-17 07:38:41 Started transferring input files
	Transferring to host: <131.225.189.162:9618?addrs=[2620-6a-0-8421-f0-0-189-162]-9618+131.225.189.162-9618&alias=cmswn2116.fnal.gov&noUDP&sock=slot1_9_2340_7dd8_2397>
...
040 (50709593.003.000) 2025-03-17 07:38:41 Started transferring input files
	Transferring to host: <131.225.189.226:9618?addrs=[2620-6a-0-8421-f0-0-189-226]-9618+131.225.189.226-9618&alias=cmswn2151.fnal.gov&noUDP&sock=slot1_2_2654_bba5_16970>
...
040 (50709593.004.000) 2025-03-17 07:38:41 Started transferring input files
	Transferring to host: <131.225.189.226:9618?addrs=[2620-6a-0-8421-f0-0-189-226]-9618+131.225.189.226-9618&alias=cmswn2151.fnal.gov&noUDP&sock=slot1_23_2654_bba5_16971>
...
040 (50709593.000.000) 2025-03-17 07:38:46 Started transferring input files
	Transferring to host: <131.225.188.14:9618?addrs=[2620-6a-0-8421-f0-0-188-14]-9618+131.225.188.14-9618&alias=cmswn2019.fnal.gov&noUDP&sock=slot1_3_2247_f6f4_10015>
...
040 (50709593.004.000) 2025-03-17 07:38:59 Finished transferring input files
...
040 (50709593.003.000) 2025-03-17 07:38:59 Finished transferring input files
...
001 (50709593.004.000) 2025-03-17 07:39:00 Job executing on host: <131.225.189.226:9618?addrs=[2620-6a-0-8421-f0-0-189-226]-9618+131.225.189.226-9618&alias=cmswn2151.fnal.gov&noUDP&sock=startd_2223_5f1f>
	SlotName: slot1_23@cmswn2151.fnal.gov
	CondorScratchDir = "/storage/local/data1/condor/execute/dir_1485912"
	Cpus = 1
	Disk = 55265873
	Memory = 8192
...
001 (50709593.003.000) 2025-03-17 07:39:00 Job executing on host: <131.225.189.226:9618?addrs=[2620-6a-0-8421-f0-0-189-226]-9618+131.225.189.226-9618&alias=cmswn2151.fnal.gov&noUDP&sock=startd_2223_5f1f>
	SlotName: slot1_2@cmswn2151.fnal.gov
	CondorScratchDir = "/storage/local/data1/condor/execute/dir_1485911"
	Cpus = 1
	Disk = 55265873
	Memory = 8192
...
040 (50709593.002.000) 2025-03-17 07:39:08 Finished transferring input files
...
001 (50709593.002.000) 2025-03-17 07:39:09 Job executing on host: <131.225.188.241:9618?addrs=[2620-6a-0-8421-f0-0-188-241]-9618+131.225.188.241-9618&alias=cmswn2073.fnal.gov&noUDP&sock=startd_2185_4e86>
	SlotName: slot1_21@cmswn2073.fnal.gov
	CondorScratchDir = "/storage/local/data1/condor/execute/dir_1820361"
	Cpus = 1
	Disk = 54663794
	Memory = 8192
...
040 (50709593.001.000) 2025-03-17 07:39:26 Finished transferring input files
...
001 (50709593.001.000) 2025-03-17 07:39:27 Job executing on host: <131.225.189.162:9618?addrs=[2620-6a-0-8421-f0-0-189-162]-9618+131.225.189.162-9618&alias=cmswn2116.fnal.gov&noUDP&sock=startd_2245_7634>
	SlotName: slot1_9@cmswn2116.fnal.gov
	CondorScratchDir = "/storage/local/data1/condor/execute/dir_1678848"
	Cpus = 1
	Disk = 55319796
	Memory = 8192
...
006 (50709593.001.000) 2025-03-17 07:39:37 Image size of job updated: 50
	50  -  MemoryUsage of job (MB)
	52200  -  ResidentSetSize of job (KB)
...
006 (50709593.004.000) 2025-03-17 07:40:08 Image size of job updated: 63
	63  -  MemoryUsage of job (MB)
	64672  -  ResidentSetSize of job (KB)
...
006 (50709593.003.000) 2025-03-17 07:40:08 Image size of job updated: 42
	42  -  MemoryUsage of job (MB)
	43892  -  ResidentSetSize of job (KB)
...
040 (50709593.004.000) 2025-03-17 07:40:13 Started transferring output files
...
040 (50709593.004.000) 2025-03-17 07:40:13 Finished transferring output files
...
005 (50709593.004.000) 2025-03-17 07:40:14 Job terminated.
	(1) Normal termination (return value 1)
		Usr 0 00:00:00, Sys 0 00:00:00  -  Run Remote Usage
		Usr 0 00:00:00, Sys 0 00:00:00  -  Run Local Usage
		Usr 0 00:00:00, Sys 0 00:00:00  -  Total Remote Usage
		Usr 0 00:00:00, Sys 0 00:00:00  -  Total Local Usage
	4895  -  Run Bytes Sent By Job
	800760128  -  Run Bytes Received By Job
	4895  -  Total Bytes Sent By Job
	800760128  -  Total Bytes Received By Job
	Partitionable Resources :     Usage  Request Allocated 
	   Cpus                 :      0.01        1         1 
	   Disk (KB)            : 782782    52428800  55265873 
	   Memory (MB)          :     63        8192      8192 
	   TimeExecute (s)      :     73                       
	   TimeSlotBusy (s)     :     93                       

	Job terminated of its own accord at 2025-03-17T12:40:13Z with exit-code 1.
...
006 (50709593.002.000) 2025-03-17 07:40:19 Image size of job updated: 52
	52  -  MemoryUsage of job (MB)
	54036  -  ResidentSetSize of job (KB)
...
040 (50709593.000.000) 2025-03-17 07:40:30 Finished transferring input files
...
001 (50709593.000.000) 2025-03-17 07:40:31 Job executing on host: <131.225.188.14:9618?addrs=[2620-6a-0-8421-f0-0-188-14]-9618+131.225.188.14-9618&alias=cmswn2019.fnal.gov&noUDP&sock=startd_2168_a56a>
	SlotName: slot1_3@cmswn2019.fnal.gov
	CondorScratchDir = "/storage/local/data1/condor/execute/dir_2328425"
	Cpus = 1
	Disk = 54094910
	Memory = 8192
...
006 (50709593.001.000) 2025-03-17 07:40:37 Image size of job updated: 561
	561  -  MemoryUsage of job (MB)
	575188  -  ResidentSetSize of job (KB)
...
006 (50709593.003.000) 2025-03-17 07:41:09 Image size of job updated: 883
	883  -  MemoryUsage of job (MB)
	904736  -  ResidentSetSize of job (KB)
...
006 (50709593.002.000) 2025-03-17 07:41:19 Image size of job updated: 556
	556  -  MemoryUsage of job (MB)
	569936  -  ResidentSetSize of job (KB)
...
006 (50709593.003.000) 2025-03-17 07:42:09 Image size of job updated: 885
	885  -  MemoryUsage of job (MB)
	906464  -  ResidentSetSize of job (KB)
...
006 (50709593.002.000) 2025-03-17 07:42:20 Image size of job updated: 906
	906  -  MemoryUsage of job (MB)
	928248  -  ResidentSetSize of job (KB)
...
006 (50709593.000.000) 2025-03-17 07:42:43 Image size of job updated: 74
	74  -  MemoryUsage of job (MB)
	76412  -  ResidentSetSize of job (KB)
...
006 (50709593.003.000) 2025-03-17 07:43:09 Image size of job updated: 946
	946  -  MemoryUsage of job (MB)
	969632  -  ResidentSetSize of job (KB)
...
006 (50709593.002.000) 2025-03-17 07:43:20 Image size of job updated: 956
	956  -  MemoryUsage of job (MB)
	979860  -  ResidentSetSize of job (KB)
...
006 (50709593.000.000) 2025-03-17 07:43:44 Image size of job updated: 102
	102  -  MemoryUsage of job (MB)
	105160  -  ResidentSetSize of job (KB)
...
006 (50709593.003.000) 2025-03-17 07:44:09 Image size of job updated: 954
	954  -  MemoryUsage of job (MB)
	977172  -  ResidentSetSize of job (KB)
...
006 (50709593.002.000) 2025-03-17 07:44:20 Image size of job updated: 984
	984  -  MemoryUsage of job (MB)
	1008348  -  ResidentSetSize of job (KB)
...
006 (50709593.000.000) 2025-03-17 07:44:45 Image size of job updated: 550
	550  -  MemoryUsage of job (MB)
	563768  -  ResidentSetSize of job (KB)
...
006 (50709593.003.000) 2025-03-17 07:45:09 Image size of job updated: 960
	960  -  MemoryUsage of job (MB)
	983884  -  ResidentSetSize of job (KB)
...
006 (50709593.002.000) 2025-03-17 07:45:20 Image size of job updated: 1230
	1230  -  MemoryUsage of job (MB)
	1260244  -  ResidentSetSize of job (KB)
...
006 (50709593.001.000) 2025-03-17 07:45:39 Image size of job updated: 919
	919  -  MemoryUsage of job (MB)
	942008  -  ResidentSetSize of job (KB)
...
006 (50709593.003.000) 2025-03-17 07:46:10 Image size of job updated: 968
	968  -  MemoryUsage of job (MB)
	991756  -  ResidentSetSize of job (KB)
...
006 (50709593.002.000) 2025-03-17 07:46:20 Image size of job updated: 1259
	1259  -  MemoryUsage of job (MB)
	1289836  -  ResidentSetSize of job (KB)
...
006 (50709593.001.000) 2025-03-17 07:46:40 Image size of job updated: 930
	930  -  MemoryUsage of job (MB)
	953156  -  ResidentSetSize of job (KB)
...
006 (50709593.003.000) 2025-03-17 07:47:10 Image size of job updated: 1067
	1067  -  MemoryUsage of job (MB)
	1092968  -  ResidentSetSize of job (KB)
...
006 (50709593.002.000) 2025-03-17 07:47:20 Image size of job updated: 1288
	1288  -  MemoryUsage of job (MB)
	1319420  -  ResidentSetSize of job (KB)
...
006 (50709593.003.000) 2025-03-17 07:48:12 Image size of job updated: 1072
	1072  -  MemoryUsage of job (MB)
	1097896  -  ResidentSetSize of job (KB)
...
006 (50709593.002.000) 2025-03-17 07:48:20 Image size of job updated: 1317
	1317  -  MemoryUsage of job (MB)
	1349444  -  ResidentSetSize of job (KB)
...
006 (50709593.003.000) 2025-03-17 07:49:12 Image size of job updated: 1072
	1072  -  MemoryUsage of job (MB)
	1098648  -  ResidentSetSize of job (KB)
...
006 (50709593.000.000) 2025-03-17 07:49:46 Image size of job updated: 843
	843  -  MemoryUsage of job (MB)
	864176  -  ResidentSetSize of job (KB)
...
006 (50709593.000.000) 2025-03-17 07:50:47 Image size of job updated: 854
	854  -  MemoryUsage of job (MB)
	874696  -  ResidentSetSize of job (KB)
...
006 (50709593.000.000) 2025-03-17 07:51:48 Image size of job updated: 905
	905  -  MemoryUsage of job (MB)
	927320  -  ResidentSetSize of job (KB)
...
006 (50709593.000.000) 2025-03-17 07:52:48 Image size of job updated: 910
	910  -  MemoryUsage of job (MB)
	932340  -  ResidentSetSize of job (KB)
...
006 (50709593.000.000) 2025-03-17 07:53:48 Image size of job updated: 915
	915  -  MemoryUsage of job (MB)
	937288  -  ResidentSetSize of job (KB)
...
040 (50709593.002.000) 2025-03-17 07:54:11 Started transferring output files
...
040 (50709593.002.000) 2025-03-17 07:54:11 Finished transferring output files
...
005 (50709593.002.000) 2025-03-17 07:54:12 Job terminated.
	(1) Normal termination (return value 1)
		Usr 0 00:08:50, Sys 0 00:00:10  -  Run Remote Usage
		Usr 0 00:00:00, Sys 0 00:00:00  -  Run Local Usage
		Usr 0 00:08:50, Sys 0 00:00:10  -  Total Remote Usage
		Usr 0 00:00:00, Sys 0 00:00:00  -  Total Local Usage
	17769  -  Run Bytes Sent By Job
	800760128  -  Run Bytes Received By Job
	17769  -  Total Bytes Sent By Job
	800760128  -  Total Bytes Received By Job
	Partitionable Resources :      Usage  Request Allocated 
	   Cpus                 :       0.00        1         1 
	   Disk (KB)            : 1157735    52428800  54663794 
	   Memory (MB)          :    1317        8192      8192 
	   TimeExecute (s)      :     902                       
	   TimeSlotBusy (s)     :     930                       

	Job terminated of its own accord at 2025-03-17T12:54:11Z with exit-code 1.
...
006 (50709593.000.000) 2025-03-17 07:54:48 Image size of job updated: 920
	920  -  MemoryUsage of job (MB)
	942964  -  ResidentSetSize of job (KB)
...
006 (50709593.000.000) 2025-03-17 07:55:48 Image size of job updated: 926
	926  -  MemoryUsage of job (MB)
	948520  -  ResidentSetSize of job (KB)
...
040 (50709593.001.000) 2025-03-17 07:56:43 Started transferring output files
...
040 (50709593.001.000) 2025-03-17 07:56:43 Finished transferring output files
...
005 (50709593.001.000) 2025-03-17 07:56:43 Job terminated.
	(1) Normal termination (return value 1)
		Usr 0 00:03:16, Sys 0 00:00:08  -  Run Remote Usage
		Usr 0 00:00:00, Sys 0 00:00:00  -  Run Local Usage
		Usr 0 00:03:16, Sys 0 00:00:08  -  Total Remote Usage
		Usr 0 00:00:00, Sys 0 00:00:00  -  Total Local Usage
	17793  -  Run Bytes Sent By Job
	800761024  -  Run Bytes Received By Job
	17793  -  Total Bytes Sent By Job
	800761024  -  Total Bytes Received By Job
	Partitionable Resources :    Usage  Request Allocated 
	   Cpus                 :        0        1         1 
	   Disk (KB)            :   812611 52428800  55319796 
	   Memory (MB)          :      930     8192      8192 
	   TimeExecute (s)      :     1036                    
	   TimeSlotBusy (s)     :     1082                    

	Job terminated of its own accord at 2025-03-17T12:56:43Z with exit-code 1.
...
006 (50709593.000.000) 2025-03-17 07:56:48 Image size of job updated: 931
	931  -  MemoryUsage of job (MB)
	953756  -  ResidentSetSize of job (KB)
...
006 (50709593.000.000) 2025-03-17 07:57:48 Image size of job updated: 1026
	1026  -  MemoryUsage of job (MB)
	1051244  -  ResidentSetSize of job (KB)
...
006 (50709593.000.000) 2025-03-17 07:58:48 Image size of job updated: 1028
	1028  -  MemoryUsage of job (MB)
	1052824  -  ResidentSetSize of job (KB)
...
006 (50709593.000.000) 2025-03-17 07:59:51 Image size of job updated: 1029
	1029  -  MemoryUsage of job (MB)
	1053908  -  ResidentSetSize of job (KB)
...
040 (50709593.000.000) 2025-03-17 08:03:04 Started transferring output files
...
040 (50709593.000.000) 2025-03-17 08:03:04 Finished transferring output files
...
005 (50709593.000.000) 2025-03-17 08:03:05 Job terminated.
	(1) Normal termination (return value 1)
		Usr 0 00:02:39, Sys 0 00:00:12  -  Run Remote Usage
		Usr 0 00:00:00, Sys 0 00:00:00  -  Run Local Usage
		Usr 0 00:02:39, Sys 0 00:00:12  -  Total Remote Usage
		Usr 0 00:00:00, Sys 0 00:00:00  -  Total Local Usage
	17793  -  Run Bytes Sent By Job
	800762048  -  Run Bytes Received By Job
	17793  -  Total Bytes Sent By Job
	800762048  -  Total Bytes Received By Job
	Partitionable Resources :    Usage  Request Allocated 
	   Cpus                 :        0        1         1 
	   Disk (KB)            :   812612 52428800  54094910 
	   Memory (MB)          :     1029     8192      8192 
	   TimeExecute (s)      :     1353                    
	   TimeSlotBusy (s)     :     1464                    

	Job terminated of its own accord at 2025-03-17T13:03:04Z with exit-code 1.
...
040 (50709593.003.000) 2025-03-17 08:08:30 Started transferring output files
...
040 (50709593.003.000) 2025-03-17 08:08:30 Finished transferring output files
...
005 (50709593.003.000) 2025-03-17 08:08:31 Job terminated.
	(1) Normal termination (return value 1)
		Usr 0 00:06:44, Sys 0 00:00:14  -  Run Remote Usage
		Usr 0 00:00:00, Sys 0 00:00:00  -  Run Local Usage
		Usr 0 00:06:44, Sys 0 00:00:14  -  Total Remote Usage
		Usr 0 00:00:00, Sys 0 00:00:00  -  Total Local Usage
	17817  -  Run Bytes Sent By Job
	800760128  -  Run Bytes Received By Job
	17817  -  Total Bytes Sent By Job
	800760128  -  Total Bytes Received By Job
	Partitionable Resources :    Usage  Request Allocated 
	   Cpus                 :        0        1         1 
	   Disk (KB)            :   958822 52428800  55265873 
	   Memory (MB)          :     1072     8192      8192 
	   TimeExecute (s)      :     1770                    
	   TimeSlotBusy (s)     :     1790                    

	Job terminated of its own accord at 2025-03-17T13:08:30Z with exit-code 1.
...
