000 (52790072.000.000) 2025-04-09 23:55:23 Job submitted from host: <131.225.204.62:9618?addrs=131.225.204.62-9618+[2620-6a-0-8420-f0-0-204-62]-9618&alias=lpcschedd5.fnal.gov&noUDP&sock=schedd_2241_b7d3>
...
000 (52790072.001.000) 2025-04-09 23:55:23 Job submitted from host: <131.225.204.62:9618?addrs=131.225.204.62-9618+[2620-6a-0-8420-f0-0-204-62]-9618&alias=lpcschedd5.fnal.gov&noUDP&sock=schedd_2241_b7d3>
...
000 (52790072.002.000) 2025-04-09 23:55:23 Job submitted from host: <131.225.204.62:9618?addrs=131.225.204.62-9618+[2620-6a-0-8420-f0-0-204-62]-9618&alias=lpcschedd5.fnal.gov&noUDP&sock=schedd_2241_b7d3>
...
000 (52790072.003.000) 2025-04-09 23:55:23 Job submitted from host: <131.225.204.62:9618?addrs=131.225.204.62-9618+[2620-6a-0-8420-f0-0-204-62]-9618&alias=lpcschedd5.fnal.gov&noUDP&sock=schedd_2241_b7d3>
...
040 (52790072.000.000) 2025-04-09 23:55:41 Started transferring input files
	Transferring to host: <131.225.189.62:9618?addrs=[2620-6a-0-8421-f0-0-189-62]-9618+131.225.189.62-9618&alias=cmswn2077.fnal.gov&noUDP&sock=slot1_3_116905_e5eb_11303>
...
040 (52790072.001.000) 2025-04-09 23:55:41 Started transferring input files
	Transferring to host: <131.225.189.62:9618?addrs=[2620-6a-0-8421-f0-0-189-62]-9618+131.225.189.62-9618&alias=cmswn2077.fnal.gov&noUDP&sock=slot1_12_116905_e5eb_11304>
...
040 (52790072.001.000) 2025-04-09 23:55:59 Finished transferring input files
...
040 (52790072.000.000) 2025-04-09 23:56:00 Finished transferring input files
...
001 (52790072.001.000) 2025-04-09 23:56:00 Job executing on host: <131.225.189.62:9618?addrs=[2620-6a-0-8421-f0-0-189-62]-9618+131.225.189.62-9618&alias=cmswn2077.fnal.gov&noUDP&sock=startd_2259_1088>
	SlotName: slot1_12@cmswn2077.fnal.gov
	CondorScratchDir = "/storage/local/data1/condor/execute/dir_3382833"
	Cpus = 1
	Disk = 52430324
	GPUs = 0
	Memory = 8192
...
001 (52790072.000.000) 2025-04-09 23:56:01 Job executing on host: <131.225.189.62:9618?addrs=[2620-6a-0-8421-f0-0-189-62]-9618+131.225.189.62-9618&alias=cmswn2077.fnal.gov&noUDP&sock=startd_2259_1088>
	SlotName: slot1_3@cmswn2077.fnal.gov
	CondorScratchDir = "/storage/local/data1/condor/execute/dir_3382832"
	Cpus = 1
	Disk = 52430324
	GPUs = 0
	Memory = 8192
...
040 (52790072.002.000) 2025-04-09 23:56:23 Started transferring input files
	Transferring to host: <131.225.188.112:9618?addrs=[2620-6a-0-8421-f0-0-188-112]-9618+131.225.188.112-9618&alias=cmswn2048.fnal.gov&noUDP&sock=slot1_4_2589425_e9ab_7784>
...
040 (52790072.002.000) 2025-04-09 23:56:28 Finished transferring input files
...
001 (52790072.002.000) 2025-04-09 23:56:29 Job executing on host: <131.225.188.112:9618?addrs=[2620-6a-0-8421-f0-0-188-112]-9618+131.225.188.112-9618&alias=cmswn2048.fnal.gov&noUDP&sock=startd_2247_d565>
	SlotName: slot1_4@cmswn2048.fnal.gov
	CondorScratchDir = "/storage/local/data1/condor/execute/dir_2473202"
	Cpus = 1
	Disk = 52430343
	GPUs = 0
	Memory = 8192
...
040 (52790072.003.000) 2025-04-09 23:57:06 Started transferring input files
	Transferring to host: <131.225.189.34:9618?addrs=[2620-6a-0-8421-f0-0-189-34]-9618+131.225.189.34-9618&alias=cmswn2087.fnal.gov&noUDP&sock=slot1_11_3825252_d51a_13410>
...
006 (52790072.001.000) 2025-04-09 23:57:08 Image size of job updated: 185
	185  -  MemoryUsage of job (MB)
	189836  -  ResidentSetSize of job (KB)
...
040 (52790072.003.000) 2025-04-09 23:57:09 Finished transferring input files
...
006 (52790072.000.000) 2025-04-09 23:57:09 Image size of job updated: 187
	187  -  MemoryUsage of job (MB)
	192204  -  ResidentSetSize of job (KB)
...
001 (52790072.003.000) 2025-04-09 23:57:10 Job executing on host: <131.225.189.34:9618?addrs=[2620-6a-0-8421-f0-0-189-34]-9618+131.225.189.34-9618&alias=cmswn2087.fnal.gov&noUDP&sock=startd_2292_b328>
	SlotName: slot1_11@cmswn2087.fnal.gov
	CondorScratchDir = "/storage/local/data1/condor/execute/dir_3139000"
	Cpus = 1
	Disk = 52430337
	GPUs = 0
	Memory = 8192
...
006 (52790072.002.000) 2025-04-09 23:57:37 Image size of job updated: 193
	193  -  MemoryUsage of job (MB)
	197632  -  ResidentSetSize of job (KB)
...
006 (52790072.001.000) 2025-04-09 23:58:09 Image size of job updated: 185
	185  -  MemoryUsage of job (MB)
	190392  -  ResidentSetSize of job (KB)
...
006 (52790072.000.000) 2025-04-09 23:58:10 Image size of job updated: 188
	188  -  MemoryUsage of job (MB)
	192704  -  ResidentSetSize of job (KB)
...
006 (52790072.003.000) 2025-04-09 23:58:19 Image size of job updated: 515
	515  -  MemoryUsage of job (MB)
	528320  -  ResidentSetSize of job (KB)
...
006 (52790072.002.000) 2025-04-09 23:58:37 Image size of job updated: 193
	193  -  MemoryUsage of job (MB)
	198284  -  ResidentSetSize of job (KB)
...
006 (52790072.001.000) 2025-04-09 23:59:10 Image size of job updated: 186
	186  -  MemoryUsage of job (MB)
	191440  -  ResidentSetSize of job (KB)
...
006 (52790072.000.000) 2025-04-09 23:59:11 Image size of job updated: 189
	189  -  MemoryUsage of job (MB)
	193800  -  ResidentSetSize of job (KB)
...
006 (52790072.003.000) 2025-04-09 23:59:19 Image size of job updated: 516
	516  -  MemoryUsage of job (MB)
	528656  -  ResidentSetSize of job (KB)
...
006 (52790072.002.000) 2025-04-09 23:59:37 Image size of job updated: 193
	193  -  MemoryUsage of job (MB)
	198288  -  ResidentSetSize of job (KB)
...
006 (52790072.001.000) 2025-04-10 00:00:11 Image size of job updated: 187
	187  -  MemoryUsage of job (MB)
	191548  -  ResidentSetSize of job (KB)
...
006 (52790072.000.000) 2025-04-10 00:00:11 Image size of job updated: 189
	189  -  MemoryUsage of job (MB)
	193848  -  ResidentSetSize of job (KB)
...
006 (52790072.003.000) 2025-04-10 00:01:19 Image size of job updated: 516
	516  -  MemoryUsage of job (MB)
	529324  -  ResidentSetSize of job (KB)
...
006 (52790072.000.000) 2025-04-10 00:05:11 Image size of job updated: 218
	218  -  MemoryUsage of job (MB)
	223808  -  ResidentSetSize of job (KB)
...
006 (52790072.001.000) 2025-04-10 00:05:12 Image size of job updated: 214
	214  -  MemoryUsage of job (MB)
	219488  -  ResidentSetSize of job (KB)
...
006 (52790072.002.000) 2025-04-10 00:05:42 Image size of job updated: 227
	227  -  MemoryUsage of job (MB)
	233208  -  ResidentSetSize of job (KB)
...
006 (52790072.000.000) 2025-04-10 00:06:11 Image size of job updated: 525
	525  -  MemoryUsage of job (MB)
	537756  -  ResidentSetSize of job (KB)
...
006 (52790072.001.000) 2025-04-10 00:06:12 Image size of job updated: 524
	524  -  MemoryUsage of job (MB)
	537332  -  ResidentSetSize of job (KB)
...
006 (52790072.003.000) 2025-04-10 00:06:22 Image size of job updated: 657
	657  -  MemoryUsage of job (MB)
	673164  -  ResidentSetSize of job (KB)
...
006 (52790072.002.000) 2025-04-10 00:06:42 Image size of job updated: 519
	519  -  MemoryUsage of job (MB)
	531612  -  ResidentSetSize of job (KB)
...
006 (52790072.000.000) 2025-04-10 00:07:12 Image size of job updated: 525
	525  -  MemoryUsage of job (MB)
	537944  -  ResidentSetSize of job (KB)
...
006 (52790072.001.000) 2025-04-10 00:07:13 Image size of job updated: 578
	578  -  MemoryUsage of job (MB)
	592268  -  ResidentSetSize of job (KB)
...
006 (52790072.003.000) 2025-04-10 00:07:22 Image size of job updated: 659
	659  -  MemoryUsage of job (MB)
	675408  -  ResidentSetSize of job (KB)
...
006 (52790072.002.000) 2025-04-10 00:07:42 Image size of job updated: 519
	519  -  MemoryUsage of job (MB)
	531840  -  ResidentSetSize of job (KB)
...
006 (52790072.000.000) 2025-04-10 00:08:13 Image size of job updated: 537
	537  -  MemoryUsage of job (MB)
	550120  -  ResidentSetSize of job (KB)
...
006 (52790072.001.000) 2025-04-10 00:08:14 Image size of job updated: 719
	719  -  MemoryUsage of job (MB)
	736712  -  ResidentSetSize of job (KB)
...
006 (52790072.003.000) 2025-04-10 00:08:22 Image size of job updated: 711
	711  -  MemoryUsage of job (MB)
	728384  -  ResidentSetSize of job (KB)
...
006 (52790072.002.000) 2025-04-10 00:08:43 Image size of job updated: 519
	519  -  MemoryUsage of job (MB)
	531848  -  ResidentSetSize of job (KB)
...
006 (52790072.000.000) 2025-04-10 00:09:14 Image size of job updated: 590
	590  -  MemoryUsage of job (MB)
	604572  -  ResidentSetSize of job (KB)
...
006 (52790072.001.000) 2025-04-10 00:09:15 Image size of job updated: 889
	889  -  MemoryUsage of job (MB)
	911044  -  ResidentSetSize of job (KB)
...
006 (52790072.003.000) 2025-04-10 00:09:22 Image size of job updated: 872
	872  -  MemoryUsage of job (MB)
	893324  -  ResidentSetSize of job (KB)
...
006 (52790072.002.000) 2025-04-10 00:09:43 Image size of job updated: 519
	519  -  MemoryUsage of job (MB)
	531984  -  ResidentSetSize of job (KB)
...
006 (52790072.000.000) 2025-04-10 00:10:14 Image size of job updated: 720
	720  -  MemoryUsage of job (MB)
	737320  -  ResidentSetSize of job (KB)
...
006 (52790072.001.000) 2025-04-10 00:10:15 Image size of job updated: 890
	890  -  MemoryUsage of job (MB)
	911480  -  ResidentSetSize of job (KB)
...
006 (52790072.003.000) 2025-04-10 00:10:23 Image size of job updated: 1050
	1050  -  MemoryUsage of job (MB)
	1075824  -  ResidentSetSize of job (KB)
...
006 (52790072.002.000) 2025-04-10 00:10:44 Image size of job updated: 521
	521  -  MemoryUsage of job (MB)
	533596  -  ResidentSetSize of job (KB)
...
006 (52790072.000.000) 2025-04-10 00:11:14 Image size of job updated: 739
	739  -  MemoryUsage of job (MB)
	757336  -  ResidentSetSize of job (KB)
...
006 (52790072.001.000) 2025-04-10 00:11:15 Image size of job updated: 961
	961  -  MemoryUsage of job (MB)
	985080  -  ResidentSetSize of job (KB)
...
006 (52790072.003.000) 2025-04-10 00:11:24 Image size of job updated: 1080
	1080  -  MemoryUsage of job (MB)
	1106336  -  ResidentSetSize of job (KB)
...
006 (52790072.002.000) 2025-04-10 00:11:45 Image size of job updated: 521
	521  -  MemoryUsage of job (MB)
	533832  -  ResidentSetSize of job (KB)
...
006 (52790072.000.000) 2025-04-10 00:12:15 Image size of job updated: 892
	892  -  MemoryUsage of job (MB)
	913972  -  ResidentSetSize of job (KB)
...
006 (52790072.001.000) 2025-04-10 00:12:15 Image size of job updated: 991
	991  -  MemoryUsage of job (MB)
	1015164  -  ResidentSetSize of job (KB)
...
006 (52790072.003.000) 2025-04-10 00:12:25 Image size of job updated: 1140
	1140  -  MemoryUsage of job (MB)
	1167480  -  ResidentSetSize of job (KB)
...
006 (52790072.000.000) 2025-04-10 00:13:15 Image size of job updated: 940
	940  -  MemoryUsage of job (MB)
	963116  -  ResidentSetSize of job (KB)
...
006 (52790072.001.000) 2025-04-10 00:13:15 Image size of job updated: 1021
	1021  -  MemoryUsage of job (MB)
	1045512  -  ResidentSetSize of job (KB)
...
006 (52790072.003.000) 2025-04-10 00:13:25 Image size of job updated: 1197
	1197  -  MemoryUsage of job (MB)
	1226600  -  ResidentSetSize of job (KB)
...
006 (52790072.002.000) 2025-04-10 00:13:45 Image size of job updated: 595
	595  -  MemoryUsage of job (MB)
	610296  -  ResidentSetSize of job (KB)
...
006 (52790072.000.000) 2025-04-10 00:14:16 Image size of job updated: 970
	970  -  MemoryUsage of job (MB)
	993956  -  ResidentSetSize of job (KB)
...
006 (52790072.001.000) 2025-04-10 00:14:16 Image size of job updated: 1050
	1050  -  MemoryUsage of job (MB)
	1075676  -  ResidentSetSize of job (KB)
...
006 (52790072.003.000) 2025-04-10 00:14:25 Image size of job updated: 1226
	1226  -  MemoryUsage of job (MB)
	1256428  -  ResidentSetSize of job (KB)
...
006 (52790072.002.000) 2025-04-10 00:14:46 Image size of job updated: 715
	715  -  MemoryUsage of job (MB)
	732180  -  ResidentSetSize of job (KB)
...
006 (52790072.000.000) 2025-04-10 00:15:17 Image size of job updated: 1000
	1000  -  MemoryUsage of job (MB)
	1024544  -  ResidentSetSize of job (KB)
...
006 (52790072.001.000) 2025-04-10 00:15:17 Image size of job updated: 1079
	1079  -  MemoryUsage of job (MB)
	1105776  -  ResidentSetSize of job (KB)
...
006 (52790072.003.000) 2025-04-10 00:15:25 Image size of job updated: 1286
	1286  -  MemoryUsage of job (MB)
	1317636  -  ResidentSetSize of job (KB)
...
006 (52790072.002.000) 2025-04-10 00:15:47 Image size of job updated: 726
	726  -  MemoryUsage of job (MB)
	743696  -  ResidentSetSize of job (KB)
...
006 (52790072.000.000) 2025-04-10 00:16:17 Image size of job updated: 1030
	1030  -  MemoryUsage of job (MB)
	1054836  -  ResidentSetSize of job (KB)
...
006 (52790072.001.000) 2025-04-10 00:16:17 Image size of job updated: 1109
	1109  -  MemoryUsage of job (MB)
	1136192  -  ResidentSetSize of job (KB)
...
006 (52790072.003.000) 2025-04-10 00:16:26 Image size of job updated: 1315
	1315  -  MemoryUsage of job (MB)
	1347516  -  ResidentSetSize of job (KB)
...
006 (52790072.002.000) 2025-04-10 00:16:47 Image size of job updated: 900
	900  -  MemoryUsage of job (MB)
	921884  -  ResidentSetSize of job (KB)
...
006 (52790072.000.000) 2025-04-10 00:17:17 Image size of job updated: 1030
	1030  -  MemoryUsage of job (MB)
	1055004  -  ResidentSetSize of job (KB)
...
006 (52790072.001.000) 2025-04-10 00:17:17 Image size of job updated: 1139
	1139  -  MemoryUsage of job (MB)
	1166540  -  ResidentSetSize of job (KB)
...
006 (52790072.003.000) 2025-04-10 00:17:27 Image size of job updated: 1374
	1374  -  MemoryUsage of job (MB)
	1407904  -  ResidentSetSize of job (KB)
...
006 (52790072.002.000) 2025-04-10 00:17:47 Image size of job updated: 934
	934  -  MemoryUsage of job (MB)
	957060  -  ResidentSetSize of job (KB)
...
006 (52790072.000.000) 2025-04-10 00:18:17 Image size of job updated: 1060
	1060  -  MemoryUsage of job (MB)
	1085496  -  ResidentSetSize of job (KB)
...
006 (52790072.001.000) 2025-04-10 00:18:17 Image size of job updated: 1168
	1168  -  MemoryUsage of job (MB)
	1196820  -  ResidentSetSize of job (KB)
...
006 (52790072.003.000) 2025-04-10 00:18:27 Image size of job updated: 1433
	1433  -  MemoryUsage of job (MB)
	1467452  -  ResidentSetSize of job (KB)
...
006 (52790072.002.000) 2025-04-10 00:18:48 Image size of job updated: 972
	972  -  MemoryUsage of job (MB)
	995636  -  ResidentSetSize of job (KB)
...
006 (52790072.000.000) 2025-04-10 00:19:17 Image size of job updated: 1089
	1089  -  MemoryUsage of job (MB)
	1116044  -  ResidentSetSize of job (KB)
...
006 (52790072.001.000) 2025-04-10 00:19:17 Image size of job updated: 1198
	1198  -  MemoryUsage of job (MB)
	1227164  -  ResidentSetSize of job (KB)
...
006 (52790072.003.000) 2025-04-10 00:19:27 Image size of job updated: 1462
	1462  -  MemoryUsage of job (MB)
	1497280  -  ResidentSetSize of job (KB)
...
006 (52790072.002.000) 2025-04-10 00:19:48 Image size of job updated: 1002
	1002  -  MemoryUsage of job (MB)
	1026364  -  ResidentSetSize of job (KB)
...
006 (52790072.000.000) 2025-04-10 00:20:18 Image size of job updated: 1119
	1119  -  MemoryUsage of job (MB)
	1146768  -  ResidentSetSize of job (KB)
...
006 (52790072.001.000) 2025-04-10 00:20:18 Image size of job updated: 1228
	1228  -  MemoryUsage of job (MB)
	1257864  -  ResidentSetSize of job (KB)
...
006 (52790072.003.000) 2025-04-10 00:20:28 Image size of job updated: 1521
	1521  -  MemoryUsage of job (MB)
	1557628  -  ResidentSetSize of job (KB)
...
006 (52790072.002.000) 2025-04-10 00:20:49 Image size of job updated: 1031
	1031  -  MemoryUsage of job (MB)
	1056316  -  ResidentSetSize of job (KB)
...
006 (52790072.000.000) 2025-04-10 00:21:19 Image size of job updated: 1149
	1149  -  MemoryUsage of job (MB)
	1176796  -  ResidentSetSize of job (KB)
...
006 (52790072.001.000) 2025-04-10 00:21:19 Image size of job updated: 1258
	1258  -  MemoryUsage of job (MB)
	1288348  -  ResidentSetSize of job (KB)
...
006 (52790072.003.000) 2025-04-10 00:21:29 Image size of job updated: 1549
	1549  -  MemoryUsage of job (MB)
	1587112  -  ResidentSetSize of job (KB)
...
006 (52790072.002.000) 2025-04-10 00:21:49 Image size of job updated: 1060
	1060  -  MemoryUsage of job (MB)
	1086204  -  ResidentSetSize of job (KB)
...
006 (52790072.001.000) 2025-04-10 00:22:19 Image size of job updated: 1287
	1287  -  MemoryUsage of job (MB)
	1318872  -  ResidentSetSize of job (KB)
...
006 (52790072.000.000) 2025-04-10 00:22:19 Image size of job updated: 1149
	1149  -  MemoryUsage of job (MB)
	1177196  -  ResidentSetSize of job (KB)
...
006 (52790072.003.000) 2025-04-10 00:22:29 Image size of job updated: 1607
	1607  -  MemoryUsage of job (MB)
	1645740  -  ResidentSetSize of job (KB)
...
006 (52790072.002.000) 2025-04-10 00:22:50 Image size of job updated: 1060
	1060  -  MemoryUsage of job (MB)
	1086376  -  ResidentSetSize of job (KB)
...
006 (52790072.001.000) 2025-04-10 00:23:19 Image size of job updated: 1317
	1317  -  MemoryUsage of job (MB)
	1349400  -  ResidentSetSize of job (KB)
...
006 (52790072.000.000) 2025-04-10 00:23:19 Image size of job updated: 1179
	1179  -  MemoryUsage of job (MB)
	1207880  -  ResidentSetSize of job (KB)
...
006 (52790072.003.000) 2025-04-10 00:23:29 Image size of job updated: 1636
	1636  -  MemoryUsage of job (MB)
	1675700  -  ResidentSetSize of job (KB)
...
006 (52790072.002.000) 2025-04-10 00:23:51 Image size of job updated: 1090
	1090  -  MemoryUsage of job (MB)
	1116472  -  ResidentSetSize of job (KB)
...
006 (52790072.000.000) 2025-04-10 00:24:19 Image size of job updated: 1209
	1209  -  MemoryUsage of job (MB)
	1238536  -  ResidentSetSize of job (KB)
...
006 (52790072.001.000) 2025-04-10 00:24:19 Image size of job updated: 1347
	1347  -  MemoryUsage of job (MB)
	1379652  -  ResidentSetSize of job (KB)
...
006 (52790072.003.000) 2025-04-10 00:24:30 Image size of job updated: 1695
	1695  -  MemoryUsage of job (MB)
	1736044  -  ResidentSetSize of job (KB)
...
006 (52790072.002.000) 2025-04-10 00:24:51 Image size of job updated: 1119
	1119  -  MemoryUsage of job (MB)
	1146732  -  ResidentSetSize of job (KB)
...
006 (52790072.000.000) 2025-04-10 00:25:19 Image size of job updated: 1239
	1239  -  MemoryUsage of job (MB)
	1269500  -  ResidentSetSize of job (KB)
...
006 (52790072.001.000) 2025-04-10 00:25:19 Image size of job updated: 1377
	1377  -  MemoryUsage of job (MB)
	1410216  -  ResidentSetSize of job (KB)
...
006 (52790072.003.000) 2025-04-10 00:25:31 Image size of job updated: 1725
	1725  -  MemoryUsage of job (MB)
	1766596  -  ResidentSetSize of job (KB)
...
006 (52790072.002.000) 2025-04-10 00:25:52 Image size of job updated: 1175
	1175  -  MemoryUsage of job (MB)
	1203344  -  ResidentSetSize of job (KB)
...
006 (52790072.000.000) 2025-04-10 00:26:20 Image size of job updated: 1269
	1269  -  MemoryUsage of job (MB)
	1299892  -  ResidentSetSize of job (KB)
...
006 (52790072.001.000) 2025-04-10 00:26:20 Image size of job updated: 1406
	1406  -  MemoryUsage of job (MB)
	1440424  -  ResidentSetSize of job (KB)
...
006 (52790072.003.000) 2025-04-10 00:26:31 Image size of job updated: 1784
	1784  -  MemoryUsage of job (MB)
	1826848  -  ResidentSetSize of job (KB)
...
006 (52790072.002.000) 2025-04-10 00:26:52 Image size of job updated: 1178
	1178  -  MemoryUsage of job (MB)
	1206896  -  ResidentSetSize of job (KB)
...
006 (52790072.000.000) 2025-04-10 00:27:21 Image size of job updated: 1280
	1280  -  MemoryUsage of job (MB)
	1311140  -  ResidentSetSize of job (KB)
...
006 (52790072.001.000) 2025-04-10 00:27:21 Image size of job updated: 1436
	1436  -  MemoryUsage of job (MB)
	1470732  -  ResidentSetSize of job (KB)
...
006 (52790072.003.000) 2025-04-10 00:27:32 Image size of job updated: 1813
	1813  -  MemoryUsage of job (MB)
	1856700  -  ResidentSetSize of job (KB)
...
006 (52790072.002.000) 2025-04-10 00:27:53 Image size of job updated: 1208
	1208  -  MemoryUsage of job (MB)
	1237128  -  ResidentSetSize of job (KB)
...
006 (52790072.000.000) 2025-04-10 00:28:21 Image size of job updated: 1299
	1299  -  MemoryUsage of job (MB)
	1331000  -  ResidentSetSize of job (KB)
...
006 (52790072.001.000) 2025-04-10 00:28:21 Image size of job updated: 1465
	1465  -  MemoryUsage of job (MB)
	1500524  -  ResidentSetSize of job (KB)
...
006 (52790072.003.000) 2025-04-10 00:28:32 Image size of job updated: 1871
	1871  -  MemoryUsage of job (MB)
	1916784  -  ResidentSetSize of job (KB)
...
006 (52790072.002.000) 2025-04-10 00:28:54 Image size of job updated: 1265
	1265  -  MemoryUsage of job (MB)
	1295628  -  ResidentSetSize of job (KB)
...
006 (52790072.000.000) 2025-04-10 00:29:21 Image size of job updated: 1329
	1329  -  MemoryUsage of job (MB)
	1361476  -  ResidentSetSize of job (KB)
...
006 (52790072.001.000) 2025-04-10 00:29:21 Image size of job updated: 1495
	1495  -  MemoryUsage of job (MB)
	1531336  -  ResidentSetSize of job (KB)
...
006 (52790072.003.000) 2025-04-10 00:29:32 Image size of job updated: 1901
	1901  -  MemoryUsage of job (MB)
	1947348  -  ResidentSetSize of job (KB)
...
006 (52790072.002.000) 2025-04-10 00:29:54 Image size of job updated: 1296
	1296  -  MemoryUsage of job (MB)
	1327288  -  ResidentSetSize of job (KB)
...
006 (52790072.001.000) 2025-04-10 00:30:22 Image size of job updated: 1524
	1524  -  MemoryUsage of job (MB)
	1561508  -  ResidentSetSize of job (KB)
...
006 (52790072.000.000) 2025-04-10 00:30:22 Image size of job updated: 1359
	1359  -  MemoryUsage of job (MB)
	1392116  -  ResidentSetSize of job (KB)
...
006 (52790072.003.000) 2025-04-10 00:30:33 Image size of job updated: 1961
	1961  -  MemoryUsage of job (MB)
	2008160  -  ResidentSetSize of job (KB)
...
006 (52790072.002.000) 2025-04-10 00:30:55 Image size of job updated: 1325
	1325  -  MemoryUsage of job (MB)
	1357664  -  ResidentSetSize of job (KB)
...
006 (52790072.001.000) 2025-04-10 00:31:23 Image size of job updated: 1554
	1554  -  MemoryUsage of job (MB)
	1591860  -  ResidentSetSize of job (KB)
...
006 (52790072.000.000) 2025-04-10 00:31:23 Image size of job updated: 1389
	1389  -  MemoryUsage of job (MB)
	1422756  -  ResidentSetSize of job (KB)
...
006 (52790072.003.000) 2025-04-10 00:31:33 Image size of job updated: 2020
	2020  -  MemoryUsage of job (MB)
	2068664  -  ResidentSetSize of job (KB)
...
006 (52790072.002.000) 2025-04-10 00:31:55 Image size of job updated: 1354
	1354  -  MemoryUsage of job (MB)
	1387460  -  ResidentSetSize of job (KB)
...
006 (52790072.001.000) 2025-04-10 00:32:23 Image size of job updated: 1584
	1584  -  MemoryUsage of job (MB)
	1622476  -  ResidentSetSize of job (KB)
...
006 (52790072.000.000) 2025-04-10 00:32:23 Image size of job updated: 1419
	1419  -  MemoryUsage of job (MB)
	1453124  -  ResidentSetSize of job (KB)
...
006 (52790072.003.000) 2025-04-10 00:32:34 Image size of job updated: 2049
	2049  -  MemoryUsage of job (MB)
	2098948  -  ResidentSetSize of job (KB)
...
006 (52790072.002.000) 2025-04-10 00:32:56 Image size of job updated: 1384
	1384  -  MemoryUsage of job (MB)
	1417804  -  ResidentSetSize of job (KB)
...
006 (52790072.001.000) 2025-04-10 00:33:23 Image size of job updated: 1613
	1613  -  MemoryUsage of job (MB)
	1652272  -  ResidentSetSize of job (KB)
...
006 (52790072.000.000) 2025-04-10 00:33:23 Image size of job updated: 1448
	1448  -  MemoryUsage of job (MB)
	1483556  -  ResidentSetSize of job (KB)
...
006 (52790072.003.000) 2025-04-10 00:33:34 Image size of job updated: 2109
	2109  -  MemoryUsage of job (MB)
	2160016  -  ResidentSetSize of job (KB)
...
006 (52790072.001.000) 2025-04-10 00:33:41 Image size of job updated: 1642
	1642  -  MemoryUsage of job (MB)
	1681924  -  ResidentSetSize of job (KB)
...
040 (52790072.001.000) 2025-04-10 00:33:42 Started transferring output files
...
040 (52790072.001.000) 2025-04-10 00:33:42 Finished transferring output files
...
005 (52790072.001.000) 2025-04-10 00:33:42 Job terminated.
	(1) Normal termination (return value 1)
		Usr 0 00:31:14, Sys 0 00:00:26  -  Run Remote Usage
		Usr 0 00:00:00, Sys 0 00:00:00  -  Run Local Usage
		Usr 0 00:31:14, Sys 0 00:00:26  -  Total Remote Usage
		Usr 0 00:00:00, Sys 0 00:00:00  -  Total Local Usage
	20189  -  Run Bytes Sent By Job
	382799008  -  Run Bytes Received By Job
	20189  -  Total Bytes Sent By Job
	382799008  -  Total Bytes Received By Job
	Partitionable Resources :      Usage  Request Allocated 
	   Cpus                 :       0.00        1         1 
	   Disk (KB)            : 1169370    52428800  52430324 
	   GPUs                 :                             0 
	   Memory (MB)          :    1642        8192      8192 
	   TimeExecute (s)      :    2261                       
	   TimeSlotBusy (s)     :    2281                       

	Job terminated of its own accord at 2025-04-10T05:33:41Z with exit-code 1.
...
006 (52790072.002.000) 2025-04-10 00:33:56 Image size of job updated: 1414
	1414  -  MemoryUsage of job (MB)
	1448080  -  ResidentSetSize of job (KB)
...
006 (52790072.000.000) 2025-04-10 00:34:24 Image size of job updated: 1448
	1448  -  MemoryUsage of job (MB)
	1483644  -  ResidentSetSize of job (KB)
...
006 (52790072.003.000) 2025-04-10 00:34:35 Image size of job updated: 2168
	2168  -  MemoryUsage of job (MB)
	2220044  -  ResidentSetSize of job (KB)
...
006 (52790072.002.000) 2025-04-10 00:34:57 Image size of job updated: 1443
	1443  -  MemoryUsage of job (MB)
	1478240  -  ResidentSetSize of job (KB)
...
006 (52790072.000.000) 2025-04-10 00:35:24 Image size of job updated: 1479
	1479  -  MemoryUsage of job (MB)
	1514540  -  ResidentSetSize of job (KB)
...
006 (52790072.003.000) 2025-04-10 00:35:35 Image size of job updated: 2196
	2196  -  MemoryUsage of job (MB)
	2249528  -  ResidentSetSize of job (KB)
...
006 (52790072.002.000) 2025-04-10 00:35:58 Image size of job updated: 1473
	1473  -  MemoryUsage of job (MB)
	1508456  -  ResidentSetSize of job (KB)
...
006 (52790072.000.000) 2025-04-10 00:36:24 Image size of job updated: 1508
	1508  -  MemoryUsage of job (MB)
	1544984  -  ResidentSetSize of job (KB)
...
006 (52790072.002.000) 2025-04-10 00:36:58 Image size of job updated: 1502
	1502  -  MemoryUsage of job (MB)
	1538744  -  ResidentSetSize of job (KB)
...
006 (52790072.000.000) 2025-04-10 00:37:25 Image size of job updated: 1538
	1538  -  MemoryUsage of job (MB)
	1575388  -  ResidentSetSize of job (KB)
...
006 (52790072.003.000) 2025-04-10 00:37:36 Image size of job updated: 2197
	2197  -  MemoryUsage of job (MB)
	2250668  -  ResidentSetSize of job (KB)
...
006 (52790072.002.000) 2025-04-10 00:37:59 Image size of job updated: 1505
	1505  -  MemoryUsage of job (MB)
	1541920  -  ResidentSetSize of job (KB)
...
006 (52790072.000.000) 2025-04-10 00:38:26 Image size of job updated: 1538
	1538  -  MemoryUsage of job (MB)
	1575476  -  ResidentSetSize of job (KB)
...
006 (52790072.003.000) 2025-04-10 00:38:37 Image size of job updated: 2198
	2198  -  MemoryUsage of job (MB)
	2250900  -  ResidentSetSize of job (KB)
...
006 (52790072.000.000) 2025-04-10 00:39:26 Image size of job updated: 1539
	1539  -  MemoryUsage of job (MB)
	1576252  -  ResidentSetSize of job (KB)
...
006 (52790072.003.000) 2025-04-10 00:39:37 Image size of job updated: 2198
	2198  -  MemoryUsage of job (MB)
	2250944  -  ResidentSetSize of job (KB)
...
006 (52790072.002.000) 2025-04-10 00:40:00 Image size of job updated: 1506
	1506  -  MemoryUsage of job (MB)
	1542148  -  ResidentSetSize of job (KB)
...
006 (52790072.000.000) 2025-04-10 00:40:26 Image size of job updated: 1540
	1540  -  MemoryUsage of job (MB)
	1577504  -  ResidentSetSize of job (KB)
...
006 (52790072.003.000) 2025-04-10 00:40:38 Image size of job updated: 2198
	2198  -  MemoryUsage of job (MB)
	2251448  -  ResidentSetSize of job (KB)
...
006 (52790072.002.000) 2025-04-10 00:41:00 Image size of job updated: 1535
	1535  -  MemoryUsage of job (MB)
	1572256  -  ResidentSetSize of job (KB)
...
006 (52790072.000.000) 2025-04-10 00:41:27 Image size of job updated: 1570
	1570  -  MemoryUsage of job (MB)
	1607724  -  ResidentSetSize of job (KB)
...
006 (52790072.003.000) 2025-04-10 00:41:38 Image size of job updated: 2198
	2198  -  MemoryUsage of job (MB)
	2251612  -  ResidentSetSize of job (KB)
...
006 (52790072.002.000) 2025-04-10 00:42:01 Image size of job updated: 1584
	1584  -  MemoryUsage of job (MB)
	1622868  -  ResidentSetSize of job (KB)
...
006 (52790072.000.000) 2025-04-10 00:42:27 Image size of job updated: 1599
	1599  -  MemoryUsage of job (MB)
	1638324  -  ResidentSetSize of job (KB)
...
006 (52790072.003.000) 2025-04-10 00:42:39 Image size of job updated: 2198
	2198  -  MemoryUsage of job (MB)
	2251712  -  ResidentSetSize of job (KB)
...
006 (52790072.002.000) 2025-04-10 00:43:02 Image size of job updated: 1623
	1623  -  MemoryUsage of job (MB)
	1662804  -  ResidentSetSize of job (KB)
...
006 (52790072.000.000) 2025-04-10 00:43:27 Image size of job updated: 1635
	1635  -  MemoryUsage of job (MB)
	1674432  -  ResidentSetSize of job (KB)
...
006 (52790072.002.000) 2025-04-10 00:44:02 Image size of job updated: 1657
	1657  -  MemoryUsage of job (MB)
	1696788  -  ResidentSetSize of job (KB)
...
006 (52790072.000.000) 2025-04-10 00:44:28 Image size of job updated: 1665
	1665  -  MemoryUsage of job (MB)
	1705836  -  ResidentSetSize of job (KB)
...
006 (52790072.002.000) 2025-04-10 00:45:02 Image size of job updated: 1690
	1690  -  MemoryUsage of job (MB)
	1731116  -  ResidentSetSize of job (KB)
...
006 (52790072.000.000) 2025-04-10 00:45:29 Image size of job updated: 1666
	1666  -  MemoryUsage of job (MB)
	1706148  -  ResidentSetSize of job (KB)
...
006 (52790072.000.000) 2025-04-10 00:45:35 Image size of job updated: 1669
	1669  -  MemoryUsage of job (MB)
	1709452  -  ResidentSetSize of job (KB)
...
040 (52790072.000.000) 2025-04-10 00:45:35 Started transferring output files
...
040 (52790072.000.000) 2025-04-10 00:45:35 Finished transferring output files
...
005 (52790072.000.000) 2025-04-10 00:45:35 Job terminated.
	(1) Normal termination (return value 1)
		Usr 0 00:37:57, Sys 0 00:00:40  -  Run Remote Usage
		Usr 0 00:00:00, Sys 0 00:00:00  -  Run Local Usage
		Usr 0 00:37:57, Sys 0 00:00:40  -  Total Remote Usage
		Usr 0 00:00:00, Sys 0 00:00:00  -  Total Local Usage
	20463  -  Run Bytes Sent By Job
	382799104  -  Run Bytes Received By Job
	20463  -  Total Bytes Sent By Job
	382799104  -  Total Bytes Received By Job
	Partitionable Resources :      Usage  Request Allocated 
	   Cpus                 :       0.01        1         1 
	   Disk (KB)            : 1176658    52428800  52430324 
	   GPUs                 :                             0 
	   Memory (MB)          :    1669        8192      8192 
	   TimeExecute (s)      :    2974                       
	   TimeSlotBusy (s)     :    2995                       

	Job terminated of its own accord at 2025-04-10T05:45:35Z with exit-code 1.
...
006 (52790072.003.000) 2025-04-10 00:45:40 Image size of job updated: 2199
	2199  -  MemoryUsage of job (MB)
	2251924  -  ResidentSetSize of job (KB)
...
006 (52790072.002.000) 2025-04-10 00:46:03 Image size of job updated: 1719
	1719  -  MemoryUsage of job (MB)
	1761276  -  ResidentSetSize of job (KB)
...
006 (52790072.002.000) 2025-04-10 00:47:03 Image size of job updated: 1749
	1749  -  MemoryUsage of job (MB)
	1791560  -  ResidentSetSize of job (KB)
...
006 (52790072.002.000) 2025-04-10 00:48:04 Image size of job updated: 1779
	1779  -  MemoryUsage of job (MB)
	1821896  -  ResidentSetSize of job (KB)
...
006 (52790072.002.000) 2025-04-10 00:49:05 Image size of job updated: 1808
	1808  -  MemoryUsage of job (MB)
	1851864  -  ResidentSetSize of job (KB)
...
006 (52790072.002.000) 2025-04-10 00:50:06 Image size of job updated: 1838
	1838  -  MemoryUsage of job (MB)
	1882348  -  ResidentSetSize of job (KB)
...
006 (52790072.002.000) 2025-04-10 00:51:06 Image size of job updated: 1867
	1867  -  MemoryUsage of job (MB)
	1912408  -  ResidentSetSize of job (KB)
...
006 (52790072.002.000) 2025-04-10 00:52:07 Image size of job updated: 1896
	1896  -  MemoryUsage of job (MB)
	1942308  -  ResidentSetSize of job (KB)
...
006 (52790072.002.000) 2025-04-10 00:53:08 Image size of job updated: 1896
	1896  -  MemoryUsage of job (MB)
	1942384  -  ResidentSetSize of job (KB)
...
006 (52790072.002.000) 2025-04-10 00:56:10 Image size of job updated: 1926
	1926  -  MemoryUsage of job (MB)
	1972376  -  ResidentSetSize of job (KB)
...
006 (52790072.002.000) 2025-04-10 00:57:11 Image size of job updated: 1955
	1955  -  MemoryUsage of job (MB)
	2002716  -  ResidentSetSize of job (KB)
...
006 (52790072.002.000) 2025-04-10 00:58:12 Image size of job updated: 1985
	1985  -  MemoryUsage of job (MB)
	2032980  -  ResidentSetSize of job (KB)
...
006 (52790072.002.000) 2025-04-10 00:59:13 Image size of job updated: 2014
	2014  -  MemoryUsage of job (MB)
	2063032  -  ResidentSetSize of job (KB)
...
006 (52790072.002.000) 2025-04-10 01:00:14 Image size of job updated: 2044
	2044  -  MemoryUsage of job (MB)
	2093352  -  ResidentSetSize of job (KB)
...
006 (52790072.002.000) 2025-04-10 01:01:14 Image size of job updated: 2044
	2044  -  MemoryUsage of job (MB)
	2093544  -  ResidentSetSize of job (KB)
...
006 (52790072.002.000) 2025-04-10 01:02:15 Image size of job updated: 2102
	2102  -  MemoryUsage of job (MB)
	2153296  -  ResidentSetSize of job (KB)
...
006 (52790072.002.000) 2025-04-10 01:03:15 Image size of job updated: 2132
	2132  -  MemoryUsage of job (MB)
	2183708  -  ResidentSetSize of job (KB)
...
006 (52790072.002.000) 2025-04-10 01:04:15 Image size of job updated: 2162
	2162  -  MemoryUsage of job (MB)
	2214100  -  ResidentSetSize of job (KB)
...
006 (52790072.002.000) 2025-04-10 01:05:16 Image size of job updated: 2191
	2191  -  MemoryUsage of job (MB)
	2244364  -  ResidentSetSize of job (KB)
...
006 (52790072.002.000) 2025-04-10 01:06:16 Image size of job updated: 2221
	2221  -  MemoryUsage of job (MB)
	2274564  -  ResidentSetSize of job (KB)
...
006 (52790072.002.000) 2025-04-10 01:07:16 Image size of job updated: 2250
	2250  -  MemoryUsage of job (MB)
	2304560  -  ResidentSetSize of job (KB)
...
006 (52790072.002.000) 2025-04-10 01:08:16 Image size of job updated: 2280
	2280  -  MemoryUsage of job (MB)
	2335068  -  ResidentSetSize of job (KB)
...
006 (52790072.003.000) 2025-04-10 01:08:53 Image size of job updated: 2207
	2207  -  MemoryUsage of job (MB)
	2260812  -  ResidentSetSize of job (KB)
...
006 (52790072.002.000) 2025-04-10 01:09:18 Image size of job updated: 2309
	2309  -  MemoryUsage of job (MB)
	2365020  -  ResidentSetSize of job (KB)
...
006 (52790072.003.000) 2025-04-10 01:09:54 Image size of job updated: 2265
	2265  -  MemoryUsage of job (MB)
	2319500  -  ResidentSetSize of job (KB)
...
006 (52790072.002.000) 2025-04-10 01:10:18 Image size of job updated: 2339
	2339  -  MemoryUsage of job (MB)
	2395296  -  ResidentSetSize of job (KB)
...
006 (52790072.003.000) 2025-04-10 01:10:55 Image size of job updated: 2293
	2293  -  MemoryUsage of job (MB)
	2348544  -  ResidentSetSize of job (KB)
...
006 (52790072.002.000) 2025-04-10 01:11:18 Image size of job updated: 2368
	2368  -  MemoryUsage of job (MB)
	2425596  -  ResidentSetSize of job (KB)
...
006 (52790072.003.000) 2025-04-10 01:11:55 Image size of job updated: 2351
	2351  -  MemoryUsage of job (MB)
	2408028  -  ResidentSetSize of job (KB)
...
006 (52790072.002.000) 2025-04-10 01:12:19 Image size of job updated: 2398
	2398  -  MemoryUsage of job (MB)
	2455696  -  ResidentSetSize of job (KB)
...
006 (52790072.003.000) 2025-04-10 01:12:56 Image size of job updated: 2380
	2380  -  MemoryUsage of job (MB)
	2438116  -  ResidentSetSize of job (KB)
...
006 (52790072.002.000) 2025-04-10 01:13:20 Image size of job updated: 2427
	2427  -  MemoryUsage of job (MB)
	2485964  -  ResidentSetSize of job (KB)
...
006 (52790072.003.000) 2025-04-10 01:13:56 Image size of job updated: 2439
	2439  -  MemoryUsage of job (MB)
	2498508  -  ResidentSetSize of job (KB)
...
006 (52790072.002.000) 2025-04-10 01:14:20 Image size of job updated: 2486
	2486  -  MemoryUsage of job (MB)
	2546364  -  ResidentSetSize of job (KB)
...
006 (52790072.003.000) 2025-04-10 01:14:56 Image size of job updated: 2498
	2498  -  MemoryUsage of job (MB)
	2558824  -  ResidentSetSize of job (KB)
...
006 (52790072.002.000) 2025-04-10 01:15:21 Image size of job updated: 2516
	2516  -  MemoryUsage of job (MB)
	2576532  -  ResidentSetSize of job (KB)
...
006 (52790072.003.000) 2025-04-10 01:15:57 Image size of job updated: 2555
	2555  -  MemoryUsage of job (MB)
	2616972  -  ResidentSetSize of job (KB)
...
006 (52790072.002.000) 2025-04-10 01:16:21 Image size of job updated: 2545
	2545  -  MemoryUsage of job (MB)
	2606744  -  ResidentSetSize of job (KB)
...
006 (52790072.003.000) 2025-04-10 01:16:57 Image size of job updated: 2584
	2584  -  MemoryUsage of job (MB)
	2646824  -  ResidentSetSize of job (KB)
...
006 (52790072.002.000) 2025-04-10 01:17:21 Image size of job updated: 2575
	2575  -  MemoryUsage of job (MB)
	2636928  -  ResidentSetSize of job (KB)
...
006 (52790072.003.000) 2025-04-10 01:17:59 Image size of job updated: 2643
	2643  -  MemoryUsage of job (MB)
	2706752  -  ResidentSetSize of job (KB)
...
006 (52790072.002.000) 2025-04-10 01:18:22 Image size of job updated: 2604
	2604  -  MemoryUsage of job (MB)
	2666976  -  ResidentSetSize of job (KB)
...
006 (52790072.003.000) 2025-04-10 01:18:59 Image size of job updated: 2702
	2702  -  MemoryUsage of job (MB)
	2767004  -  ResidentSetSize of job (KB)
...
006 (52790072.002.000) 2025-04-10 01:19:22 Image size of job updated: 2634
	2634  -  MemoryUsage of job (MB)
	2697372  -  ResidentSetSize of job (KB)
...
006 (52790072.003.000) 2025-04-10 01:20:00 Image size of job updated: 2732
	2732  -  MemoryUsage of job (MB)
	2797884  -  ResidentSetSize of job (KB)
...
006 (52790072.002.000) 2025-04-10 01:20:07 Image size of job updated: 2663
	2663  -  MemoryUsage of job (MB)
	2727240  -  ResidentSetSize of job (KB)
...
040 (52790072.002.000) 2025-04-10 01:20:07 Started transferring output files
...
040 (52790072.002.000) 2025-04-10 01:20:07 Finished transferring output files
...
004 (52790072.002.000) 2025-04-10 01:20:08 Job was evicted.
	(0) CPU times
		Usr 0 00:57:53, Sys 0 00:01:12  -  Run Remote Usage
		Usr 0 00:00:00, Sys 0 00:00:00  -  Run Local Usage
	23530  -  Run Bytes Sent By Job
	382800160  -  Run Bytes Received By Job
	Partitionable Resources :    Usage  Request Allocated 
	   Cpus                 :        0        1         1 
	   Disk (KB)            :  2190788 52428800  52430343 
	   GPUs                 :                           0 
	   Memory (MB)          :     2663     8192      8192 
	   TimeExecute (s)      :     5018                    
	   TimeSlotBusy (s)     :     5025                    
...
009 (52790072.002.000) 2025-04-10 01:20:08 Job was aborted.
	via condor_rm (by user msahoo)
...
006 (52790072.003.000) 2025-04-10 01:20:08 Image size of job updated: 2761
	2761  -  MemoryUsage of job (MB)
	2827660  -  ResidentSetSize of job (KB)
...
040 (52790072.003.000) 2025-04-10 01:20:08 Started transferring output files
...
040 (52790072.003.000) 2025-04-10 01:20:08 Finished transferring output files
...
004 (52790072.003.000) 2025-04-10 01:20:09 Job was evicted.
	(0) CPU times
		Usr 0 00:44:23, Sys 0 00:00:26  -  Run Remote Usage
		Usr 0 00:00:00, Sys 0 00:00:00  -  Run Local Usage
	19969  -  Run Bytes Sent By Job
	382800992  -  Run Bytes Received By Job
	Partitionable Resources :      Usage  Request Allocated 
	   Cpus                 :       0.00        1         1 
	   Disk (KB)            : 2299069    52428800  52430337 
	   GPUs                 :                             0 
	   Memory (MB)          :    2761        8192      8192 
	   TimeExecute (s)      :    4978                       
	   TimeSlotBusy (s)     :    4983                       
...
009 (52790072.003.000) 2025-04-10 01:20:09 Job was aborted.
	via condor_rm (by user msahoo)
...
