000 (52812225.000.000) 2025-04-13 10:09:47 Job submitted from host: <131.225.204.62:9618?addrs=131.225.204.62-9618+[2620-6a-0-8420-f0-0-204-62]-9618&alias=lpcschedd5.fnal.gov&noUDP&sock=schedd_2241_b7d3>
...
040 (52812225.000.000) 2025-04-13 10:09:50 Started transferring input files
	Transferring to host: <131.225.189.211:9618?addrs=[2620-6a-0-8421-f0-0-189-211]-9618+131.225.189.211-9618&alias=cmswn2145.fnal.gov&noUDP&sock=slot1_9_2900_0fef_23456>
...
040 (52812225.000.000) 2025-04-13 10:10:01 Finished transferring input files
...
001 (52812225.000.000) 2025-04-13 10:10:02 Job executing on host: <131.225.189.211:9618?addrs=[2620-6a-0-8421-f0-0-189-211]-9618+131.225.189.211-9618&alias=cmswn2145.fnal.gov&noUDP&sock=startd_2576_800e>
	SlotName: slot1_9@cmswn2145.fnal.gov
	CondorScratchDir = "/storage/local/data1/condor/execute/dir_2849340"
	Cpus = 1
	Disk = 52432100
	GPUs = 0
	Memory = 8192
...
006 (52812225.000.000) 2025-04-13 10:10:11 Image size of job updated: 67
	67  -  MemoryUsage of job (MB)
	69252  -  ResidentSetSize of job (KB)
...
006 (52812225.000.000) 2025-04-13 10:11:11 Image size of job updated: 961
	961  -  MemoryUsage of job (MB)
	985060  -  ResidentSetSize of job (KB)
...
006 (52812225.000.000) 2025-04-13 10:12:12 Image size of job updated: 974
	974  -  MemoryUsage of job (MB)
	997468  -  ResidentSetSize of job (KB)
...
006 (52812225.000.000) 2025-04-13 10:13:12 Image size of job updated: 1018
	1018  -  MemoryUsage of job (MB)
	1043192  -  ResidentSetSize of job (KB)
...
006 (52812225.000.000) 2025-04-13 10:14:13 Image size of job updated: 1026
	1026  -  MemoryUsage of job (MB)
	1050652  -  ResidentSetSize of job (KB)
...
006 (52812225.000.000) 2025-04-13 10:15:14 Image size of job updated: 1032
	1032  -  MemoryUsage of job (MB)
	1057476  -  ResidentSetSize of job (KB)
...
006 (52812225.000.000) 2025-04-13 10:16:15 Image size of job updated: 1039
	1039  -  MemoryUsage of job (MB)
	1064340  -  ResidentSetSize of job (KB)
...
006 (52812225.000.000) 2025-04-13 10:17:15 Image size of job updated: 1046
	1046  -  MemoryUsage of job (MB)
	1071372  -  ResidentSetSize of job (KB)
...
006 (52812225.000.000) 2025-04-13 10:18:16 Image size of job updated: 1143
	1143  -  MemoryUsage of job (MB)
	1171040  -  ResidentSetSize of job (KB)
...
006 (52812225.000.000) 2025-04-13 10:19:16 Image size of job updated: 1151
	1151  -  MemoryUsage of job (MB)
	1179324  -  ResidentSetSize of job (KB)
...
006 (52812225.000.000) 2025-04-13 10:20:16 Image size of job updated: 1175
	1175  -  MemoryUsage of job (MB)
	1203740  -  ResidentSetSize of job (KB)
...
006 (52812225.000.000) 2025-04-13 10:21:17 Image size of job updated: 1175
	1175  -  MemoryUsage of job (MB)
	1203876  -  ResidentSetSize of job (KB)
...
006 (52812225.000.000) 2025-04-13 10:22:18 Image size of job updated: 1301
	1301  -  MemoryUsage of job (MB)
	1333012  -  ResidentSetSize of job (KB)
...
006 (52812225.000.000) 2025-04-13 10:25:19 Image size of job updated: 1302
	1302  -  MemoryUsage of job (MB)
	1333384  -  ResidentSetSize of job (KB)
...
006 (52812225.000.000) 2025-04-13 10:26:20 Image size of job updated: 1331
	1331  -  MemoryUsage of job (MB)
	1363396  -  ResidentSetSize of job (KB)
...
006 (52812225.000.000) 2025-04-13 10:29:21 Image size of job updated: 1360
	1360  -  MemoryUsage of job (MB)
	1393592  -  ResidentSetSize of job (KB)
...
006 (52812225.000.000) 2025-04-13 10:30:21 Image size of job updated: 1361
	1361  -  MemoryUsage of job (MB)
	1393740  -  ResidentSetSize of job (KB)
...
006 (52812225.000.000) 2025-04-13 10:31:22 Image size of job updated: 1383
	1383  -  MemoryUsage of job (MB)
	1416500  -  ResidentSetSize of job (KB)
...
006 (52812225.000.000) 2025-04-13 10:32:23 Image size of job updated: 1383
	1383  -  MemoryUsage of job (MB)
	1416664  -  ResidentSetSize of job (KB)
...
006 (52812225.000.000) 2025-04-13 10:33:23 Image size of job updated: 1413
	1413  -  MemoryUsage of job (MB)
	1446952  -  ResidentSetSize of job (KB)
...
006 (52812225.000.000) 2025-04-13 10:35:24 Image size of job updated: 1413
	1413  -  MemoryUsage of job (MB)
	1446960  -  ResidentSetSize of job (KB)
...
006 (52812225.000.000) 2025-04-13 10:36:25 Image size of job updated: 1442
	1442  -  MemoryUsage of job (MB)
	1477344  -  ResidentSetSize of job (KB)
...
006 (52812225.000.000) 2025-04-13 10:40:27 Image size of job updated: 1472
	1472  -  MemoryUsage of job (MB)
	1507492  -  ResidentSetSize of job (KB)
...
006 (52812225.000.000) 2025-04-13 10:41:28 Image size of job updated: 1472
	1472  -  MemoryUsage of job (MB)
	1507556  -  ResidentSetSize of job (KB)
...
006 (52812225.000.000) 2025-04-13 10:42:28 Image size of job updated: 1472
	1472  -  MemoryUsage of job (MB)
	1507672  -  ResidentSetSize of job (KB)
...
006 (52812225.000.000) 2025-04-13 10:43:29 Image size of job updated: 1501
	1501  -  MemoryUsage of job (MB)
	1537864  -  ResidentSetSize of job (KB)
...
006 (52812225.000.000) 2025-04-13 10:44:29 Image size of job updated: 1501
	1501  -  MemoryUsage of job (MB)
	1537968  -  ResidentSetSize of job (KB)
...
040 (52812225.000.000) 2025-04-13 11:19:55 Finished transferring output files
...
005 (52812225.000.000) 2025-04-13 11:19:55 Job terminated.
	(1) Normal termination (return value 0)
		Usr 0 00:18:28, Sys 0 00:00:43  -  Run Remote Usage
		Usr 0 00:00:00, Sys 0 00:00:00  -  Run Local Usage
		Usr 0 00:18:28, Sys 0 00:00:43  -  Total Remote Usage
		Usr 0 00:00:00, Sys 0 00:00:00  -  Total Local Usage
	0  -  Run Bytes Sent By Job
	744169408  -  Run Bytes Received By Job
	0  -  Total Bytes Sent By Job
	744169408  -  Total Bytes Received By Job
	Partitionable Resources :      Usage  Request Allocated 
	   Cpus                 :       0.00        1         1 
	   Disk (KB)            : 1231014    52428800  52432100 
	   GPUs                 :                             0 
	   Memory (MB)          :    1501        8192      8192 
	   TimeExecute (s)      :    4193                       
	   TimeSlotBusy (s)     :    4205                       

	Job terminated of its own accord at 2025-04-13T16:19:55Z with exit-code 0.
...
