000 (52812614.000.000) 2025-04-13 20:35:11 Job submitted from host: <131.225.204.62:9618?addrs=131.225.204.62-9618+[2620-6a-0-8420-f0-0-204-62]-9618&alias=lpcschedd5.fnal.gov&noUDP&sock=schedd_2241_b7d3>
...
000 (52812614.001.000) 2025-04-13 20:35:11 Job submitted from host: <131.225.204.62:9618?addrs=131.225.204.62-9618+[2620-6a-0-8420-f0-0-204-62]-9618&alias=lpcschedd5.fnal.gov&noUDP&sock=schedd_2241_b7d3>
...
040 (52812614.001.000) 2025-04-13 20:35:27 Started transferring input files
	Transferring to host: <131.225.189.172:9618?addrs=[2620-6a-0-8421-f0-0-189-172]-9618+131.225.189.172-9618&alias=cmswn2122.fnal.gov&noUDP&sock=slot1_10_2929069_d61f_14086>
...
040 (52812614.000.000) 2025-04-13 20:35:27 Started transferring input files
	Transferring to host: <131.225.188.68:9618?addrs=[2620-6a-0-8421-f0-0-188-68]-9618+131.225.188.68-9618&alias=cmswn2037.fnal.gov&noUDP&sock=slot1_9_2328_0958_18666>
...
040 (52812614.001.000) 2025-04-13 20:35:36 Finished transferring input files
...
001 (52812614.001.000) 2025-04-13 20:35:37 Job executing on host: <131.225.189.172:9618?addrs=[2620-6a-0-8421-f0-0-189-172]-9618+131.225.189.172-9618&alias=cmswn2122.fnal.gov&noUDP&sock=startd_2342_fee4>
	SlotName: slot1_10@cmswn2122.fnal.gov
	CondorScratchDir = "/storage/local/data1/condor/execute/dir_1638485"
	Cpus = 1
	Disk = 52432098
	GPUs = 0
	Memory = 8192
...
040 (52812614.000.000) 2025-04-13 20:35:39 Finished transferring input files
...
001 (52812614.000.000) 2025-04-13 20:35:40 Job executing on host: <131.225.188.68:9618?addrs=[2620-6a-0-8421-f0-0-188-68]-9618+131.225.188.68-9618&alias=cmswn2037.fnal.gov&noUDP&sock=startd_2267_8d4a>
	SlotName: slot1_9@cmswn2037.fnal.gov
	CondorScratchDir = "/storage/local/data1/condor/execute/dir_1914156"
	Cpus = 1
	Disk = 52430447
	GPUs = 0
	Memory = 8192
...
006 (52812614.000.000) 2025-04-13 20:35:48 Image size of job updated: 111
	111  -  MemoryUsage of job (MB)
	114404  -  ResidentSetSize of job (KB)
...
006 (52812614.001.000) 2025-04-13 20:36:46 Image size of job updated: 862
	862  -  MemoryUsage of job (MB)
	883556  -  ResidentSetSize of job (KB)
...
006 (52812614.000.000) 2025-04-13 20:36:48 Image size of job updated: 890
	890  -  MemoryUsage of job (MB)
	912048  -  ResidentSetSize of job (KB)
...
006 (52812614.000.000) 2025-04-13 20:37:05 Image size of job updated: 891
	891  -  MemoryUsage of job (MB)
	912436  -  ResidentSetSize of job (KB)
...
040 (52812614.000.000) 2025-04-13 20:37:05 Started transferring output files
...
040 (52812614.000.000) 2025-04-13 20:37:05 Finished transferring output files
...
005 (52812614.000.000) 2025-04-13 20:37:05 Job terminated.
	(1) Normal termination (return value 1)
		Usr 0 00:01:04, Sys 0 00:00:03  -  Run Remote Usage
		Usr 0 00:00:00, Sys 0 00:00:00  -  Run Local Usage
		Usr 0 00:01:04, Sys 0 00:00:03  -  Total Remote Usage
		Usr 0 00:00:00, Sys 0 00:00:00  -  Total Local Usage
	15329  -  Run Bytes Sent By Job
	853928320  -  Run Bytes Received By Job
	15329  -  Total Bytes Sent By Job
	853928320  -  Total Bytes Received By Job
	Partitionable Resources :    Usage  Request Allocated 
	   Cpus                 :        0        1         1 
	   Disk (KB)            :   834771 52428800  52430447 
	   GPUs                 :                           0 
	   Memory (MB)          :      891     8192      8192 
	   TimeExecute (s)      :       85                    
	   TimeSlotBusy (s)     :       99                    

	Job terminated of its own accord at 2025-04-14T01:37:05Z with exit-code 1.
...
006 (52812614.001.000) 2025-04-13 20:37:20 Image size of job updated: 1040
	1040  -  MemoryUsage of job (MB)
	1065824  -  ResidentSetSize of job (KB)
...
040 (52812614.001.000) 2025-04-13 20:37:20 Finished transferring output files
...
005 (52812614.001.000) 2025-04-13 20:37:21 Job terminated.
	(1) Normal termination (return value 0)
		Usr 0 00:00:43, Sys 0 00:00:03  -  Run Remote Usage
		Usr 0 00:00:00, Sys 0 00:00:00  -  Run Local Usage
		Usr 0 00:00:43, Sys 0 00:00:03  -  Total Remote Usage
		Usr 0 00:00:00, Sys 0 00:00:00  -  Total Local Usage
	0  -  Run Bytes Sent By Job
	853927872  -  Run Bytes Received By Job
	0  -  Total Bytes Sent By Job
	853927872  -  Total Bytes Received By Job
	Partitionable Resources :     Usage  Request Allocated 
	   Cpus                 :      0.15        1         1 
	   Disk (KB)            : 834793    52428800  52432098 
	   GPUs                 :                            0 
	   Memory (MB)          :   1040        8192      8192 
	   TimeExecute (s)      :    103                       
	   TimeSlotBusy (s)     :    115                       

	Job terminated of its own accord at 2025-04-14T01:37:20Z with exit-code 0.
...
