000 (76704689.000.000) 2025-03-11 01:31:21 Job submitted from host: <131.225.189.168:9618?addrs=131.225.189.168-9618+[2620-6a-0-8421-f0-0-189-168]-9618&alias=lpcschedd6.fnal.gov&noUDP&sock=schedd_31891_26e2>
...
000 (76704689.001.000) 2025-03-11 01:31:21 Job submitted from host: <131.225.189.168:9618?addrs=131.225.189.168-9618+[2620-6a-0-8421-f0-0-189-168]-9618&alias=lpcschedd6.fnal.gov&noUDP&sock=schedd_31891_26e2>
...
000 (76704689.002.000) 2025-03-11 01:31:21 Job submitted from host: <131.225.189.168:9618?addrs=131.225.189.168-9618+[2620-6a-0-8421-f0-0-189-168]-9618&alias=lpcschedd6.fnal.gov&noUDP&sock=schedd_31891_26e2>
...
000 (76704689.003.000) 2025-03-11 01:31:21 Job submitted from host: <131.225.189.168:9618?addrs=131.225.189.168-9618+[2620-6a-0-8421-f0-0-189-168]-9618&alias=lpcschedd6.fnal.gov&noUDP&sock=schedd_31891_26e2>
...
000 (76704689.004.000) 2025-03-11 01:31:21 Job submitted from host: <131.225.189.168:9618?addrs=131.225.189.168-9618+[2620-6a-0-8421-f0-0-189-168]-9618&alias=lpcschedd6.fnal.gov&noUDP&sock=schedd_31891_26e2>
...
000 (76704689.005.000) 2025-03-11 01:31:21 Job submitted from host: <131.225.189.168:9618?addrs=131.225.189.168-9618+[2620-6a-0-8421-f0-0-189-168]-9618&alias=lpcschedd6.fnal.gov&noUDP&sock=schedd_31891_26e2>
...
000 (76704689.006.000) 2025-03-11 01:31:21 Job submitted from host: <131.225.189.168:9618?addrs=131.225.189.168-9618+[2620-6a-0-8421-f0-0-189-168]-9618&alias=lpcschedd6.fnal.gov&noUDP&sock=schedd_31891_26e2>
...
000 (76704689.007.000) 2025-03-11 01:31:21 Job submitted from host: <131.225.189.168:9618?addrs=131.225.189.168-9618+[2620-6a-0-8421-f0-0-189-168]-9618&alias=lpcschedd6.fnal.gov&noUDP&sock=schedd_31891_26e2>
...
000 (76704689.008.000) 2025-03-11 01:31:21 Job submitted from host: <131.225.189.168:9618?addrs=131.225.189.168-9618+[2620-6a-0-8421-f0-0-189-168]-9618&alias=lpcschedd6.fnal.gov&noUDP&sock=schedd_31891_26e2>
...
000 (76704689.009.000) 2025-03-11 01:31:21 Job submitted from host: <131.225.189.168:9618?addrs=131.225.189.168-9618+[2620-6a-0-8421-f0-0-189-168]-9618&alias=lpcschedd6.fnal.gov&noUDP&sock=schedd_31891_26e2>
...
040 (76704689.000.000) 2025-03-11 01:31:46 Started transferring input files
	Transferring to host: <131.225.189.219:9618?addrs=[2620-6a-0-8421-f0-0-189-219]-9618+131.225.189.219-9618&alias=cmswn2148.fnal.gov&noUDP&sock=slot1_10_2154_7011_51260>
...
040 (76704689.000.000) 2025-03-11 01:31:58 Finished transferring input files
...
001 (76704689.000.000) 2025-03-11 01:31:59 Job executing on host: <131.225.189.219:9618?addrs=[2620-6a-0-8421-f0-0-189-219]-9618+131.225.189.219-9618&alias=cmswn2148.fnal.gov&noUDP&sock=startd_2103_0fc2>
	SlotName: slot1_10@cmswn2148.fnal.gov
	CondorScratchDir = "/storage/local/data1/condor/execute/dir_536789"
	Cpus = 1
	Disk = 54982419
	Memory = 8192
...
006 (76704689.000.000) 2025-03-11 01:32:08 Image size of job updated: 55
	55  -  MemoryUsage of job (MB)
	56552  -  ResidentSetSize of job (KB)
...
006 (76704689.000.000) 2025-03-11 01:33:09 Image size of job updated: 504
	504  -  MemoryUsage of job (MB)
	516580  -  ResidentSetSize of job (KB)
...
040 (76704689.001.000) 2025-03-11 01:33:15 Started transferring input files
	Transferring to host: <131.225.189.54:9618?addrs=[2620-6a-0-8421-f0-0-189-54]-9618+131.225.189.54-9618&alias=cmswn2098.fnal.gov&noUDP&sock=slot1_6_2538_0020_21878>
...
040 (76704689.001.000) 2025-03-11 01:33:29 Finished transferring input files
...
001 (76704689.001.000) 2025-03-11 01:33:30 Job executing on host: <131.225.189.54:9618?addrs=[2620-6a-0-8421-f0-0-189-54]-9618+131.225.189.54-9618&alias=cmswn2098.fnal.gov&noUDP&sock=startd_2218_f126>
	SlotName: slot1_6@cmswn2098.fnal.gov
	CondorScratchDir = "/storage/local/data1/condor/execute/dir_3244605"
	Cpus = 1
	Disk = 54312896
	Memory = 8192
...
006 (76704689.001.000) 2025-03-11 01:33:39 Image size of job updated: 50
	50  -  MemoryUsage of job (MB)
	51388  -  ResidentSetSize of job (KB)
...
006 (76704689.000.000) 2025-03-11 01:34:09 Image size of job updated: 539
	539  -  MemoryUsage of job (MB)
	552716  -  ResidentSetSize of job (KB)
...
006 (76704689.001.000) 2025-03-11 01:34:40 Image size of job updated: 896
	896  -  MemoryUsage of job (MB)
	917688  -  ResidentSetSize of job (KB)
...
006 (76704689.000.000) 2025-03-11 01:35:09 Image size of job updated: 607
	607  -  MemoryUsage of job (MB)
	622088  -  ResidentSetSize of job (KB)
...
006 (76704689.001.000) 2025-03-11 01:35:41 Image size of job updated: 911
	911  -  MemoryUsage of job (MB)
	933392  -  ResidentSetSize of job (KB)
...
006 (76704689.000.000) 2025-03-11 01:36:10 Image size of job updated: 609
	609  -  MemoryUsage of job (MB)
	624084  -  ResidentSetSize of job (KB)
...
040 (76704689.004.000) 2025-03-11 01:36:13 Started transferring input files
	Transferring to host: <131.225.189.204:9618?addrs=[2620-6a-0-8421-f0-0-189-204]-9618+131.225.189.204-9618&alias=cmswn2141.fnal.gov&noUDP&sock=slot1_4_2165_3031_49479>
...
040 (76704689.003.000) 2025-03-11 01:36:13 Started transferring input files
	Transferring to host: <131.225.189.179:9618?addrs=[2620-6a-0-8421-f0-0-189-179]-9618+131.225.189.179-9618&alias=cmswn2128.fnal.gov&noUDP&sock=slot1_24_2311_0ef7_57024>
...
040 (76704689.002.000) 2025-03-11 01:36:13 Started transferring input files
	Transferring to host: <131.225.188.21:9618?addrs=[2620-6a-0-8421-f0-0-188-21]-9618+131.225.188.21-9618&alias=cmswn2023.fnal.gov&noUDP&sock=slot1_5_2168_4d51_12284>
...
040 (76704689.006.000) 2025-03-11 01:36:14 Started transferring input files
	Transferring to host: <131.225.189.158:9618?addrs=[2620-6a-0-8421-f0-0-189-158]-9618+131.225.189.158-9618&alias=cmswn2114.fnal.gov&noUDP&sock=slot1_2_2138_2a10_55792>
...
040 (76704689.007.000) 2025-03-11 01:36:14 Started transferring input files
	Transferring to host: <131.225.189.241:9618?addrs=[2620-6a-0-8421-f0-0-189-241]-9618+131.225.189.241-9618&alias=cmswn2160.fnal.gov&noUDP&sock=slot1_4_2149_ea30_23161>
...
040 (76704689.005.000) 2025-03-11 01:36:19 Entered queue to transfer input files
	Transferring to host: <131.225.189.211:9618?addrs=[2620-6a-0-8421-f0-0-189-211]-9618+131.225.189.211-9618&alias=cmswn2145.fnal.gov&noUDP&sock=slot1_1_2338_1518_60712>
...
040 (76704689.009.000) 2025-03-11 01:36:19 Entered queue to transfer input files
	Transferring to host: <131.225.188.14:9618?addrs=[2620-6a-0-8421-f0-0-188-14]-9618+131.225.188.14-9618&alias=cmswn2019.fnal.gov&noUDP&sock=slot1_2_2247_f6f4_2963>
...
040 (76704689.008.000) 2025-03-11 01:36:19 Entered queue to transfer input files
	Transferring to host: <131.225.188.34:9618?addrs=[2620-6a-0-8421-f0-0-188-34]-9618+131.225.188.34-9618&alias=cmswn2026.fnal.gov&noUDP&sock=slot1_3_2499_857f_18303>
...
040 (76704689.005.000) 2025-03-11 01:36:22 Started transferring input files
	Seconds spent in queue: 3
...
040 (76704689.003.000) 2025-03-11 01:36:22 Finished transferring input files
...
040 (76704689.008.000) 2025-03-11 01:36:23 Started transferring input files
	Seconds spent in queue: 4
...
001 (76704689.003.000) 2025-03-11 01:36:23 Job executing on host: <131.225.189.179:9618?addrs=[2620-6a-0-8421-f0-0-189-179]-9618+131.225.189.179-9618&alias=cmswn2128.fnal.gov&noUDP&sock=startd_2222_af87>
	SlotName: slot1_24@cmswn2128.fnal.gov
	CondorScratchDir = "/storage/local/data1/condor/execute/dir_2150155"
	Cpus = 1
	Disk = 55001182
	Memory = 8192
...
040 (76704689.004.000) 2025-03-11 01:36:23 Finished transferring input files
...
040 (76704689.009.000) 2025-03-11 01:36:23 Started transferring input files
	Seconds spent in queue: 4
...
040 (76704689.006.000) 2025-03-11 01:36:23 Finished transferring input files
...
040 (76704689.007.000) 2025-03-11 01:36:23 Finished transferring input files
...
001 (76704689.004.000) 2025-03-11 01:36:24 Job executing on host: <131.225.189.204:9618?addrs=[2620-6a-0-8421-f0-0-189-204]-9618+131.225.189.204-9618&alias=cmswn2141.fnal.gov&noUDP&sock=startd_2111_8c84>
	SlotName: slot1_4@cmswn2141.fnal.gov
	CondorScratchDir = "/storage/local/data1/condor/execute/dir_1455163"
	Cpus = 1
	Disk = 55185775
	Memory = 8192
...
001 (76704689.006.000) 2025-03-11 01:36:24 Job executing on host: <131.225.189.158:9618?addrs=[2620-6a-0-8421-f0-0-189-158]-9618+131.225.189.158-9618&alias=cmswn2114.fnal.gov&noUDP&sock=startd_2043_e813>
	SlotName: slot1_2@cmswn2114.fnal.gov
	CondorScratchDir = "/storage/local/data1/condor/execute/dir_3942502"
	Cpus = 1
	Disk = 55417969
	Memory = 8192
...
040 (76704689.002.000) 2025-03-11 01:36:24 Finished transferring input files
...
001 (76704689.007.000) 2025-03-11 01:36:24 Job executing on host: <131.225.189.241:9618?addrs=[2620-6a-0-8421-f0-0-189-241]-9618+131.225.189.241-9618&alias=cmswn2160.fnal.gov&noUDP&sock=startd_2062_f060>
	SlotName: slot1_4@cmswn2160.fnal.gov
	CondorScratchDir = "/storage/local/data1/condor/execute/dir_548201"
	Cpus = 1
	Disk = 55195408
	Memory = 8192
...
001 (76704689.002.000) 2025-03-11 01:36:25 Job executing on host: <131.225.188.21:9618?addrs=[2620-6a-0-8421-f0-0-188-21]-9618+131.225.188.21-9618&alias=cmswn2023.fnal.gov&noUDP&sock=startd_2114_9b4c>
	SlotName: slot1_5@cmswn2023.fnal.gov
	CondorScratchDir = "/storage/local/data1/condor/execute/dir_346356"
	Cpus = 1
	Disk = 53602639
	Memory = 8192
...
040 (76704689.005.000) 2025-03-11 01:36:30 Finished transferring input files
...
001 (76704689.005.000) 2025-03-11 01:36:31 Job executing on host: <131.225.189.211:9618?addrs=[2620-6a-0-8421-f0-0-189-211]-9618+131.225.189.211-9618&alias=cmswn2145.fnal.gov&noUDP&sock=startd_2246_25cd>
	SlotName: slot1_1@cmswn2145.fnal.gov
	CondorScratchDir = "/storage/local/data1/condor/execute/dir_2645937"
	Cpus = 1
	Disk = 55140924
	Memory = 8192
...
040 (76704689.008.000) 2025-03-11 01:36:32 Finished transferring input files
...
006 (76704689.004.000) 2025-03-11 01:36:32 Image size of job updated: 111
	111  -  MemoryUsage of job (MB)
	114556  -  ResidentSetSize of job (KB)
...
001 (76704689.008.000) 2025-03-11 01:36:33 Job executing on host: <131.225.188.34:9618?addrs=[2620-6a-0-8421-f0-0-188-34]-9618+131.225.188.34-9618&alias=cmswn2026.fnal.gov&noUDP&sock=startd_2195_2a78>
	SlotName: slot1_3@cmswn2026.fnal.gov
	CondorScratchDir = "/storage/local/data1/condor/execute/dir_1063047"
	Cpus = 1
	Disk = 54468413
	Memory = 8192
...
006 (76704689.002.000) 2025-03-11 01:36:34 Image size of job updated: 64
	64  -  MemoryUsage of job (MB)
	65684  -  ResidentSetSize of job (KB)
...
040 (76704689.009.000) 2025-03-11 01:36:34 Finished transferring input files
...
001 (76704689.009.000) 2025-03-11 01:36:35 Job executing on host: <131.225.188.14:9618?addrs=[2620-6a-0-8421-f0-0-188-14]-9618+131.225.188.14-9618&alias=cmswn2019.fnal.gov&noUDP&sock=startd_2168_a56a>
	SlotName: slot1_2@cmswn2019.fnal.gov
	CondorScratchDir = "/storage/local/data1/condor/execute/dir_641538"
	Cpus = 1
	Disk = 54094910
	Memory = 8192
...
006 (76704689.001.000) 2025-03-11 01:36:41 Image size of job updated: 964
	964  -  MemoryUsage of job (MB)
	987152  -  ResidentSetSize of job (KB)
...
006 (76704689.000.000) 2025-03-11 01:37:12 Image size of job updated: 611
	611  -  MemoryUsage of job (MB)
	626136  -  ResidentSetSize of job (KB)
...
006 (76704689.003.000) 2025-03-11 01:37:32 Image size of job updated: 861
	861  -  MemoryUsage of job (MB)
	882272  -  ResidentSetSize of job (KB)
...
006 (76704689.006.000) 2025-03-11 01:37:33 Image size of job updated: 758
	758  -  MemoryUsage of job (MB)
	776204  -  ResidentSetSize of job (KB)
...
006 (76704689.007.000) 2025-03-11 01:37:33 Image size of job updated: 730
	730  -  MemoryUsage of job (MB)
	747872  -  ResidentSetSize of job (KB)
...
006 (76704689.004.000) 2025-03-11 01:37:34 Image size of job updated: 904
	904  -  MemoryUsage of job (MB)
	925984  -  ResidentSetSize of job (KB)
...
006 (76704689.002.000) 2025-03-11 01:37:35 Image size of job updated: 871
	871  -  MemoryUsage of job (MB)
	892796  -  ResidentSetSize of job (KB)
...
006 (76704689.005.000) 2025-03-11 01:37:40 Image size of job updated: 543
	543  -  MemoryUsage of job (MB)
	556468  -  ResidentSetSize of job (KB)
...
006 (76704689.001.000) 2025-03-11 01:37:41 Image size of job updated: 970
	970  -  MemoryUsage of job (MB)
	994212  -  ResidentSetSize of job (KB)
...
006 (76704689.008.000) 2025-03-11 01:37:42 Image size of job updated: 859
	859  -  MemoryUsage of job (MB)
	879912  -  ResidentSetSize of job (KB)
...
006 (76704689.009.000) 2025-03-11 01:37:45 Image size of job updated: 470
	470  -  MemoryUsage of job (MB)
	481812  -  ResidentSetSize of job (KB)
...
006 (76704689.000.000) 2025-03-11 01:38:13 Image size of job updated: 613
	613  -  MemoryUsage of job (MB)
	627804  -  ResidentSetSize of job (KB)
...
006 (76704689.003.000) 2025-03-11 01:38:32 Image size of job updated: 991
	991  -  MemoryUsage of job (MB)
	1014896  -  ResidentSetSize of job (KB)
...
006 (76704689.006.000) 2025-03-11 01:38:34 Image size of job updated: 799
	799  -  MemoryUsage of job (MB)
	818792  -  ResidentSetSize of job (KB)
...
006 (76704689.004.000) 2025-03-11 01:38:34 Image size of job updated: 974
	974  -  MemoryUsage of job (MB)
	997852  -  ResidentSetSize of job (KB)
...
006 (76704689.007.000) 2025-03-11 01:38:34 Image size of job updated: 789
	789  -  MemoryUsage of job (MB)
	808448  -  ResidentSetSize of job (KB)
...
006 (76704689.002.000) 2025-03-11 01:38:37 Image size of job updated: 932
	932  -  MemoryUsage of job (MB)
	955356  -  ResidentSetSize of job (KB)
...
006 (76704689.001.000) 2025-03-11 01:38:41 Image size of job updated: 978
	978  -  MemoryUsage of job (MB)
	1002040  -  ResidentSetSize of job (KB)
...
006 (76704689.008.000) 2025-03-11 01:38:43 Image size of job updated: 927
	927  -  MemoryUsage of job (MB)
	949660  -  ResidentSetSize of job (KB)
...
006 (76704689.009.000) 2025-03-11 01:38:46 Image size of job updated: 553
	553  -  MemoryUsage of job (MB)
	566752  -  ResidentSetSize of job (KB)
...
006 (76704689.000.000) 2025-03-11 01:39:13 Image size of job updated: 615
	615  -  MemoryUsage of job (MB)
	629960  -  ResidentSetSize of job (KB)
...
006 (76704689.003.000) 2025-03-11 01:39:33 Image size of job updated: 1053
	1053  -  MemoryUsage of job (MB)
	1079036  -  ResidentSetSize of job (KB)
...
006 (76704689.004.000) 2025-03-11 01:39:34 Image size of job updated: 1044
	1044  -  MemoryUsage of job (MB)
	1069364  -  ResidentSetSize of job (KB)
...
006 (76704689.007.000) 2025-03-11 01:39:35 Image size of job updated: 865
	865  -  MemoryUsage of job (MB)
	885812  -  ResidentSetSize of job (KB)
...
006 (76704689.002.000) 2025-03-11 01:39:38 Image size of job updated: 993
	993  -  MemoryUsage of job (MB)
	1017196  -  ResidentSetSize of job (KB)
...
006 (76704689.005.000) 2025-03-11 01:39:42 Image size of job updated: 842
	842  -  MemoryUsage of job (MB)
	862376  -  ResidentSetSize of job (KB)
...
006 (76704689.001.000) 2025-03-11 01:39:42 Image size of job updated: 984
	984  -  MemoryUsage of job (MB)
	1008168  -  ResidentSetSize of job (KB)
...
006 (76704689.008.000) 2025-03-11 01:39:44 Image size of job updated: 992
	992  -  MemoryUsage of job (MB)
	1015924  -  ResidentSetSize of job (KB)
...
006 (76704689.009.000) 2025-03-11 01:39:46 Image size of job updated: 635
	635  -  MemoryUsage of job (MB)
	650632  -  ResidentSetSize of job (KB)
...
006 (76704689.000.000) 2025-03-11 01:40:13 Image size of job updated: 616
	616  -  MemoryUsage of job (MB)
	631644  -  ResidentSetSize of job (KB)
...
006 (76704689.003.000) 2025-03-11 01:40:34 Image size of job updated: 1067
	1067  -  MemoryUsage of job (MB)
	1093068  -  ResidentSetSize of job (KB)
...
006 (76704689.004.000) 2025-03-11 01:40:35 Image size of job updated: 1057
	1057  -  MemoryUsage of job (MB)
	1083152  -  ResidentSetSize of job (KB)
...
006 (76704689.007.000) 2025-03-11 01:40:36 Image size of job updated: 959
	959  -  MemoryUsage of job (MB)
	982616  -  ResidentSetSize of job (KB)
...
006 (76704689.002.000) 2025-03-11 01:40:39 Image size of job updated: 999
	999  -  MemoryUsage of job (MB)
	1023488  -  ResidentSetSize of job (KB)
...
006 (76704689.001.000) 2025-03-11 01:40:43 Image size of job updated: 991
	991  -  MemoryUsage of job (MB)
	1015360  -  ResidentSetSize of job (KB)
...
006 (76704689.005.000) 2025-03-11 01:40:43 Image size of job updated: 920
	920  -  MemoryUsage of job (MB)
	942920  -  ResidentSetSize of job (KB)
...
006 (76704689.008.000) 2025-03-11 01:40:45 Image size of job updated: 1092
	1092  -  MemoryUsage of job (MB)
	1118540  -  ResidentSetSize of job (KB)
...
006 (76704689.009.000) 2025-03-11 01:40:46 Image size of job updated: 727
	727  -  MemoryUsage of job (MB)
	744852  -  ResidentSetSize of job (KB)
...
006 (76704689.000.000) 2025-03-11 01:41:13 Image size of job updated: 618
	618  -  MemoryUsage of job (MB)
	633580  -  ResidentSetSize of job (KB)
...
006 (76704689.006.000) 2025-03-11 01:41:34 Image size of job updated: 863
	863  -  MemoryUsage of job (MB)
	883872  -  ResidentSetSize of job (KB)
...
006 (76704689.003.000) 2025-03-11 01:41:35 Image size of job updated: 1082
	1082  -  MemoryUsage of job (MB)
	1108096  -  ResidentSetSize of job (KB)
...
006 (76704689.004.000) 2025-03-11 01:41:35 Image size of job updated: 1152
	1152  -  MemoryUsage of job (MB)
	1180508  -  ResidentSetSize of job (KB)
...
006 (76704689.007.000) 2025-03-11 01:41:36 Image size of job updated: 977
	977  -  MemoryUsage of job (MB)
	1000728  -  ResidentSetSize of job (KB)
...
006 (76704689.002.000) 2025-03-11 01:41:40 Image size of job updated: 1005
	1005  -  MemoryUsage of job (MB)
	1029704  -  ResidentSetSize of job (KB)
...
006 (76704689.005.000) 2025-03-11 01:41:43 Image size of job updated: 921
	921  -  MemoryUsage of job (MB)
	943756  -  ResidentSetSize of job (KB)
...
006 (76704689.001.000) 2025-03-11 01:41:43 Image size of job updated: 1077
	1077  -  MemoryUsage of job (MB)
	1102980  -  ResidentSetSize of job (KB)
...
006 (76704689.008.000) 2025-03-11 01:41:45 Image size of job updated: 1112
	1112  -  MemoryUsage of job (MB)
	1138968  -  ResidentSetSize of job (KB)
...
006 (76704689.009.000) 2025-03-11 01:41:47 Image size of job updated: 857
	857  -  MemoryUsage of job (MB)
	877660  -  ResidentSetSize of job (KB)
...
006 (76704689.000.000) 2025-03-11 01:42:14 Image size of job updated: 620
	620  -  MemoryUsage of job (MB)
	635540  -  ResidentSetSize of job (KB)
...
006 (76704689.006.000) 2025-03-11 01:42:34 Image size of job updated: 965
	965  -  MemoryUsage of job (MB)
	988496  -  ResidentSetSize of job (KB)
...
006 (76704689.003.000) 2025-03-11 01:42:35 Image size of job updated: 1164
	1164  -  MemoryUsage of job (MB)
	1192220  -  ResidentSetSize of job (KB)
...
006 (76704689.004.000) 2025-03-11 01:42:36 Image size of job updated: 1168
	1168  -  MemoryUsage of job (MB)
	1197012  -  ResidentSetSize of job (KB)
...
006 (76704689.007.000) 2025-03-11 01:42:37 Image size of job updated: 1092
	1092  -  MemoryUsage of job (MB)
	1118656  -  ResidentSetSize of job (KB)
...
006 (76704689.002.000) 2025-03-11 01:42:40 Image size of job updated: 1011
	1011  -  MemoryUsage of job (MB)
	1036120  -  ResidentSetSize of job (KB)
...
006 (76704689.001.000) 2025-03-11 01:42:43 Image size of job updated: 1084
	1084  -  MemoryUsage of job (MB)
	1110148  -  ResidentSetSize of job (KB)
...
006 (76704689.008.000) 2025-03-11 01:42:47 Image size of job updated: 1226
	1226  -  MemoryUsage of job (MB)
	1256192  -  ResidentSetSize of job (KB)
...
006 (76704689.009.000) 2025-03-11 01:42:48 Image size of job updated: 885
	885  -  MemoryUsage of job (MB)
	907164  -  ResidentSetSize of job (KB)
...
006 (76704689.000.000) 2025-03-11 01:43:14 Image size of job updated: 622
	622  -  MemoryUsage of job (MB)
	637484  -  ResidentSetSize of job (KB)
...
006 (76704689.006.000) 2025-03-11 01:43:34 Image size of job updated: 1112
	1112  -  MemoryUsage of job (MB)
	1139324  -  ResidentSetSize of job (KB)
...
006 (76704689.003.000) 2025-03-11 01:43:36 Image size of job updated: 1182
	1182  -  MemoryUsage of job (MB)
	1210440  -  ResidentSetSize of job (KB)
...
006 (76704689.007.000) 2025-03-11 01:43:37 Image size of job updated: 1123
	1123  -  MemoryUsage of job (MB)
	1150112  -  ResidentSetSize of job (KB)
...
006 (76704689.004.000) 2025-03-11 01:43:37 Image size of job updated: 1288
	1288  -  MemoryUsage of job (MB)
	1319024  -  ResidentSetSize of job (KB)
...
006 (76704689.002.000) 2025-03-11 01:43:40 Image size of job updated: 1017
	1017  -  MemoryUsage of job (MB)
	1041744  -  ResidentSetSize of job (KB)
...
006 (76704689.005.000) 2025-03-11 01:43:44 Image size of job updated: 926
	926  -  MemoryUsage of job (MB)
	949148  -  ResidentSetSize of job (KB)
...
006 (76704689.001.000) 2025-03-11 01:43:44 Image size of job updated: 1086
	1086  -  MemoryUsage of job (MB)
	1112604  -  ResidentSetSize of job (KB)
...
006 (76704689.008.000) 2025-03-11 01:43:46 Image size of job updated: 1255
	1255  -  MemoryUsage of job (MB)
	1285524  -  ResidentSetSize of job (KB)
...
006 (76704689.009.000) 2025-03-11 01:43:48 Image size of job updated: 924
	924  -  MemoryUsage of job (MB)
	946980  -  ResidentSetSize of job (KB)
...
006 (76704689.009.000) 2025-03-11 01:44:03 Image size of job updated: 928
	928  -  MemoryUsage of job (MB)
	950656  -  ResidentSetSize of job (KB)
...
005 (76704689.009.000) 2025-03-11 01:44:04 Job terminated.
	(1) Normal termination (return value 0)
		Usr 0 00:04:08, Sys 0 00:00:06  -  Run Remote Usage
		Usr 0 00:00:00, Sys 0 00:00:00  -  Run Local Usage
		Usr 0 00:04:08, Sys 0 00:00:06  -  Total Remote Usage
		Usr 0 00:00:00, Sys 0 00:00:00  -  Total Local Usage
	0  -  Run Bytes Sent By Job
	921568832  -  Run Bytes Received By Job
	0  -  Total Bytes Sent By Job
	921568832  -  Total Bytes Received By Job
	Partitionable Resources :      Usage  Request Allocated 
	   Cpus                 :       0.00        1         1 
	   Disk (KB)            : 1017848    52428800  54094910 
	   Memory (MB)          :     928        8192      8192 
	   TimeExecute (s)      :     448                       
	   TimeSlotBusy (s)     :     470                       

	Job terminated of its own accord at 2025-03-11T06:44:03Z with exit-code 0.
...
006 (76704689.000.000) 2025-03-11 01:44:15 Image size of job updated: 624
	624  -  MemoryUsage of job (MB)
	639016  -  ResidentSetSize of job (KB)
...
006 (76704689.006.000) 2025-03-11 01:44:34 Image size of job updated: 1141
	1141  -  MemoryUsage of job (MB)
	1169192  -  ResidentSetSize of job (KB)
...
006 (76704689.007.000) 2025-03-11 01:44:37 Image size of job updated: 1126
	1126  -  MemoryUsage of job (MB)
	1153588  -  ResidentSetSize of job (KB)
...
006 (76704689.003.000) 2025-03-11 01:44:37 Image size of job updated: 1304
	1304  -  MemoryUsage of job (MB)
	1335592  -  ResidentSetSize of job (KB)
...
006 (76704689.002.000) 2025-03-11 01:44:40 Image size of job updated: 1109
	1109  -  MemoryUsage of job (MB)
	1135820  -  ResidentSetSize of job (KB)
...
006 (76704689.005.000) 2025-03-11 01:44:44 Image size of job updated: 1002
	1002  -  MemoryUsage of job (MB)
	1027028  -  ResidentSetSize of job (KB)
...
006 (76704689.001.000) 2025-03-11 01:44:45 Image size of job updated: 1096
	1096  -  MemoryUsage of job (MB)
	1122312  -  ResidentSetSize of job (KB)
...
006 (76704689.008.000) 2025-03-11 01:44:46 Image size of job updated: 1284
	1284  -  MemoryUsage of job (MB)
	1315420  -  ResidentSetSize of job (KB)
...
006 (76704689.000.000) 2025-03-11 01:45:15 Image size of job updated: 625
	625  -  MemoryUsage of job (MB)
	640728  -  ResidentSetSize of job (KB)
...
006 (76704689.006.000) 2025-03-11 01:45:35 Image size of job updated: 1171
	1171  -  MemoryUsage of job (MB)
	1199224  -  ResidentSetSize of job (KB)
...
006 (76704689.003.000) 2025-03-11 01:45:38 Image size of job updated: 1304
	1304  -  MemoryUsage of job (MB)
	1335776  -  ResidentSetSize of job (KB)
...
006 (76704689.002.000) 2025-03-11 01:45:41 Image size of job updated: 1122
	1122  -  MemoryUsage of job (MB)
	1149464  -  ResidentSetSize of job (KB)
...
006 (76704689.005.000) 2025-03-11 01:45:45 Image size of job updated: 1098
	1098  -  MemoryUsage of job (MB)
	1125188  -  ResidentSetSize of job (KB)
...
006 (76704689.001.000) 2025-03-11 01:45:45 Image size of job updated: 1120
	1120  -  MemoryUsage of job (MB)
	1146908  -  ResidentSetSize of job (KB)
...
006 (76704689.008.000) 2025-03-11 01:45:46 Image size of job updated: 1284
	1284  -  MemoryUsage of job (MB)
	1315572  -  ResidentSetSize of job (KB)
...
006 (76704689.000.000) 2025-03-11 01:46:15 Image size of job updated: 636
	636  -  MemoryUsage of job (MB)
	652092  -  ResidentSetSize of job (KB)
...
006 (76704689.006.000) 2025-03-11 01:46:36 Image size of job updated: 1200
	1200  -  MemoryUsage of job (MB)
	1229172  -  ResidentSetSize of job (KB)
...
006 (76704689.003.000) 2025-03-11 01:46:39 Image size of job updated: 1304
	1304  -  MemoryUsage of job (MB)
	1335956  -  ResidentSetSize of job (KB)
...
006 (76704689.000.000) 2025-03-11 01:47:15 Image size of job updated: 638
	638  -  MemoryUsage of job (MB)
	653784  -  ResidentSetSize of job (KB)
...
005 (76704689.007.000) 2025-03-11 01:47:27 Job terminated.
	(1) Normal termination (return value 0)
		Usr 0 00:05:17, Sys 0 00:00:06  -  Run Remote Usage
		Usr 0 00:00:00, Sys 0 00:00:00  -  Run Local Usage
		Usr 0 00:05:17, Sys 0 00:00:06  -  Total Remote Usage
		Usr 0 00:00:00, Sys 0 00:00:00  -  Total Local Usage
	0  -  Run Bytes Sent By Job
	921565568  -  Run Bytes Received By Job
	0  -  Total Bytes Sent By Job
	921565568  -  Total Bytes Received By Job
	Partitionable Resources :      Usage  Request Allocated 
	   Cpus                 :       0.00        1         1 
	   Disk (KB)            : 1047316    52428800  55195408 
	   Memory (MB)          :    1126        8192      8192 
	   TimeExecute (s)      :     663                       
	   TimeSlotBusy (s)     :     673                       

	Job terminated of its own accord at 2025-03-11T06:47:27Z with exit-code 0.
...
006 (76704689.000.000) 2025-03-11 01:48:15 Image size of job updated: 644
	644  -  MemoryUsage of job (MB)
	659764  -  ResidentSetSize of job (KB)
...
006 (76704689.000.000) 2025-03-11 01:49:15 Image size of job updated: 647
	647  -  MemoryUsage of job (MB)
	663000  -  ResidentSetSize of job (KB)
...
006 (76704689.000.000) 2025-03-11 01:50:15 Image size of job updated: 649
	649  -  MemoryUsage of job (MB)
	664728  -  ResidentSetSize of job (KB)
...
006 (76704689.000.000) 2025-03-11 01:51:15 Image size of job updated: 657
	657  -  MemoryUsage of job (MB)
	673080  -  ResidentSetSize of job (KB)
...
006 (76704689.000.000) 2025-03-11 01:52:15 Image size of job updated: 805
	805  -  MemoryUsage of job (MB)
	824436  -  ResidentSetSize of job (KB)
...
006 (76704689.000.000) 2025-03-11 01:55:15 Image size of job updated: 809
	809  -  MemoryUsage of job (MB)
	828792  -  ResidentSetSize of job (KB)
...
006 (76704689.006.000) 2025-03-11 01:55:40 Image size of job updated: 1226
	1226  -  MemoryUsage of job (MB)
	1255992  -  ResidentSetSize of job (KB)
...
006 (76704689.000.000) 2025-03-11 01:56:15 Image size of job updated: 810
	810  -  MemoryUsage of job (MB)
	830348  -  ResidentSetSize of job (KB)
...
006 (76704689.000.000) 2025-03-11 01:57:15 Image size of job updated: 826
	826  -  MemoryUsage of job (MB)
	846724  -  ResidentSetSize of job (KB)
...
006 (76704689.006.000) 2025-03-11 01:57:40 Image size of job updated: 1255
	1255  -  MemoryUsage of job (MB)
	1286000  -  ResidentSetSize of job (KB)
...
006 (76704689.000.000) 2025-03-11 01:58:15 Image size of job updated: 844
	844  -  MemoryUsage of job (MB)
	865136  -  ResidentSetSize of job (KB)
...
006 (76704689.006.000) 2025-03-11 01:58:40 Image size of job updated: 1285
	1285  -  MemoryUsage of job (MB)
	1316172  -  ResidentSetSize of job (KB)
...
006 (76704689.005.000) 2025-03-11 01:58:54 Image size of job updated: 1124
	1124  -  MemoryUsage of job (MB)
	1151036  -  ResidentSetSize of job (KB)
...
006 (76704689.000.000) 2025-03-11 01:59:15 Image size of job updated: 977
	977  -  MemoryUsage of job (MB)
	1000804  -  ResidentSetSize of job (KB)
...
005 (76704689.000.000) 2025-03-11 01:59:37 Job terminated.
	(1) Normal termination (return value 0)
		Usr 0 00:05:02, Sys 0 00:00:14  -  Run Remote Usage
		Usr 0 00:00:00, Sys 0 00:00:00  -  Run Local Usage
		Usr 0 00:05:02, Sys 0 00:00:14  -  Total Remote Usage
		Usr 0 00:00:00, Sys 0 00:00:00  -  Total Local Usage
	0  -  Run Bytes Sent By Job
	921561984  -  Run Bytes Received By Job
	0  -  Total Bytes Sent By Job
	921561984  -  Total Bytes Received By Job
	Partitionable Resources :     Usage  Request Allocated 
	   Cpus                 :      0.00        1         1 
	   Disk (KB)            : 960216    52428800  54982419 
	   Memory (MB)          :    977        8192      8192 
	   TimeExecute (s)      :   1657                       
	   TimeSlotBusy (s)     :   1671                       

	Job terminated of its own accord at 2025-03-11T06:59:36Z with exit-code 0.
...
006 (76704689.006.000) 2025-03-11 01:59:40 Image size of job updated: 1343
	1343  -  MemoryUsage of job (MB)
	1375976  -  ResidentSetSize of job (KB)
...
006 (76704689.005.000) 2025-03-11 01:59:54 Image size of job updated: 1124
	1124  -  MemoryUsage of job (MB)
	1151300  -  ResidentSetSize of job (KB)
...
006 (76704689.006.000) 2025-03-11 02:00:40 Image size of job updated: 1402
	1402  -  MemoryUsage of job (MB)
	1436056  -  ResidentSetSize of job (KB)
...
006 (76704689.005.000) 2025-03-11 02:00:55 Image size of job updated: 1153
	1153  -  MemoryUsage of job (MB)
	1181144  -  ResidentSetSize of job (KB)
...
006 (76704689.008.000) 2025-03-11 02:00:57 Image size of job updated: 1289
	1289  -  MemoryUsage of job (MB)
	1320092  -  ResidentSetSize of job (KB)
...
006 (76704689.006.000) 2025-03-11 02:01:30 Image size of job updated: 1461
	1461  -  MemoryUsage of job (MB)
	1496336  -  ResidentSetSize of job (KB)
...
005 (76704689.006.000) 2025-03-11 02:01:31 Job terminated.
	(1) Normal termination (return value 0)
		Usr 0 00:10:55, Sys 0 00:00:14  -  Run Remote Usage
		Usr 0 00:00:00, Sys 0 00:00:00  -  Run Local Usage
		Usr 0 00:10:55, Sys 0 00:00:14  -  Total Remote Usage
		Usr 0 00:00:00, Sys 0 00:00:00  -  Total Local Usage
	0  -  Run Bytes Sent By Job
	921565568  -  Run Bytes Received By Job
	0  -  Total Bytes Sent By Job
	921565568  -  Total Bytes Received By Job
	Partitionable Resources :    Usage  Request Allocated 
	   Cpus                 :        0        1         1 
	   Disk (KB)            :  1456233 52428800  55417969 
	   Memory (MB)          :     1461     8192      8192 
	   TimeExecute (s)      :     1506                    
	   TimeSlotBusy (s)     :     1517                    

	Job terminated of its own accord at 2025-03-11T07:01:30Z with exit-code 0.
...
006 (76704689.005.000) 2025-03-11 02:01:55 Image size of job updated: 1182
	1182  -  MemoryUsage of job (MB)
	1211004  -  ResidentSetSize of job (KB)
...
006 (76704689.008.000) 2025-03-11 02:01:57 Image size of job updated: 1347
	1347  -  MemoryUsage of job (MB)
	1379852  -  ResidentSetSize of job (KB)
...
006 (76704689.005.000) 2025-03-11 02:02:55 Image size of job updated: 1211
	1211  -  MemoryUsage of job (MB)
	1240952  -  ResidentSetSize of job (KB)
...
006 (76704689.008.000) 2025-03-11 02:02:57 Image size of job updated: 1377
	1377  -  MemoryUsage of job (MB)
	1410096  -  ResidentSetSize of job (KB)
...
006 (76704689.005.000) 2025-03-11 02:03:55 Image size of job updated: 1211
	1211  -  MemoryUsage of job (MB)
	1241016  -  ResidentSetSize of job (KB)
...
006 (76704689.008.000) 2025-03-11 02:03:58 Image size of job updated: 1435
	1435  -  MemoryUsage of job (MB)
	1469888  -  ResidentSetSize of job (KB)
...
006 (76704689.005.000) 2025-03-11 02:04:55 Image size of job updated: 1241
	1241  -  MemoryUsage of job (MB)
	1270828  -  ResidentSetSize of job (KB)
...
006 (76704689.008.000) 2025-03-11 02:04:59 Image size of job updated: 1494
	1494  -  MemoryUsage of job (MB)
	1529880  -  ResidentSetSize of job (KB)
...
005 (76704689.004.000) 2025-03-11 02:05:14 Job terminated.
	(1) Normal termination (return value 0)
		Usr 0 00:08:05, Sys 0 00:00:13  -  Run Remote Usage
		Usr 0 00:00:00, Sys 0 00:00:00  -  Run Local Usage
		Usr 0 00:08:05, Sys 0 00:00:13  -  Total Remote Usage
		Usr 0 00:00:00, Sys 0 00:00:00  -  Total Local Usage
	0  -  Run Bytes Sent By Job
	921565568  -  Run Bytes Received By Job
	0  -  Total Bytes Sent By Job
	921565568  -  Total Bytes Received By Job
	Partitionable Resources :      Usage  Request Allocated 
	   Cpus                 :       0.00        1         1 
	   Disk (KB)            : 1222680    52428800  55185775 
	   Memory (MB)          :    1288        8192      8192 
	   TimeExecute (s)      :    1730                       
	   TimeSlotBusy (s)     :    1741                       

	Job terminated of its own accord at 2025-03-11T07:05:14Z with exit-code 0.
...
006 (76704689.005.000) 2025-03-11 02:05:55 Image size of job updated: 1270
	1270  -  MemoryUsage of job (MB)
	1300528  -  ResidentSetSize of job (KB)
...
006 (76704689.008.000) 2025-03-11 02:06:00 Image size of job updated: 1564
	1564  -  MemoryUsage of job (MB)
	1602032  -  ResidentSetSize of job (KB)
...
006 (76704689.002.000) 2025-03-11 02:06:54 Image size of job updated: 1150
	1150  -  MemoryUsage of job (MB)
	1178504  -  ResidentSetSize of job (KB)
...
006 (76704689.005.000) 2025-03-11 02:06:55 Image size of job updated: 1299
	1299  -  MemoryUsage of job (MB)
	1330604  -  ResidentSetSize of job (KB)
...
006 (76704689.008.000) 2025-03-11 02:07:00 Image size of job updated: 1623
	1623  -  MemoryUsage of job (MB)
	1661992  -  ResidentSetSize of job (KB)
...
006 (76704689.002.000) 2025-03-11 02:07:10 Image size of job updated: 1160
	1160  -  MemoryUsage of job (MB)
	1188524  -  ResidentSetSize of job (KB)
...
005 (76704689.002.000) 2025-03-11 02:07:11 Job terminated.
	(1) Normal termination (return value 0)
		Usr 0 00:08:14, Sys 0 00:00:14  -  Run Remote Usage
		Usr 0 00:00:00, Sys 0 00:00:00  -  Run Local Usage
		Usr 0 00:08:14, Sys 0 00:00:14  -  Total Remote Usage
		Usr 0 00:00:00, Sys 0 00:00:00  -  Total Local Usage
	0  -  Run Bytes Sent By Job
	921565568  -  Run Bytes Received By Job
	0  -  Total Bytes Sent By Job
	921565568  -  Total Bytes Received By Job
	Partitionable Resources :    Usage  Request Allocated 
	   Cpus                 :        0        1         1 
	   Disk (KB)            :  1223292 52428800  53602639 
	   Memory (MB)          :     1160     8192      8192 
	   TimeExecute (s)      :     1845                    
	   TimeSlotBusy (s)     :     1858                    

	Job terminated of its own accord at 2025-03-11T07:07:10Z with exit-code 0.
...
006 (76704689.005.000) 2025-03-11 02:07:55 Image size of job updated: 1328
	1328  -  MemoryUsage of job (MB)
	1360448  -  ResidentSetSize of job (KB)
...
006 (76704689.008.000) 2025-03-11 02:08:00 Image size of job updated: 1681
	1681  -  MemoryUsage of job (MB)
	1721908  -  ResidentSetSize of job (KB)
...
006 (76704689.005.000) 2025-03-11 02:08:55 Image size of job updated: 1357
	1357  -  MemoryUsage of job (MB)
	1390420  -  ResidentSetSize of job (KB)
...
006 (76704689.008.000) 2025-03-11 02:09:00 Image size of job updated: 1740
	1740  -  MemoryUsage of job (MB)
	1782012  -  ResidentSetSize of job (KB)
...
006 (76704689.005.000) 2025-03-11 02:09:56 Image size of job updated: 1416
	1416  -  MemoryUsage of job (MB)
	1450076  -  ResidentSetSize of job (KB)
...
006 (76704689.008.000) 2025-03-11 02:10:01 Image size of job updated: 1798
	1798  -  MemoryUsage of job (MB)
	1841952  -  ResidentSetSize of job (KB)
...
006 (76704689.001.000) 2025-03-11 02:10:52 Image size of job updated: 1121
	1121  -  MemoryUsage of job (MB)
	1148628  -  ResidentSetSize of job (KB)
...
005 (76704689.001.000) 2025-03-11 02:10:53 Job terminated.
	(1) Normal termination (return value 0)
		Usr 0 00:08:16, Sys 0 00:00:19  -  Run Remote Usage
		Usr 0 00:00:00, Sys 0 00:00:00  -  Run Local Usage
		Usr 0 00:08:16, Sys 0 00:00:19  -  Total Remote Usage
		Usr 0 00:00:00, Sys 0 00:00:00  -  Total Local Usage
	0  -  Run Bytes Sent By Job
	921562944  -  Run Bytes Received By Job
	0  -  Total Bytes Sent By Job
	921562944  -  Total Bytes Received By Job
	Partitionable Resources :    Usage  Request Allocated 
	   Cpus                 :        0        1         1 
	   Disk (KB)            :  1193752 52428800  54312896 
	   Memory (MB)          :     1121     8192      8192 
	   TimeExecute (s)      :     2242                    
	   TimeSlotBusy (s)     :     2258                    

	Job terminated of its own accord at 2025-03-11T07:10:52Z with exit-code 0.
...
006 (76704689.005.000) 2025-03-11 02:10:56 Image size of job updated: 1445
	1445  -  MemoryUsage of job (MB)
	1479856  -  ResidentSetSize of job (KB)
...
006 (76704689.008.000) 2025-03-11 02:11:02 Image size of job updated: 1857
	1857  -  MemoryUsage of job (MB)
	1901924  -  ResidentSetSize of job (KB)
...
006 (76704689.008.000) 2025-03-11 02:11:39 Image size of job updated: 1886
	1886  -  MemoryUsage of job (MB)
	1931968  -  ResidentSetSize of job (KB)
...
005 (76704689.008.000) 2025-03-11 02:11:40 Job terminated.
	(1) Normal termination (return value 0)
		Usr 0 00:18:11, Sys 0 00:00:20  -  Run Remote Usage
		Usr 0 00:00:00, Sys 0 00:00:00  -  Run Local Usage
		Usr 0 00:18:11, Sys 0 00:00:20  -  Total Remote Usage
		Usr 0 00:00:00, Sys 0 00:00:00  -  Total Local Usage
	0  -  Run Bytes Sent By Job
	921568832  -  Run Bytes Received By Job
	0  -  Total Bytes Sent By Job
	921568832  -  Total Bytes Received By Job
	Partitionable Resources :      Usage  Request Allocated 
	   Cpus                 :       0.00        1         1 
	   Disk (KB)            : 1949942    52428800  54468413 
	   Memory (MB)          :    1886        8192      8192 
	   TimeExecute (s)      :    2106                       
	   TimeSlotBusy (s)     :    2126                       

	Job terminated of its own accord at 2025-03-11T07:11:39Z with exit-code 0.
...
006 (76704689.005.000) 2025-03-11 02:11:57 Image size of job updated: 1445
	1445  -  MemoryUsage of job (MB)
	1480052  -  ResidentSetSize of job (KB)
...
006 (76704689.003.000) 2025-03-11 02:12:43 Image size of job updated: 1324
	1324  -  MemoryUsage of job (MB)
	1356544  -  ResidentSetSize of job (KB)
...
006 (76704689.005.000) 2025-03-11 02:12:57 Image size of job updated: 1492
	1492  -  MemoryUsage of job (MB)
	1528648  -  ResidentSetSize of job (KB)
...
006 (76704689.003.000) 2025-03-11 02:13:44 Image size of job updated: 1353
	1353  -  MemoryUsage of job (MB)
	1386292  -  ResidentSetSize of job (KB)
...
006 (76704689.005.000) 2025-03-11 02:13:57 Image size of job updated: 1508
	1508  -  MemoryUsage of job (MB)
	1544940  -  ResidentSetSize of job (KB)
...
006 (76704689.003.000) 2025-03-11 02:14:44 Image size of job updated: 1382
	1382  -  MemoryUsage of job (MB)
	1415920  -  ResidentSetSize of job (KB)
...
006 (76704689.005.000) 2025-03-11 02:14:44 Image size of job updated: 1538
	1538  -  MemoryUsage of job (MB)
	1575288  -  ResidentSetSize of job (KB)
...
005 (76704689.005.000) 2025-03-11 02:14:45 Job terminated.
	(1) Normal termination (return value 0)
		Usr 0 00:15:01, Sys 0 00:00:16  -  Run Remote Usage
		Usr 0 00:00:00, Sys 0 00:00:00  -  Run Local Usage
		Usr 0 00:15:01, Sys 0 00:00:16  -  Total Remote Usage
		Usr 0 00:00:00, Sys 0 00:00:00  -  Total Local Usage
	0  -  Run Bytes Sent By Job
	921568832  -  Run Bytes Received By Job
	0  -  Total Bytes Sent By Job
	921568832  -  Total Bytes Received By Job
	Partitionable Resources :      Usage  Request Allocated 
	   Cpus                 :       0.00        1         1 
	   Disk (KB)            : 1598416    52428800  55140924 
	   Memory (MB)          :    1538        8192      8192 
	   TimeExecute (s)      :    2293                       
	   TimeSlotBusy (s)     :    2311                       

	Job terminated of its own accord at 2025-03-11T07:14:44Z with exit-code 0.
...
006 (76704689.003.000) 2025-03-11 02:15:44 Image size of job updated: 1411
	1411  -  MemoryUsage of job (MB)
	1445576  -  ResidentSetSize of job (KB)
...
005 (76704689.003.000) 2025-03-11 02:15:54 Job terminated.
	(1) Normal termination (return value 0)
		Usr 0 00:15:14, Sys 0 00:00:17  -  Run Remote Usage
		Usr 0 00:00:00, Sys 0 00:00:00  -  Run Local Usage
		Usr 0 00:15:14, Sys 0 00:00:17  -  Total Remote Usage
		Usr 0 00:00:00, Sys 0 00:00:00  -  Total Local Usage
	0  -  Run Bytes Sent By Job
	921565568  -  Run Bytes Received By Job
	0  -  Total Bytes Sent By Job
	921565568  -  Total Bytes Received By Job
	Partitionable Resources :    Usage  Request Allocated 
	   Cpus                 :        0        1         1 
	   Disk (KB)            :  1441442 52428800  55001182 
	   Memory (MB)          :     1411     8192      8192 
	   TimeExecute (s)      :     2369                    
	   TimeSlotBusy (s)     :     2381                    

	Job terminated of its own accord at 2025-03-11T07:15:52Z with exit-code 0.
...
