000 (76704563.000.000) 2025-03-11 01:02:18 Job submitted from host: <131.225.189.168:9618?addrs=131.225.189.168-9618+[2620-6a-0-8421-f0-0-189-168]-9618&alias=lpcschedd6.fnal.gov&noUDP&sock=schedd_31891_26e2>
...
000 (76704563.001.000) 2025-03-11 01:02:18 Job submitted from host: <131.225.189.168:9618?addrs=131.225.189.168-9618+[2620-6a-0-8421-f0-0-189-168]-9618&alias=lpcschedd6.fnal.gov&noUDP&sock=schedd_31891_26e2>
...
000 (76704563.002.000) 2025-03-11 01:02:18 Job submitted from host: <131.225.189.168:9618?addrs=131.225.189.168-9618+[2620-6a-0-8421-f0-0-189-168]-9618&alias=lpcschedd6.fnal.gov&noUDP&sock=schedd_31891_26e2>
...
000 (76704563.003.000) 2025-03-11 01:02:18 Job submitted from host: <131.225.189.168:9618?addrs=131.225.189.168-9618+[2620-6a-0-8421-f0-0-189-168]-9618&alias=lpcschedd6.fnal.gov&noUDP&sock=schedd_31891_26e2>
...
000 (76704563.004.000) 2025-03-11 01:02:18 Job submitted from host: <131.225.189.168:9618?addrs=131.225.189.168-9618+[2620-6a-0-8421-f0-0-189-168]-9618&alias=lpcschedd6.fnal.gov&noUDP&sock=schedd_31891_26e2>
...
000 (76704563.005.000) 2025-03-11 01:02:18 Job submitted from host: <131.225.189.168:9618?addrs=131.225.189.168-9618+[2620-6a-0-8421-f0-0-189-168]-9618&alias=lpcschedd6.fnal.gov&noUDP&sock=schedd_31891_26e2>
...
000 (76704563.006.000) 2025-03-11 01:02:18 Job submitted from host: <131.225.189.168:9618?addrs=131.225.189.168-9618+[2620-6a-0-8421-f0-0-189-168]-9618&alias=lpcschedd6.fnal.gov&noUDP&sock=schedd_31891_26e2>
...
000 (76704563.007.000) 2025-03-11 01:02:18 Job submitted from host: <131.225.189.168:9618?addrs=131.225.189.168-9618+[2620-6a-0-8421-f0-0-189-168]-9618&alias=lpcschedd6.fnal.gov&noUDP&sock=schedd_31891_26e2>
...
000 (76704563.008.000) 2025-03-11 01:02:18 Job submitted from host: <131.225.189.168:9618?addrs=131.225.189.168-9618+[2620-6a-0-8421-f0-0-189-168]-9618&alias=lpcschedd6.fnal.gov&noUDP&sock=schedd_31891_26e2>
...
000 (76704563.009.000) 2025-03-11 01:02:18 Job submitted from host: <131.225.189.168:9618?addrs=131.225.189.168-9618+[2620-6a-0-8421-f0-0-189-168]-9618&alias=lpcschedd6.fnal.gov&noUDP&sock=schedd_31891_26e2>
...
000 (76704563.010.000) 2025-03-11 01:02:18 Job submitted from host: <131.225.189.168:9618?addrs=131.225.189.168-9618+[2620-6a-0-8421-f0-0-189-168]-9618&alias=lpcschedd6.fnal.gov&noUDP&sock=schedd_31891_26e2>
...
040 (76704563.002.000) 2025-03-11 01:02:31 Started transferring input files
	Transferring to host: <131.225.189.35:9618?addrs=[2620-6a-0-8421-f0-0-189-35]-9618+131.225.189.35-9618&alias=cmswn2088.fnal.gov&noUDP&sock=slot1_12_2400_c45b_4580>
...
040 (76704563.003.000) 2025-03-11 01:02:31 Started transferring input files
	Transferring to host: <131.225.188.14:9618?addrs=[2620-6a-0-8421-f0-0-188-14]-9618+131.225.188.14-9618&alias=cmswn2019.fnal.gov&noUDP&sock=slot1_4_2247_f6f4_2859>
...
040 (76704563.001.000) 2025-03-11 01:02:31 Started transferring input files
	Transferring to host: <131.225.189.235:9618?addrs=[2620-6a-0-8421-f0-0-189-235]-9618+131.225.189.235-9618&alias=cmswn2156.fnal.gov&noUDP&sock=slot1_16_2217_d3b3_15962>
...
040 (76704563.004.000) 2025-03-11 01:02:31 Started transferring input files
	Transferring to host: <131.225.189.219:9618?addrs=[2620-6a-0-8421-f0-0-189-219]-9618+131.225.189.219-9618&alias=cmswn2148.fnal.gov&noUDP&sock=slot1_6_2154_7011_51248>
...
040 (76704563.000.000) 2025-03-11 01:02:31 Started transferring input files
	Transferring to host: <131.225.189.235:9618?addrs=[2620-6a-0-8421-f0-0-189-235]-9618+131.225.189.235-9618&alias=cmswn2156.fnal.gov&noUDP&sock=slot1_2_2217_d3b3_15961>
...
040 (76704563.007.000) 2025-03-11 01:02:37 Entered queue to transfer input files
	Transferring to host: <131.225.188.105:9618?addrs=[2620-6a-0-8421-f0-0-188-105]-9618+131.225.188.105-9618&alias=cmswn2046.fnal.gov&noUDP&sock=slot1_3_2449_4abd_56824>
...
040 (76704563.006.000) 2025-03-11 01:02:37 Entered queue to transfer input files
	Transferring to host: <131.225.189.180:9618?addrs=[2620-6a-0-8421-f0-0-189-180]-9618+131.225.189.180-9618&alias=cmswn2129.fnal.gov&noUDP&sock=slot1_7_2164_7bd1_52745>
...
040 (76704563.005.000) 2025-03-11 01:02:37 Entered queue to transfer input files
	Transferring to host: <131.225.189.201:9618?addrs=[2620-6a-0-8421-f0-0-189-201]-9618+131.225.189.201-9618&alias=cmswn2139.fnal.gov&noUDP&sock=slot1_24_2846_03ad_5078>
...
040 (76704563.009.000) 2025-03-11 01:02:37 Entered queue to transfer input files
	Transferring to host: <131.225.189.54:9618?addrs=[2620-6a-0-8421-f0-0-189-54]-9618+131.225.189.54-9618&alias=cmswn2098.fnal.gov&noUDP&sock=slot1_2_2538_0020_21817>
...
040 (76704563.010.000) 2025-03-11 01:02:37 Entered queue to transfer input files
	Transferring to host: <131.225.188.34:9618?addrs=[2620-6a-0-8421-f0-0-188-34]-9618+131.225.188.34-9618&alias=cmswn2026.fnal.gov&noUDP&sock=slot1_3_2499_857f_18224>
...
040 (76704563.008.000) 2025-03-11 01:02:38 Entered queue to transfer input files
	Transferring to host: <131.225.189.222:9618?addrs=[2620-6a-0-8421-f0-0-189-222]-9618+131.225.189.222-9618&alias=cmswn2149.fnal.gov&noUDP&sock=slot1_6_2147_8170_53144>
...
040 (76704563.005.000) 2025-03-11 01:02:41 Started transferring input files
	Seconds spent in queue: 4
...
040 (76704563.007.000) 2025-03-11 01:02:41 Started transferring input files
	Seconds spent in queue: 4
...
040 (76704563.010.000) 2025-03-11 01:02:41 Started transferring input files
	Seconds spent in queue: 4
...
040 (76704563.002.000) 2025-03-11 01:02:41 Finished transferring input files
...
040 (76704563.004.000) 2025-03-11 01:02:41 Finished transferring input files
...
040 (76704563.003.000) 2025-03-11 01:02:41 Finished transferring input files
...
001 (76704563.002.000) 2025-03-11 01:02:42 Job executing on host: <131.225.189.35:9618?addrs=[2620-6a-0-8421-f0-0-189-35]-9618+131.225.189.35-9618&alias=cmswn2088.fnal.gov&noUDP&sock=startd_2216_91f5>
	SlotName: slot1_12@cmswn2088.fnal.gov
	CondorScratchDir = "/storage/local/data1/condor/execute/dir_2281831"
	Cpus = 1
	Disk = 53598567
	Memory = 8192
...
001 (76704563.004.000) 2025-03-11 01:02:42 Job executing on host: <131.225.189.219:9618?addrs=[2620-6a-0-8421-f0-0-189-219]-9618+131.225.189.219-9618&alias=cmswn2148.fnal.gov&noUDP&sock=startd_2103_0fc2>
	SlotName: slot1_6@cmswn2148.fnal.gov
	CondorScratchDir = "/storage/local/data1/condor/execute/dir_499556"
	Cpus = 1
	Disk = 54982419
	Memory = 8192
...
001 (76704563.003.000) 2025-03-11 01:02:42 Job executing on host: <131.225.188.14:9618?addrs=[2620-6a-0-8421-f0-0-188-14]-9618+131.225.188.14-9618&alias=cmswn2019.fnal.gov&noUDP&sock=startd_2168_a56a>
	SlotName: slot1_4@cmswn2019.fnal.gov
	CondorScratchDir = "/storage/local/data1/condor/execute/dir_606260"
	Cpus = 1
	Disk = 54094910
	Memory = 8192
...
040 (76704563.009.000) 2025-03-11 01:02:47 Started transferring input files
	Seconds spent in queue: 10
...
021 (76704563.010.000) 2025-03-11 01:02:47 Error from starter on slot1_3@cmswn2026.fnal.gov:
	SHADOW at 131.225.189.168 failed to send file(s) to <131.225.188.34:37477>: |Error: reading from file /uscms_data/d3/msahoo/Project_tzq/CMSSW_12_3_4/src/single_top_analyser/./.job.submit.swp: (errno 2) No such file or directory; STARTER failed to receive file(s) from <131.225.189.168:9618>
	Code 13 Subcode 2
...
004 (76704563.010.000) 2025-03-11 01:02:47 Job was evicted.
	(0) CPU times
		Usr 0 00:00:00, Sys 0 00:00:00  -  Run Remote Usage
		Usr 0 00:00:00, Sys 0 00:00:00  -  Run Local Usage
	0  -  Run Bytes Sent By Job
	607188352  -  Run Bytes Received By Job
	Transfer input files failure at access point lpcschedd6 while sending files to execution point slot1_3@cmswn2026.fnal.gov. Details: reading from file /uscms_data/d3/msahoo/Project_tzq/CMSSW_12_3_4/src/single_top_analyser/./.job.submit.swp: (errno 2) No such file or directory
	Partitionable Resources :    Usage  Request Allocated 
	   Cpus                 :                 1         1 
	   Disk (KB)            :   750000 52428800  54468413 
	   Memory (MB)          :              8192      8192 
...
012 (76704563.010.000) 2025-03-11 01:02:47 Job was held.
	Transfer input files failure at access point lpcschedd6 while sending files to execution point slot1_3@cmswn2026.fnal.gov. Details: reading from file /uscms_data/d3/msahoo/Project_tzq/CMSSW_12_3_4/src/single_top_analyser/./.job.submit.swp: (errno 2) No such file or directory
	Code 13 Subcode 2
...
040 (76704563.006.000) 2025-03-11 01:02:49 Started transferring input files
	Seconds spent in queue: 12
...
021 (76704563.005.000) 2025-03-11 01:02:49 Error from starter on slot1_24@cmswn2139.fnal.gov:
	SHADOW at 131.225.189.168 failed to send file(s) to <131.225.189.201:40731>: |Error: reading from file /uscms_data/d3/msahoo/Project_tzq/CMSSW_12_3_4/src/single_top_analyser/./.job.submit.swp: (errno 2) No such file or directory; STARTER failed to receive file(s) from <131.225.189.168:9618>
	Code 13 Subcode 2
...
004 (76704563.005.000) 2025-03-11 01:02:49 Job was evicted.
	(0) CPU times
		Usr 0 00:00:00, Sys 0 00:00:00  -  Run Remote Usage
		Usr 0 00:00:00, Sys 0 00:00:00  -  Run Local Usage
	0  -  Run Bytes Sent By Job
	607189952  -  Run Bytes Received By Job
	Transfer input files failure at access point lpcschedd6 while sending files to execution point slot1_24@cmswn2139.fnal.gov. Details: reading from file /uscms_data/d3/msahoo/Project_tzq/CMSSW_12_3_4/src/single_top_analyser/./.job.submit.swp: (errno 2) No such file or directory
	Partitionable Resources :    Usage  Request Allocated 
	   Cpus                 :                 1         1 
	   Disk (KB)            :   750000 52428800  55403694 
	   Memory (MB)          :              8192      8192 
...
012 (76704563.005.000) 2025-03-11 01:02:49 Job was held.
	Transfer input files failure at access point lpcschedd6 while sending files to execution point slot1_24@cmswn2139.fnal.gov. Details: reading from file /uscms_data/d3/msahoo/Project_tzq/CMSSW_12_3_4/src/single_top_analyser/./.job.submit.swp: (errno 2) No such file or directory
	Code 13 Subcode 2
...
040 (76704563.008.000) 2025-03-11 01:02:50 Started transferring input files
	Seconds spent in queue: 12
...
021 (76704563.007.000) 2025-03-11 01:02:50 Error from starter on slot1_3@cmswn2046.fnal.gov:
	SHADOW at 131.225.189.168 failed to send file(s) to <131.225.188.105:45925>: |Error: reading from file /uscms_data/d3/msahoo/Project_tzq/CMSSW_12_3_4/src/single_top_analyser/./.job.submit.swp: (errno 2) No such file or directory; STARTER failed to receive file(s) from <131.225.189.168:9618>
	Code 13 Subcode 2
...
004 (76704563.007.000) 2025-03-11 01:02:50 Job was evicted.
	(0) CPU times
		Usr 0 00:00:00, Sys 0 00:00:00  -  Run Remote Usage
		Usr 0 00:00:00, Sys 0 00:00:00  -  Run Local Usage
	0  -  Run Bytes Sent By Job
	607189952  -  Run Bytes Received By Job
	Transfer input files failure at access point lpcschedd6 while sending files to execution point slot1_3@cmswn2046.fnal.gov. Details: reading from file /uscms_data/d3/msahoo/Project_tzq/CMSSW_12_3_4/src/single_top_analyser/./.job.submit.swp: (errno 2) No such file or directory
	Partitionable Resources :    Usage  Request Allocated 
	   Cpus                 :                 1         1 
	   Disk (KB)            :   750000 52428800  54666285 
	   Memory (MB)          :              8192      8192 
...
012 (76704563.007.000) 2025-03-11 01:02:50 Job was held.
	Transfer input files failure at access point lpcschedd6 while sending files to execution point slot1_3@cmswn2046.fnal.gov. Details: reading from file /uscms_data/d3/msahoo/Project_tzq/CMSSW_12_3_4/src/single_top_analyser/./.job.submit.swp: (errno 2) No such file or directory
	Code 13 Subcode 2
...
006 (76704563.004.000) 2025-03-11 01:02:50 Image size of job updated: 68
	68  -  MemoryUsage of job (MB)
	70172  -  ResidentSetSize of job (KB)
...
006 (76704563.003.000) 2025-03-11 01:02:50 Image size of job updated: 68
	68  -  MemoryUsage of job (MB)
	69976  -  ResidentSetSize of job (KB)
...
040 (76704563.009.000) 2025-03-11 01:02:56 Finished transferring input files
...
021 (76704563.009.000) 2025-03-11 01:02:56 Error from starter on slot1_2@cmswn2098.fnal.gov:
	SHADOW at 131.225.189.168 failed to send file(s) to <131.225.189.54:45777>: |Error: reading from file /uscms_data/d3/msahoo/Project_tzq/CMSSW_12_3_4/src/single_top_analyser/./.job.submit.swp: (errno 2) No such file or directory; STARTER failed to receive file(s) from <131.225.189.168:9618>
	Code 13 Subcode 2
...
004 (76704563.009.000) 2025-03-11 01:02:56 Job was evicted.
	(0) CPU times
		Usr 0 00:00:00, Sys 0 00:00:00  -  Run Remote Usage
		Usr 0 00:00:00, Sys 0 00:00:00  -  Run Local Usage
	0  -  Run Bytes Sent By Job
	607193536  -  Run Bytes Received By Job
	Transfer input files failure at access point lpcschedd6 while sending files to execution point slot1_2@cmswn2098.fnal.gov. Details: reading from file /uscms_data/d3/msahoo/Project_tzq/CMSSW_12_3_4/src/single_top_analyser/./.job.submit.swp: (errno 2) No such file or directory
	Partitionable Resources :    Usage  Request Allocated 
	   Cpus                 :                 1         1 
	   Disk (KB)            :   750000 52428800  54312896 
	   Memory (MB)          :              8192      8192 
...
012 (76704563.009.000) 2025-03-11 01:02:56 Job was held.
	Transfer input files failure at access point lpcschedd6 while sending files to execution point slot1_2@cmswn2098.fnal.gov. Details: reading from file /uscms_data/d3/msahoo/Project_tzq/CMSSW_12_3_4/src/single_top_analyser/./.job.submit.swp: (errno 2) No such file or directory
	Code 13 Subcode 2
...
040 (76704563.008.000) 2025-03-11 01:02:57 Finished transferring input files
...
021 (76704563.008.000) 2025-03-11 01:02:57 Error from starter on slot1_6@cmswn2149.fnal.gov:
	SHADOW at 131.225.189.168 failed to send file(s) to <131.225.189.222:33739>: |Error: reading from file /uscms_data/d3/msahoo/Project_tzq/CMSSW_12_3_4/src/single_top_analyser/./.job.submit.swp: (errno 2) No such file or directory; STARTER failed to receive file(s) from <131.225.189.168:9618>
	Code 13 Subcode 2
...
004 (76704563.008.000) 2025-03-11 01:02:57 Job was evicted.
	(0) CPU times
		Usr 0 00:00:00, Sys 0 00:00:00  -  Run Remote Usage
		Usr 0 00:00:00, Sys 0 00:00:00  -  Run Local Usage
	0  -  Run Bytes Sent By Job
	607193536  -  Run Bytes Received By Job
	Transfer input files failure at access point lpcschedd6 while sending files to execution point slot1_6@cmswn2149.fnal.gov. Details: reading from file /uscms_data/d3/msahoo/Project_tzq/CMSSW_12_3_4/src/single_top_analyser/./.job.submit.swp: (errno 2) No such file or directory
	Partitionable Resources :    Usage  Request Allocated 
	   Cpus                 :                 1         1 
	   Disk (KB)            :   750000 52428800  55440315 
	   Memory (MB)          :              8192      8192 
...
012 (76704563.008.000) 2025-03-11 01:02:57 Job was held.
	Transfer input files failure at access point lpcschedd6 while sending files to execution point slot1_6@cmswn2149.fnal.gov. Details: reading from file /uscms_data/d3/msahoo/Project_tzq/CMSSW_12_3_4/src/single_top_analyser/./.job.submit.swp: (errno 2) No such file or directory
	Code 13 Subcode 2
...
040 (76704563.006.000) 2025-03-11 01:03:08 Finished transferring input files
...
021 (76704563.006.000) 2025-03-11 01:03:08 Error from starter on slot1_7@cmswn2129.fnal.gov:
	SHADOW at 131.225.189.168 failed to send file(s) to <131.225.189.180:41987>: |Error: reading from file /uscms_data/d3/msahoo/Project_tzq/CMSSW_12_3_4/src/single_top_analyser/./.job.submit.swp: (errno 2) No such file or directory; STARTER failed to receive file(s) from <131.225.189.168:9618>
	Code 13 Subcode 2
...
004 (76704563.006.000) 2025-03-11 01:03:08 Job was evicted.
	(0) CPU times
		Usr 0 00:00:00, Sys 0 00:00:00  -  Run Remote Usage
		Usr 0 00:00:00, Sys 0 00:00:00  -  Run Local Usage
	0  -  Run Bytes Sent By Job
	607196736  -  Run Bytes Received By Job
	Transfer input files failure at access point lpcschedd6 while sending files to execution point slot1_7@cmswn2129.fnal.gov. Details: reading from file /uscms_data/d3/msahoo/Project_tzq/CMSSW_12_3_4/src/single_top_analyser/./.job.submit.swp: (errno 2) No such file or directory
	Partitionable Resources :    Usage  Request Allocated 
	   Cpus                 :                 1         1 
	   Disk (KB)            :   750000 52428800  55066196 
	   Memory (MB)          :              8192      8192 
...
012 (76704563.006.000) 2025-03-11 01:03:08 Job was held.
	Transfer input files failure at access point lpcschedd6 while sending files to execution point slot1_7@cmswn2129.fnal.gov. Details: reading from file /uscms_data/d3/msahoo/Project_tzq/CMSSW_12_3_4/src/single_top_analyser/./.job.submit.swp: (errno 2) No such file or directory
	Code 13 Subcode 2
...
040 (76704563.000.000) 2025-03-11 01:03:14 Finished transferring input files
...
040 (76704563.001.000) 2025-03-11 01:03:14 Finished transferring input files
...
001 (76704563.000.000) 2025-03-11 01:03:15 Job executing on host: <131.225.189.235:9618?addrs=[2620-6a-0-8421-f0-0-189-235]-9618+131.225.189.235-9618&alias=cmswn2156.fnal.gov&noUDP&sock=startd_2162_87d8>
	SlotName: slot1_2@cmswn2156.fnal.gov
	CondorScratchDir = "/storage/local/data1/condor/execute/dir_3244243"
	Cpus = 1
	Disk = 54979737
	Memory = 8192
...
001 (76704563.001.000) 2025-03-11 01:03:15 Job executing on host: <131.225.189.235:9618?addrs=[2620-6a-0-8421-f0-0-189-235]-9618+131.225.189.235-9618&alias=cmswn2156.fnal.gov&noUDP&sock=startd_2162_87d8>
	SlotName: slot1_16@cmswn2156.fnal.gov
	CondorScratchDir = "/storage/local/data1/condor/execute/dir_3244244"
	Cpus = 1
	Disk = 54979737
	Memory = 8192
...
006 (76704563.000.000) 2025-03-11 01:03:23 Image size of job updated: 53
	53  -  MemoryUsage of job (MB)
	55024  -  ResidentSetSize of job (KB)
...
006 (76704563.001.000) 2025-03-11 01:03:24 Image size of job updated: 95
	95  -  MemoryUsage of job (MB)
	97844  -  ResidentSetSize of job (KB)
...
006 (76704563.003.000) 2025-03-11 01:03:51 Image size of job updated: 551
	551  -  MemoryUsage of job (MB)
	564596  -  ResidentSetSize of job (KB)
...
006 (76704563.002.000) 2025-03-11 01:03:51 Image size of job updated: 842
	842  -  MemoryUsage of job (MB)
	862828  -  ResidentSetSize of job (KB)
...
006 (76704563.004.000) 2025-03-11 01:03:51 Image size of job updated: 933
	933  -  MemoryUsage of job (MB)
	955584  -  ResidentSetSize of job (KB)
...
006 (76704563.000.000) 2025-03-11 01:04:24 Image size of job updated: 364
	364  -  MemoryUsage of job (MB)
	372972  -  ResidentSetSize of job (KB)
...
006 (76704563.001.000) 2025-03-11 01:04:25 Image size of job updated: 779
	779  -  MemoryUsage of job (MB)
	798192  -  ResidentSetSize of job (KB)
...
006 (76704563.003.000) 2025-03-11 01:04:51 Image size of job updated: 551
	551  -  MemoryUsage of job (MB)
	564916  -  ResidentSetSize of job (KB)
...
006 (76704563.002.000) 2025-03-11 01:04:52 Image size of job updated: 913
	913  -  MemoryUsage of job (MB)
	935180  -  ResidentSetSize of job (KB)
...
006 (76704563.004.000) 2025-03-11 01:04:52 Image size of job updated: 934
	934  -  MemoryUsage of job (MB)
	956620  -  ResidentSetSize of job (KB)
...
006 (76704563.001.000) 2025-03-11 01:05:26 Image size of job updated: 794
	794  -  MemoryUsage of job (MB)
	813956  -  ResidentSetSize of job (KB)
...
006 (76704563.002.000) 2025-03-11 01:05:52 Image size of job updated: 913
	913  -  MemoryUsage of job (MB)
	935244  -  ResidentSetSize of job (KB)
...
006 (76704563.003.000) 2025-03-11 01:05:52 Image size of job updated: 945
	945  -  MemoryUsage of job (MB)
	967808  -  ResidentSetSize of job (KB)
...
006 (76704563.004.000) 2025-03-11 01:05:53 Image size of job updated: 1001
	1001  -  MemoryUsage of job (MB)
	1025240  -  ResidentSetSize of job (KB)
...
006 (76704563.000.000) 2025-03-11 01:06:26 Image size of job updated: 608
	608  -  MemoryUsage of job (MB)
	623432  -  ResidentSetSize of job (KB)
...
006 (76704563.001.000) 2025-03-11 01:06:27 Image size of job updated: 845
	845  -  MemoryUsage of job (MB)
	865932  -  ResidentSetSize of job (KB)
...
006 (76704563.002.000) 2025-03-11 01:06:52 Image size of job updated: 976
	976  -  MemoryUsage of job (MB)
	1000320  -  ResidentSetSize of job (KB)
...
006 (76704563.003.000) 2025-03-11 01:06:53 Image size of job updated: 945
	945  -  MemoryUsage of job (MB)
	968320  -  ResidentSetSize of job (KB)
...
006 (76704563.000.000) 2025-03-11 01:07:27 Image size of job updated: 719
	719  -  MemoryUsage of job (MB)
	736616  -  ResidentSetSize of job (KB)
...
006 (76704563.001.000) 2025-03-11 01:07:28 Image size of job updated: 851
	851  -  MemoryUsage of job (MB)
	871560  -  ResidentSetSize of job (KB)
...
006 (76704563.002.000) 2025-03-11 01:07:52 Image size of job updated: 982
	982  -  MemoryUsage of job (MB)
	1006548  -  ResidentSetSize of job (KB)
...
006 (76704563.003.000) 2025-03-11 01:07:54 Image size of job updated: 1001
	1001  -  MemoryUsage of job (MB)
	1025032  -  ResidentSetSize of job (KB)
...
006 (76704563.004.000) 2025-03-11 01:07:54 Image size of job updated: 1095
	1095  -  MemoryUsage of job (MB)
	1122212  -  ResidentSetSize of job (KB)
...
006 (76704563.001.000) 2025-03-11 01:08:28 Image size of job updated: 856
	856  -  MemoryUsage of job (MB)
	876640  -  ResidentSetSize of job (KB)
...
006 (76704563.000.000) 2025-03-11 01:08:28 Image size of job updated: 773
	773  -  MemoryUsage of job (MB)
	792468  -  ResidentSetSize of job (KB)
...
006 (76704563.002.000) 2025-03-11 01:08:53 Image size of job updated: 989
	989  -  MemoryUsage of job (MB)
	1012744  -  ResidentSetSize of job (KB)
...
006 (76704563.003.000) 2025-03-11 01:08:54 Image size of job updated: 1015
	1015  -  MemoryUsage of job (MB)
	1039940  -  ResidentSetSize of job (KB)
...
006 (76704563.004.000) 2025-03-11 01:08:55 Image size of job updated: 1111
	1111  -  MemoryUsage of job (MB)
	1138224  -  ResidentSetSize of job (KB)
...
013 (76704563.005.000) 2025-03-11 01:09:29 Job was released.
	via condor_release (by user msahoo)
...
006 (76704563.000.000) 2025-03-11 01:09:29 Image size of job updated: 775
	775  -  MemoryUsage of job (MB)
	794368  -  ResidentSetSize of job (KB)
...
006 (76704563.001.000) 2025-03-11 01:09:29 Image size of job updated: 862
	862  -  MemoryUsage of job (MB)
	883652  -  ResidentSetSize of job (KB)
...
013 (76704563.006.000) 2025-03-11 01:09:29 Job was released.
	via condor_release (by user msahoo)
...
013 (76704563.007.000) 2025-03-11 01:09:29 Job was released.
	via condor_release (by user msahoo)
...
013 (76704563.008.000) 2025-03-11 01:09:29 Job was released.
	via condor_release (by user msahoo)
...
013 (76704563.009.000) 2025-03-11 01:09:29 Job was released.
	via condor_release (by user msahoo)
...
013 (76704563.010.000) 2025-03-11 01:09:29 Job was released.
	via condor_release (by user msahoo)
...
040 (76704563.006.000) 2025-03-11 01:09:35 Started transferring input files
	Seconds spent in queue: 418
...
040 (76704563.007.000) 2025-03-11 01:09:35 Started transferring input files
	Seconds spent in queue: 418
...
040 (76704563.008.000) 2025-03-11 01:09:35 Started transferring input files
	Seconds spent in queue: 417
...
040 (76704563.005.000) 2025-03-11 01:09:35 Started transferring input files
	Seconds spent in queue: 418
...
040 (76704563.010.000) 2025-03-11 01:09:36 Started transferring input files
	Seconds spent in queue: 419
...
040 (76704563.009.000) 2025-03-11 01:09:41 Started transferring input files
	Seconds spent in queue: 424
...
040 (76704563.008.000) 2025-03-11 01:09:41 Finished transferring input files
...
040 (76704563.006.000) 2025-03-11 01:09:41 Finished transferring input files
...
001 (76704563.008.000) 2025-03-11 01:09:42 Job executing on host: <131.225.189.36:9618?addrs=[2620-6a-0-8421-f0-0-189-36]-9618+131.225.189.36-9618&alias=cmswn2089.fnal.gov&noUDP&sock=startd_2220_5056>
	SlotName: slot1_11@cmswn2089.fnal.gov
	CondorScratchDir = "/storage/local/data1/condor/execute/dir_2226345"
	Cpus = 1
	Disk = 53384274
	Memory = 8192
...
001 (76704563.006.000) 2025-03-11 01:09:42 Job executing on host: <131.225.189.174:9618?addrs=[2620-6a-0-8421-f0-0-189-174]-9618+131.225.189.174-9618&alias=cmswn2124.fnal.gov&noUDP&sock=startd_2072_cc52>
	SlotName: slot1_2@cmswn2124.fnal.gov
	CondorScratchDir = "/storage/local/data1/condor/execute/dir_1990961"
	Cpus = 1
	Disk = 56349699
	Memory = 8192
...
040 (76704563.005.000) 2025-03-11 01:09:43 Finished transferring input files
...
001 (76704563.005.000) 2025-03-11 01:09:44 Job executing on host: <131.225.189.51:9618?addrs=[2620-6a-0-8421-f0-0-189-51]-9618+131.225.189.51-9618&alias=cmswn2097.fnal.gov&noUDP&sock=startd_2215_e25d>
	SlotName: slot1_6@cmswn2097.fnal.gov
	CondorScratchDir = "/storage/local/data1/condor/execute/dir_2427988"
	Cpus = 1
	Disk = 53466861
	Memory = 8192
...
040 (76704563.010.000) 2025-03-11 01:09:45 Finished transferring input files
...
001 (76704563.010.000) 2025-03-11 01:09:46 Job executing on host: <131.225.189.54:9618?addrs=[2620-6a-0-8421-f0-0-189-54]-9618+131.225.189.54-9618&alias=cmswn2098.fnal.gov&noUDP&sock=startd_2218_f126>
	SlotName: slot1_2@cmswn2098.fnal.gov
	CondorScratchDir = "/storage/local/data1/condor/execute/dir_3222088"
	Cpus = 1
	Disk = 54312896
	Memory = 8192
...
040 (76704563.009.000) 2025-03-11 01:09:50 Finished transferring input files
...
040 (76704563.007.000) 2025-03-11 01:09:50 Finished transferring input files
...
001 (76704563.009.000) 2025-03-11 01:09:51 Job executing on host: <131.225.188.105:9618?addrs=[2620-6a-0-8421-f0-0-188-105]-9618+131.225.188.105-9618&alias=cmswn2046.fnal.gov&noUDP&sock=startd_2071_1cba>
	SlotName: slot1_3@cmswn2046.fnal.gov
	CondorScratchDir = "/storage/local/data1/condor/execute/dir_3149289"
	Cpus = 1
	Disk = 54666285
	Memory = 8192
...
001 (76704563.007.000) 2025-03-11 01:09:51 Job executing on host: <131.225.189.180:9618?addrs=[2620-6a-0-8421-f0-0-189-180]-9618+131.225.189.180-9618&alias=cmswn2129.fnal.gov&noUDP&sock=startd_2113_ebb4>
	SlotName: slot1_7@cmswn2129.fnal.gov
	CondorScratchDir = "/storage/local/data1/condor/execute/dir_3876414"
	Cpus = 1
	Disk = 55066196
	Memory = 8192
...
006 (76704563.005.000) 2025-03-11 01:09:53 Image size of job updated: 68
	68  -  MemoryUsage of job (MB)
	70292  -  ResidentSetSize of job (KB)
...
006 (76704563.002.000) 2025-03-11 01:09:54 Image size of job updated: 993
	993  -  MemoryUsage of job (MB)
	1017772  -  ResidentSetSize of job (KB)
...
006 (76704563.010.000) 2025-03-11 01:09:54 Image size of job updated: 63
	63  -  MemoryUsage of job (MB)
	64944  -  ResidentSetSize of job (KB)
...
006 (76704563.003.000) 2025-03-11 01:09:55 Image size of job updated: 1100
	1100  -  MemoryUsage of job (MB)
	1126912  -  ResidentSetSize of job (KB)
...
006 (76704563.004.000) 2025-03-11 01:09:56 Image size of job updated: 1232
	1232  -  MemoryUsage of job (MB)
	1261772  -  ResidentSetSize of job (KB)
...
040 (76704563.010.000) 2025-03-11 01:09:57 Started transferring output files
	Seconds spent in queue: 440
...
040 (76704563.010.000) 2025-03-11 01:09:57 Finished transferring output files
...
005 (76704563.010.000) 2025-03-11 01:09:58 Job terminated.
	(1) Normal termination (return value 1)
		Usr 0 00:00:01, Sys 0 00:00:00  -  Run Remote Usage
		Usr 0 00:00:00, Sys 0 00:00:00  -  Run Local Usage
		Usr 0 00:00:01, Sys 0 00:00:00  -  Total Remote Usage
		Usr 0 00:00:00, Sys 0 00:00:00  -  Total Local Usage
	4217  -  Run Bytes Sent By Job
	607205888  -  Run Bytes Received By Job
	4217  -  Total Bytes Sent By Job
	1214394240  -  Total Bytes Received By Job
	Partitionable Resources :     Usage  Request Allocated 
	   Cpus                 :      0.42        1         1 
	   Disk (KB)            : 593769    52428800  54312896 
	   Memory (MB)          :     63        8192      8192 
	   TimeExecute (s)      :     11                       
	   TimeSlotBusy (s)     :     22                       

	Job terminated of its own accord at 2025-03-11T06:09:57Z with exit-code 1.
...
006 (76704563.009.000) 2025-03-11 01:10:00 Image size of job updated: 110
	110  -  MemoryUsage of job (MB)
	113000  -  ResidentSetSize of job (KB)
...
006 (76704563.007.000) 2025-03-11 01:10:00 Image size of job updated: 51
	51  -  MemoryUsage of job (MB)
	52876  -  ResidentSetSize of job (KB)
...
006 (76704563.000.000) 2025-03-11 01:10:30 Image size of job updated: 777
	777  -  MemoryUsage of job (MB)
	796312  -  ResidentSetSize of job (KB)
...
006 (76704563.001.000) 2025-03-11 01:10:30 Image size of job updated: 868
	868  -  MemoryUsage of job (MB)
	889800  -  ResidentSetSize of job (KB)
...
006 (76704563.006.000) 2025-03-11 01:10:50 Image size of job updated: 600
	600  -  MemoryUsage of job (MB)
	614980  -  ResidentSetSize of job (KB)
...
006 (76704563.008.000) 2025-03-11 01:10:51 Image size of job updated: 557
	557  -  MemoryUsage of job (MB)
	571072  -  ResidentSetSize of job (KB)
...
006 (76704563.005.000) 2025-03-11 01:10:53 Image size of job updated: 781
	781  -  MemoryUsage of job (MB)
	799796  -  ResidentSetSize of job (KB)
...
006 (76704563.002.000) 2025-03-11 01:10:54 Image size of job updated: 999
	999  -  MemoryUsage of job (MB)
	1023836  -  ResidentSetSize of job (KB)
...
006 (76704563.003.000) 2025-03-11 01:10:55 Image size of job updated: 1117
	1117  -  MemoryUsage of job (MB)
	1144660  -  ResidentSetSize of job (KB)
...
006 (76704563.004.000) 2025-03-11 01:10:57 Image size of job updated: 1232
	1232  -  MemoryUsage of job (MB)
	1261948  -  ResidentSetSize of job (KB)
...
006 (76704563.009.000) 2025-03-11 01:11:00 Image size of job updated: 939
	939  -  MemoryUsage of job (MB)
	961948  -  ResidentSetSize of job (KB)
...
006 (76704563.007.000) 2025-03-11 01:11:01 Image size of job updated: 543
	543  -  MemoryUsage of job (MB)
	556632  -  ResidentSetSize of job (KB)
...
006 (76704563.000.000) 2025-03-11 01:11:31 Image size of job updated: 779
	779  -  MemoryUsage of job (MB)
	798204  -  ResidentSetSize of job (KB)
...
006 (76704563.001.000) 2025-03-11 01:11:31 Image size of job updated: 958
	958  -  MemoryUsage of job (MB)
	981660  -  ResidentSetSize of job (KB)
...
006 (76704563.005.000) 2025-03-11 01:11:53 Image size of job updated: 930
	930  -  MemoryUsage of job (MB)
	953208  -  ResidentSetSize of job (KB)
...
006 (76704563.002.000) 2025-03-11 01:11:54 Image size of job updated: 1090
	1090  -  MemoryUsage of job (MB)
	1116716  -  ResidentSetSize of job (KB)
...
006 (76704563.003.000) 2025-03-11 01:11:55 Image size of job updated: 1240
	1240  -  MemoryUsage of job (MB)
	1270564  -  ResidentSetSize of job (KB)
...
006 (76704563.004.000) 2025-03-11 01:11:57 Image size of job updated: 1260
	1260  -  MemoryUsage of job (MB)
	1291256  -  ResidentSetSize of job (KB)
...
006 (76704563.007.000) 2025-03-11 01:12:01 Image size of job updated: 543
	543  -  MemoryUsage of job (MB)
	556956  -  ResidentSetSize of job (KB)
...
006 (76704563.009.000) 2025-03-11 01:12:01 Image size of job updated: 1038
	1038  -  MemoryUsage of job (MB)
	1063816  -  ResidentSetSize of job (KB)
...
006 (76704563.000.000) 2025-03-11 01:12:31 Image size of job updated: 781
	781  -  MemoryUsage of job (MB)
	799804  -  ResidentSetSize of job (KB)
...
006 (76704563.001.000) 2025-03-11 01:12:32 Image size of job updated: 965
	965  -  MemoryUsage of job (MB)
	988852  -  ResidentSetSize of job (KB)
...
006 (76704563.006.000) 2025-03-11 01:12:52 Image size of job updated: 874
	874  -  MemoryUsage of job (MB)
	895208  -  ResidentSetSize of job (KB)
...
006 (76704563.005.000) 2025-03-11 01:12:53 Image size of job updated: 931
	931  -  MemoryUsage of job (MB)
	953356  -  ResidentSetSize of job (KB)
...
006 (76704563.008.000) 2025-03-11 01:12:53 Image size of job updated: 872
	872  -  MemoryUsage of job (MB)
	893176  -  ResidentSetSize of job (KB)
...
006 (76704563.002.000) 2025-03-11 01:12:55 Image size of job updated: 1103
	1103  -  MemoryUsage of job (MB)
	1130452  -  ResidentSetSize of job (KB)
...
006 (76704563.003.000) 2025-03-11 01:12:56 Image size of job updated: 1240
	1240  -  MemoryUsage of job (MB)
	1270572  -  ResidentSetSize of job (KB)
...
006 (76704563.004.000) 2025-03-11 01:12:58 Image size of job updated: 1261
	1261  -  MemoryUsage of job (MB)
	1291452  -  ResidentSetSize of job (KB)
...
006 (76704563.009.000) 2025-03-11 01:13:02 Image size of job updated: 1065
	1065  -  MemoryUsage of job (MB)
	1090992  -  ResidentSetSize of job (KB)
...
006 (76704563.007.000) 2025-03-11 01:13:02 Image size of job updated: 815
	815  -  MemoryUsage of job (MB)
	834744  -  ResidentSetSize of job (KB)
...
006 (76704563.001.000) 2025-03-11 01:13:32 Image size of job updated: 975
	975  -  MemoryUsage of job (MB)
	998468  -  ResidentSetSize of job (KB)
...
006 (76704563.000.000) 2025-03-11 01:13:32 Image size of job updated: 782
	782  -  MemoryUsage of job (MB)
	801748  -  ResidentSetSize of job (KB)
...
006 (76704563.005.000) 2025-03-11 01:13:53 Image size of job updated: 995
	995  -  MemoryUsage of job (MB)
	1019488  -  ResidentSetSize of job (KB)
...
006 (76704563.008.000) 2025-03-11 01:13:53 Image size of job updated: 943
	943  -  MemoryUsage of job (MB)
	965644  -  ResidentSetSize of job (KB)
...
006 (76704563.006.000) 2025-03-11 01:13:53 Image size of job updated: 988
	988  -  MemoryUsage of job (MB)
	1011824  -  ResidentSetSize of job (KB)
...
006 (76704563.002.000) 2025-03-11 01:13:56 Image size of job updated: 1104
	1104  -  MemoryUsage of job (MB)
	1130612  -  ResidentSetSize of job (KB)
...
006 (76704563.003.000) 2025-03-11 01:13:57 Image size of job updated: 1269
	1269  -  MemoryUsage of job (MB)
	1299628  -  ResidentSetSize of job (KB)
...
006 (76704563.004.000) 2025-03-11 01:13:59 Image size of job updated: 1289
	1289  -  MemoryUsage of job (MB)
	1320560  -  ResidentSetSize of job (KB)
...
006 (76704563.009.000) 2025-03-11 01:14:02 Image size of job updated: 1158
	1158  -  MemoryUsage of job (MB)
	1186348  -  ResidentSetSize of job (KB)
...
006 (76704563.007.000) 2025-03-11 01:14:03 Image size of job updated: 918
	918  -  MemoryUsage of job (MB)
	940980  -  ResidentSetSize of job (KB)
...
006 (76704563.000.000) 2025-03-11 01:14:32 Image size of job updated: 784
	784  -  MemoryUsage of job (MB)
	803304  -  ResidentSetSize of job (KB)
...
006 (76704563.001.000) 2025-03-11 01:14:32 Image size of job updated: 975
	975  -  MemoryUsage of job (MB)
	998920  -  ResidentSetSize of job (KB)
...
006 (76704563.008.000) 2025-03-11 01:14:53 Image size of job updated: 1004
	1004  -  MemoryUsage of job (MB)
	1028688  -  ResidentSetSize of job (KB)
...
006 (76704563.005.000) 2025-03-11 01:14:53 Image size of job updated: 1016
	1016  -  MemoryUsage of job (MB)
	1040488  -  ResidentSetSize of job (KB)
...
006 (76704563.006.000) 2025-03-11 01:14:54 Image size of job updated: 1042
	1042  -  MemoryUsage of job (MB)
	1067160  -  ResidentSetSize of job (KB)
...
006 (76704563.002.000) 2025-03-11 01:14:57 Image size of job updated: 1112
	1112  -  MemoryUsage of job (MB)
	1138732  -  ResidentSetSize of job (KB)
...
006 (76704563.007.000) 2025-03-11 01:15:03 Image size of job updated: 985
	985  -  MemoryUsage of job (MB)
	1008984  -  ResidentSetSize of job (KB)
...
006 (76704563.009.000) 2025-03-11 01:15:03 Image size of job updated: 1282
	1282  -  MemoryUsage of job (MB)
	1313228  -  ResidentSetSize of job (KB)
...
006 (76704563.000.000) 2025-03-11 01:15:32 Image size of job updated: 785
	785  -  MemoryUsage of job (MB)
	804592  -  ResidentSetSize of job (KB)
...
006 (76704563.001.000) 2025-03-11 01:15:32 Image size of job updated: 1057
	1057  -  MemoryUsage of job (MB)
	1082808  -  ResidentSetSize of job (KB)
...
006 (76704563.008.000) 2025-03-11 01:15:53 Image size of job updated: 1032
	1032  -  MemoryUsage of job (MB)
	1056960  -  ResidentSetSize of job (KB)
...
006 (76704563.005.000) 2025-03-11 01:15:53 Image size of job updated: 1115
	1115  -  MemoryUsage of job (MB)
	1142728  -  ResidentSetSize of job (KB)
...
006 (76704563.006.000) 2025-03-11 01:15:55 Image size of job updated: 1146
	1146  -  MemoryUsage of job (MB)
	1174328  -  ResidentSetSize of job (KB)
...
006 (76704563.002.000) 2025-03-11 01:15:57 Image size of job updated: 1112
	1112  -  MemoryUsage of job (MB)
	1139308  -  ResidentSetSize of job (KB)
...
006 (76704563.003.000) 2025-03-11 01:15:57 Image size of job updated: 1297
	1297  -  MemoryUsage of job (MB)
	1328536  -  ResidentSetSize of job (KB)
...
006 (76704563.004.000) 2025-03-11 01:16:01 Image size of job updated: 1319
	1319  -  MemoryUsage of job (MB)
	1350852  -  ResidentSetSize of job (KB)
...
006 (76704563.009.000) 2025-03-11 01:16:04 Image size of job updated: 1312
	1312  -  MemoryUsage of job (MB)
	1343500  -  ResidentSetSize of job (KB)
...
006 (76704563.007.000) 2025-03-11 01:16:04 Image size of job updated: 1085
	1085  -  MemoryUsage of job (MB)
	1111276  -  ResidentSetSize of job (KB)
...
006 (76704563.000.000) 2025-03-11 01:16:32 Image size of job updated: 787
	787  -  MemoryUsage of job (MB)
	806332  -  ResidentSetSize of job (KB)
...
006 (76704563.001.000) 2025-03-11 01:16:32 Image size of job updated: 1071
	1071  -  MemoryUsage of job (MB)
	1096876  -  ResidentSetSize of job (KB)
...
006 (76704563.008.000) 2025-03-11 01:16:54 Image size of job updated: 1127
	1127  -  MemoryUsage of job (MB)
	1154752  -  ResidentSetSize of job (KB)
...
006 (76704563.005.000) 2025-03-11 01:16:54 Image size of job updated: 1241
	1241  -  MemoryUsage of job (MB)
	1271412  -  ResidentSetSize of job (KB)
...
006 (76704563.006.000) 2025-03-11 01:16:55 Image size of job updated: 1236
	1236  -  MemoryUsage of job (MB)
	1265780  -  ResidentSetSize of job (KB)
...
006 (76704563.009.000) 2025-03-11 01:16:57 Image size of job updated: 1340
	1340  -  MemoryUsage of job (MB)
	1373104  -  ResidentSetSize of job (KB)
...
006 (76704563.002.000) 2025-03-11 01:16:57 Image size of job updated: 1239
	1239  -  MemoryUsage of job (MB)
	1269240  -  ResidentSetSize of job (KB)
...
040 (76704563.009.000) 2025-03-11 01:16:57 Started transferring output files
	Seconds spent in queue: 860
...
040 (76704563.009.000) 2025-03-11 01:16:58 Finished transferring output files
...
006 (76704563.003.000) 2025-03-11 01:16:58 Image size of job updated: 1315
	1315  -  MemoryUsage of job (MB)
	1347568  -  ResidentSetSize of job (KB)
...
005 (76704563.009.000) 2025-03-11 01:16:59 Job terminated.
	(1) Normal termination (return value 1)
		Usr 0 00:03:58, Sys 0 00:00:05  -  Run Remote Usage
		Usr 0 00:00:00, Sys 0 00:00:00  -  Run Local Usage
		Usr 0 00:03:58, Sys 0 00:00:05  -  Total Remote Usage
		Usr 0 00:00:00, Sys 0 00:00:00  -  Total Local Usage
	133576632  -  Run Bytes Sent By Job
	607206784  -  Run Bytes Received By Job
	133576632  -  Total Bytes Sent By Job
	1214400320  -  Total Bytes Received By Job
	Partitionable Resources :     Usage  Request Allocated 
	   Cpus                 :      0.00        1         1 
	   Disk (KB)            : 724298    52428800  54666285 
	   Memory (MB)          :   1340        8192      8192 
	   TimeExecute (s)      :    426                       
	   TimeSlotBusy (s)     :    443                       

	Job terminated of its own accord at 2025-03-11T06:16:57Z with exit-code 1.
...
006 (76704563.004.000) 2025-03-11 01:17:03 Image size of job updated: 1319
	1319  -  MemoryUsage of job (MB)
	1351216  -  ResidentSetSize of job (KB)
...
006 (76704563.007.000) 2025-03-11 01:17:04 Image size of job updated: 1104
	1104  -  MemoryUsage of job (MB)
	1130868  -  ResidentSetSize of job (KB)
...
006 (76704563.000.000) 2025-03-11 01:17:32 Image size of job updated: 789
	789  -  MemoryUsage of job (MB)
	808104  -  ResidentSetSize of job (KB)
...
006 (76704563.008.000) 2025-03-11 01:17:54 Image size of job updated: 1244
	1244  -  MemoryUsage of job (MB)
	1274372  -  ResidentSetSize of job (KB)
...
006 (76704563.006.000) 2025-03-11 01:17:55 Image size of job updated: 1286
	1286  -  MemoryUsage of job (MB)
	1316892  -  ResidentSetSize of job (KB)
...
006 (76704563.005.000) 2025-03-11 01:17:55 Image size of job updated: 1270
	1270  -  MemoryUsage of job (MB)
	1301284  -  ResidentSetSize of job (KB)
...
006 (76704563.002.000) 2025-03-11 01:17:57 Image size of job updated: 1239
	1239  -  MemoryUsage of job (MB)
	1269648  -  ResidentSetSize of job (KB)
...
006 (76704563.003.000) 2025-03-11 01:18:00 Image size of job updated: 1316
	1316  -  MemoryUsage of job (MB)
	1348008  -  ResidentSetSize of job (KB)
...
006 (76704563.004.000) 2025-03-11 01:18:03 Image size of job updated: 1319
	1319  -  MemoryUsage of job (MB)
	1351316  -  ResidentSetSize of job (KB)
...
006 (76704563.007.000) 2025-03-11 01:18:04 Image size of job updated: 1220
	1220  -  MemoryUsage of job (MB)
	1249296  -  ResidentSetSize of job (KB)
...
006 (76704563.000.000) 2025-03-11 01:18:32 Image size of job updated: 791
	791  -  MemoryUsage of job (MB)
	810160  -  ResidentSetSize of job (KB)
...
006 (76704563.006.000) 2025-03-11 01:18:55 Image size of job updated: 1286
	1286  -  MemoryUsage of job (MB)
	1317000  -  ResidentSetSize of job (KB)
...
006 (76704563.008.000) 2025-03-11 01:18:55 Image size of job updated: 1273
	1273  -  MemoryUsage of job (MB)
	1304388  -  ResidentSetSize of job (KB)
...
006 (76704563.005.000) 2025-03-11 01:18:56 Image size of job updated: 1270
	1270  -  MemoryUsage of job (MB)
	1301356  -  ResidentSetSize of job (KB)
...
006 (76704563.003.000) 2025-03-11 01:19:00 Image size of job updated: 1344
	1344  -  MemoryUsage of job (MB)
	1376868  -  ResidentSetSize of job (KB)
...
006 (76704563.004.000) 2025-03-11 01:19:04 Image size of job updated: 1348
	1348  -  MemoryUsage of job (MB)
	1380460  -  ResidentSetSize of job (KB)
...
006 (76704563.007.000) 2025-03-11 01:19:05 Image size of job updated: 1249
	1249  -  MemoryUsage of job (MB)
	1279728  -  ResidentSetSize of job (KB)
...
006 (76704563.000.000) 2025-03-11 01:19:32 Image size of job updated: 793
	793  -  MemoryUsage of job (MB)
	812128  -  ResidentSetSize of job (KB)
...
006 (76704563.001.000) 2025-03-11 01:19:33 Image size of job updated: 1071
	1071  -  MemoryUsage of job (MB)
	1096936  -  ResidentSetSize of job (KB)
...
006 (76704563.006.000) 2025-03-11 01:19:55 Image size of job updated: 1315
	1315  -  MemoryUsage of job (MB)
	1346952  -  ResidentSetSize of job (KB)
...
006 (76704563.008.000) 2025-03-11 01:19:56 Image size of job updated: 1303
	1303  -  MemoryUsage of job (MB)
	1334344  -  ResidentSetSize of job (KB)
...
006 (76704563.005.000) 2025-03-11 01:19:57 Image size of job updated: 1300
	1300  -  MemoryUsage of job (MB)
	1331264  -  ResidentSetSize of job (KB)
...
006 (76704563.007.000) 2025-03-11 01:20:05 Image size of job updated: 1252
	1252  -  MemoryUsage of job (MB)
	1282948  -  ResidentSetSize of job (KB)
...
006 (76704563.000.000) 2025-03-11 01:20:33 Image size of job updated: 794
	794  -  MemoryUsage of job (MB)
	813900  -  ResidentSetSize of job (KB)
...
006 (76704563.001.000) 2025-03-11 01:20:34 Image size of job updated: 1099
	1099  -  MemoryUsage of job (MB)
	1126132  -  ResidentSetSize of job (KB)
...
006 (76704563.006.000) 2025-03-11 01:20:56 Image size of job updated: 1344
	1344  -  MemoryUsage of job (MB)
	1376960  -  ResidentSetSize of job (KB)
...
006 (76704563.008.000) 2025-03-11 01:20:57 Image size of job updated: 1332
	1332  -  MemoryUsage of job (MB)
	1364736  -  ResidentSetSize of job (KB)
...
006 (76704563.005.000) 2025-03-11 01:20:58 Image size of job updated: 1329
	1329  -  MemoryUsage of job (MB)
	1361400  -  ResidentSetSize of job (KB)
...
006 (76704563.003.000) 2025-03-11 01:21:00 Image size of job updated: 1344
	1344  -  MemoryUsage of job (MB)
	1377136  -  ResidentSetSize of job (KB)
...
006 (76704563.007.000) 2025-03-11 01:21:05 Image size of job updated: 1281
	1281  -  MemoryUsage of job (MB)
	1311824  -  ResidentSetSize of job (KB)
...
006 (76704563.004.000) 2025-03-11 01:21:07 Image size of job updated: 1376
	1376  -  MemoryUsage of job (MB)
	1409420  -  ResidentSetSize of job (KB)
...
006 (76704563.000.000) 2025-03-11 01:21:34 Image size of job updated: 796
	796  -  MemoryUsage of job (MB)
	815556  -  ResidentSetSize of job (KB)
...
006 (76704563.006.000) 2025-03-11 01:21:57 Image size of job updated: 1373
	1373  -  MemoryUsage of job (MB)
	1406876  -  ResidentSetSize of job (KB)
...
006 (76704563.008.000) 2025-03-11 01:21:58 Image size of job updated: 1362
	1362  -  MemoryUsage of job (MB)
	1394800  -  ResidentSetSize of job (KB)
...
006 (76704563.005.000) 2025-03-11 01:21:59 Image size of job updated: 1358
	1358  -  MemoryUsage of job (MB)
	1391284  -  ResidentSetSize of job (KB)
...
006 (76704563.002.000) 2025-03-11 01:22:00 Image size of job updated: 1239
	1239  -  MemoryUsage of job (MB)
	1269696  -  ResidentSetSize of job (KB)
...
006 (76704563.003.000) 2025-03-11 01:22:01 Image size of job updated: 1372
	1372  -  MemoryUsage of job (MB)
	1405816  -  ResidentSetSize of job (KB)
...
006 (76704563.007.000) 2025-03-11 01:22:06 Image size of job updated: 1309
	1309  -  MemoryUsage of job (MB)
	1340940  -  ResidentSetSize of job (KB)
...
006 (76704563.004.000) 2025-03-11 01:22:07 Image size of job updated: 1376
	1376  -  MemoryUsage of job (MB)
	1409648  -  ResidentSetSize of job (KB)
...
006 (76704563.000.000) 2025-03-11 01:22:34 Image size of job updated: 798
	798  -  MemoryUsage of job (MB)
	817272  -  ResidentSetSize of job (KB)
...
006 (76704563.001.000) 2025-03-11 01:22:34 Image size of job updated: 1099
	1099  -  MemoryUsage of job (MB)
	1126172  -  ResidentSetSize of job (KB)
...
006 (76704563.006.000) 2025-03-11 01:22:58 Image size of job updated: 1403
	1403  -  MemoryUsage of job (MB)
	1436868  -  ResidentSetSize of job (KB)
...
006 (76704563.008.000) 2025-03-11 01:22:59 Image size of job updated: 1391
	1391  -  MemoryUsage of job (MB)
	1424564  -  ResidentSetSize of job (KB)
...
006 (76704563.005.000) 2025-03-11 01:22:59 Image size of job updated: 1358
	1358  -  MemoryUsage of job (MB)
	1391512  -  ResidentSetSize of job (KB)
...
006 (76704563.002.000) 2025-03-11 01:23:00 Image size of job updated: 1269
	1269  -  MemoryUsage of job (MB)
	1299600  -  ResidentSetSize of job (KB)
...
006 (76704563.007.000) 2025-03-11 01:23:07 Image size of job updated: 1338
	1338  -  MemoryUsage of job (MB)
	1370332  -  ResidentSetSize of job (KB)
...
040 (76704563.007.000) 2025-03-11 01:23:12 Started transferring output files
	Seconds spent in queue: 1235
...
040 (76704563.007.000) 2025-03-11 01:23:14 Finished transferring output files
...
005 (76704563.007.000) 2025-03-11 01:23:14 Job terminated.
	(1) Normal termination (return value 1)
		Usr 0 00:05:38, Sys 0 00:00:11  -  Run Remote Usage
		Usr 0 00:00:00, Sys 0 00:00:00  -  Run Local Usage
		Usr 0 00:05:38, Sys 0 00:00:11  -  Total Remote Usage
		Usr 0 00:00:00, Sys 0 00:00:00  -  Total Local Usage
	180754576  -  Run Bytes Sent By Job
	607206784  -  Run Bytes Received By Job
	180754576  -  Total Bytes Sent By Job
	1214396736  -  Total Bytes Received By Job
	Partitionable Resources :     Usage  Request Allocated 
	   Cpus                 :      0.00        1         1 
	   Disk (KB)            : 770369    52428800  55066196 
	   Memory (MB)          :   1338        8192      8192 
	   TimeExecute (s)      :    801                       
	   TimeSlotBusy (s)     :    819                       

	Job terminated of its own accord at 2025-03-11T06:23:12Z with exit-code 1.
...
006 (76704563.000.000) 2025-03-11 01:23:34 Image size of job updated: 800
	800  -  MemoryUsage of job (MB)
	819228  -  ResidentSetSize of job (KB)
...
006 (76704563.001.000) 2025-03-11 01:23:34 Image size of job updated: 1099
	1099  -  MemoryUsage of job (MB)
	1126212  -  ResidentSetSize of job (KB)
...
006 (76704563.006.000) 2025-03-11 01:23:59 Image size of job updated: 1432
	1432  -  MemoryUsage of job (MB)
	1467068  -  ResidentSetSize of job (KB)
...
006 (76704563.008.000) 2025-03-11 01:24:00 Image size of job updated: 1391
	1391  -  MemoryUsage of job (MB)
	1424788  -  ResidentSetSize of job (KB)
...
006 (76704563.005.000) 2025-03-11 01:24:00 Image size of job updated: 1388
	1388  -  MemoryUsage of job (MB)
	1421572  -  ResidentSetSize of job (KB)
...
006 (76704563.002.000) 2025-03-11 01:24:01 Image size of job updated: 1269
	1269  -  MemoryUsage of job (MB)
	1299688  -  ResidentSetSize of job (KB)
...
006 (76704563.003.000) 2025-03-11 01:24:03 Image size of job updated: 1400
	1400  -  MemoryUsage of job (MB)
	1434520  -  ResidentSetSize of job (KB)
...
006 (76704563.004.000) 2025-03-11 01:24:09 Image size of job updated: 1383
	1383  -  MemoryUsage of job (MB)
	1416420  -  ResidentSetSize of job (KB)
...
006 (76704563.000.000) 2025-03-11 01:24:34 Image size of job updated: 907
	907  -  MemoryUsage of job (MB)
	928908  -  ResidentSetSize of job (KB)
...
006 (76704563.001.000) 2025-03-11 01:24:34 Image size of job updated: 1099
	1099  -  MemoryUsage of job (MB)
	1126308  -  ResidentSetSize of job (KB)
...
006 (76704563.006.000) 2025-03-11 01:25:00 Image size of job updated: 1461
	1461  -  MemoryUsage of job (MB)
	1497012  -  ResidentSetSize of job (KB)
...
006 (76704563.005.000) 2025-03-11 01:25:01 Image size of job updated: 1417
	1417  -  MemoryUsage of job (MB)
	1451208  -  ResidentSetSize of job (KB)
...
006 (76704563.008.000) 2025-03-11 01:25:01 Image size of job updated: 1420
	1420  -  MemoryUsage of job (MB)
	1454532  -  ResidentSetSize of job (KB)
...
006 (76704563.002.000) 2025-03-11 01:25:02 Image size of job updated: 1269
	1269  -  MemoryUsage of job (MB)
	1299752  -  ResidentSetSize of job (KB)
...
006 (76704563.004.000) 2025-03-11 01:25:09 Image size of job updated: 1405
	1405  -  MemoryUsage of job (MB)
	1438896  -  ResidentSetSize of job (KB)
...
006 (76704563.000.000) 2025-03-11 01:25:34 Image size of job updated: 907
	907  -  MemoryUsage of job (MB)
	929180  -  ResidentSetSize of job (KB)
...
006 (76704563.001.000) 2025-03-11 01:25:34 Image size of job updated: 1137
	1137  -  MemoryUsage of job (MB)
	1165104  -  ResidentSetSize of job (KB)
...
006 (76704563.005.000) 2025-03-11 01:26:01 Image size of job updated: 1417
	1417  -  MemoryUsage of job (MB)
	1451432  -  ResidentSetSize of job (KB)
...
006 (76704563.006.000) 2025-03-11 01:26:01 Image size of job updated: 1471
	1471  -  MemoryUsage of job (MB)
	1506988  -  ResidentSetSize of job (KB)
...
006 (76704563.008.000) 2025-03-11 01:26:02 Image size of job updated: 1420
	1420  -  MemoryUsage of job (MB)
	1454624  -  ResidentSetSize of job (KB)
...
006 (76704563.004.000) 2025-03-11 01:26:11 Image size of job updated: 1405
	1405  -  MemoryUsage of job (MB)
	1438912  -  ResidentSetSize of job (KB)
...
006 (76704563.005.000) 2025-03-11 01:27:01 Image size of job updated: 1446
	1446  -  MemoryUsage of job (MB)
	1481324  -  ResidentSetSize of job (KB)
...
006 (76704563.006.000) 2025-03-11 01:27:01 Image size of job updated: 1491
	1491  -  MemoryUsage of job (MB)
	1527260  -  ResidentSetSize of job (KB)
...
006 (76704563.008.000) 2025-03-11 01:27:03 Image size of job updated: 1449
	1449  -  MemoryUsage of job (MB)
	1484520  -  ResidentSetSize of job (KB)
...
006 (76704563.003.000) 2025-03-11 01:27:05 Image size of job updated: 1428
	1428  -  MemoryUsage of job (MB)
	1463248  -  ResidentSetSize of job (KB)
...
006 (76704563.004.000) 2025-03-11 01:27:11 Image size of job updated: 1405
	1405  -  MemoryUsage of job (MB)
	1439008  -  ResidentSetSize of job (KB)
...
006 (76704563.005.000) 2025-03-11 01:28:01 Image size of job updated: 1475
	1475  -  MemoryUsage of job (MB)
	1510828  -  ResidentSetSize of job (KB)
...
006 (76704563.006.000) 2025-03-11 01:28:01 Image size of job updated: 1520
	1520  -  MemoryUsage of job (MB)
	1557484  -  ResidentSetSize of job (KB)
...
006 (76704563.002.000) 2025-03-11 01:28:03 Image size of job updated: 1296
	1296  -  MemoryUsage of job (MB)
	1327524  -  ResidentSetSize of job (KB)
...
006 (76704563.008.000) 2025-03-11 01:28:04 Image size of job updated: 1450
	1450  -  MemoryUsage of job (MB)
	1484848  -  ResidentSetSize of job (KB)
...
006 (76704563.003.000) 2025-03-11 01:28:05 Image size of job updated: 1428
	1428  -  MemoryUsage of job (MB)
	1463288  -  ResidentSetSize of job (KB)
...
006 (76704563.004.000) 2025-03-11 01:28:11 Image size of job updated: 1433
	1433  -  MemoryUsage of job (MB)
	1468132  -  ResidentSetSize of job (KB)
...
006 (76704563.000.000) 2025-03-11 01:28:34 Image size of job updated: 911
	911  -  MemoryUsage of job (MB)
	933096  -  ResidentSetSize of job (KB)
...
006 (76704563.001.000) 2025-03-11 01:28:34 Image size of job updated: 1165
	1165  -  MemoryUsage of job (MB)
	1193732  -  ResidentSetSize of job (KB)
...
006 (76704563.006.000) 2025-03-11 01:29:01 Image size of job updated: 1550
	1550  -  MemoryUsage of job (MB)
	1587492  -  ResidentSetSize of job (KB)
...
006 (76704563.005.000) 2025-03-11 01:29:01 Image size of job updated: 1475
	1475  -  MemoryUsage of job (MB)
	1511220  -  ResidentSetSize of job (KB)
...
006 (76704563.003.000) 2025-03-11 01:29:05 Image size of job updated: 1429
	1429  -  MemoryUsage of job (MB)
	1463320  -  ResidentSetSize of job (KB)
...
006 (76704563.008.000) 2025-03-11 01:29:05 Image size of job updated: 1479
	1479  -  MemoryUsage of job (MB)
	1514712  -  ResidentSetSize of job (KB)
...
006 (76704563.000.000) 2025-03-11 01:29:34 Image size of job updated: 912
	912  -  MemoryUsage of job (MB)
	934272  -  ResidentSetSize of job (KB)
...
006 (76704563.001.000) 2025-03-11 01:29:34 Image size of job updated: 1165
	1165  -  MemoryUsage of job (MB)
	1193796  -  ResidentSetSize of job (KB)
...
006 (76704563.005.000) 2025-03-11 01:30:01 Image size of job updated: 1505
	1505  -  MemoryUsage of job (MB)
	1541152  -  ResidentSetSize of job (KB)
...
006 (76704563.006.000) 2025-03-11 01:30:01 Image size of job updated: 1579
	1579  -  MemoryUsage of job (MB)
	1617584  -  ResidentSetSize of job (KB)
...
006 (76704563.002.000) 2025-03-11 01:30:05 Image size of job updated: 1296
	1296  -  MemoryUsage of job (MB)
	1327528  -  ResidentSetSize of job (KB)
...
006 (76704563.008.000) 2025-03-11 01:30:06 Image size of job updated: 1486
	1486  -  MemoryUsage of job (MB)
	1522140  -  ResidentSetSize of job (KB)
...
006 (76704563.003.000) 2025-03-11 01:30:06 Image size of job updated: 1457
	1457  -  MemoryUsage of job (MB)
	1492176  -  ResidentSetSize of job (KB)
...
006 (76704563.004.000) 2025-03-11 01:30:13 Image size of job updated: 1433
	1433  -  MemoryUsage of job (MB)
	1468224  -  ResidentSetSize of job (KB)
...
006 (76704563.000.000) 2025-03-11 01:30:34 Image size of job updated: 927
	927  -  MemoryUsage of job (MB)
	949856  -  ResidentSetSize of job (KB)
...
006 (76704563.001.000) 2025-03-11 01:30:34 Image size of job updated: 1194
	1194  -  MemoryUsage of job (MB)
	1222836  -  ResidentSetSize of job (KB)
...
006 (76704563.006.000) 2025-03-11 01:31:01 Image size of job updated: 1609
	1609  -  MemoryUsage of job (MB)
	1647640  -  ResidentSetSize of job (KB)
...
006 (76704563.005.000) 2025-03-11 01:31:01 Image size of job updated: 1533
	1533  -  MemoryUsage of job (MB)
	1570532  -  ResidentSetSize of job (KB)
...
040 (76704563.003.000) 2025-03-11 01:31:04 Started transferring output files
...
006 (76704563.002.000) 2025-03-11 01:31:04 Image size of job updated: 1341
	1341  -  MemoryUsage of job (MB)
	1373472  -  ResidentSetSize of job (KB)
...
040 (76704563.002.000) 2025-03-11 01:31:04 Started transferring output files
...
006 (76704563.001.000) 2025-03-11 01:31:04 Image size of job updated: 1194
	1194  -  MemoryUsage of job (MB)
	1222956  -  ResidentSetSize of job (KB)
...
006 (76704563.000.000) 2025-03-11 01:31:04 Image size of job updated: 927
	927  -  MemoryUsage of job (MB)
	950088  -  ResidentSetSize of job (KB)
...
040 (76704563.000.000) 2025-03-11 01:31:04 Started transferring output files
...
040 (76704563.001.000) 2025-03-11 01:31:04 Started transferring output files
...
040 (76704563.006.000) 2025-03-11 01:31:05 Started transferring output files
	Seconds spent in queue: 1708
...
006 (76704563.008.000) 2025-03-11 01:31:05 Image size of job updated: 1508
	1508  -  MemoryUsage of job (MB)
	1544924  -  ResidentSetSize of job (KB)
...
040 (76704563.008.000) 2025-03-11 01:31:05 Started transferring output files
	Seconds spent in queue: 1707
...
006 (76704563.004.000) 2025-03-11 01:31:05 Image size of job updated: 1462
	1462  -  MemoryUsage of job (MB)
	1497272  -  ResidentSetSize of job (KB)
...
040 (76704563.000.000) 2025-03-11 01:31:05 Finished transferring output files
...
004 (76704563.000.000) 2025-03-11 01:31:06 Job was evicted.
	(0) CPU times
		Usr 0 00:04:05, Sys 0 00:00:16  -  Run Remote Usage
		Usr 0 00:00:00, Sys 0 00:00:00  -  Run Local Usage
	30433374  -  Run Bytes Sent By Job
	607196736  -  Run Bytes Received By Job
	Partitionable Resources :     Usage  Request Allocated 
	   Cpus                 :      0.00        1         1 
	   Disk (KB)            : 623557    52428800  54979737 
	   Memory (MB)          :    927        8192      8192 
	   TimeExecute (s)      :   1669                       
	   TimeSlotBusy (s)     :   1715                       
...
009 (76704563.000.000) 2025-03-11 01:31:06 Job was aborted.
	via condor_rm (by user msahoo)
...
040 (76704563.002.000) 2025-03-11 01:31:06 Finished transferring output files
...
040 (76704563.004.000) 2025-03-11 01:31:06 Started transferring output files
...
004 (76704563.002.000) 2025-03-11 01:31:06 Job was evicted.
	(0) CPU times
		Usr 0 00:05:13, Sys 0 00:00:11  -  Run Remote Usage
		Usr 0 00:00:00, Sys 0 00:00:00  -  Run Local Usage
	150511408  -  Run Bytes Sent By Job
	607186688  -  Run Bytes Received By Job
	Partitionable Resources :    Usage  Request Allocated 
	   Cpus                 :        0        1         1 
	   Disk (KB)            :   740816 52428800  53598567 
	   Memory (MB)          :     1341     8192      8192 
	   TimeExecute (s)      :     1702                    
	   TimeSlotBusy (s)     :     1715                    
...
009 (76704563.002.000) 2025-03-11 01:31:06 Job was aborted.
	via condor_rm (by user msahoo)
...
040 (76704563.003.000) 2025-03-11 01:31:07 Finished transferring output files
...
040 (76704563.005.000) 2025-03-11 01:31:07 Started transferring output files
	Seconds spent in queue: 1710
...
040 (76704563.001.000) 2025-03-11 01:31:07 Finished transferring output files
...
004 (76704563.003.000) 2025-03-11 01:31:07 Job was evicted.
	(0) CPU times
		Usr 0 00:06:36, Sys 0 00:00:12  -  Run Remote Usage
		Usr 0 00:00:00, Sys 0 00:00:00  -  Run Local Usage
	266705056  -  Run Bytes Sent By Job
	607186688  -  Run Bytes Received By Job
	Partitionable Resources :     Usage  Request Allocated 
	   Cpus                 :      0.00        1         1 
	   Disk (KB)            : 854284    52428800  54094910 
	   Memory (MB)          :   1457        8192      8192 
	   TimeExecute (s)      :   1702                       
	   TimeSlotBusy (s)     :   1716                       
...
009 (76704563.003.000) 2025-03-11 01:31:07 Job was aborted.
	via condor_rm (by user msahoo)
...
040 (76704563.008.000) 2025-03-11 01:31:08 Finished transferring output files
...
004 (76704563.001.000) 2025-03-11 01:31:08 Job was evicted.
	(0) CPU times
		Usr 0 00:06:15, Sys 0 00:00:18  -  Run Remote Usage
		Usr 0 00:00:00, Sys 0 00:00:00  -  Run Local Usage
	180230304  -  Run Bytes Sent By Job
	607196736  -  Run Bytes Received By Job
	Partitionable Resources :     Usage  Request Allocated 
	   Cpus                 :      0.00        1         1 
	   Disk (KB)            : 769843    52428800  54979737 
	   Memory (MB)          :   1194        8192      8192 
	   TimeExecute (s)      :   1669                       
	   TimeSlotBusy (s)     :   1717                       
...
009 (76704563.001.000) 2025-03-11 01:31:08 Job was aborted.
	via condor_rm (by user msahoo)
...
040 (76704563.006.000) 2025-03-11 01:31:09 Finished transferring output files
...
040 (76704563.004.000) 2025-03-11 01:31:09 Finished transferring output files
...
004 (76704563.008.000) 2025-03-11 01:31:09 Job was evicted.
	(0) CPU times
		Usr 0 00:07:10, Sys 0 00:00:08  -  Run Remote Usage
		Usr 0 00:00:00, Sys 0 00:00:00  -  Run Local Usage
	328858656  -  Run Bytes Sent By Job
	607204928  -  Run Bytes Received By Job
	Partitionable Resources :     Usage  Request Allocated 
	   Cpus                 :      0.00        1         1 
	   Disk (KB)            : 915002    52428800  53384274 
	   Memory (MB)          :   1508        8192      8192 
	   TimeExecute (s)      :   1283                       
	   TimeSlotBusy (s)     :   1294                       
...
009 (76704563.008.000) 2025-03-11 01:31:09 Job was aborted.
	via condor_rm (by user msahoo)
...
040 (76704563.005.000) 2025-03-11 01:31:10 Finished transferring output files
...
004 (76704563.004.000) 2025-03-11 01:31:10 Job was evicted.
	(0) CPU times
		Usr 0 00:07:19, Sys 0 00:00:10  -  Run Remote Usage
		Usr 0 00:00:00, Sys 0 00:00:00  -  Run Local Usage
	299556064  -  Run Bytes Sent By Job
	607186688  -  Run Bytes Received By Job
	Partitionable Resources :     Usage  Request Allocated 
	   Cpus                 :      0.00        1         1 
	   Disk (KB)            : 886367    52428800  54982419 
	   Memory (MB)          :   1462        8192      8192 
	   TimeExecute (s)      :   1703                       
	   TimeSlotBusy (s)     :   1719                       
...
009 (76704563.004.000) 2025-03-11 01:31:10 Job was aborted.
	via condor_rm (by user msahoo)
...
004 (76704563.006.000) 2025-03-11 01:31:10 Job was evicted.
	(0) CPU times
		Usr 0 00:10:12, Sys 0 00:00:10  -  Run Remote Usage
		Usr 0 00:00:00, Sys 0 00:00:00  -  Run Local Usage
	419302816  -  Run Bytes Sent By Job
	607204928  -  Run Bytes Received By Job
	Partitionable Resources :      Usage  Request Allocated 
	   Cpus                 :       0.00        1         1 
	   Disk (KB)            : 1003326    52428800  56349699 
	   Memory (MB)          :    1609        8192      8192 
	   TimeExecute (s)      :    1283                       
	   TimeSlotBusy (s)     :    1295                       
...
009 (76704563.006.000) 2025-03-11 01:31:10 Job was aborted.
	via condor_rm (by user msahoo)
...
004 (76704563.005.000) 2025-03-11 01:31:10 Job was evicted.
	(0) CPU times
		Usr 0 00:07:33, Sys 0 00:00:10  -  Run Remote Usage
		Usr 0 00:00:00, Sys 0 00:00:00  -  Run Local Usage
	357635936  -  Run Bytes Sent By Job
	607205184  -  Run Bytes Received By Job
	Partitionable Resources :     Usage  Request Allocated 
	   Cpus                 :      0.00        1         1 
	   Disk (KB)            : 943105    52428800  53466861 
	   Memory (MB)          :   1533        8192      8192 
	   TimeExecute (s)      :   1281                       
	   TimeSlotBusy (s)     :   1295                       
...
009 (76704563.005.000) 2025-03-11 01:31:10 Job was aborted.
	via condor_rm (by user msahoo)
...
