000 (77521553.000.000) 2025-04-09 19:37:02 Job submitted from host: <131.225.189.168:9618?addrs=131.225.189.168-9618+[2620-6a-0-8421-f0-0-189-168]-9618&alias=lpcschedd6.fnal.gov&noUDP&sock=schedd_2292_b328>
...
000 (77521553.001.000) 2025-04-09 19:37:02 Job submitted from host: <131.225.189.168:9618?addrs=131.225.189.168-9618+[2620-6a-0-8421-f0-0-189-168]-9618&alias=lpcschedd6.fnal.gov&noUDP&sock=schedd_2292_b328>
...
000 (77521553.002.000) 2025-04-09 19:37:02 Job submitted from host: <131.225.189.168:9618?addrs=131.225.189.168-9618+[2620-6a-0-8421-f0-0-189-168]-9618&alias=lpcschedd6.fnal.gov&noUDP&sock=schedd_2292_b328>
...
000 (77521553.003.000) 2025-04-09 19:37:02 Job submitted from host: <131.225.189.168:9618?addrs=131.225.189.168-9618+[2620-6a-0-8421-f0-0-189-168]-9618&alias=lpcschedd6.fnal.gov&noUDP&sock=schedd_2292_b328>
...
040 (77521553.000.000) 2025-04-09 19:37:14 Started transferring input files
	Transferring to host: <131.225.188.91:9618?addrs=[2620-6a-0-8421-f0-0-188-91]-9618+131.225.188.91-9618&alias=cmswn2044.fnal.gov&noUDP&sock=slot1_1_3325936_8a49_13384>
...
040 (77521553.003.000) 2025-04-09 19:37:14 Started transferring input files
	Transferring to host: <131.225.189.16:9618?addrs=[2620-6a-0-8421-f0-0-189-16]-9618+131.225.189.16-9618&alias=cmswn2080.fnal.gov&noUDP&sock=slot1_6_2962663_d935_11542>
...
040 (77521553.002.000) 2025-04-09 19:37:14 Started transferring input files
	Transferring to host: <131.225.189.228:9618?addrs=[2620-6a-0-8421-f0-0-189-228]-9618+131.225.189.228-9618&alias=cmswn2153.fnal.gov&noUDP&sock=slot1_10_2377_8fba_19759>
...
040 (77521553.001.000) 2025-04-09 19:37:14 Started transferring input files
	Transferring to host: <131.225.188.137:9618?addrs=[2620-6a-0-8421-f0-0-188-137]-9618+131.225.188.137-9618&alias=cmswn2050.fnal.gov&noUDP&sock=slot1_12_2623_e404_17083>
...
040 (77521553.002.000) 2025-04-09 19:37:22 Finished transferring input files
...
040 (77521553.001.000) 2025-04-09 19:37:22 Finished transferring input files
...
001 (77521553.002.000) 2025-04-09 19:37:23 Job executing on host: <131.225.189.228:9618?addrs=[2620-6a-0-8421-f0-0-189-228]-9618+131.225.189.228-9618&alias=cmswn2153.fnal.gov&noUDP&sock=startd_2283_86ce>
	SlotName: slot1_10@cmswn2153.fnal.gov
	CondorScratchDir = "/storage/local/data1/condor/execute/dir_1870109"
	Cpus = 1
	Disk = 52432066
	GPUs = 0
	Memory = 8192
...
001 (77521553.001.000) 2025-04-09 19:37:23 Job executing on host: <131.225.188.137:9618?addrs=[2620-6a-0-8421-f0-0-188-137]-9618+131.225.188.137-9618&alias=cmswn2050.fnal.gov&noUDP&sock=startd_2287_452f>
	SlotName: slot1_12@cmswn2050.fnal.gov
	CondorScratchDir = "/storage/local/data1/condor/execute/dir_4013956"
	Cpus = 1
	Disk = 52430333
	GPUs = 0
	Memory = 8192
...
040 (77521553.000.000) 2025-04-09 19:37:27 Finished transferring input files
...
001 (77521553.000.000) 2025-04-09 19:37:28 Job executing on host: <131.225.188.91:9618?addrs=[2620-6a-0-8421-f0-0-188-91]-9618+131.225.188.91-9618&alias=cmswn2044.fnal.gov&noUDP&sock=startd_3045_31f8>
	SlotName: slot1_1@cmswn2044.fnal.gov
	CondorScratchDir = "/storage/local/data1/condor/execute/dir_2449422"
	Cpus = 1
	Disk = 52430330
	GPUs = 0
	Memory = 8192
...
006 (77521553.001.000) 2025-04-09 19:37:32 Image size of job updated: 53
	53  -  MemoryUsage of job (MB)
	54284  -  ResidentSetSize of job (KB)
...
006 (77521553.002.000) 2025-04-09 19:37:32 Image size of job updated: 52
	52  -  MemoryUsage of job (MB)
	54060  -  ResidentSetSize of job (KB)
...
040 (77521553.003.000) 2025-04-09 19:37:35 Finished transferring input files
...
001 (77521553.003.000) 2025-04-09 19:37:36 Job executing on host: <131.225.189.16:9618?addrs=[2620-6a-0-8421-f0-0-189-16]-9618+131.225.189.16-9618&alias=cmswn2080.fnal.gov&noUDP&sock=startd_2280_7805>
	SlotName: slot1_6@cmswn2080.fnal.gov
	CondorScratchDir = "/storage/local/data1/condor/execute/dir_2317667"
	Cpus = 1
	Disk = 52430345
	GPUs = 0
	Memory = 8192
...
006 (77521553.002.000) 2025-04-09 19:38:32 Image size of job updated: 506
	506  -  MemoryUsage of job (MB)
	518540  -  ResidentSetSize of job (KB)
...
006 (77521553.001.000) 2025-04-09 19:38:32 Image size of job updated: 510
	510  -  MemoryUsage of job (MB)
	522272  -  ResidentSetSize of job (KB)
...
006 (77521553.000.000) 2025-04-09 19:38:38 Image size of job updated: 502
	502  -  MemoryUsage of job (MB)
	514540  -  ResidentSetSize of job (KB)
...
006 (77521553.003.000) 2025-04-09 19:38:44 Image size of job updated: 505
	505  -  MemoryUsage of job (MB)
	517252  -  ResidentSetSize of job (KB)
...
006 (77521553.002.000) 2025-04-09 19:39:32 Image size of job updated: 507
	507  -  MemoryUsage of job (MB)
	519424  -  ResidentSetSize of job (KB)
...
006 (77521553.001.000) 2025-04-09 19:39:33 Image size of job updated: 511
	511  -  MemoryUsage of job (MB)
	523580  -  ResidentSetSize of job (KB)
...
006 (77521553.000.000) 2025-04-09 19:39:38 Image size of job updated: 502
	502  -  MemoryUsage of job (MB)
	514920  -  ResidentSetSize of job (KB)
...
006 (77521553.002.000) 2025-04-09 19:40:32 Image size of job updated: 508
	508  -  MemoryUsage of job (MB)
	521056  -  ResidentSetSize of job (KB)
...
006 (77521553.000.000) 2025-04-09 19:40:39 Image size of job updated: 504
	504  -  MemoryUsage of job (MB)
	516400  -  ResidentSetSize of job (KB)
...
006 (77521553.003.000) 2025-04-09 19:40:46 Image size of job updated: 505
	505  -  MemoryUsage of job (MB)
	517760  -  ResidentSetSize of job (KB)
...
006 (77521553.001.000) 2025-04-09 19:41:35 Image size of job updated: 511
	511  -  MemoryUsage of job (MB)
	523628  -  ResidentSetSize of job (KB)
...
006 (77521553.000.000) 2025-04-09 19:41:39 Image size of job updated: 505
	505  -  MemoryUsage of job (MB)
	517172  -  ResidentSetSize of job (KB)
...
006 (77521553.001.000) 2025-04-09 19:42:35 Image size of job updated: 512
	512  -  MemoryUsage of job (MB)
	524524  -  ResidentSetSize of job (KB)
...
006 (77521553.000.000) 2025-04-09 19:42:39 Image size of job updated: 505
	505  -  MemoryUsage of job (MB)
	517684  -  ResidentSetSize of job (KB)
...
006 (77521553.003.000) 2025-04-09 19:42:48 Image size of job updated: 505
	505  -  MemoryUsage of job (MB)
	517840  -  ResidentSetSize of job (KB)
...
006 (77521553.002.000) 2025-04-09 19:43:35 Image size of job updated: 509
	509  -  MemoryUsage of job (MB)
	521924  -  ResidentSetSize of job (KB)
...
006 (77521553.001.000) 2025-04-09 19:43:36 Image size of job updated: 513
	513  -  MemoryUsage of job (MB)
	525388  -  ResidentSetSize of job (KB)
...
006 (77521553.002.000) 2025-04-09 19:44:35 Image size of job updated: 510
	510  -  MemoryUsage of job (MB)
	523032  -  ResidentSetSize of job (KB)
...
006 (77521553.001.000) 2025-04-09 19:44:36 Image size of job updated: 513
	513  -  MemoryUsage of job (MB)
	525932  -  ResidentSetSize of job (KB)
...
006 (77521553.000.000) 2025-04-09 19:44:39 Image size of job updated: 505
	505  -  MemoryUsage of job (MB)
	517924  -  ResidentSetSize of job (KB)
...
006 (77521553.003.000) 2025-04-09 19:44:49 Image size of job updated: 506
	506  -  MemoryUsage of job (MB)
	518892  -  ResidentSetSize of job (KB)
...
006 (77521553.001.000) 2025-04-09 19:45:37 Image size of job updated: 514
	514  -  MemoryUsage of job (MB)
	526556  -  ResidentSetSize of job (KB)
...
006 (77521553.000.000) 2025-04-09 19:45:39 Image size of job updated: 505
	505  -  MemoryUsage of job (MB)
	518060  -  ResidentSetSize of job (KB)
...
006 (77521553.003.000) 2025-04-09 19:45:49 Image size of job updated: 507
	507  -  MemoryUsage of job (MB)
	519452  -  ResidentSetSize of job (KB)
...
040 (77521553.002.000) 2025-04-09 19:46:10 Started transferring output files
...
040 (77521553.002.000) 2025-04-09 19:46:10 Finished transferring output files
...
005 (77521553.002.000) 2025-04-09 19:46:10 Job terminated.
	(1) Normal termination (return value 1)
		Usr 0 00:05:17, Sys 0 00:00:02  -  Run Remote Usage
		Usr 0 00:00:00, Sys 0 00:00:00  -  Run Local Usage
		Usr 0 00:05:17, Sys 0 00:00:02  -  Total Remote Usage
		Usr 0 00:00:00, Sys 0 00:00:00  -  Total Local Usage
	6571  -  Run Bytes Sent By Job
	382757888  -  Run Bytes Received By Job
	6571  -  Total Bytes Sent By Job
	382757888  -  Total Bytes Received By Job
	Partitionable Resources :     Usage  Request Allocated 
	   Cpus                 :      0.00        1         1 
	   Disk (KB)            : 374666    52428800  52432066 
	   GPUs                 :                            0 
	   Memory (MB)          :    510        8192      8192 
	   TimeExecute (s)      :    527                       
	   TimeSlotBusy (s)     :    536                       

	Job terminated of its own accord at 2025-04-10T00:46:10Z with exit-code 1.
...
006 (77521553.000.000) 2025-04-09 19:46:26 Image size of job updated: 506
	506  -  MemoryUsage of job (MB)
	518312  -  ResidentSetSize of job (KB)
...
040 (77521553.000.000) 2025-04-09 19:46:26 Started transferring output files
...
040 (77521553.000.000) 2025-04-09 19:46:26 Finished transferring output files
...
005 (77521553.000.000) 2025-04-09 19:46:26 Job terminated.
	(1) Normal termination (return value 1)
		Usr 0 00:05:05, Sys 0 00:00:02  -  Run Remote Usage
		Usr 0 00:00:00, Sys 0 00:00:00  -  Run Local Usage
		Usr 0 00:05:05, Sys 0 00:00:02  -  Total Remote Usage
		Usr 0 00:00:00, Sys 0 00:00:00  -  Total Local Usage
	6554  -  Run Bytes Sent By Job
	382758784  -  Run Bytes Received By Job
	6554  -  Total Bytes Sent By Job
	382758784  -  Total Bytes Received By Job
	Partitionable Resources :     Usage  Request Allocated 
	   Cpus                 :      0.00        1         1 
	   Disk (KB)            : 374668    52428800  52430330 
	   GPUs                 :                            0 
	   Memory (MB)          :    506        8192      8192 
	   TimeExecute (s)      :    538                       
	   TimeSlotBusy (s)     :    552                       

	Job terminated of its own accord at 2025-04-10T00:46:26Z with exit-code 1.
...
006 (77521553.001.000) 2025-04-09 19:46:32 Image size of job updated: 515
	515  -  MemoryUsage of job (MB)
	527504  -  ResidentSetSize of job (KB)
...
040 (77521553.001.000) 2025-04-09 19:46:32 Started transferring output files
...
040 (77521553.001.000) 2025-04-09 19:46:32 Finished transferring output files
...
005 (77521553.001.000) 2025-04-09 19:46:32 Job terminated.
	(1) Normal termination (return value 1)
		Usr 0 00:05:57, Sys 0 00:00:02  -  Run Remote Usage
		Usr 0 00:00:00, Sys 0 00:00:00  -  Run Local Usage
		Usr 0 00:05:57, Sys 0 00:00:02  -  Total Remote Usage
		Usr 0 00:00:00, Sys 0 00:00:00  -  Total Local Usage
	6540  -  Run Bytes Sent By Job
	382757888  -  Run Bytes Received By Job
	6540  -  Total Bytes Sent By Job
	382757888  -  Total Bytes Received By Job
	Partitionable Resources :    Usage  Request Allocated 
	   Cpus                 :        0        1         1 
	   Disk (KB)            :   374665 52428800  52430333 
	   GPUs                 :                           0 
	   Memory (MB)          :      515     8192      8192 
	   TimeExecute (s)      :      549                    
	   TimeSlotBusy (s)     :      558                    

	Job terminated of its own accord at 2025-04-10T00:46:32Z with exit-code 1.
...
006 (77521553.003.000) 2025-04-09 19:46:50 Image size of job updated: 508
	508  -  MemoryUsage of job (MB)
	520808  -  ResidentSetSize of job (KB)
...
006 (77521553.003.000) 2025-04-09 19:47:51 Image size of job updated: 509
	509  -  MemoryUsage of job (MB)
	521532  -  ResidentSetSize of job (KB)
...
006 (77521553.003.000) 2025-04-09 19:48:51 Image size of job updated: 509
	509  -  MemoryUsage of job (MB)
	521568  -  ResidentSetSize of job (KB)
...
040 (77521553.003.000) 2025-04-09 19:49:20 Started transferring output files
...
040 (77521553.003.000) 2025-04-09 19:49:20 Finished transferring output files
...
005 (77521553.003.000) 2025-04-09 19:49:20 Job terminated.
	(1) Normal termination (return value 1)
		Usr 0 00:05:30, Sys 0 00:00:02  -  Run Remote Usage
		Usr 0 00:00:00, Sys 0 00:00:00  -  Run Local Usage
		Usr 0 00:05:30, Sys 0 00:00:02  -  Total Remote Usage
		Usr 0 00:00:00, Sys 0 00:00:00  -  Total Local Usage
	6577  -  Run Bytes Sent By Job
	382759520  -  Run Bytes Received By Job
	6577  -  Total Bytes Sent By Job
	382759520  -  Total Bytes Received By Job
	Partitionable Resources :    Usage  Request Allocated 
	   Cpus                 :        0        1         1 
	   Disk (KB)            :   374668 52428800  52430345 
	   GPUs                 :                           0 
	   Memory (MB)          :      509     8192      8192 
	   TimeExecute (s)      :      704                    
	   TimeSlotBusy (s)     :      726                    

	Job terminated of its own accord at 2025-04-10T00:49:20Z with exit-code 1.
...
