000 (77522340.000.000) 2025-04-10 03:08:14 Job submitted from host: <131.225.189.168:9618?addrs=131.225.189.168-9618+[2620-6a-0-8421-f0-0-189-168]-9618&alias=lpcschedd6.fnal.gov&noUDP&sock=schedd_2292_b328>
...
000 (77522340.001.000) 2025-04-10 03:08:14 Job submitted from host: <131.225.189.168:9618?addrs=131.225.189.168-9618+[2620-6a-0-8421-f0-0-189-168]-9618&alias=lpcschedd6.fnal.gov&noUDP&sock=schedd_2292_b328>
...
000 (77522340.002.000) 2025-04-10 03:08:14 Job submitted from host: <131.225.189.168:9618?addrs=131.225.189.168-9618+[2620-6a-0-8421-f0-0-189-168]-9618&alias=lpcschedd6.fnal.gov&noUDP&sock=schedd_2292_b328>
...
000 (77522340.003.000) 2025-04-10 03:08:14 Job submitted from host: <131.225.189.168:9618?addrs=131.225.189.168-9618+[2620-6a-0-8421-f0-0-189-168]-9618&alias=lpcschedd6.fnal.gov&noUDP&sock=schedd_2292_b328>
...
040 (77522340.000.000) 2025-04-10 03:08:34 Started transferring input files
	Transferring to host: <131.225.188.76:9618?addrs=[2620-6a-0-8421-f0-0-188-76]-9618+131.225.188.76-9618&alias=cmswn2039.fnal.gov&noUDP&sock=slot1_5_2288_da56_14977>
...
040 (77522340.002.000) 2025-04-10 03:08:34 Started transferring input files
	Transferring to host: <131.225.189.186:9618?addrs=[2620-6a-0-8421-f0-0-189-186]-9618+131.225.189.186-9618&alias=cmswn2133.fnal.gov&noUDP&sock=slot1_10_1296730_57b4_9364>
...
040 (77522340.003.000) 2025-04-10 03:08:34 Started transferring input files
	Transferring to host: <131.225.188.210:9618?addrs=[2620-6a-0-8421-f0-0-188-210]-9618+131.225.188.210-9618&alias=cmswn2067.fnal.gov&noUDP&sock=slot1_9_3488_5c87_19217>
...
040 (77522340.001.000) 2025-04-10 03:08:34 Started transferring input files
	Transferring to host: <131.225.189.204:9618?addrs=[2620-6a-0-8421-f0-0-189-204]-9618+131.225.189.204-9618&alias=cmswn2141.fnal.gov&noUDP&sock=slot1_10_1442832_6b29_9139>
...
040 (77522340.002.000) 2025-04-10 03:08:37 Finished transferring input files
...
001 (77522340.002.000) 2025-04-10 03:08:38 Job executing on host: <131.225.189.186:9618?addrs=[2620-6a-0-8421-f0-0-189-186]-9618+131.225.189.186-9618&alias=cmswn2133.fnal.gov&noUDP&sock=startd_2329_1429>
	SlotName: slot1_10@cmswn2133.fnal.gov
	CondorScratchDir = "/storage/local/data1/condor/execute/dir_3262216"
	Cpus = 1
	Disk = 52432092
	GPUs = 0
	Memory = 8192
...
040 (77522340.001.000) 2025-04-10 03:08:40 Finished transferring input files
...
001 (77522340.001.000) 2025-04-10 03:08:41 Job executing on host: <131.225.189.204:9618?addrs=[2620-6a-0-8421-f0-0-189-204]-9618+131.225.189.204-9618&alias=cmswn2141.fnal.gov&noUDP&sock=startd_2047_a674>
	SlotName: slot1_10@cmswn2141.fnal.gov
	CondorScratchDir = "/storage/local/data1/condor/execute/dir_626372"
	Cpus = 1
	Disk = 52432314
	GPUs = 0
	Memory = 8192
...
040 (77522340.000.000) 2025-04-10 03:08:43 Finished transferring input files
...
001 (77522340.000.000) 2025-04-10 03:08:44 Job executing on host: <131.225.188.76:9618?addrs=[2620-6a-0-8421-f0-0-188-76]-9618+131.225.188.76-9618&alias=cmswn2039.fnal.gov&noUDP&sock=startd_2244_c69c>
	SlotName: slot1_5@cmswn2039.fnal.gov
	CondorScratchDir = "/storage/local/data1/condor/execute/dir_3648633"
	Cpus = 1
	Disk = 52430451
	GPUs = 0
	Memory = 8192
...
040 (77522340.003.000) 2025-04-10 03:08:45 Finished transferring input files
...
001 (77522340.003.000) 2025-04-10 03:08:46 Job executing on host: <131.225.188.210:9618?addrs=[2620-6a-0-8421-f0-0-188-210]-9618+131.225.188.210-9618&alias=cmswn2067.fnal.gov&noUDP&sock=startd_2908_397f>
	SlotName: slot1_9@cmswn2067.fnal.gov
	CondorScratchDir = "/storage/local/data1/condor/execute/dir_1021293"
	Cpus = 1
	Disk = 52430341
	GPUs = 0
	Memory = 8192
...
006 (77522340.001.000) 2025-04-10 03:08:50 Image size of job updated: 76
	76  -  MemoryUsage of job (MB)
	77940  -  ResidentSetSize of job (KB)
...
006 (77522340.000.000) 2025-04-10 03:08:53 Image size of job updated: 57
	57  -  MemoryUsage of job (MB)
	59056  -  ResidentSetSize of job (KB)
...
006 (77522340.002.000) 2025-04-10 03:08:57 Image size of job updated: 72
	72  -  MemoryUsage of job (MB)
	74208  -  ResidentSetSize of job (KB)
...
040 (77522340.002.000) 2025-04-10 03:08:57 Started transferring output files
...
040 (77522340.002.000) 2025-04-10 03:08:57 Finished transferring output files
...
040 (77522340.001.000) 2025-04-10 03:08:57 Started transferring output files
...
040 (77522340.001.000) 2025-04-10 03:08:57 Finished transferring output files
...
005 (77522340.002.000) 2025-04-10 03:08:57 Job terminated.
	(1) Normal termination (return value 1)
		Usr 0 00:00:00, Sys 0 00:00:00  -  Run Remote Usage
		Usr 0 00:00:00, Sys 0 00:00:00  -  Run Local Usage
		Usr 0 00:00:00, Sys 0 00:00:00  -  Total Remote Usage
		Usr 0 00:00:00, Sys 0 00:00:00  -  Total Local Usage
	5577  -  Run Bytes Sent By Job
	382868576  -  Run Bytes Received By Job
	5577  -  Total Bytes Sent By Job
	382868576  -  Total Bytes Received By Job
	Partitionable Resources :     Usage  Request Allocated 
	   Cpus                 :      0.15        1         1 
	   Disk (KB)            : 374683    52428800  52432092 
	   GPUs                 :                            0 
	   Memory (MB)          :     72        8192      8192 
	   TimeExecute (s)      :     19                       
	   TimeSlotBusy (s)     :     24                       

	Job terminated of its own accord at 2025-04-10T08:08:57Z with exit-code 1.
...
005 (77522340.001.000) 2025-04-10 03:08:57 Job terminated.
	(1) Normal termination (return value 1)
		Usr 0 00:00:01, Sys 0 00:00:00  -  Run Remote Usage
		Usr 0 00:00:00, Sys 0 00:00:00  -  Run Local Usage
		Usr 0 00:00:01, Sys 0 00:00:00  -  Total Remote Usage
		Usr 0 00:00:00, Sys 0 00:00:00  -  Total Local Usage
	5550  -  Run Bytes Sent By Job
	382869024  -  Run Bytes Received By Job
	5550  -  Total Bytes Sent By Job
	382869024  -  Total Bytes Received By Job
	Partitionable Resources :     Usage  Request Allocated 
	   Cpus                 :      0.01        1         1 
	   Disk (KB)            : 374684    52428800  52432314 
	   GPUs                 :                            0 
	   Memory (MB)          :     76        8192      8192 
	   TimeExecute (s)      :     16                       
	   TimeSlotBusy (s)     :     24                       

	Job terminated of its own accord at 2025-04-10T08:08:57Z with exit-code 1.
...
006 (77522340.000.000) 2025-04-10 03:08:59 Image size of job updated: 89
	89  -  MemoryUsage of job (MB)
	92092  -  ResidentSetSize of job (KB)
...
040 (77522340.000.000) 2025-04-10 03:08:59 Started transferring output files
...
040 (77522340.000.000) 2025-04-10 03:08:59 Finished transferring output files
...
005 (77522340.000.000) 2025-04-10 03:08:59 Job terminated.
	(1) Normal termination (return value 1)
		Usr 0 00:00:03, Sys 0 00:00:01  -  Run Remote Usage
		Usr 0 00:00:00, Sys 0 00:00:00  -  Run Local Usage
		Usr 0 00:00:03, Sys 0 00:00:01  -  Total Remote Usage
		Usr 0 00:00:00, Sys 0 00:00:00  -  Total Local Usage
	5563  -  Run Bytes Sent By Job
	382869472  -  Run Bytes Received By Job
	5563  -  Total Bytes Sent By Job
	382869472  -  Total Bytes Received By Job
	Partitionable Resources :     Usage  Request Allocated 
	   Cpus                 :      0.00        1         1 
	   Disk (KB)            : 374685    52428800  52430451 
	   GPUs                 :                            0 
	   Memory (MB)          :     89        8192      8192 
	   TimeExecute (s)      :     15                       
	   TimeSlotBusy (s)     :     26                       

	Job terminated of its own accord at 2025-04-10T08:08:59Z with exit-code 1.
...
006 (77522340.003.000) 2025-04-10 03:09:16 Image size of job updated: 97
	97  -  MemoryUsage of job (MB)
	99764  -  ResidentSetSize of job (KB)
...
040 (77522340.003.000) 2025-04-10 03:09:16 Started transferring output files
...
040 (77522340.003.000) 2025-04-10 03:09:16 Finished transferring output files
...
005 (77522340.003.000) 2025-04-10 03:09:16 Job terminated.
	(1) Normal termination (return value 1)
		Usr 0 00:00:00, Sys 0 00:00:00  -  Run Remote Usage
		Usr 0 00:00:00, Sys 0 00:00:00  -  Run Local Usage
		Usr 0 00:00:00, Sys 0 00:00:00  -  Total Remote Usage
		Usr 0 00:00:00, Sys 0 00:00:00  -  Total Local Usage
	5581  -  Run Bytes Sent By Job
	382869920  -  Run Bytes Received By Job
	5581  -  Total Bytes Sent By Job
	382869920  -  Total Bytes Received By Job
	Partitionable Resources :     Usage  Request Allocated 
	   Cpus                 :      0.03        1         1 
	   Disk (KB)            : 374685    52428800  52430341 
	   GPUs                 :                            0 
	   Memory (MB)          :     97        8192      8192 
	   TimeExecute (s)      :     30                       
	   TimeSlotBusy (s)     :     43                       

	Job terminated of its own accord at 2025-04-10T08:09:16Z with exit-code 1.
...
