000 (77522341.000.000) 2025-04-10 03:12:13 Job submitted from host: <131.225.189.168:9618?addrs=131.225.189.168-9618+[2620-6a-0-8421-f0-0-189-168]-9618&alias=lpcschedd6.fnal.gov&noUDP&sock=schedd_2292_b328>
...
000 (77522341.001.000) 2025-04-10 03:12:13 Job submitted from host: <131.225.189.168:9618?addrs=131.225.189.168-9618+[2620-6a-0-8421-f0-0-189-168]-9618&alias=lpcschedd6.fnal.gov&noUDP&sock=schedd_2292_b328>
...
000 (77522341.002.000) 2025-04-10 03:12:13 Job submitted from host: <131.225.189.168:9618?addrs=131.225.189.168-9618+[2620-6a-0-8421-f0-0-189-168]-9618&alias=lpcschedd6.fnal.gov&noUDP&sock=schedd_2292_b328>
...
000 (77522341.003.000) 2025-04-10 03:12:13 Job submitted from host: <131.225.189.168:9618?addrs=131.225.189.168-9618+[2620-6a-0-8421-f0-0-189-168]-9618&alias=lpcschedd6.fnal.gov&noUDP&sock=schedd_2292_b328>
...
000 (77522341.004.000) 2025-04-10 03:12:13 Job submitted from host: <131.225.189.168:9618?addrs=131.225.189.168-9618+[2620-6a-0-8421-f0-0-189-168]-9618&alias=lpcschedd6.fnal.gov&noUDP&sock=schedd_2292_b328>
...
040 (77522341.001.000) 2025-04-10 03:12:43 Started transferring input files
	Transferring to host: <131.225.189.178:9618?addrs=[2620-6a-0-8421-f0-0-189-178]-9618+131.225.189.178-9618&alias=cmswn2127.fnal.gov&noUDP&sock=slot1_7_2645_6445_19133>
...
040 (77522341.003.000) 2025-04-10 03:12:43 Started transferring input files
	Transferring to host: <131.225.188.17:9618?addrs=[2620-6a-0-8421-f0-0-188-17]-9618+131.225.188.17-9618&alias=cmswn2020.fnal.gov&noUDP&sock=slot1_3_2160_aa51_16025>
...
040 (77522341.002.000) 2025-04-10 03:12:43 Started transferring input files
	Transferring to host: <131.225.189.206:9618?addrs=[2620-6a-0-8421-f0-0-189-206]-9618+131.225.189.206-9618&alias=cmswn2142.fnal.gov&noUDP&sock=slot1_17_3844157_1d7a_7152>
...
040 (77522341.004.000) 2025-04-10 03:12:43 Started transferring input files
	Transferring to host: <131.225.189.34:9618?addrs=[2620-6a-0-8421-f0-0-189-34]-9618+131.225.189.34-9618&alias=cmswn2087.fnal.gov&noUDP&sock=slot1_1_3825252_d51a_13484>
...
040 (77522341.000.000) 2025-04-10 03:12:43 Started transferring input files
	Transferring to host: <131.225.188.193:9618?addrs=[2620-6a-0-8421-f0-0-188-193]-9618+131.225.188.193-9618&alias=cmswn2062.fnal.gov&noUDP&sock=slot1_8_2257904_60a2_8474>
...
040 (77522341.004.000) 2025-04-10 03:12:47 Finished transferring input files
...
040 (77522341.001.000) 2025-04-10 03:12:47 Finished transferring input files
...
040 (77522341.002.000) 2025-04-10 03:12:47 Finished transferring input files
...
001 (77522341.004.000) 2025-04-10 03:12:48 Job executing on host: <131.225.189.34:9618?addrs=[2620-6a-0-8421-f0-0-189-34]-9618+131.225.189.34-9618&alias=cmswn2087.fnal.gov&noUDP&sock=startd_2292_b328>
	SlotName: slot1_1@cmswn2087.fnal.gov
	CondorScratchDir = "/storage/local/data1/condor/execute/dir_3324558"
	Cpus = 1
	Disk = 52430337
	GPUs = 0
	Memory = 8192
...
001 (77522341.001.000) 2025-04-10 03:12:48 Job executing on host: <131.225.189.178:9618?addrs=[2620-6a-0-8421-f0-0-189-178]-9618+131.225.189.178-9618&alias=cmswn2127.fnal.gov&noUDP&sock=startd_2334_8222>
	SlotName: slot1_7@cmswn2127.fnal.gov
	CondorScratchDir = "/storage/local/data1/condor/execute/dir_230348"
	Cpus = 1
	Disk = 52432100
	GPUs = 0
	Memory = 8192
...
001 (77522341.002.000) 2025-04-10 03:12:48 Job executing on host: <131.225.189.206:9618?addrs=[2620-6a-0-8421-f0-0-189-206]-9618+131.225.189.206-9618&alias=cmswn2142.fnal.gov&noUDP&sock=startd_2235_9a42>
	SlotName: slot1_17@cmswn2142.fnal.gov
	CondorScratchDir = "/storage/local/data1/condor/execute/dir_3699566"
	Cpus = 1
	Disk = 52432293
	GPUs = 0
	Memory = 8192
...
040 (77522341.003.000) 2025-04-10 03:12:50 Finished transferring input files
...
001 (77522341.003.000) 2025-04-10 03:12:51 Job executing on host: <131.225.188.17:9618?addrs=[2620-6a-0-8421-f0-0-188-17]-9618+131.225.188.17-9618&alias=cmswn2020.fnal.gov&noUDP&sock=startd_2098_a1c8>
	SlotName: slot1_3@cmswn2020.fnal.gov
	CondorScratchDir = "/storage/local/data1/condor/execute/dir_1811590"
	Cpus = 1
	Disk = 52430451
	GPUs = 0
	Memory = 8192
...
040 (77522341.000.000) 2025-04-10 03:12:52 Finished transferring input files
...
001 (77522341.000.000) 2025-04-10 03:12:53 Job executing on host: <131.225.188.193:9618?addrs=[2620-6a-0-8421-f0-0-188-193]-9618+131.225.188.193-9618&alias=cmswn2062.fnal.gov&noUDP&sock=startd_2291_0390>
	SlotName: slot1_8@cmswn2062.fnal.gov
	CondorScratchDir = "/storage/local/data1/condor/execute/dir_4011023"
	Cpus = 1
	Disk = 52430340
	GPUs = 0
	Memory = 8192
...
006 (77522341.002.000) 2025-04-10 03:12:57 Image size of job updated: 56
	56  -  MemoryUsage of job (MB)
	57844  -  ResidentSetSize of job (KB)
...
006 (77522341.003.000) 2025-04-10 03:12:59 Image size of job updated: 62
	62  -  MemoryUsage of job (MB)
	63756  -  ResidentSetSize of job (KB)
...
006 (77522341.000.000) 2025-04-10 03:13:01 Image size of job updated: 59
	59  -  MemoryUsage of job (MB)
	61436  -  ResidentSetSize of job (KB)
...
006 (77522341.002.000) 2025-04-10 03:13:57 Image size of job updated: 541
	541  -  MemoryUsage of job (MB)
	554200  -  ResidentSetSize of job (KB)
...
006 (77522341.004.000) 2025-04-10 03:13:57 Image size of job updated: 859
	859  -  MemoryUsage of job (MB)
	879664  -  ResidentSetSize of job (KB)
...
006 (77522341.001.000) 2025-04-10 03:13:58 Image size of job updated: 557
	557  -  MemoryUsage of job (MB)
	570776  -  ResidentSetSize of job (KB)
...
006 (77522341.003.000) 2025-04-10 03:14:00 Image size of job updated: 561
	561  -  MemoryUsage of job (MB)
	575372  -  ResidentSetSize of job (KB)
...
006 (77522341.000.000) 2025-04-10 03:14:02 Image size of job updated: 550
	550  -  MemoryUsage of job (MB)
	563532  -  ResidentSetSize of job (KB)
...
006 (77522341.002.000) 2025-04-10 03:14:57 Image size of job updated: 541
	541  -  MemoryUsage of job (MB)
	554876  -  ResidentSetSize of job (KB)
...
006 (77522341.004.000) 2025-04-10 03:14:58 Image size of job updated: 958
	958  -  MemoryUsage of job (MB)
	981440  -  ResidentSetSize of job (KB)
...
006 (77522341.001.000) 2025-04-10 03:14:59 Image size of job updated: 557
	557  -  MemoryUsage of job (MB)
	571148  -  ResidentSetSize of job (KB)
...
006 (77522341.003.000) 2025-04-10 03:15:00 Image size of job updated: 562
	562  -  MemoryUsage of job (MB)
	576140  -  ResidentSetSize of job (KB)
...
006 (77522341.004.000) 2025-04-10 03:15:58 Image size of job updated: 958
	958  -  MemoryUsage of job (MB)
	981808  -  ResidentSetSize of job (KB)
...
006 (77522341.001.000) 2025-04-10 03:15:59 Image size of job updated: 557
	557  -  MemoryUsage of job (MB)
	571264  -  ResidentSetSize of job (KB)
...
006 (77522341.002.000) 2025-04-10 03:16:58 Image size of job updated: 543
	543  -  MemoryUsage of job (MB)
	556568  -  ResidentSetSize of job (KB)
...
006 (77522341.004.000) 2025-04-10 03:16:59 Image size of job updated: 1009
	1009  -  MemoryUsage of job (MB)
	1033616  -  ResidentSetSize of job (KB)
...
006 (77522341.001.000) 2025-04-10 03:17:00 Image size of job updated: 558
	558  -  MemoryUsage of job (MB)
	571916  -  ResidentSetSize of job (KB)
...
006 (77522341.003.000) 2025-04-10 03:17:01 Image size of job updated: 563
	563  -  MemoryUsage of job (MB)
	577280  -  ResidentSetSize of job (KB)
...
006 (77522341.000.000) 2025-04-10 03:17:03 Image size of job updated: 551
	551  -  MemoryUsage of job (MB)
	564296  -  ResidentSetSize of job (KB)
...
006 (77522341.002.000) 2025-04-10 03:17:59 Image size of job updated: 544
	544  -  MemoryUsage of job (MB)
	557608  -  ResidentSetSize of job (KB)
...
006 (77522341.004.000) 2025-04-10 03:18:01 Image size of job updated: 1031
	1031  -  MemoryUsage of job (MB)
	1056608  -  ResidentSetSize of job (KB)
...
006 (77522341.001.000) 2025-04-10 03:18:01 Image size of job updated: 559
	559  -  MemoryUsage of job (MB)
	573428  -  ResidentSetSize of job (KB)
...
006 (77522341.003.000) 2025-04-10 03:18:02 Image size of job updated: 564
	564  -  MemoryUsage of job (MB)
	578176  -  ResidentSetSize of job (KB)
...
006 (77522341.000.000) 2025-04-10 03:18:04 Image size of job updated: 551
	551  -  MemoryUsage of job (MB)
	564788  -  ResidentSetSize of job (KB)
...
006 (77522341.002.000) 2025-04-10 03:19:00 Image size of job updated: 545
	545  -  MemoryUsage of job (MB)
	558752  -  ResidentSetSize of job (KB)
...
006 (77522341.001.000) 2025-04-10 03:19:01 Image size of job updated: 560
	560  -  MemoryUsage of job (MB)
	574008  -  ResidentSetSize of job (KB)
...
006 (77522341.004.000) 2025-04-10 03:19:01 Image size of job updated: 1119
	1119  -  MemoryUsage of job (MB)
	1146096  -  ResidentSetSize of job (KB)
...
006 (77522341.003.000) 2025-04-10 03:19:03 Image size of job updated: 566
	566  -  MemoryUsage of job (MB)
	579628  -  ResidentSetSize of job (KB)
...
006 (77522341.000.000) 2025-04-10 03:19:04 Image size of job updated: 552
	552  -  MemoryUsage of job (MB)
	566072  -  ResidentSetSize of job (KB)
...
006 (77522341.002.000) 2025-04-10 03:20:00 Image size of job updated: 546
	546  -  MemoryUsage of job (MB)
	559144  -  ResidentSetSize of job (KB)
...
006 (77522341.001.000) 2025-04-10 03:20:01 Image size of job updated: 561
	561  -  MemoryUsage of job (MB)
	574772  -  ResidentSetSize of job (KB)
...
006 (77522341.004.000) 2025-04-10 03:20:02 Image size of job updated: 1243
	1243  -  MemoryUsage of job (MB)
	1273716  -  ResidentSetSize of job (KB)
...
006 (77522341.003.000) 2025-04-10 03:20:03 Image size of job updated: 566
	566  -  MemoryUsage of job (MB)
	580072  -  ResidentSetSize of job (KB)
...
006 (77522341.000.000) 2025-04-10 03:20:04 Image size of job updated: 553
	553  -  MemoryUsage of job (MB)
	566600  -  ResidentSetSize of job (KB)
...
006 (77522341.002.000) 2025-04-10 03:21:01 Image size of job updated: 547
	547  -  MemoryUsage of job (MB)
	560564  -  ResidentSetSize of job (KB)
...
006 (77522341.004.000) 2025-04-10 03:21:02 Image size of job updated: 1272
	1272  -  MemoryUsage of job (MB)
	1303344  -  ResidentSetSize of job (KB)
...
006 (77522341.001.000) 2025-04-10 03:21:02 Image size of job updated: 562
	562  -  MemoryUsage of job (MB)
	575776  -  ResidentSetSize of job (KB)
...
006 (77522341.003.000) 2025-04-10 03:21:04 Image size of job updated: 567
	567  -  MemoryUsage of job (MB)
	580756  -  ResidentSetSize of job (KB)
...
006 (77522341.000.000) 2025-04-10 03:21:05 Image size of job updated: 554
	554  -  MemoryUsage of job (MB)
	567856  -  ResidentSetSize of job (KB)
...
006 (77522341.001.000) 2025-04-10 03:22:02 Image size of job updated: 843
	843  -  MemoryUsage of job (MB)
	863792  -  ResidentSetSize of job (KB)
...
006 (77522341.002.000) 2025-04-10 03:22:02 Image size of job updated: 913
	913  -  MemoryUsage of job (MB)
	934940  -  ResidentSetSize of job (KB)
...
006 (77522341.004.000) 2025-04-10 03:22:02 Image size of job updated: 1302
	1302  -  MemoryUsage of job (MB)
	1333508  -  ResidentSetSize of job (KB)
...
006 (77522341.003.000) 2025-04-10 03:22:05 Image size of job updated: 867
	867  -  MemoryUsage of job (MB)
	888064  -  ResidentSetSize of job (KB)
...
006 (77522341.000.000) 2025-04-10 03:22:05 Image size of job updated: 821
	821  -  MemoryUsage of job (MB)
	841132  -  ResidentSetSize of job (KB)
...
006 (77522341.002.000) 2025-04-10 03:23:02 Image size of job updated: 913
	913  -  MemoryUsage of job (MB)
	935584  -  ResidentSetSize of job (KB)
...
006 (77522341.001.000) 2025-04-10 03:23:02 Image size of job updated: 933
	933  -  MemoryUsage of job (MB)
	955536  -  ResidentSetSize of job (KB)
...
006 (77522341.004.000) 2025-04-10 03:23:03 Image size of job updated: 1302
	1302  -  MemoryUsage of job (MB)
	1333696  -  ResidentSetSize of job (KB)
...
006 (77522341.003.000) 2025-04-10 03:23:05 Image size of job updated: 932
	932  -  MemoryUsage of job (MB)
	954968  -  ResidentSetSize of job (KB)
...
006 (77522341.000.000) 2025-04-10 03:23:06 Image size of job updated: 934
	934  -  MemoryUsage of job (MB)
	956884  -  ResidentSetSize of job (KB)
...
006 (77522341.002.000) 2025-04-10 03:24:02 Image size of job updated: 913
	913  -  MemoryUsage of job (MB)
	935624  -  ResidentSetSize of job (KB)
...
006 (77522341.001.000) 2025-04-10 03:24:03 Image size of job updated: 1008
	1008  -  MemoryUsage of job (MB)
	1032564  -  ResidentSetSize of job (KB)
...
006 (77522341.004.000) 2025-04-10 03:24:04 Image size of job updated: 1331
	1331  -  MemoryUsage of job (MB)
	1363928  -  ResidentSetSize of job (KB)
...
006 (77522341.003.000) 2025-04-10 03:24:05 Image size of job updated: 941
	941  -  MemoryUsage of job (MB)
	964124  -  ResidentSetSize of job (KB)
...
006 (77522341.000.000) 2025-04-10 03:24:06 Image size of job updated: 947
	947  -  MemoryUsage of job (MB)
	969920  -  ResidentSetSize of job (KB)
...
006 (77522341.002.000) 2025-04-10 03:25:03 Image size of job updated: 913
	913  -  MemoryUsage of job (MB)
	935796  -  ResidentSetSize of job (KB)
...
006 (77522341.001.000) 2025-04-10 03:25:03 Image size of job updated: 1296
	1296  -  MemoryUsage of job (MB)
	1327928  -  ResidentSetSize of job (KB)
...
006 (77522341.004.000) 2025-04-10 03:25:04 Image size of job updated: 1361
	1361  -  MemoryUsage of job (MB)
	1393784  -  ResidentSetSize of job (KB)
...
006 (77522341.003.000) 2025-04-10 03:25:06 Image size of job updated: 1018
	1018  -  MemoryUsage of job (MB)
	1042452  -  ResidentSetSize of job (KB)
...
006 (77522341.002.000) 2025-04-10 03:26:03 Image size of job updated: 916
	916  -  MemoryUsage of job (MB)
	938472  -  ResidentSetSize of job (KB)
...
006 (77522341.001.000) 2025-04-10 03:26:03 Image size of job updated: 1339
	1339  -  MemoryUsage of job (MB)
	1371832  -  ResidentSetSize of job (KB)
...
006 (77522341.004.000) 2025-04-10 03:26:04 Image size of job updated: 1390
	1390  -  MemoryUsage of job (MB)
	1423428  -  ResidentSetSize of job (KB)
...
006 (77522341.003.000) 2025-04-10 03:26:06 Image size of job updated: 1292
	1292  -  MemoryUsage of job (MB)
	1323500  -  ResidentSetSize of job (KB)
...
006 (77522341.000.000) 2025-04-10 03:26:07 Image size of job updated: 1015
	1015  -  MemoryUsage of job (MB)
	1039376  -  ResidentSetSize of job (KB)
...
006 (77522341.001.000) 2025-04-10 03:27:04 Image size of job updated: 1368
	1368  -  MemoryUsage of job (MB)
	1401816  -  ResidentSetSize of job (KB)
...
006 (77522341.004.000) 2025-04-10 03:27:05 Image size of job updated: 1410
	1410  -  MemoryUsage of job (MB)
	1444260  -  ResidentSetSize of job (KB)
...
006 (77522341.003.000) 2025-04-10 03:27:06 Image size of job updated: 1350
	1350  -  MemoryUsage of job (MB)
	1382676  -  ResidentSetSize of job (KB)
...
006 (77522341.000.000) 2025-04-10 03:27:08 Image size of job updated: 1144
	1144  -  MemoryUsage of job (MB)
	1172112  -  ResidentSetSize of job (KB)
...
006 (77522341.001.000) 2025-04-10 03:28:04 Image size of job updated: 1427
	1427  -  MemoryUsage of job (MB)
	1461920  -  ResidentSetSize of job (KB)
...
006 (77522341.002.000) 2025-04-10 03:28:04 Image size of job updated: 975
	975  -  MemoryUsage of job (MB)
	999016  -  ResidentSetSize of job (KB)
...
006 (77522341.004.000) 2025-04-10 03:28:06 Image size of job updated: 1419
	1419  -  MemoryUsage of job (MB)
	1453484  -  ResidentSetSize of job (KB)
...
006 (77522341.003.000) 2025-04-10 03:28:07 Image size of job updated: 1380
	1380  -  MemoryUsage of job (MB)
	1413740  -  ResidentSetSize of job (KB)
...
006 (77522341.000.000) 2025-04-10 03:28:08 Image size of job updated: 1301
	1301  -  MemoryUsage of job (MB)
	1333040  -  ResidentSetSize of job (KB)
...
006 (77522341.001.000) 2025-04-10 03:29:04 Image size of job updated: 1457
	1457  -  MemoryUsage of job (MB)
	1492308  -  ResidentSetSize of job (KB)
...
006 (77522341.002.000) 2025-04-10 03:29:05 Image size of job updated: 1105
	1105  -  MemoryUsage of job (MB)
	1131760  -  ResidentSetSize of job (KB)
...
006 (77522341.004.000) 2025-04-10 03:29:06 Image size of job updated: 1448
	1448  -  MemoryUsage of job (MB)
	1483316  -  ResidentSetSize of job (KB)
...
006 (77522341.003.000) 2025-04-10 03:29:07 Image size of job updated: 1437
	1437  -  MemoryUsage of job (MB)
	1471892  -  ResidentSetSize of job (KB)
...
006 (77522341.000.000) 2025-04-10 03:29:09 Image size of job updated: 1349
	1349  -  MemoryUsage of job (MB)
	1382200  -  ResidentSetSize of job (KB)
...
006 (77522341.001.000) 2025-04-10 03:30:05 Image size of job updated: 1486
	1486  -  MemoryUsage of job (MB)
	1522632  -  ResidentSetSize of job (KB)
...
006 (77522341.002.000) 2025-04-10 03:30:05 Image size of job updated: 1265
	1265  -  MemoryUsage of job (MB)
	1295500  -  ResidentSetSize of job (KB)
...
006 (77522341.003.000) 2025-04-10 03:30:07 Image size of job updated: 1465
	1465  -  MemoryUsage of job (MB)
	1500632  -  ResidentSetSize of job (KB)
...
006 (77522341.004.000) 2025-04-10 03:30:07 Image size of job updated: 1477
	1477  -  MemoryUsage of job (MB)
	1513196  -  ResidentSetSize of job (KB)
...
006 (77522341.000.000) 2025-04-10 03:30:09 Image size of job updated: 1380
	1380  -  MemoryUsage of job (MB)
	1413244  -  ResidentSetSize of job (KB)
...
006 (77522341.001.000) 2025-04-10 03:31:05 Image size of job updated: 1545
	1545  -  MemoryUsage of job (MB)
	1582936  -  ResidentSetSize of job (KB)
...
006 (77522341.002.000) 2025-04-10 03:31:06 Image size of job updated: 1294
	1294  -  MemoryUsage of job (MB)
	1325068  -  ResidentSetSize of job (KB)
...
006 (77522341.003.000) 2025-04-10 03:31:08 Image size of job updated: 1523
	1523  -  MemoryUsage of job (MB)
	1559700  -  ResidentSetSize of job (KB)
...
006 (77522341.004.000) 2025-04-10 03:31:08 Image size of job updated: 1477
	1477  -  MemoryUsage of job (MB)
	1513252  -  ResidentSetSize of job (KB)
...
006 (77522341.000.000) 2025-04-10 03:31:10 Image size of job updated: 1409
	1409  -  MemoryUsage of job (MB)
	1443356  -  ResidentSetSize of job (KB)
...
006 (77522341.001.000) 2025-04-10 03:32:05 Image size of job updated: 1575
	1575  -  MemoryUsage of job (MB)
	1613692  -  ResidentSetSize of job (KB)
...
006 (77522341.002.000) 2025-04-10 03:32:07 Image size of job updated: 1327
	1327  -  MemoryUsage of job (MB)
	1359472  -  ResidentSetSize of job (KB)
...
006 (77522341.003.000) 2025-04-10 03:32:08 Image size of job updated: 1580
	1580  -  MemoryUsage of job (MB)
	1618408  -  ResidentSetSize of job (KB)
...
006 (77522341.004.000) 2025-04-10 03:32:08 Image size of job updated: 1506
	1506  -  MemoryUsage of job (MB)
	1543084  -  ResidentSetSize of job (KB)
...
006 (77522341.000.000) 2025-04-10 03:32:10 Image size of job updated: 1409
	1409  -  MemoryUsage of job (MB)
	1443756  -  ResidentSetSize of job (KB)
...
006 (77522341.001.000) 2025-04-10 03:33:06 Image size of job updated: 1605
	1605  -  MemoryUsage of job (MB)
	1643800  -  ResidentSetSize of job (KB)
...
006 (77522341.002.000) 2025-04-10 03:33:07 Image size of job updated: 1364
	1364  -  MemoryUsage of job (MB)
	1397032  -  ResidentSetSize of job (KB)
...
006 (77522341.003.000) 2025-04-10 03:33:08 Image size of job updated: 1609
	1609  -  MemoryUsage of job (MB)
	1648016  -  ResidentSetSize of job (KB)
...
006 (77522341.004.000) 2025-04-10 03:33:08 Image size of job updated: 1536
	1536  -  MemoryUsage of job (MB)
	1572908  -  ResidentSetSize of job (KB)
...
006 (77522341.000.000) 2025-04-10 03:33:11 Image size of job updated: 1439
	1439  -  MemoryUsage of job (MB)
	1474056  -  ResidentSetSize of job (KB)
...
006 (77522341.001.000) 2025-04-10 03:34:06 Image size of job updated: 1635
	1635  -  MemoryUsage of job (MB)
	1674724  -  ResidentSetSize of job (KB)
...
006 (77522341.002.000) 2025-04-10 03:34:08 Image size of job updated: 1393
	1393  -  MemoryUsage of job (MB)
	1426524  -  ResidentSetSize of job (KB)
...
006 (77522341.004.000) 2025-04-10 03:34:09 Image size of job updated: 1565
	1565  -  MemoryUsage of job (MB)
	1602724  -  ResidentSetSize of job (KB)
...
006 (77522341.003.000) 2025-04-10 03:34:09 Image size of job updated: 1666
	1666  -  MemoryUsage of job (MB)
	1706408  -  ResidentSetSize of job (KB)
...
006 (77522341.000.000) 2025-04-10 03:34:11 Image size of job updated: 1469
	1469  -  MemoryUsage of job (MB)
	1504552  -  ResidentSetSize of job (KB)
...
006 (77522341.001.000) 2025-04-10 03:35:06 Image size of job updated: 1664
	1664  -  MemoryUsage of job (MB)
	1704912  -  ResidentSetSize of job (KB)
...
006 (77522341.002.000) 2025-04-10 03:35:09 Image size of job updated: 1421
	1421  -  MemoryUsage of job (MB)
	1455748  -  ResidentSetSize of job (KB)
...
006 (77522341.003.000) 2025-04-10 03:35:10 Image size of job updated: 1722
	1722  -  MemoryUsage of job (MB)
	1764252  -  ResidentSetSize of job (KB)
...
006 (77522341.004.000) 2025-04-10 03:35:10 Image size of job updated: 1572
	1572  -  MemoryUsage of job (MB)
	1610696  -  ResidentSetSize of job (KB)
...
006 (77522341.000.000) 2025-04-10 03:35:12 Image size of job updated: 1499
	1499  -  MemoryUsage of job (MB)
	1535264  -  ResidentSetSize of job (KB)
...
006 (77522341.001.000) 2025-04-10 03:36:07 Image size of job updated: 1724
	1724  -  MemoryUsage of job (MB)
	1766064  -  ResidentSetSize of job (KB)
...
006 (77522341.002.000) 2025-04-10 03:36:09 Image size of job updated: 1423
	1423  -  MemoryUsage of job (MB)
	1457456  -  ResidentSetSize of job (KB)
...
006 (77522341.003.000) 2025-04-10 03:36:10 Image size of job updated: 1780
	1780  -  MemoryUsage of job (MB)
	1822808  -  ResidentSetSize of job (KB)
...
006 (77522341.004.000) 2025-04-10 03:36:10 Image size of job updated: 1594
	1594  -  MemoryUsage of job (MB)
	1632752  -  ResidentSetSize of job (KB)
...
006 (77522341.000.000) 2025-04-10 03:36:12 Image size of job updated: 1529
	1529  -  MemoryUsage of job (MB)
	1566012  -  ResidentSetSize of job (KB)
...
006 (77522341.001.000) 2025-04-10 03:37:07 Image size of job updated: 1754
	1754  -  MemoryUsage of job (MB)
	1796520  -  ResidentSetSize of job (KB)
...
006 (77522341.002.000) 2025-04-10 03:37:09 Image size of job updated: 1450
	1450  -  MemoryUsage of job (MB)
	1485192  -  ResidentSetSize of job (KB)
...
006 (77522341.003.000) 2025-04-10 03:37:10 Image size of job updated: 1808
	1808  -  MemoryUsage of job (MB)
	1851584  -  ResidentSetSize of job (KB)
...
006 (77522341.004.000) 2025-04-10 03:37:10 Image size of job updated: 1623
	1623  -  MemoryUsage of job (MB)
	1662424  -  ResidentSetSize of job (KB)
...
006 (77522341.000.000) 2025-04-10 03:37:13 Image size of job updated: 1558
	1558  -  MemoryUsage of job (MB)
	1596148  -  ResidentSetSize of job (KB)
...
006 (77522341.001.000) 2025-04-10 03:38:07 Image size of job updated: 1813
	1813  -  MemoryUsage of job (MB)
	1857012  -  ResidentSetSize of job (KB)
...
006 (77522341.002.000) 2025-04-10 03:38:10 Image size of job updated: 1479
	1479  -  MemoryUsage of job (MB)
	1514572  -  ResidentSetSize of job (KB)
...
006 (77522341.003.000) 2025-04-10 03:38:10 Image size of job updated: 1863
	1863  -  MemoryUsage of job (MB)
	1908692  -  ResidentSetSize of job (KB)
...
006 (77522341.004.000) 2025-04-10 03:38:11 Image size of job updated: 1652
	1652  -  MemoryUsage of job (MB)
	1692160  -  ResidentSetSize of job (KB)
...
006 (77522341.000.000) 2025-04-10 03:38:13 Image size of job updated: 1588
	1588  -  MemoryUsage of job (MB)
	1627008  -  ResidentSetSize of job (KB)
...
006 (77522341.001.000) 2025-04-10 03:39:08 Image size of job updated: 1843
	1843  -  MemoryUsage of job (MB)
	1887424  -  ResidentSetSize of job (KB)
...
006 (77522341.002.000) 2025-04-10 03:39:10 Image size of job updated: 1507
	1507  -  MemoryUsage of job (MB)
	1543908  -  ResidentSetSize of job (KB)
...
006 (77522341.003.000) 2025-04-10 03:39:11 Image size of job updated: 1921
	1921  -  MemoryUsage of job (MB)
	1967776  -  ResidentSetSize of job (KB)
...
006 (77522341.004.000) 2025-04-10 03:39:12 Image size of job updated: 1681
	1681  -  MemoryUsage of job (MB)
	1721972  -  ResidentSetSize of job (KB)
...
006 (77522341.000.000) 2025-04-10 03:39:14 Image size of job updated: 1619
	1619  -  MemoryUsage of job (MB)
	1657924  -  ResidentSetSize of job (KB)
...
006 (77522341.001.000) 2025-04-10 03:40:08 Image size of job updated: 1872
	1872  -  MemoryUsage of job (MB)
	1917632  -  ResidentSetSize of job (KB)
...
006 (77522341.002.000) 2025-04-10 03:40:10 Image size of job updated: 1536
	1536  -  MemoryUsage of job (MB)
	1573356  -  ResidentSetSize of job (KB)
...
006 (77522341.004.000) 2025-04-10 03:40:12 Image size of job updated: 1681
	1681  -  MemoryUsage of job (MB)
	1722188  -  ResidentSetSize of job (KB)
...
006 (77522341.003.000) 2025-04-10 03:40:13 Image size of job updated: 1979
	1979  -  MemoryUsage of job (MB)
	2026552  -  ResidentSetSize of job (KB)
...
006 (77522341.000.000) 2025-04-10 03:40:14 Image size of job updated: 1649
	1649  -  MemoryUsage of job (MB)
	1688760  -  ResidentSetSize of job (KB)
...
006 (77522341.001.000) 2025-04-10 03:41:08 Image size of job updated: 1902
	1902  -  MemoryUsage of job (MB)
	1948212  -  ResidentSetSize of job (KB)
...
006 (77522341.002.000) 2025-04-10 03:41:11 Image size of job updated: 1593
	1593  -  MemoryUsage of job (MB)
	1631948  -  ResidentSetSize of job (KB)
...
006 (77522341.003.000) 2025-04-10 03:41:13 Image size of job updated: 2007
	2007  -  MemoryUsage of job (MB)
	2056012  -  ResidentSetSize of job (KB)
...
006 (77522341.004.000) 2025-04-10 03:41:13 Image size of job updated: 1722
	1722  -  MemoryUsage of job (MB)
	1764244  -  ResidentSetSize of job (KB)
...
006 (77522341.000.000) 2025-04-10 03:41:15 Image size of job updated: 1679
	1679  -  MemoryUsage of job (MB)
	1719400  -  ResidentSetSize of job (KB)
...
006 (77522341.001.000) 2025-04-10 03:42:09 Image size of job updated: 1961
	1961  -  MemoryUsage of job (MB)
	2008468  -  ResidentSetSize of job (KB)
...
006 (77522341.002.000) 2025-04-10 03:42:12 Image size of job updated: 1622
	1622  -  MemoryUsage of job (MB)
	1661340  -  ResidentSetSize of job (KB)
...
006 (77522341.003.000) 2025-04-10 03:42:13 Image size of job updated: 2065
	2065  -  MemoryUsage of job (MB)
	2114692  -  ResidentSetSize of job (KB)
...
006 (77522341.004.000) 2025-04-10 03:42:14 Image size of job updated: 1810
	1810  -  MemoryUsage of job (MB)
	1853736  -  ResidentSetSize of job (KB)
...
006 (77522341.000.000) 2025-04-10 03:42:15 Image size of job updated: 1709
	1709  -  MemoryUsage of job (MB)
	1750412  -  ResidentSetSize of job (KB)
...
006 (77522341.001.000) 2025-04-10 03:43:09 Image size of job updated: 1991
	1991  -  MemoryUsage of job (MB)
	2038892  -  ResidentSetSize of job (KB)
...
006 (77522341.002.000) 2025-04-10 03:43:12 Image size of job updated: 1650
	1650  -  MemoryUsage of job (MB)
	1690452  -  ResidentSetSize of job (KB)
...
006 (77522341.003.000) 2025-04-10 03:43:13 Image size of job updated: 2121
	2121  -  MemoryUsage of job (MB)
	2172640  -  ResidentSetSize of job (KB)
...
006 (77522341.004.000) 2025-04-10 03:43:15 Image size of job updated: 1868
	1868  -  MemoryUsage of job (MB)
	1913252  -  ResidentSetSize of job (KB)
...
006 (77522341.000.000) 2025-04-10 03:43:16 Image size of job updated: 1738
	1738  -  MemoryUsage of job (MB)
	1780652  -  ResidentSetSize of job (KB)
...
006 (77522341.001.000) 2025-04-10 03:44:09 Image size of job updated: 2020
	2020  -  MemoryUsage of job (MB)
	2068920  -  ResidentSetSize of job (KB)
...
006 (77522341.002.000) 2025-04-10 03:44:13 Image size of job updated: 1679
	1679  -  MemoryUsage of job (MB)
	1719568  -  ResidentSetSize of job (KB)
...
006 (77522341.003.000) 2025-04-10 03:44:14 Image size of job updated: 2167
	2167  -  MemoryUsage of job (MB)
	2219104  -  ResidentSetSize of job (KB)
...
006 (77522341.004.000) 2025-04-10 03:44:15 Image size of job updated: 1927
	1927  -  MemoryUsage of job (MB)
	1973260  -  ResidentSetSize of job (KB)
...
006 (77522341.000.000) 2025-04-10 03:44:16 Image size of job updated: 1769
	1769  -  MemoryUsage of job (MB)
	1811464  -  ResidentSetSize of job (KB)
...
006 (77522341.001.000) 2025-04-10 03:44:25 Image size of job updated: 2020
	2020  -  MemoryUsage of job (MB)
	2068928  -  ResidentSetSize of job (KB)
...
040 (77522341.001.000) 2025-04-10 03:44:25 Started transferring output files
...
040 (77522341.001.000) 2025-04-10 03:44:25 Finished transferring output files
...
005 (77522341.001.000) 2025-04-10 03:44:26 Job terminated.
	(1) Normal termination (return value 1)
		Usr 0 00:25:20, Sys 0 00:00:15  -  Run Remote Usage
		Usr 0 00:00:00, Sys 0 00:00:00  -  Run Local Usage
		Usr 0 00:25:20, Sys 0 00:00:15  -  Total Remote Usage
		Usr 0 00:00:00, Sys 0 00:00:00  -  Total Local Usage
	19991  -  Run Bytes Sent By Job
	382882368  -  Run Bytes Received By Job
	19991  -  Total Bytes Sent By Job
	382882368  -  Total Bytes Received By Job
	Partitionable Resources :      Usage  Request Allocated 
	   Cpus                 :       0.00        1         1 
	   Disk (KB)            : 1169452    52428800  52432100 
	   GPUs                 :                             0 
	   Memory (MB)          :    2020        8192      8192 
	   TimeExecute (s)      :    1897                       
	   TimeSlotBusy (s)     :    1903                       

	Job terminated of its own accord at 2025-04-10T08:44:25Z with exit-code 1.
...
006 (77522341.002.000) 2025-04-10 03:45:14 Image size of job updated: 1679
	1679  -  MemoryUsage of job (MB)
	1719808  -  ResidentSetSize of job (KB)
...
006 (77522341.004.000) 2025-04-10 03:45:16 Image size of job updated: 1985
	1985  -  MemoryUsage of job (MB)
	2032888  -  ResidentSetSize of job (KB)
...
006 (77522341.000.000) 2025-04-10 03:45:17 Image size of job updated: 1799
	1799  -  MemoryUsage of job (MB)
	1842208  -  ResidentSetSize of job (KB)
...
006 (77522341.004.000) 2025-04-10 03:46:17 Image size of job updated: 2014
	2014  -  MemoryUsage of job (MB)
	2062584  -  ResidentSetSize of job (KB)
...
006 (77522341.000.000) 2025-04-10 03:46:17 Image size of job updated: 1828
	1828  -  MemoryUsage of job (MB)
	1872588  -  ResidentSetSize of job (KB)
...
006 (77522341.003.000) 2025-04-10 03:52:18 Image size of job updated: 2202
	2202  -  MemoryUsage of job (MB)
	2255384  -  ResidentSetSize of job (KB)
...
006 (77522341.004.000) 2025-04-10 03:52:19 Image size of job updated: 2023
	2023  -  MemoryUsage of job (MB)
	2071876  -  ResidentSetSize of job (KB)
...
006 (77522341.003.000) 2025-04-10 03:53:18 Image size of job updated: 2258
	2258  -  MemoryUsage of job (MB)
	2312296  -  ResidentSetSize of job (KB)
...
006 (77522341.004.000) 2025-04-10 03:53:19 Image size of job updated: 2081
	2081  -  MemoryUsage of job (MB)
	2131564  -  ResidentSetSize of job (KB)
...
006 (77522341.003.000) 2025-04-10 03:54:18 Image size of job updated: 2286
	2286  -  MemoryUsage of job (MB)
	2341296  -  ResidentSetSize of job (KB)
...
006 (77522341.004.000) 2025-04-10 03:54:20 Image size of job updated: 2139
	2139  -  MemoryUsage of job (MB)
	2191204  -  ResidentSetSize of job (KB)
...
006 (77522341.003.000) 2025-04-10 03:55:19 Image size of job updated: 2344
	2344  -  MemoryUsage of job (MB)
	2400804  -  ResidentSetSize of job (KB)
...
006 (77522341.004.000) 2025-04-10 03:55:21 Image size of job updated: 2198
	2198  -  MemoryUsage of job (MB)
	2250980  -  ResidentSetSize of job (KB)
...
006 (77522341.003.000) 2025-04-10 03:56:21 Image size of job updated: 2401
	2401  -  MemoryUsage of job (MB)
	2458820  -  ResidentSetSize of job (KB)
...
006 (77522341.004.000) 2025-04-10 03:56:21 Image size of job updated: 2256
	2256  -  MemoryUsage of job (MB)
	2310616  -  ResidentSetSize of job (KB)
...
006 (77522341.003.000) 2025-04-10 03:57:21 Image size of job updated: 2429
	2429  -  MemoryUsage of job (MB)
	2487456  -  ResidentSetSize of job (KB)
...
006 (77522341.004.000) 2025-04-10 03:57:22 Image size of job updated: 2285
	2285  -  MemoryUsage of job (MB)
	2340788  -  ResidentSetSize of job (KB)
...
006 (77522341.004.000) 2025-04-10 03:58:22 Image size of job updated: 2344
	2344  -  MemoryUsage of job (MB)
	2400384  -  ResidentSetSize of job (KB)
...
006 (77522341.003.000) 2025-04-10 03:58:22 Image size of job updated: 2484
	2484  -  MemoryUsage of job (MB)
	2544372  -  ResidentSetSize of job (KB)
...
006 (77522341.000.000) 2025-04-10 03:58:52 Image size of job updated: 1838
	1838  -  MemoryUsage of job (MB)
	1883116  -  ResidentSetSize of job (KB)
...
040 (77522341.000.000) 2025-04-10 03:58:52 Started transferring output files
...
040 (77522341.000.000) 2025-04-10 03:58:52 Finished transferring output files
...
005 (77522341.000.000) 2025-04-10 03:58:52 Job terminated.
	(1) Normal termination (return value 1)
		Usr 0 00:36:40, Sys 0 00:00:37  -  Run Remote Usage
		Usr 0 00:00:00, Sys 0 00:00:00  -  Run Local Usage
		Usr 0 00:36:40, Sys 0 00:00:37  -  Total Remote Usage
		Usr 0 00:00:00, Sys 0 00:00:00  -  Total Local Usage
	20145  -  Run Bytes Sent By Job
	382884096  -  Run Bytes Received By Job
	20145  -  Total Bytes Sent By Job
	382884096  -  Total Bytes Received By Job
	Partitionable Resources :      Usage  Request Allocated 
	   Cpus                 :       0.00        1         1 
	   Disk (KB)            : 1325287    52428800  52430340 
	   GPUs                 :                             0 
	   Memory (MB)          :    1838        8192      8192 
	   TimeExecute (s)      :    2759                       
	   TimeSlotBusy (s)     :    2769                       

	Job terminated of its own accord at 2025-04-10T08:58:52Z with exit-code 1.
...
006 (77522341.002.000) 2025-04-10 03:59:22 Image size of job updated: 1703
	1703  -  MemoryUsage of job (MB)
	1744120  -  ResidentSetSize of job (KB)
...
006 (77522341.003.000) 2025-04-10 03:59:23 Image size of job updated: 2540
	2540  -  MemoryUsage of job (MB)
	2601596  -  ResidentSetSize of job (KB)
...
006 (77522341.004.000) 2025-04-10 03:59:24 Image size of job updated: 2402
	2402  -  MemoryUsage of job (MB)
	2460068  -  ResidentSetSize of job (KB)
...
006 (77522341.002.000) 2025-04-10 04:00:22 Image size of job updated: 1731
	1731  -  MemoryUsage of job (MB)
	1773196  -  ResidentSetSize of job (KB)
...
006 (77522341.003.000) 2025-04-10 04:00:23 Image size of job updated: 2569
	2569  -  MemoryUsage of job (MB)
	2630948  -  ResidentSetSize of job (KB)
...
006 (77522341.004.000) 2025-04-10 04:00:24 Image size of job updated: 2460
	2460  -  MemoryUsage of job (MB)
	2519712  -  ResidentSetSize of job (KB)
...
006 (77522341.002.000) 2025-04-10 04:01:23 Image size of job updated: 1759
	1759  -  MemoryUsage of job (MB)
	1802100  -  ResidentSetSize of job (KB)
...
006 (77522341.004.000) 2025-04-10 04:01:24 Image size of job updated: 2518
	2518  -  MemoryUsage of job (MB)
	2579352  -  ResidentSetSize of job (KB)
...
006 (77522341.003.000) 2025-04-10 04:01:24 Image size of job updated: 2629
	2629  -  MemoryUsage of job (MB)
	2693008  -  ResidentSetSize of job (KB)
...
006 (77522341.002.000) 2025-04-10 04:02:24 Image size of job updated: 1817
	1817  -  MemoryUsage of job (MB)
	1860864  -  ResidentSetSize of job (KB)
...
006 (77522341.004.000) 2025-04-10 04:02:24 Image size of job updated: 2577
	2577  -  MemoryUsage of job (MB)
	2638868  -  ResidentSetSize of job (KB)
...
006 (77522341.003.000) 2025-04-10 04:02:25 Image size of job updated: 2687
	2687  -  MemoryUsage of job (MB)
	2751540  -  ResidentSetSize of job (KB)
...
006 (77522341.002.000) 2025-04-10 04:03:24 Image size of job updated: 1846
	1846  -  MemoryUsage of job (MB)
	1890432  -  ResidentSetSize of job (KB)
...
006 (77522341.003.000) 2025-04-10 04:03:25 Image size of job updated: 2715
	2715  -  MemoryUsage of job (MB)
	2780656  -  ResidentSetSize of job (KB)
...
006 (77522341.004.000) 2025-04-10 04:03:25 Image size of job updated: 2635
	2635  -  MemoryUsage of job (MB)
	2698644  -  ResidentSetSize of job (KB)
...
006 (77522341.002.000) 2025-04-10 04:04:24 Image size of job updated: 1874
	1874  -  MemoryUsage of job (MB)
	1919820  -  ResidentSetSize of job (KB)
...
006 (77522341.003.000) 2025-04-10 04:04:25 Image size of job updated: 2771
	2771  -  MemoryUsage of job (MB)
	2837716  -  ResidentSetSize of job (KB)
...
006 (77522341.004.000) 2025-04-10 04:04:26 Image size of job updated: 2693
	2693  -  MemoryUsage of job (MB)
	2758504  -  ResidentSetSize of job (KB)
...
006 (77522341.002.000) 2025-04-10 04:05:25 Image size of job updated: 1875
	1875  -  MemoryUsage of job (MB)
	1920488  -  ResidentSetSize of job (KB)
...
006 (77522341.003.000) 2025-04-10 04:05:25 Image size of job updated: 2799
	2799  -  MemoryUsage of job (MB)
	2866492  -  ResidentSetSize of job (KB)
...
006 (77522341.004.000) 2025-04-10 04:05:26 Image size of job updated: 2752
	2752  -  MemoryUsage of job (MB)
	2818224  -  ResidentSetSize of job (KB)
...
006 (77522341.002.000) 2025-04-10 04:06:25 Image size of job updated: 1903
	1903  -  MemoryUsage of job (MB)
	1949332  -  ResidentSetSize of job (KB)
...
006 (77522341.004.000) 2025-04-10 04:06:26 Image size of job updated: 2810
	2810  -  MemoryUsage of job (MB)
	2877840  -  ResidentSetSize of job (KB)
...
006 (77522341.003.000) 2025-04-10 04:06:26 Image size of job updated: 2856
	2856  -  MemoryUsage of job (MB)
	2924756  -  ResidentSetSize of job (KB)
...
006 (77522341.002.000) 2025-04-10 04:07:26 Image size of job updated: 1932
	1932  -  MemoryUsage of job (MB)
	1978576  -  ResidentSetSize of job (KB)
...
006 (77522341.003.000) 2025-04-10 04:07:27 Image size of job updated: 2885
	2885  -  MemoryUsage of job (MB)
	2954380  -  ResidentSetSize of job (KB)
...
006 (77522341.004.000) 2025-04-10 04:07:27 Image size of job updated: 2868
	2868  -  MemoryUsage of job (MB)
	2937736  -  ResidentSetSize of job (KB)
...
006 (77522341.002.000) 2025-04-10 04:08:27 Image size of job updated: 1961
	1961  -  MemoryUsage of job (MB)
	2008124  -  ResidentSetSize of job (KB)
...
006 (77522341.003.000) 2025-04-10 04:08:28 Image size of job updated: 2942
	2942  -  MemoryUsage of job (MB)
	3013188  -  ResidentSetSize of job (KB)
...
006 (77522341.004.000) 2025-04-10 04:08:28 Image size of job updated: 2931
	2931  -  MemoryUsage of job (MB)
	3001392  -  ResidentSetSize of job (KB)
...
006 (77522341.002.000) 2025-04-10 04:09:27 Image size of job updated: 1989
	1989  -  MemoryUsage of job (MB)
	2037444  -  ResidentSetSize of job (KB)
...
006 (77522341.003.000) 2025-04-10 04:09:28 Image size of job updated: 2999
	2999  -  MemoryUsage of job (MB)
	3071336  -  ResidentSetSize of job (KB)
...
006 (77522341.004.000) 2025-04-10 04:09:28 Image size of job updated: 2985
	2985  -  MemoryUsage of job (MB)
	3057112  -  ResidentSetSize of job (KB)
...
006 (77522341.002.000) 2025-04-10 04:10:27 Image size of job updated: 2018
	2018  -  MemoryUsage of job (MB)
	2067164  -  ResidentSetSize of job (KB)
...
006 (77522341.003.000) 2025-04-10 04:10:28 Image size of job updated: 3028
	3028  -  MemoryUsage of job (MB)
	3100948  -  ResidentSetSize of job (KB)
...
006 (77522341.004.000) 2025-04-10 04:10:28 Image size of job updated: 3043
	3043  -  MemoryUsage of job (MB)
	3116680  -  ResidentSetSize of job (KB)
...
006 (77522341.003.000) 2025-04-10 04:11:28 Image size of job updated: 3086
	3086  -  MemoryUsage of job (MB)
	3160200  -  ResidentSetSize of job (KB)
...
006 (77522341.002.000) 2025-04-10 04:11:28 Image size of job updated: 2046
	2046  -  MemoryUsage of job (MB)
	2096028  -  ResidentSetSize of job (KB)
...
006 (77522341.004.000) 2025-04-10 04:11:29 Image size of job updated: 3102
	3102  -  MemoryUsage of job (MB)
	3176632  -  ResidentSetSize of job (KB)
...
006 (77522341.002.000) 2025-04-10 04:12:29 Image size of job updated: 2075
	2075  -  MemoryUsage of job (MB)
	2125132  -  ResidentSetSize of job (KB)
...
006 (77522341.003.000) 2025-04-10 04:12:29 Image size of job updated: 3143
	3143  -  MemoryUsage of job (MB)
	3218984  -  ResidentSetSize of job (KB)
...
006 (77522341.004.000) 2025-04-10 04:12:30 Image size of job updated: 3160
	3160  -  MemoryUsage of job (MB)
	3236248  -  ResidentSetSize of job (KB)
...
006 (77522341.002.000) 2025-04-10 04:13:29 Image size of job updated: 2104
	2104  -  MemoryUsage of job (MB)
	2154736  -  ResidentSetSize of job (KB)
...
006 (77522341.004.000) 2025-04-10 04:13:30 Image size of job updated: 3218
	3218  -  MemoryUsage of job (MB)
	3296016  -  ResidentSetSize of job (KB)
...
006 (77522341.003.000) 2025-04-10 04:13:31 Image size of job updated: 3201
	3201  -  MemoryUsage of job (MB)
	3277884  -  ResidentSetSize of job (KB)
...
006 (77522341.002.000) 2025-04-10 04:14:29 Image size of job updated: 2132
	2132  -  MemoryUsage of job (MB)
	2184084  -  ResidentSetSize of job (KB)
...
006 (77522341.004.000) 2025-04-10 04:14:30 Image size of job updated: 3276
	3276  -  MemoryUsage of job (MB)
	3355628  -  ResidentSetSize of job (KB)
...
006 (77522341.003.000) 2025-04-10 04:14:31 Image size of job updated: 3229
	3229  -  MemoryUsage of job (MB)
	3306740  -  ResidentSetSize of job (KB)
...
006 (77522341.004.000) 2025-04-10 04:15:30 Image size of job updated: 3335
	3335  -  MemoryUsage of job (MB)
	3415372  -  ResidentSetSize of job (KB)
...
006 (77522341.002.000) 2025-04-10 04:15:30 Image size of job updated: 2161
	2161  -  MemoryUsage of job (MB)
	2213384  -  ResidentSetSize of job (KB)
...
006 (77522341.003.000) 2025-04-10 04:15:32 Image size of job updated: 3286
	3286  -  MemoryUsage of job (MB)
	3365044  -  ResidentSetSize of job (KB)
...
006 (77522341.002.000) 2025-04-10 04:16:31 Image size of job updated: 2190
	2190  -  MemoryUsage of job (MB)
	2242804  -  ResidentSetSize of job (KB)
...
006 (77522341.004.000) 2025-04-10 04:16:31 Image size of job updated: 3422
	3422  -  MemoryUsage of job (MB)
	3505008  -  ResidentSetSize of job (KB)
...
006 (77522341.003.000) 2025-04-10 04:16:33 Image size of job updated: 3342
	3342  -  MemoryUsage of job (MB)
	3422636  -  ResidentSetSize of job (KB)
...
006 (77522341.002.000) 2025-04-10 04:17:31 Image size of job updated: 2247
	2247  -  MemoryUsage of job (MB)
	2301576  -  ResidentSetSize of job (KB)
...
006 (77522341.004.000) 2025-04-10 04:17:32 Image size of job updated: 3481
	3481  -  MemoryUsage of job (MB)
	3564752  -  ResidentSetSize of job (KB)
...
006 (77522341.003.000) 2025-04-10 04:17:33 Image size of job updated: 3370
	3370  -  MemoryUsage of job (MB)
	3451612  -  ResidentSetSize of job (KB)
...
006 (77522341.002.000) 2025-04-10 04:18:31 Image size of job updated: 2276
	2276  -  MemoryUsage of job (MB)
	2330764  -  ResidentSetSize of job (KB)
...
006 (77522341.004.000) 2025-04-10 04:18:32 Image size of job updated: 3539
	3539  -  MemoryUsage of job (MB)
	3624516  -  ResidentSetSize of job (KB)
...
006 (77522341.003.000) 2025-04-10 04:18:33 Image size of job updated: 3427
	3427  -  MemoryUsage of job (MB)
	3509424  -  ResidentSetSize of job (KB)
...
006 (77522341.002.000) 2025-04-10 04:19:32 Image size of job updated: 2304
	2304  -  MemoryUsage of job (MB)
	2360256  -  ResidentSetSize of job (KB)
...
006 (77522341.004.000) 2025-04-10 04:19:33 Image size of job updated: 3598
	3598  -  MemoryUsage of job (MB)
	3684720  -  ResidentSetSize of job (KB)
...
006 (77522341.003.000) 2025-04-10 04:19:33 Image size of job updated: 3483
	3483  -  MemoryUsage of job (MB)
	3567564  -  ResidentSetSize of job (KB)
...
006 (77522341.002.000) 2025-04-10 04:20:33 Image size of job updated: 2333
	2333  -  MemoryUsage of job (MB)
	2389536  -  ResidentSetSize of job (KB)
...
006 (77522341.004.000) 2025-04-10 04:20:33 Image size of job updated: 3656
	3656  -  MemoryUsage of job (MB)
	3744196  -  ResidentSetSize of job (KB)
...
006 (77522341.003.000) 2025-04-10 04:20:34 Image size of job updated: 3512
	3512  -  MemoryUsage of job (MB)
	3596300  -  ResidentSetSize of job (KB)
...
006 (77522341.002.000) 2025-04-10 04:21:33 Image size of job updated: 2362
	2362  -  MemoryUsage of job (MB)
	2419204  -  ResidentSetSize of job (KB)
...
006 (77522341.004.000) 2025-04-10 04:21:34 Image size of job updated: 3714
	3714  -  MemoryUsage of job (MB)
	3804000  -  ResidentSetSize of job (KB)
...
006 (77522341.003.000) 2025-04-10 04:21:35 Image size of job updated: 3567
	3567  -  MemoryUsage of job (MB)
	3653160  -  ResidentSetSize of job (KB)
...
006 (77522341.002.000) 2025-04-10 04:22:33 Image size of job updated: 2391
	2391  -  MemoryUsage of job (MB)
	2448392  -  ResidentSetSize of job (KB)
...
006 (77522341.004.000) 2025-04-10 04:22:34 Image size of job updated: 3772
	3772  -  MemoryUsage of job (MB)
	3863532  -  ResidentSetSize of job (KB)
...
006 (77522341.003.000) 2025-04-10 04:22:36 Image size of job updated: 3624
	3624  -  MemoryUsage of job (MB)
	3711900  -  ResidentSetSize of job (KB)
...
006 (77522341.002.000) 2025-04-10 04:23:34 Image size of job updated: 2420
	2420  -  MemoryUsage of job (MB)
	2478128  -  ResidentSetSize of job (KB)
...
006 (77522341.004.000) 2025-04-10 04:23:35 Image size of job updated: 3831
	3831  -  MemoryUsage of job (MB)
	3923544  -  ResidentSetSize of job (KB)
...
006 (77522341.003.000) 2025-04-10 04:23:37 Image size of job updated: 3661
	3661  -  MemoryUsage of job (MB)
	3748936  -  ResidentSetSize of job (KB)
...
006 (77522341.002.000) 2025-04-10 04:24:35 Image size of job updated: 2448
	2448  -  MemoryUsage of job (MB)
	2507336  -  ResidentSetSize of job (KB)
...
006 (77522341.004.000) 2025-04-10 04:24:35 Image size of job updated: 3889
	3889  -  MemoryUsage of job (MB)
	3983168  -  ResidentSetSize of job (KB)
...
006 (77522341.003.000) 2025-04-10 04:24:37 Image size of job updated: 3711
	3711  -  MemoryUsage of job (MB)
	3800724  -  ResidentSetSize of job (KB)
...
006 (77522341.002.000) 2025-04-10 04:25:35 Image size of job updated: 2478
	2478  -  MemoryUsage of job (MB)
	2537836  -  ResidentSetSize of job (KB)
...
006 (77522341.004.000) 2025-04-10 04:25:35 Image size of job updated: 3947
	3947  -  MemoryUsage of job (MB)
	4042720  -  ResidentSetSize of job (KB)
...
006 (77522341.003.000) 2025-04-10 04:25:37 Image size of job updated: 3749
	3749  -  MemoryUsage of job (MB)
	3839752  -  ResidentSetSize of job (KB)
...
006 (77522341.002.000) 2025-04-10 04:26:35 Image size of job updated: 2507
	2507  -  MemoryUsage of job (MB)
	2567580  -  ResidentSetSize of job (KB)
...
006 (77522341.004.000) 2025-04-10 04:26:36 Image size of job updated: 3990
	3990  -  MemoryUsage of job (MB)
	4086100  -  ResidentSetSize of job (KB)
...
006 (77522341.003.000) 2025-04-10 04:26:37 Image size of job updated: 3805
	3805  -  MemoryUsage of job (MB)
	3897252  -  ResidentSetSize of job (KB)
...
006 (77522341.002.000) 2025-04-10 04:27:37 Image size of job updated: 2535
	2535  -  MemoryUsage of job (MB)
	2596844  -  ResidentSetSize of job (KB)
...
006 (77522341.004.000) 2025-04-10 04:27:37 Image size of job updated: 4048
	4048  -  MemoryUsage of job (MB)
	4145880  -  ResidentSetSize of job (KB)
...
006 (77522341.003.000) 2025-04-10 04:27:38 Image size of job updated: 3837
	3837  -  MemoryUsage of job (MB)
	3929616  -  ResidentSetSize of job (KB)
...
006 (77522341.002.000) 2025-04-10 04:28:37 Image size of job updated: 2564
	2564  -  MemoryUsage of job (MB)
	2626300  -  ResidentSetSize of job (KB)
...
006 (77522341.004.000) 2025-04-10 04:28:38 Image size of job updated: 4107
	4107  -  MemoryUsage of job (MB)
	4205964  -  ResidentSetSize of job (KB)
...
006 (77522341.003.000) 2025-04-10 04:28:39 Image size of job updated: 3894
	3894  -  MemoryUsage of job (MB)
	3987820  -  ResidentSetSize of job (KB)
...
006 (77522341.002.000) 2025-04-10 04:29:37 Image size of job updated: 2593
	2593  -  MemoryUsage of job (MB)
	2655604  -  ResidentSetSize of job (KB)
...
006 (77522341.004.000) 2025-04-10 04:29:38 Image size of job updated: 4165
	4165  -  MemoryUsage of job (MB)
	4265792  -  ResidentSetSize of job (KB)
...
006 (77522341.003.000) 2025-04-10 04:29:40 Image size of job updated: 3951
	3951  -  MemoryUsage of job (MB)
	4046736  -  ResidentSetSize of job (KB)
...
006 (77522341.004.000) 2025-04-10 04:30:38 Image size of job updated: 4223
	4223  -  MemoryUsage of job (MB)
	4325356  -  ResidentSetSize of job (KB)
...
006 (77522341.002.000) 2025-04-10 04:30:38 Image size of job updated: 2622
	2622  -  MemoryUsage of job (MB)
	2685104  -  ResidentSetSize of job (KB)
...
006 (77522341.003.000) 2025-04-10 04:30:40 Image size of job updated: 3980
	3980  -  MemoryUsage of job (MB)
	4076156  -  ResidentSetSize of job (KB)
...
006 (77522341.002.000) 2025-04-10 04:31:39 Image size of job updated: 2650
	2650  -  MemoryUsage of job (MB)
	2713716  -  ResidentSetSize of job (KB)
...
006 (77522341.004.000) 2025-04-10 04:31:39 Image size of job updated: 4280
	4280  -  MemoryUsage of job (MB)
	4383460  -  ResidentSetSize of job (KB)
...
006 (77522341.003.000) 2025-04-10 04:31:40 Image size of job updated: 4036
	4036  -  MemoryUsage of job (MB)
	4133776  -  ResidentSetSize of job (KB)
...
006 (77522341.002.000) 2025-04-10 04:32:39 Image size of job updated: 2678
	2678  -  MemoryUsage of job (MB)
	2743208  -  ResidentSetSize of job (KB)
...
006 (77522341.004.000) 2025-04-10 04:32:40 Image size of job updated: 4320
	4320  -  MemoryUsage of job (MB)
	4424268  -  ResidentSetSize of job (KB)
...
006 (77522341.003.000) 2025-04-10 04:32:41 Image size of job updated: 4065
	4065  -  MemoryUsage of job (MB)
	4163444  -  ResidentSetSize of job (KB)
...
006 (77522341.002.000) 2025-04-10 04:33:39 Image size of job updated: 2735
	2735  -  MemoryUsage of job (MB)
	2800848  -  ResidentSetSize of job (KB)
...
006 (77522341.004.000) 2025-04-10 04:33:40 Image size of job updated: 4400
	4400  -  MemoryUsage of job (MB)
	4505660  -  ResidentSetSize of job (KB)
...
006 (77522341.003.000) 2025-04-10 04:33:42 Image size of job updated: 4123
	4123  -  MemoryUsage of job (MB)
	4222392  -  ResidentSetSize of job (KB)
...
006 (77522341.004.000) 2025-04-10 04:34:40 Image size of job updated: 4458
	4458  -  MemoryUsage of job (MB)
	4565384  -  ResidentSetSize of job (KB)
...
006 (77522341.002.000) 2025-04-10 04:34:40 Image size of job updated: 2763
	2763  -  MemoryUsage of job (MB)
	2829932  -  ResidentSetSize of job (KB)
...
006 (77522341.003.000) 2025-04-10 04:34:42 Image size of job updated: 4180
	4180  -  MemoryUsage of job (MB)
	4281296  -  ResidentSetSize of job (KB)
...
006 (77522341.002.000) 2025-04-10 04:35:41 Image size of job updated: 2792
	2792  -  MemoryUsage of job (MB)
	2859144  -  ResidentSetSize of job (KB)
...
006 (77522341.004.000) 2025-04-10 04:35:41 Image size of job updated: 4516
	4516  -  MemoryUsage of job (MB)
	4625144  -  ResidentSetSize of job (KB)
...
006 (77522341.003.000) 2025-04-10 04:35:44 Image size of job updated: 4238
	4238  -  MemoryUsage of job (MB)
	4340160  -  ResidentSetSize of job (KB)
...
006 (77522341.002.000) 2025-04-10 04:36:41 Image size of job updated: 2820
	2820  -  MemoryUsage of job (MB)
	2888580  -  ResidentSetSize of job (KB)
...
006 (77522341.004.000) 2025-04-10 04:36:42 Image size of job updated: 4575
	4575  -  MemoryUsage of job (MB)
	4684884  -  ResidentSetSize of job (KB)
...
006 (77522341.003.000) 2025-04-10 04:36:44 Image size of job updated: 4266
	4266  -  MemoryUsage of job (MB)
	4368804  -  ResidentSetSize of job (KB)
...
040 (77522341.004.000) 2025-04-10 04:37:16 Finished transferring output files
...
005 (77522341.004.000) 2025-04-10 04:37:17 Job terminated.
	(1) Normal termination (return value 0)
		Usr 0 00:57:13, Sys 0 00:00:37  -  Run Remote Usage
		Usr 0 00:00:00, Sys 0 00:00:00  -  Run Local Usage
		Usr 0 00:57:13, Sys 0 00:00:37  -  Total Remote Usage
		Usr 0 00:00:00, Sys 0 00:00:00  -  Total Local Usage
	0  -  Run Bytes Sent By Job
	382882304  -  Run Bytes Received By Job
	0  -  Total Bytes Sent By Job
	382882304  -  Total Bytes Received By Job
	Partitionable Resources :      Usage  Request Allocated 
	   Cpus                 :       0.00        1         1 
	   Disk (KB)            : 4126705    52428800  52430337 
	   GPUs                 :                             0 
	   Memory (MB)          :    4575        8192      8192 
	   TimeExecute (s)      :    5068                       
	   TimeSlotBusy (s)     :    5074                       

	Job terminated of its own accord at 2025-04-10T09:37:16Z with exit-code 0.
...
006 (77522341.002.000) 2025-04-10 04:37:42 Image size of job updated: 2849
	2849  -  MemoryUsage of job (MB)
	2917584  -  ResidentSetSize of job (KB)
...
006 (77522341.003.000) 2025-04-10 04:37:44 Image size of job updated: 4307
	4307  -  MemoryUsage of job (MB)
	4410552  -  ResidentSetSize of job (KB)
...
040 (77522341.003.000) 2025-04-10 04:37:54 Finished transferring output files
...
005 (77522341.003.000) 2025-04-10 04:37:54 Job terminated.
	(1) Normal termination (return value 0)
		Usr 0 01:12:25, Sys 0 00:00:39  -  Run Remote Usage
		Usr 0 00:00:00, Sys 0 00:00:00  -  Run Local Usage
		Usr 0 01:12:25, Sys 0 00:00:39  -  Total Remote Usage
		Usr 0 00:00:00, Sys 0 00:00:00  -  Total Local Usage
	0  -  Run Bytes Sent By Job
	382883648  -  Run Bytes Received By Job
	0  -  Total Bytes Sent By Job
	382883648  -  Total Bytes Received By Job
	Partitionable Resources :    Usage  Request Allocated 
	   Cpus                 :        0        1         1 
	   Disk (KB)            :  3922202 52428800  52430451 
	   GPUs                 :                           0 
	   Memory (MB)          :     4307     8192      8192 
	   TimeExecute (s)      :     5103                    
	   TimeSlotBusy (s)     :     5111                    

	Job terminated of its own accord at 2025-04-10T09:37:54Z with exit-code 0.
...
006 (77522341.002.000) 2025-04-10 04:38:43 Image size of job updated: 2877
	2877  -  MemoryUsage of job (MB)
	2946896  -  ResidentSetSize of job (KB)
...
006 (77522341.002.000) 2025-04-10 04:39:43 Image size of job updated: 2906
	2906  -  MemoryUsage of job (MB)
	2976348  -  ResidentSetSize of job (KB)
...
006 (77522341.002.000) 2025-04-10 04:40:44 Image size of job updated: 2935
	2935  -  MemoryUsage of job (MB)
	3005824  -  ResidentSetSize of job (KB)
...
006 (77522341.002.000) 2025-04-10 04:41:45 Image size of job updated: 2964
	2964  -  MemoryUsage of job (MB)
	3035384  -  ResidentSetSize of job (KB)
...
006 (77522341.002.000) 2025-04-10 04:42:45 Image size of job updated: 2992
	2992  -  MemoryUsage of job (MB)
	3064684  -  ResidentSetSize of job (KB)
...
006 (77522341.002.000) 2025-04-10 04:43:46 Image size of job updated: 3021
	3021  -  MemoryUsage of job (MB)
	3094168  -  ResidentSetSize of job (KB)
...
006 (77522341.002.000) 2025-04-10 04:44:47 Image size of job updated: 3051
	3051  -  MemoryUsage of job (MB)
	3124260  -  ResidentSetSize of job (KB)
...
006 (77522341.002.000) 2025-04-10 04:45:47 Image size of job updated: 3078
	3078  -  MemoryUsage of job (MB)
	3152868  -  ResidentSetSize of job (KB)
...
006 (77522341.002.000) 2025-04-10 04:46:47 Image size of job updated: 3093
	3093  -  MemoryUsage of job (MB)
	3167376  -  ResidentSetSize of job (KB)
...
006 (77522341.002.000) 2025-04-10 04:47:48 Image size of job updated: 3126
	3126  -  MemoryUsage of job (MB)
	3201296  -  ResidentSetSize of job (KB)
...
006 (77522341.002.000) 2025-04-10 04:48:48 Image size of job updated: 3154
	3154  -  MemoryUsage of job (MB)
	3230400  -  ResidentSetSize of job (KB)
...
006 (77522341.002.000) 2025-04-10 04:49:48 Image size of job updated: 3183
	3183  -  MemoryUsage of job (MB)
	3259532  -  ResidentSetSize of job (KB)
...
006 (77522341.002.000) 2025-04-10 04:50:49 Image size of job updated: 3202
	3202  -  MemoryUsage of job (MB)
	3279416  -  ResidentSetSize of job (KB)
...
006 (77522341.002.000) 2025-04-10 04:51:50 Image size of job updated: 3240
	3240  -  MemoryUsage of job (MB)
	3318680  -  ResidentSetSize of job (KB)
...
006 (77522341.002.000) 2025-04-10 04:52:50 Image size of job updated: 3269
	3269  -  MemoryUsage of job (MB)
	3347764  -  ResidentSetSize of job (KB)
...
006 (77522341.002.000) 2025-04-10 04:53:50 Image size of job updated: 3298
	3298  -  MemoryUsage of job (MB)
	3377288  -  ResidentSetSize of job (KB)
...
006 (77522341.002.000) 2025-04-10 04:54:51 Image size of job updated: 3326
	3326  -  MemoryUsage of job (MB)
	3406504  -  ResidentSetSize of job (KB)
...
006 (77522341.002.000) 2025-04-10 04:55:52 Image size of job updated: 3355
	3355  -  MemoryUsage of job (MB)
	3436160  -  ResidentSetSize of job (KB)
...
006 (77522341.002.000) 2025-04-10 04:56:52 Image size of job updated: 3384
	3384  -  MemoryUsage of job (MB)
	3465468  -  ResidentSetSize of job (KB)
...
006 (77522341.002.000) 2025-04-10 04:57:52 Image size of job updated: 3412
	3412  -  MemoryUsage of job (MB)
	3494480  -  ResidentSetSize of job (KB)
...
006 (77522341.002.000) 2025-04-10 04:58:53 Image size of job updated: 3441
	3441  -  MemoryUsage of job (MB)
	3523868  -  ResidentSetSize of job (KB)
...
006 (77522341.002.000) 2025-04-10 04:59:54 Image size of job updated: 3470
	3470  -  MemoryUsage of job (MB)
	3553440  -  ResidentSetSize of job (KB)
...
006 (77522341.002.000) 2025-04-10 05:00:54 Image size of job updated: 3498
	3498  -  MemoryUsage of job (MB)
	3582788  -  ResidentSetSize of job (KB)
...
006 (77522341.002.000) 2025-04-10 05:01:54 Image size of job updated: 3527
	3527  -  MemoryUsage of job (MB)
	3612268  -  ResidentSetSize of job (KB)
...
040 (77522341.002.000) 2025-04-10 05:02:25 Finished transferring output files
...
005 (77522341.002.000) 2025-04-10 05:02:25 Job terminated.
	(1) Normal termination (return value 0)
		Usr 0 01:22:42, Sys 0 00:01:31  -  Run Remote Usage
		Usr 0 00:00:00, Sys 0 00:00:00  -  Run Local Usage
		Usr 0 01:22:42, Sys 0 00:01:31  -  Total Remote Usage
		Usr 0 00:00:00, Sys 0 00:00:00  -  Total Local Usage
	0  -  Run Bytes Sent By Job
	382882464  -  Run Bytes Received By Job
	0  -  Total Bytes Sent By Job
	382882464  -  Total Bytes Received By Job
	Partitionable Resources :      Usage  Request Allocated 
	   Cpus                 :       0.00        1         1 
	   Disk (KB)            : 3127675    52428800  52432293 
	   GPUs                 :                             0 
	   Memory (MB)          :    3527        8192      8192 
	   TimeExecute (s)      :    6576                       
	   TimeSlotBusy (s)     :    6582                       

	Job terminated of its own accord at 2025-04-10T10:02:24Z with exit-code 0.
...
