000 (77521554.000.000) 2025-04-09 20:05:49 Job submitted from host: <131.225.189.168:9618?addrs=131.225.189.168-9618+[2620-6a-0-8421-f0-0-189-168]-9618&alias=lpcschedd6.fnal.gov&noUDP&sock=schedd_2292_b328>
...
000 (77521554.001.000) 2025-04-09 20:05:49 Job submitted from host: <131.225.189.168:9618?addrs=131.225.189.168-9618+[2620-6a-0-8421-f0-0-189-168]-9618&alias=lpcschedd6.fnal.gov&noUDP&sock=schedd_2292_b328>
...
000 (77521554.002.000) 2025-04-09 20:05:49 Job submitted from host: <131.225.189.168:9618?addrs=131.225.189.168-9618+[2620-6a-0-8421-f0-0-189-168]-9618&alias=lpcschedd6.fnal.gov&noUDP&sock=schedd_2292_b328>
...
000 (77521554.003.000) 2025-04-09 20:05:49 Job submitted from host: <131.225.189.168:9618?addrs=131.225.189.168-9618+[2620-6a-0-8421-f0-0-189-168]-9618&alias=lpcschedd6.fnal.gov&noUDP&sock=schedd_2292_b328>
...
040 (77521554.003.000) 2025-04-09 20:06:01 Started transferring input files
	Transferring to host: <131.225.188.137:9618?addrs=[2620-6a-0-8421-f0-0-188-137]-9618+131.225.188.137-9618&alias=cmswn2050.fnal.gov&noUDP&sock=slot1_11_2623_e404_17091>
...
040 (77521554.002.000) 2025-04-09 20:06:01 Started transferring input files
	Transferring to host: <131.225.189.225:9618?addrs=[2620-6a-0-8421-f0-0-189-225]-9618+131.225.189.225-9618&alias=cmswn2150.fnal.gov&noUDP&sock=slot1_8_2322_cf18_15461>
...
040 (77521554.001.000) 2025-04-09 20:06:01 Started transferring input files
	Transferring to host: <131.225.188.241:9618?addrs=[2620-6a-0-8421-f0-0-188-241]-9618+131.225.188.241-9618&alias=cmswn2073.fnal.gov&noUDP&sock=slot1_12_935061_d061_10400>
...
040 (77521554.000.000) 2025-04-09 20:06:01 Started transferring input files
	Transferring to host: <131.225.189.35:9618?addrs=[2620-6a-0-8421-f0-0-189-35]-9618+131.225.189.35-9618&alias=cmswn2088.fnal.gov&noUDP&sock=slot1_10_1282423_c44e_3615>
...
040 (77521554.000.000) 2025-04-09 20:06:06 Finished transferring input files
...
040 (77521554.001.000) 2025-04-09 20:06:06 Finished transferring input files
...
001 (77521554.000.000) 2025-04-09 20:06:07 Job executing on host: <131.225.189.35:9618?addrs=[2620-6a-0-8421-f0-0-189-35]-9618+131.225.189.35-9618&alias=cmswn2088.fnal.gov&noUDP&sock=startd_2283_86ce>
	SlotName: slot1_10@cmswn2088.fnal.gov
	CondorScratchDir = "/storage/local/data1/condor/execute/dir_3659502"
	Cpus = 1
	Disk = 52430343
	GPUs = 0
	Memory = 8192
...
001 (77521554.001.000) 2025-04-09 20:06:07 Job executing on host: <131.225.188.241:9618?addrs=[2620-6a-0-8421-f0-0-188-241]-9618+131.225.188.241-9618&alias=cmswn2073.fnal.gov&noUDP&sock=startd_2303_3eb3>
	SlotName: slot1_12@cmswn2073.fnal.gov
	CondorScratchDir = "/storage/local/data1/condor/execute/dir_1334863"
	Cpus = 1
	Disk = 52430349
	GPUs = 0
	Memory = 8192
...
040 (77521554.002.000) 2025-04-09 20:06:16 Finished transferring input files
...
040 (77521554.003.000) 2025-04-09 20:06:16 Finished transferring input files
...
001 (77521554.002.000) 2025-04-09 20:06:17 Job executing on host: <131.225.189.225:9618?addrs=[2620-6a-0-8421-f0-0-189-225]-9618+131.225.189.225-9618&alias=cmswn2150.fnal.gov&noUDP&sock=startd_2242_676c>
	SlotName: slot1_8@cmswn2150.fnal.gov
	CondorScratchDir = "/storage/local/data1/condor/execute/dir_3730460"
	Cpus = 1
	Disk = 52432301
	GPUs = 0
	Memory = 8192
...
001 (77521554.003.000) 2025-04-09 20:06:17 Job executing on host: <131.225.188.137:9618?addrs=[2620-6a-0-8421-f0-0-188-137]-9618+131.225.188.137-9618&alias=cmswn2050.fnal.gov&noUDP&sock=startd_2287_452f>
	SlotName: slot1_11@cmswn2050.fnal.gov
	CondorScratchDir = "/storage/local/data1/condor/execute/dir_4147553"
	Cpus = 1
	Disk = 52430333
	GPUs = 0
	Memory = 8192
...
006 (77521554.002.000) 2025-04-09 20:06:25 Image size of job updated: 48
	48  -  MemoryUsage of job (MB)
	50164  -  ResidentSetSize of job (KB)
...
006 (77521554.003.000) 2025-04-09 20:06:26 Image size of job updated: 49
	49  -  MemoryUsage of job (MB)
	50348  -  ResidentSetSize of job (KB)
...
006 (77521554.000.000) 2025-04-09 20:07:17 Image size of job updated: 532
	532  -  MemoryUsage of job (MB)
	545684  -  ResidentSetSize of job (KB)
...
006 (77521554.001.000) 2025-04-09 20:07:17 Image size of job updated: 532
	532  -  MemoryUsage of job (MB)
	545728  -  ResidentSetSize of job (KB)
...
006 (77521554.002.000) 2025-04-09 20:07:25 Image size of job updated: 528
	528  -  MemoryUsage of job (MB)
	541268  -  ResidentSetSize of job (KB)
...
006 (77521554.003.000) 2025-04-09 20:07:27 Image size of job updated: 541
	541  -  MemoryUsage of job (MB)
	554848  -  ResidentSetSize of job (KB)
...
006 (77521554.000.000) 2025-04-09 20:08:17 Image size of job updated: 533
	533  -  MemoryUsage of job (MB)
	546344  -  ResidentSetSize of job (KB)
...
006 (77521554.001.000) 2025-04-09 20:08:17 Image size of job updated: 533
	533  -  MemoryUsage of job (MB)
	546500  -  ResidentSetSize of job (KB)
...
006 (77521554.002.000) 2025-04-09 20:08:25 Image size of job updated: 529
	529  -  MemoryUsage of job (MB)
	542684  -  ResidentSetSize of job (KB)
...
006 (77521554.003.000) 2025-04-09 20:08:27 Image size of job updated: 542
	542  -  MemoryUsage of job (MB)
	555232  -  ResidentSetSize of job (KB)
...
006 (77521554.000.000) 2025-04-09 20:09:17 Image size of job updated: 533
	533  -  MemoryUsage of job (MB)
	546380  -  ResidentSetSize of job (KB)
...
006 (77521554.001.000) 2025-04-09 20:09:18 Image size of job updated: 535
	535  -  MemoryUsage of job (MB)
	547984  -  ResidentSetSize of job (KB)
...
006 (77521554.002.000) 2025-04-09 20:09:26 Image size of job updated: 531
	531  -  MemoryUsage of job (MB)
	543976  -  ResidentSetSize of job (KB)
...
006 (77521554.000.000) 2025-04-09 20:10:17 Image size of job updated: 533
	533  -  MemoryUsage of job (MB)
	546696  -  ResidentSetSize of job (KB)
...
006 (77521554.001.000) 2025-04-09 20:10:18 Image size of job updated: 535
	535  -  MemoryUsage of job (MB)
	548336  -  ResidentSetSize of job (KB)
...
006 (77521554.002.000) 2025-04-09 20:10:26 Image size of job updated: 531
	531  -  MemoryUsage of job (MB)
	543992  -  ResidentSetSize of job (KB)
...
006 (77521554.003.000) 2025-04-09 20:10:28 Image size of job updated: 543
	543  -  MemoryUsage of job (MB)
	556376  -  ResidentSetSize of job (KB)
...
006 (77521554.000.000) 2025-04-09 20:11:18 Image size of job updated: 535
	535  -  MemoryUsage of job (MB)
	547892  -  ResidentSetSize of job (KB)
...
006 (77521554.003.000) 2025-04-09 20:11:28 Image size of job updated: 543
	543  -  MemoryUsage of job (MB)
	557032  -  ResidentSetSize of job (KB)
...
006 (77521554.000.000) 2025-04-09 20:12:19 Image size of job updated: 536
	536  -  MemoryUsage of job (MB)
	549104  -  ResidentSetSize of job (KB)
...
006 (77521554.001.000) 2025-04-09 20:12:20 Image size of job updated: 535
	535  -  MemoryUsage of job (MB)
	548684  -  ResidentSetSize of job (KB)
...
006 (77521554.002.000) 2025-04-09 20:12:27 Image size of job updated: 532
	532  -  MemoryUsage of job (MB)
	545080  -  ResidentSetSize of job (KB)
...
006 (77521554.003.000) 2025-04-09 20:12:29 Image size of job updated: 544
	544  -  MemoryUsage of job (MB)
	557840  -  ResidentSetSize of job (KB)
...
006 (77521554.000.000) 2025-04-09 20:13:19 Image size of job updated: 536
	536  -  MemoryUsage of job (MB)
	549784  -  ResidentSetSize of job (KB)
...
006 (77521554.001.000) 2025-04-09 20:13:20 Image size of job updated: 536
	536  -  MemoryUsage of job (MB)
	549808  -  ResidentSetSize of job (KB)
...
006 (77521554.002.000) 2025-04-09 20:13:27 Image size of job updated: 532
	532  -  MemoryUsage of job (MB)
	545264  -  ResidentSetSize of job (KB)
...
006 (77521554.003.000) 2025-04-09 20:13:30 Image size of job updated: 545
	545  -  MemoryUsage of job (MB)
	558528  -  ResidentSetSize of job (KB)
...
006 (77521554.000.000) 2025-04-09 20:14:19 Image size of job updated: 537
	537  -  MemoryUsage of job (MB)
	550692  -  ResidentSetSize of job (KB)
...
006 (77521554.001.000) 2025-04-09 20:14:20 Image size of job updated: 537
	537  -  MemoryUsage of job (MB)
	550092  -  ResidentSetSize of job (KB)
...
006 (77521554.002.000) 2025-04-09 20:14:27 Image size of job updated: 532
	532  -  MemoryUsage of job (MB)
	545696  -  ResidentSetSize of job (KB)
...
006 (77521554.003.000) 2025-04-09 20:14:30 Image size of job updated: 546
	546  -  MemoryUsage of job (MB)
	559740  -  ResidentSetSize of job (KB)
...
040 (77521554.001.000) 2025-04-09 20:14:59 Started transferring output files
...
040 (77521554.001.000) 2025-04-09 20:14:59 Finished transferring output files
...
005 (77521554.001.000) 2025-04-09 20:14:59 Job terminated.
	(1) Normal termination (return value 1)
		Usr 0 00:05:38, Sys 0 00:00:02  -  Run Remote Usage
		Usr 0 00:00:00, Sys 0 00:00:00  -  Run Local Usage
		Usr 0 00:05:38, Sys 0 00:00:02  -  Total Remote Usage
		Usr 0 00:00:00, Sys 0 00:00:00  -  Total Local Usage
	6540  -  Run Bytes Sent By Job
	382776000  -  Run Bytes Received By Job
	6540  -  Total Bytes Sent By Job
	382776000  -  Total Bytes Received By Job
	Partitionable Resources :     Usage  Request Allocated 
	   Cpus                 :      0.00        1         1 
	   Disk (KB)            : 374684    52428800  52430349 
	   GPUs                 :                            0 
	   Memory (MB)          :    537        8192      8192 
	   TimeExecute (s)      :    531                       
	   TimeSlotBusy (s)     :    538                       

	Job terminated of its own accord at 2025-04-10T01:14:58Z with exit-code 1.
...
006 (77521554.000.000) 2025-04-09 20:15:02 Image size of job updated: 538
	538  -  MemoryUsage of job (MB)
	551596  -  ResidentSetSize of job (KB)
...
040 (77521554.000.000) 2025-04-09 20:15:02 Started transferring output files
...
040 (77521554.000.000) 2025-04-09 20:15:02 Finished transferring output files
...
005 (77521554.000.000) 2025-04-09 20:15:03 Job terminated.
	(1) Normal termination (return value 1)
		Usr 0 00:05:41, Sys 0 00:00:02  -  Run Remote Usage
		Usr 0 00:00:00, Sys 0 00:00:00  -  Run Local Usage
		Usr 0 00:05:41, Sys 0 00:00:02  -  Total Remote Usage
		Usr 0 00:00:00, Sys 0 00:00:00  -  Total Local Usage
	6554  -  Run Bytes Sent By Job
	382775936  -  Run Bytes Received By Job
	6554  -  Total Bytes Sent By Job
	382775936  -  Total Bytes Received By Job
	Partitionable Resources :     Usage  Request Allocated 
	   Cpus                 :      0.00        1         1 
	   Disk (KB)            : 374682    52428800  52430343 
	   GPUs                 :                            0 
	   Memory (MB)          :    538        8192      8192 
	   TimeExecute (s)      :    535                       
	   TimeSlotBusy (s)     :    542                       

	Job terminated of its own accord at 2025-04-10T01:15:02Z with exit-code 1.
...
006 (77521554.003.000) 2025-04-09 20:15:23 Image size of job updated: 547
	547  -  MemoryUsage of job (MB)
	560380  -  ResidentSetSize of job (KB)
...
040 (77521554.003.000) 2025-04-09 20:15:23 Started transferring output files
...
040 (77521554.003.000) 2025-04-09 20:15:23 Finished transferring output files
...
005 (77521554.003.000) 2025-04-09 20:15:23 Job terminated.
	(1) Normal termination (return value 1)
		Usr 0 00:05:19, Sys 0 00:00:02  -  Run Remote Usage
		Usr 0 00:00:00, Sys 0 00:00:00  -  Run Local Usage
		Usr 0 00:05:19, Sys 0 00:00:02  -  Total Remote Usage
		Usr 0 00:00:00, Sys 0 00:00:00  -  Total Local Usage
	6577  -  Run Bytes Sent By Job
	382776896  -  Run Bytes Received By Job
	6577  -  Total Bytes Sent By Job
	382776896  -  Total Bytes Received By Job
	Partitionable Resources :     Usage  Request Allocated 
	   Cpus                 :      0.00        1         1 
	   Disk (KB)            : 374683    52428800  52430333 
	   GPUs                 :                            0 
	   Memory (MB)          :    547        8192      8192 
	   TimeExecute (s)      :    546                       
	   TimeSlotBusy (s)     :    562                       

	Job terminated of its own accord at 2025-04-10T01:15:23Z with exit-code 1.
...
006 (77521554.002.000) 2025-04-09 20:15:27 Image size of job updated: 533
	533  -  MemoryUsage of job (MB)
	546284  -  ResidentSetSize of job (KB)
...
040 (77521554.002.000) 2025-04-09 20:15:27 Started transferring output files
...
040 (77521554.002.000) 2025-04-09 20:15:27 Finished transferring output files
...
005 (77521554.002.000) 2025-04-09 20:15:28 Job terminated.
	(1) Normal termination (return value 1)
		Usr 0 00:05:59, Sys 0 00:00:03  -  Run Remote Usage
		Usr 0 00:00:00, Sys 0 00:00:00  -  Run Local Usage
		Usr 0 00:05:59, Sys 0 00:00:03  -  Total Remote Usage
		Usr 0 00:00:00, Sys 0 00:00:00  -  Total Local Usage
	6571  -  Run Bytes Sent By Job
	382776832  -  Run Bytes Received By Job
	6571  -  Total Bytes Sent By Job
	382776832  -  Total Bytes Received By Job
	Partitionable Resources :     Usage  Request Allocated 
	   Cpus                 :      0.00        1         1 
	   Disk (KB)            : 374684    52428800  52432301 
	   GPUs                 :                            0 
	   Memory (MB)          :    533        8192      8192 
	   TimeExecute (s)      :    550                       
	   TimeSlotBusy (s)     :    567                       

	Job terminated of its own accord at 2025-04-10T01:15:27Z with exit-code 1.
...
