000 (77553400.000.000) 2025-04-14 00:30:08 Job submitted from host: <131.225.189.168:9618?addrs=131.225.189.168-9618+[2620-6a-0-8421-f0-0-189-168]-9618&alias=lpcschedd6.fnal.gov&noUDP&sock=schedd_2292_b328>
...
040 (77553400.000.000) 2025-04-14 00:30:40 Started transferring input files
	Transferring to host: <131.225.189.186:9618?addrs=[2620-6a-0-8421-f0-0-189-186]-9618+131.225.189.186-9618&alias=cmswn2133.fnal.gov&noUDP&sock=slot1_11_1296730_57b4_14549>
...
040 (77553400.000.000) 2025-04-14 00:30:47 Finished transferring input files
...
001 (77553400.000.000) 2025-04-14 00:30:48 Job executing on host: <131.225.189.186:9618?addrs=[2620-6a-0-8421-f0-0-189-186]-9618+131.225.189.186-9618&alias=cmswn2133.fnal.gov&noUDP&sock=startd_2329_1429>
	SlotName: slot1_11@cmswn2133.fnal.gov
	CondorScratchDir = "/storage/local/data1/condor/execute/dir_2938073"
	Cpus = 1
	Disk = 52432092
	GPUs = 0
	Memory = 8192
...
006 (77553400.000.000) 2025-04-14 00:31:57 Image size of job updated: 542
	542  -  MemoryUsage of job (MB)
	555688  -  ResidentSetSize of job (KB)
...
006 (77553400.000.000) 2025-04-14 00:32:57 Image size of job updated: 543
	543  -  MemoryUsage of job (MB)
	556384  -  ResidentSetSize of job (KB)
...
006 (77553400.000.000) 2025-04-14 00:33:57 Image size of job updated: 543
	543  -  MemoryUsage of job (MB)
	556616  -  ResidentSetSize of job (KB)
...
006 (77553400.000.000) 2025-04-14 00:34:58 Image size of job updated: 544
	544  -  MemoryUsage of job (MB)
	557524  -  ResidentSetSize of job (KB)
...
006 (77553400.000.000) 2025-04-14 00:35:58 Image size of job updated: 545
	545  -  MemoryUsage of job (MB)
	558484  -  ResidentSetSize of job (KB)
...
006 (77553400.000.000) 2025-04-14 00:36:58 Image size of job updated: 546
	546  -  MemoryUsage of job (MB)
	559344  -  ResidentSetSize of job (KB)
...
006 (77553400.000.000) 2025-04-14 00:37:59 Image size of job updated: 546
	546  -  MemoryUsage of job (MB)
	559804  -  ResidentSetSize of job (KB)
...
006 (77553400.000.000) 2025-04-14 00:38:59 Image size of job updated: 804
	804  -  MemoryUsage of job (MB)
	823884  -  ResidentSetSize of job (KB)
...
006 (77553400.000.000) 2025-04-14 00:40:00 Image size of job updated: 933
	933  -  MemoryUsage of job (MB)
	956356  -  ResidentSetSize of job (KB)
...
006 (77553400.000.000) 2025-04-14 00:42:00 Image size of job updated: 986
	986  -  MemoryUsage of job (MB)
	1010176  -  ResidentSetSize of job (KB)
...
006 (77553400.000.000) 2025-04-14 00:43:01 Image size of job updated: 1217
	1217  -  MemoryUsage of job (MB)
	1246592  -  ResidentSetSize of job (KB)
...
006 (77553400.000.000) 2025-04-14 00:44:02 Image size of job updated: 1263
	1263  -  MemoryUsage of job (MB)
	1293412  -  ResidentSetSize of job (KB)
...
006 (77553400.000.000) 2025-04-14 00:45:04 Image size of job updated: 1323
	1323  -  MemoryUsage of job (MB)
	1354820  -  ResidentSetSize of job (KB)
...
006 (77553400.000.000) 2025-04-14 00:46:04 Image size of job updated: 1323
	1323  -  MemoryUsage of job (MB)
	1355264  -  ResidentSetSize of job (KB)
...
006 (77553400.000.000) 2025-04-14 00:52:05 Image size of job updated: 1381
	1381  -  MemoryUsage of job (MB)
	1414476  -  ResidentSetSize of job (KB)
...
006 (77553400.000.000) 2025-04-14 00:53:06 Image size of job updated: 1439
	1439  -  MemoryUsage of job (MB)
	1474528  -  ResidentSetSize of job (KB)
...
006 (77553400.000.000) 2025-04-14 00:54:07 Image size of job updated: 1469
	1469  -  MemoryUsage of job (MB)
	1505016  -  ResidentSetSize of job (KB)
...
006 (77553400.000.000) 2025-04-14 00:55:08 Image size of job updated: 1528
	1528  -  MemoryUsage of job (MB)
	1565132  -  ResidentSetSize of job (KB)
...
006 (77553400.000.000) 2025-04-14 00:56:08 Image size of job updated: 1587
	1587  -  MemoryUsage of job (MB)
	1625220  -  ResidentSetSize of job (KB)
...
006 (77553400.000.000) 2025-04-14 00:57:08 Image size of job updated: 1646
	1646  -  MemoryUsage of job (MB)
	1685516  -  ResidentSetSize of job (KB)
...
006 (77553400.000.000) 2025-04-14 00:58:08 Image size of job updated: 1705
	1705  -  MemoryUsage of job (MB)
	1745948  -  ResidentSetSize of job (KB)
...
006 (77553400.000.000) 2025-04-14 00:59:08 Image size of job updated: 1763
	1763  -  MemoryUsage of job (MB)
	1806232  -  ResidentSetSize of job (KB)
...
006 (77553400.000.000) 2025-04-14 01:00:08 Image size of job updated: 1819
	1819  -  MemoryUsage of job (MB)
	1863644  -  ResidentSetSize of job (KB)
...
006 (77553400.000.000) 2025-04-14 01:01:08 Image size of job updated: 1852
	1852  -  MemoryUsage of job (MB)
	1896644  -  ResidentSetSize of job (KB)
...
006 (77553400.000.000) 2025-04-14 01:02:09 Image size of job updated: 1910
	1910  -  MemoryUsage of job (MB)
	1956720  -  ResidentSetSize of job (KB)
...
006 (77553400.000.000) 2025-04-14 01:03:09 Image size of job updated: 1969
	1969  -  MemoryUsage of job (MB)
	2017028  -  ResidentSetSize of job (KB)
...
006 (77553400.000.000) 2025-04-14 01:04:10 Image size of job updated: 2028
	2028  -  MemoryUsage of job (MB)
	2076996  -  ResidentSetSize of job (KB)
...
006 (77553400.000.000) 2025-04-14 01:05:10 Image size of job updated: 2087
	2087  -  MemoryUsage of job (MB)
	2137192  -  ResidentSetSize of job (KB)
...
006 (77553400.000.000) 2025-04-14 01:06:11 Image size of job updated: 2116
	2116  -  MemoryUsage of job (MB)
	2167532  -  ResidentSetSize of job (KB)
...
006 (77553400.000.000) 2025-04-14 01:07:12 Image size of job updated: 2175
	2175  -  MemoryUsage of job (MB)
	2227640  -  ResidentSetSize of job (KB)
...
006 (77553400.000.000) 2025-04-14 01:08:12 Image size of job updated: 2234
	2234  -  MemoryUsage of job (MB)
	2287760  -  ResidentSetSize of job (KB)
...
006 (77553400.000.000) 2025-04-14 01:09:12 Image size of job updated: 2293
	2293  -  MemoryUsage of job (MB)
	2348052  -  ResidentSetSize of job (KB)
...
006 (77553400.000.000) 2025-04-14 01:10:13 Image size of job updated: 2351
	2351  -  MemoryUsage of job (MB)
	2408344  -  ResidentSetSize of job (KB)
...
006 (77553400.000.000) 2025-04-14 01:11:13 Image size of job updated: 2410
	2410  -  MemoryUsage of job (MB)
	2468456  -  ResidentSetSize of job (KB)
...
006 (77553400.000.000) 2025-04-14 01:12:13 Image size of job updated: 2469
	2469  -  MemoryUsage of job (MB)
	2528936  -  ResidentSetSize of job (KB)
...
006 (77553400.000.000) 2025-04-14 01:13:14 Image size of job updated: 2528
	2528  -  MemoryUsage of job (MB)
	2588900  -  ResidentSetSize of job (KB)
...
006 (77553400.000.000) 2025-04-14 01:14:15 Image size of job updated: 2587
	2587  -  MemoryUsage of job (MB)
	2649176  -  ResidentSetSize of job (KB)
...
006 (77553400.000.000) 2025-04-14 01:15:15 Image size of job updated: 2616
	2616  -  MemoryUsage of job (MB)
	2679556  -  ResidentSetSize of job (KB)
...
006 (77553400.000.000) 2025-04-14 01:16:16 Image size of job updated: 2648
	2648  -  MemoryUsage of job (MB)
	2711672  -  ResidentSetSize of job (KB)
...
006 (77553400.000.000) 2025-04-14 01:17:17 Image size of job updated: 2706
	2706  -  MemoryUsage of job (MB)
	2771872  -  ResidentSetSize of job (KB)
...
006 (77553400.000.000) 2025-04-14 01:18:17 Image size of job updated: 2736
	2736  -  MemoryUsage of job (MB)
	2802008  -  ResidentSetSize of job (KB)
...
006 (77553400.000.000) 2025-04-14 01:19:18 Image size of job updated: 2795
	2795  -  MemoryUsage of job (MB)
	2862164  -  ResidentSetSize of job (KB)
...
006 (77553400.000.000) 2025-04-14 01:20:19 Image size of job updated: 2824
	2824  -  MemoryUsage of job (MB)
	2892312  -  ResidentSetSize of job (KB)
...
006 (77553400.000.000) 2025-04-14 01:21:19 Image size of job updated: 2883
	2883  -  MemoryUsage of job (MB)
	2952452  -  ResidentSetSize of job (KB)
...
006 (77553400.000.000) 2025-04-14 01:22:20 Image size of job updated: 2942
	2942  -  MemoryUsage of job (MB)
	3012692  -  ResidentSetSize of job (KB)
...
006 (77553400.000.000) 2025-04-14 01:23:20 Image size of job updated: 3000
	3000  -  MemoryUsage of job (MB)
	3072796  -  ResidentSetSize of job (KB)
...
006 (77553400.000.000) 2025-04-14 01:24:20 Image size of job updated: 3041
	3041  -  MemoryUsage of job (MB)
	3114872  -  ResidentSetSize of job (KB)
...
006 (77553400.000.000) 2025-04-14 01:25:21 Image size of job updated: 3089
	3089  -  MemoryUsage of job (MB)
	3163168  -  ResidentSetSize of job (KB)
...
006 (77553400.000.000) 2025-04-14 01:26:21 Image size of job updated: 3147
	3147  -  MemoryUsage of job (MB)
	3223120  -  ResidentSetSize of job (KB)
...
006 (77553400.000.000) 2025-04-14 01:27:22 Image size of job updated: 3206
	3206  -  MemoryUsage of job (MB)
	3283416  -  ResidentSetSize of job (KB)
...
006 (77553400.000.000) 2025-04-14 01:28:23 Image size of job updated: 3236
	3236  -  MemoryUsage of job (MB)
	3313740  -  ResidentSetSize of job (KB)
...
006 (77553400.000.000) 2025-04-14 01:29:23 Image size of job updated: 3294
	3294  -  MemoryUsage of job (MB)
	3373620  -  ResidentSetSize of job (KB)
...
006 (77553400.000.000) 2025-04-14 01:30:24 Image size of job updated: 3353
	3353  -  MemoryUsage of job (MB)
	3433796  -  ResidentSetSize of job (KB)
...
006 (77553400.000.000) 2025-04-14 01:31:24 Image size of job updated: 3412
	3412  -  MemoryUsage of job (MB)
	3494128  -  ResidentSetSize of job (KB)
...
006 (77553400.000.000) 2025-04-14 01:32:25 Image size of job updated: 3442
	3442  -  MemoryUsage of job (MB)
	3524916  -  ResidentSetSize of job (KB)
...
006 (77553400.000.000) 2025-04-14 01:33:25 Image size of job updated: 3500
	3500  -  MemoryUsage of job (MB)
	3584476  -  ResidentSetSize of job (KB)
...
006 (77553400.000.000) 2025-04-14 01:34:26 Image size of job updated: 3559
	3559  -  MemoryUsage of job (MB)
	3644732  -  ResidentSetSize of job (KB)
...
006 (77553400.000.000) 2025-04-14 01:35:26 Image size of job updated: 3617
	3617  -  MemoryUsage of job (MB)
	3704684  -  ResidentSetSize of job (KB)
...
006 (77553400.000.000) 2025-04-14 01:36:26 Image size of job updated: 3647
	3647  -  MemoryUsage of job (MB)
	3734932  -  ResidentSetSize of job (KB)
...
006 (77553400.000.000) 2025-04-14 01:37:27 Image size of job updated: 3706
	3706  -  MemoryUsage of job (MB)
	3795276  -  ResidentSetSize of job (KB)
...
006 (77553400.000.000) 2025-04-14 01:38:27 Image size of job updated: 3765
	3765  -  MemoryUsage of job (MB)
	3855460  -  ResidentSetSize of job (KB)
...
006 (77553400.000.000) 2025-04-14 01:39:28 Image size of job updated: 3823
	3823  -  MemoryUsage of job (MB)
	3915636  -  ResidentSetSize of job (KB)
...
006 (77553400.000.000) 2025-04-14 01:40:28 Image size of job updated: 3853
	3853  -  MemoryUsage of job (MB)
	3945744  -  ResidentSetSize of job (KB)
...
006 (77553400.000.000) 2025-04-14 01:41:29 Image size of job updated: 3912
	3912  -  MemoryUsage of job (MB)
	4005948  -  ResidentSetSize of job (KB)
...
006 (77553400.000.000) 2025-04-14 01:42:29 Image size of job updated: 3970
	3970  -  MemoryUsage of job (MB)
	4066136  -  ResidentSetSize of job (KB)
...
006 (77553400.000.000) 2025-04-14 01:43:30 Image size of job updated: 4029
	4029  -  MemoryUsage of job (MB)
	4126108  -  ResidentSetSize of job (KB)
...
006 (77553400.000.000) 2025-04-14 01:44:30 Image size of job updated: 4059
	4059  -  MemoryUsage of job (MB)
	4156640  -  ResidentSetSize of job (KB)
...
006 (77553400.000.000) 2025-04-14 01:45:31 Image size of job updated: 4117
	4117  -  MemoryUsage of job (MB)
	4216564  -  ResidentSetSize of job (KB)
...
006 (77553400.000.000) 2025-04-14 01:46:31 Image size of job updated: 4173
	4173  -  MemoryUsage of job (MB)
	4273304  -  ResidentSetSize of job (KB)
...
006 (77553400.000.000) 2025-04-14 01:47:32 Image size of job updated: 4202
	4202  -  MemoryUsage of job (MB)
	4303136  -  ResidentSetSize of job (KB)
...
006 (77553400.000.000) 2025-04-14 01:48:32 Image size of job updated: 4258
	4258  -  MemoryUsage of job (MB)
	4360352  -  ResidentSetSize of job (KB)
...
006 (77553400.000.000) 2025-04-14 01:49:33 Image size of job updated: 4317
	4317  -  MemoryUsage of job (MB)
	4421012  -  ResidentSetSize of job (KB)
...
006 (77553400.000.000) 2025-04-14 01:50:33 Image size of job updated: 4346
	4346  -  MemoryUsage of job (MB)
	4451264  -  ResidentSetSize of job (KB)
...
006 (77553400.000.000) 2025-04-14 01:51:34 Image size of job updated: 4405
	4405  -  MemoryUsage of job (MB)
	4511292  -  ResidentSetSize of job (KB)
...
006 (77553400.000.000) 2025-04-14 01:52:35 Image size of job updated: 4435
	4435  -  MemoryUsage of job (MB)
	4541836  -  ResidentSetSize of job (KB)
...
006 (77553400.000.000) 2025-04-14 01:53:35 Image size of job updated: 4499
	4499  -  MemoryUsage of job (MB)
	4607176  -  ResidentSetSize of job (KB)
...
006 (77553400.000.000) 2025-04-14 01:54:36 Image size of job updated: 4528
	4528  -  MemoryUsage of job (MB)
	4637604  -  ResidentSetSize of job (KB)
...
006 (77553400.000.000) 2025-04-14 01:55:36 Image size of job updated: 4587
	4587  -  MemoryUsage of job (MB)
	4697592  -  ResidentSetSize of job (KB)
...
006 (77553400.000.000) 2025-04-14 01:56:36 Image size of job updated: 4646
	4646  -  MemoryUsage of job (MB)
	4757764  -  ResidentSetSize of job (KB)
...
006 (77553400.000.000) 2025-04-14 01:57:37 Image size of job updated: 4689
	4689  -  MemoryUsage of job (MB)
	4802072  -  ResidentSetSize of job (KB)
...
006 (77553400.000.000) 2025-04-14 01:58:37 Image size of job updated: 4734
	4734  -  MemoryUsage of job (MB)
	4848092  -  ResidentSetSize of job (KB)
...
006 (77553400.000.000) 2025-04-14 01:59:38 Image size of job updated: 4793
	4793  -  MemoryUsage of job (MB)
	4908156  -  ResidentSetSize of job (KB)
...
006 (77553400.000.000) 2025-04-14 02:00:38 Image size of job updated: 4828
	4828  -  MemoryUsage of job (MB)
	4944536  -  ResidentSetSize of job (KB)
...
006 (77553400.000.000) 2025-04-14 02:01:39 Image size of job updated: 4881
	4881  -  MemoryUsage of job (MB)
	4998672  -  ResidentSetSize of job (KB)
...
006 (77553400.000.000) 2025-04-14 02:02:39 Image size of job updated: 4940
	4940  -  MemoryUsage of job (MB)
	5058820  -  ResidentSetSize of job (KB)
...
006 (77553400.000.000) 2025-04-14 02:03:40 Image size of job updated: 4999
	4999  -  MemoryUsage of job (MB)
	5119040  -  ResidentSetSize of job (KB)
...
006 (77553400.000.000) 2025-04-14 02:04:40 Image size of job updated: 5057
	5057  -  MemoryUsage of job (MB)
	5179132  -  ResidentSetSize of job (KB)
...
006 (77553400.000.000) 2025-04-14 02:05:40 Image size of job updated: 5116
	5116  -  MemoryUsage of job (MB)
	5239392  -  ResidentSetSize of job (KB)
...
006 (77553400.000.000) 2025-04-14 02:06:41 Image size of job updated: 5146
	5146  -  MemoryUsage of job (MB)
	5269852  -  ResidentSetSize of job (KB)
...
006 (77553400.000.000) 2025-04-14 02:07:41 Image size of job updated: 5205
	5205  -  MemoryUsage of job (MB)
	5329984  -  ResidentSetSize of job (KB)
...
006 (77553400.000.000) 2025-04-14 02:08:41 Image size of job updated: 5263
	5263  -  MemoryUsage of job (MB)
	5389892  -  ResidentSetSize of job (KB)
...
006 (77553400.000.000) 2025-04-14 02:09:42 Image size of job updated: 5322
	5322  -  MemoryUsage of job (MB)
	5450552  -  ResidentSetSize of job (KB)
...
006 (77553400.000.000) 2025-04-14 02:10:42 Image size of job updated: 5381
	5381  -  MemoryUsage of job (MB)
	5510512  -  ResidentSetSize of job (KB)
...
006 (77553400.000.000) 2025-04-14 02:11:43 Image size of job updated: 5440
	5440  -  MemoryUsage of job (MB)
	5570656  -  ResidentSetSize of job (KB)
...
006 (77553400.000.000) 2025-04-14 02:12:43 Image size of job updated: 5498
	5498  -  MemoryUsage of job (MB)
	5630748  -  ResidentSetSize of job (KB)
...
006 (77553400.000.000) 2025-04-14 02:13:43 Image size of job updated: 5557
	5557  -  MemoryUsage of job (MB)
	5690868  -  ResidentSetSize of job (KB)
...
006 (77553400.000.000) 2025-04-14 02:14:44 Image size of job updated: 5616
	5616  -  MemoryUsage of job (MB)
	5751080  -  ResidentSetSize of job (KB)
...
006 (77553400.000.000) 2025-04-14 02:15:44 Image size of job updated: 5675
	5675  -  MemoryUsage of job (MB)
	5811252  -  ResidentSetSize of job (KB)
...
006 (77553400.000.000) 2025-04-14 02:16:45 Image size of job updated: 5705
	5705  -  MemoryUsage of job (MB)
	5842408  -  ResidentSetSize of job (KB)
...
006 (77553400.000.000) 2025-04-14 02:17:46 Image size of job updated: 5764
	5764  -  MemoryUsage of job (MB)
	5902720  -  ResidentSetSize of job (KB)
...
006 (77553400.000.000) 2025-04-14 02:18:46 Image size of job updated: 5822
	5822  -  MemoryUsage of job (MB)
	5962680  -  ResidentSetSize of job (KB)
...
006 (77553400.000.000) 2025-04-14 02:19:47 Image size of job updated: 5882
	5882  -  MemoryUsage of job (MB)
	6023228  -  ResidentSetSize of job (KB)
...
006 (77553400.000.000) 2025-04-14 02:20:47 Image size of job updated: 5940
	5940  -  MemoryUsage of job (MB)
	6083176  -  ResidentSetSize of job (KB)
...
006 (77553400.000.000) 2025-04-14 02:21:48 Image size of job updated: 5999
	5999  -  MemoryUsage of job (MB)
	6143404  -  ResidentSetSize of job (KB)
...
006 (77553400.000.000) 2025-04-14 02:22:48 Image size of job updated: 6058
	6058  -  MemoryUsage of job (MB)
	6203636  -  ResidentSetSize of job (KB)
...
006 (77553400.000.000) 2025-04-14 02:23:49 Image size of job updated: 6087
	6087  -  MemoryUsage of job (MB)
	6233924  -  ResidentSetSize of job (KB)
...
006 (77553400.000.000) 2025-04-14 02:24:50 Image size of job updated: 6146
	6146  -  MemoryUsage of job (MB)
	6293808  -  ResidentSetSize of job (KB)
...
006 (77553400.000.000) 2025-04-14 02:25:50 Image size of job updated: 6205
	6205  -  MemoryUsage of job (MB)
	6354312  -  ResidentSetSize of job (KB)
...
006 (77553400.000.000) 2025-04-14 02:26:51 Image size of job updated: 6263
	6263  -  MemoryUsage of job (MB)
	6414212  -  ResidentSetSize of job (KB)
...
006 (77553400.000.000) 2025-04-14 02:27:51 Image size of job updated: 6322
	6322  -  MemoryUsage of job (MB)
	6474364  -  ResidentSetSize of job (KB)
...
006 (77553400.000.000) 2025-04-14 02:28:52 Image size of job updated: 6381
	6381  -  MemoryUsage of job (MB)
	6534660  -  ResidentSetSize of job (KB)
...
006 (77553400.000.000) 2025-04-14 02:29:53 Image size of job updated: 6440
	6440  -  MemoryUsage of job (MB)
	6594904  -  ResidentSetSize of job (KB)
...
006 (77553400.000.000) 2025-04-14 02:30:53 Image size of job updated: 6498
	6498  -  MemoryUsage of job (MB)
	6654932  -  ResidentSetSize of job (KB)
...
006 (77553400.000.000) 2025-04-14 02:31:54 Image size of job updated: 6557
	6557  -  MemoryUsage of job (MB)
	6715256  -  ResidentSetSize of job (KB)
...
006 (77553400.000.000) 2025-04-14 02:32:54 Image size of job updated: 6616
	6616  -  MemoryUsage of job (MB)
	6775564  -  ResidentSetSize of job (KB)
...
006 (77553400.000.000) 2025-04-14 02:33:55 Image size of job updated: 6675
	6675  -  MemoryUsage of job (MB)
	6835880  -  ResidentSetSize of job (KB)
...
006 (77553400.000.000) 2025-04-14 02:34:55 Image size of job updated: 6734
	6734  -  MemoryUsage of job (MB)
	6896380  -  ResidentSetSize of job (KB)
...
006 (77553400.000.000) 2025-04-14 02:35:55 Image size of job updated: 6793
	6793  -  MemoryUsage of job (MB)
	6956348  -  ResidentSetSize of job (KB)
...
006 (77553400.000.000) 2025-04-14 02:36:56 Image size of job updated: 6851
	6851  -  MemoryUsage of job (MB)
	7016376  -  ResidentSetSize of job (KB)
...
006 (77553400.000.000) 2025-04-14 02:37:56 Image size of job updated: 6910
	6910  -  MemoryUsage of job (MB)
	7076568  -  ResidentSetSize of job (KB)
...
006 (77553400.000.000) 2025-04-14 02:38:57 Image size of job updated: 6940
	6940  -  MemoryUsage of job (MB)
	7106952  -  ResidentSetSize of job (KB)
...
006 (77553400.000.000) 2025-04-14 02:39:57 Image size of job updated: 6999
	6999  -  MemoryUsage of job (MB)
	7167204  -  ResidentSetSize of job (KB)
...
006 (77553400.000.000) 2025-04-14 02:40:58 Image size of job updated: 7057
	7057  -  MemoryUsage of job (MB)
	7227196  -  ResidentSetSize of job (KB)
...
006 (77553400.000.000) 2025-04-14 02:41:58 Image size of job updated: 7116
	7116  -  MemoryUsage of job (MB)
	7287412  -  ResidentSetSize of job (KB)
...
006 (77553400.000.000) 2025-04-14 02:42:59 Image size of job updated: 7175
	7175  -  MemoryUsage of job (MB)
	7347604  -  ResidentSetSize of job (KB)
...
006 (77553400.000.000) 2025-04-14 02:43:59 Image size of job updated: 7232
	7232  -  MemoryUsage of job (MB)
	7406192  -  ResidentSetSize of job (KB)
...
006 (77553400.000.000) 2025-04-14 02:45:00 Image size of job updated: 7291
	7291  -  MemoryUsage of job (MB)
	7466464  -  ResidentSetSize of job (KB)
...
006 (77553400.000.000) 2025-04-14 02:46:00 Image size of job updated: 7350
	7350  -  MemoryUsage of job (MB)
	7526576  -  ResidentSetSize of job (KB)
...
006 (77553400.000.000) 2025-04-14 02:47:01 Image size of job updated: 7400
	7400  -  MemoryUsage of job (MB)
	7577640  -  ResidentSetSize of job (KB)
...
006 (77553400.000.000) 2025-04-14 02:48:01 Image size of job updated: 7435
	7435  -  MemoryUsage of job (MB)
	7613444  -  ResidentSetSize of job (KB)
...
006 (77553400.000.000) 2025-04-14 02:49:02 Image size of job updated: 7494
	7494  -  MemoryUsage of job (MB)
	7674012  -  ResidentSetSize of job (KB)
...
006 (77553400.000.000) 2025-04-14 02:50:02 Image size of job updated: 7552
	7552  -  MemoryUsage of job (MB)
	7733884  -  ResidentSetSize of job (KB)
...
006 (77553400.000.000) 2025-04-14 02:51:03 Image size of job updated: 7611
	7611  -  MemoryUsage of job (MB)
	7794288  -  ResidentSetSize of job (KB)
...
006 (77553400.000.000) 2025-04-14 02:52:03 Image size of job updated: 7670
	7670  -  MemoryUsage of job (MB)
	7854440  -  ResidentSetSize of job (KB)
...
006 (77553400.000.000) 2025-04-14 02:53:04 Image size of job updated: 7729
	7729  -  MemoryUsage of job (MB)
	7914832  -  ResidentSetSize of job (KB)
...
006 (77553400.000.000) 2025-04-14 02:54:04 Image size of job updated: 7787
	7787  -  MemoryUsage of job (MB)
	7974652  -  ResidentSetSize of job (KB)
...
006 (77553400.000.000) 2025-04-14 02:55:05 Image size of job updated: 7846
	7846  -  MemoryUsage of job (MB)
	8035112  -  ResidentSetSize of job (KB)
...
006 (77553400.000.000) 2025-04-14 02:56:05 Image size of job updated: 7905
	7905  -  MemoryUsage of job (MB)
	8095244  -  ResidentSetSize of job (KB)
...
006 (77553400.000.000) 2025-04-14 02:57:05 Image size of job updated: 7964
	7964  -  MemoryUsage of job (MB)
	8155336  -  ResidentSetSize of job (KB)
...
006 (77553400.000.000) 2025-04-14 02:58:06 Image size of job updated: 8023
	8023  -  MemoryUsage of job (MB)
	8215680  -  ResidentSetSize of job (KB)
...
006 (77553400.000.000) 2025-04-14 02:59:06 Image size of job updated: 8082
	8082  -  MemoryUsage of job (MB)
	8276112  -  ResidentSetSize of job (KB)
...
006 (77553400.000.000) 2025-04-14 03:00:07 Image size of job updated: 8131
	8131  -  MemoryUsage of job (MB)
	8326640  -  ResidentSetSize of job (KB)
...
006 (77553400.000.000) 2025-04-14 03:01:07 Image size of job updated: 8190
	8190  -  MemoryUsage of job (MB)
	8387072  -  ResidentSetSize of job (KB)
...
006 (77553400.000.000) 2025-04-14 03:02:08 Image size of job updated: 8191
	8191  -  MemoryUsage of job (MB)
	8388352  -  ResidentSetSize of job (KB)
...
006 (77553400.000.000) 2025-04-14 03:03:08 Image size of job updated: 8191
	8191  -  MemoryUsage of job (MB)
	8388440  -  ResidentSetSize of job (KB)
...
006 (77553400.000.000) 2025-04-14 03:04:09 Image size of job updated: 8191
	8191  -  MemoryUsage of job (MB)
	8388492  -  ResidentSetSize of job (KB)
...
006 (77553400.000.000) 2025-04-14 03:05:10 Image size of job updated: 8191
	8191  -  MemoryUsage of job (MB)
	8388568  -  ResidentSetSize of job (KB)
...
006 (77553400.000.000) 2025-04-14 03:09:13 Image size of job updated: 8192
	8192  -  MemoryUsage of job (MB)
	8388624  -  ResidentSetSize of job (KB)
...
006 (77553400.000.000) 2025-04-14 03:11:14 Image size of job updated: 8192
	8192  -  MemoryUsage of job (MB)
	8388740  -  ResidentSetSize of job (KB)
...
006 (77553400.000.000) 2025-04-14 04:39:14 Image size of job updated: 8192
	8192  -  MemoryUsage of job (MB)
	8388812  -  ResidentSetSize of job (KB)
...
006 (77553400.000.000) 2025-04-14 06:24:06 Image size of job updated: 8192
	8192  -  MemoryUsage of job (MB)
	8388832  -  ResidentSetSize of job (KB)
...
006 (77553400.000.000) 2025-04-14 06:25:07 Image size of job updated: 8192
	8192  -  MemoryUsage of job (MB)
	8388848  -  ResidentSetSize of job (KB)
...
040 (77553400.000.000) 2025-04-14 07:51:37 Finished transferring output files
...
005 (77553400.000.000) 2025-04-14 07:51:38 Job terminated.
	(1) Normal termination (return value 0)
		Usr 0 05:40:34, Sys 0 00:03:59  -  Run Remote Usage
		Usr 0 00:00:00, Sys 0 00:00:00  -  Run Local Usage
		Usr 0 05:40:34, Sys 0 00:03:59  -  Total Remote Usage
		Usr 0 00:00:00, Sys 0 00:00:00  -  Total Local Usage
	0  -  Run Bytes Sent By Job
	598208704  -  Run Bytes Received By Job
	0  -  Total Bytes Sent By Job
	598208704  -  Total Bytes Received By Job
	Partitionable Resources :       Usage  Request Allocated 
	   Cpus                 :        0.01        1         1 
	   Disk (KB)            : 20059586    52428800  52432092 
	   GPUs                 :                              0 
	   Memory (MB)          :     8192        8192      8192 
	   TimeExecute (s)      :    26449                       
	   TimeSlotBusy (s)     :    26458                       

	Job terminated of its own accord at 2025-04-14T12:51:37Z with exit-code 0.
...
