000 (77553689.000.000) 2025-04-14 02:09:24 Job submitted from host: <131.225.189.168:9618?addrs=131.225.189.168-9618+[2620-6a-0-8421-f0-0-189-168]-9618&alias=lpcschedd6.fnal.gov&noUDP&sock=schedd_2292_b328>
...
000 (77553689.001.000) 2025-04-14 02:09:24 Job submitted from host: <131.225.189.168:9618?addrs=131.225.189.168-9618+[2620-6a-0-8421-f0-0-189-168]-9618&alias=lpcschedd6.fnal.gov&noUDP&sock=schedd_2292_b328>
...
000 (77553689.002.000) 2025-04-14 02:09:24 Job submitted from host: <131.225.189.168:9618?addrs=131.225.189.168-9618+[2620-6a-0-8421-f0-0-189-168]-9618&alias=lpcschedd6.fnal.gov&noUDP&sock=schedd_2292_b328>
...
040 (77553689.000.000) 2025-04-14 02:09:33 Started transferring input files
	Transferring to host: <131.225.189.231:9618?addrs=[2620-6a-0-8421-f0-0-189-231]-9618+131.225.189.231-9618&alias=cmswn2155.fnal.gov&noUDP&sock=slot1_24_2418_731b_25757>
...
040 (77553689.000.000) 2025-04-14 02:09:40 Finished transferring input files
...
001 (77553689.000.000) 2025-04-14 02:09:41 Job executing on host: <131.225.189.231:9618?addrs=[2620-6a-0-8421-f0-0-189-231]-9618+131.225.189.231-9618&alias=cmswn2155.fnal.gov&noUDP&sock=startd_2312_6b0d>
	SlotName: slot1_24@cmswn2155.fnal.gov
	CondorScratchDir = "/storage/local/data1/condor/execute/dir_3767363"
	Cpus = 1
	Disk = 52432100
	GPUs = 0
	Memory = 8192
...
040 (77553689.001.000) 2025-04-14 02:10:17 Started transferring input files
	Transferring to host: <131.225.188.161:9618?addrs=[2620-6a-0-8421-f0-0-188-161]-9618+131.225.188.161-9618&alias=cmswn2055.fnal.gov&noUDP&sock=slot1_1_2664_c765_21903>
...
040 (77553689.002.000) 2025-04-14 02:10:18 Started transferring input files
	Transferring to host: <131.225.189.225:9618?addrs=[2620-6a-0-8421-f0-0-189-225]-9618+131.225.189.225-9618&alias=cmswn2150.fnal.gov&noUDP&sock=slot1_2_2322_cf18_20101>
...
040 (77553689.001.000) 2025-04-14 02:10:26 Finished transferring input files
...
001 (77553689.001.000) 2025-04-14 02:10:27 Job executing on host: <131.225.188.161:9618?addrs=[2620-6a-0-8421-f0-0-188-161]-9618+131.225.188.161-9618&alias=cmswn2055.fnal.gov&noUDP&sock=startd_2288_f4c7>
	SlotName: slot1_1@cmswn2055.fnal.gov
	CondorScratchDir = "/storage/local/data1/condor/execute/dir_2052326"
	Cpus = 1
	Disk = 52430330
	GPUs = 0
	Memory = 8192
...
006 (77553689.001.000) 2025-04-14 02:10:35 Image size of job updated: 69
	69  -  MemoryUsage of job (MB)
	71420  -  ResidentSetSize of job (KB)
...
040 (77553689.002.000) 2025-04-14 02:10:44 Finished transferring input files
...
040 (77553689.002.000) 2025-04-14 02:10:45 Started transferring output files
...
021 (77553689.002.000) 2025-04-14 02:10:45 Error from starter on slot1_2@cmswn2150.fnal.gov:
	Failed to transfer files: SHADOW at 131.225.189.168 failed to send file(s) to <131.225.189.225:35497>: |Error: reading from file /uscms_data/d3/msahoo/Project_tzq/CMSSW_12_3_4/src/single_top_analyser/./Era_c_all.out: (errno 2) No such file or directory; STARTER failed to receive file(s) from <131.225.189.168:9618>
	Code 13 Subcode 2
...
004 (77553689.002.000) 2025-04-14 02:10:45 Job was evicted.
	(0) CPU times
		Usr 0 00:00:00, Sys 0 00:00:00  -  Run Remote Usage
		Usr 0 00:00:00, Sys 0 00:00:00  -  Run Local Usage
	0  -  Run Bytes Sent By Job
	647541696  -  Run Bytes Received By Job
	Transfer input files failure at access point lpcschedd6 while sending files to execution point slot1_2@cmswn2150.fnal.gov. Details: reading from file /uscms_data/d3/msahoo/Project_tzq/CMSSW_12_3_4/src/single_top_analyser/./Era_c_all.out: (errno 2) No such file or directory
	Partitionable Resources :    Usage  Request Allocated 
	   Cpus                 :                 1         1 
	   Disk (KB)            :   632377 52428800  52432301 
	   GPUs                 :                           0 
	   Memory (MB)          :              8192      8192 
...
012 (77553689.002.000) 2025-04-14 02:10:45 Job was held.
	Transfer input files failure at access point lpcschedd6 while sending files to execution point slot1_2@cmswn2150.fnal.gov. Details: reading from file /uscms_data/d3/msahoo/Project_tzq/CMSSW_12_3_4/src/single_top_analyser/./Era_c_all.out: (errno 2) No such file or directory
	Code 13 Subcode 2
...
006 (77553689.000.000) 2025-04-14 02:10:49 Image size of job updated: 609
	609  -  MemoryUsage of job (MB)
	624436  -  ResidentSetSize of job (KB)
...
006 (77553689.001.000) 2025-04-14 02:11:35 Image size of job updated: 562
	562  -  MemoryUsage of job (MB)
	575904  -  ResidentSetSize of job (KB)
...
006 (77553689.000.000) 2025-04-14 02:11:50 Image size of job updated: 610
	610  -  MemoryUsage of job (MB)
	625624  -  ResidentSetSize of job (KB)
...
006 (77553689.001.000) 2025-04-14 02:12:36 Image size of job updated: 562
	562  -  MemoryUsage of job (MB)
	576312  -  ResidentSetSize of job (KB)
...
006 (77553689.001.000) 2025-04-14 02:14:37 Image size of job updated: 563
	563  -  MemoryUsage of job (MB)
	577236  -  ResidentSetSize of job (KB)
...
006 (77553689.000.000) 2025-04-14 02:14:50 Image size of job updated: 612
	612  -  MemoryUsage of job (MB)
	626876  -  ResidentSetSize of job (KB)
...
006 (77553689.001.000) 2025-04-14 02:15:37 Image size of job updated: 563
	563  -  MemoryUsage of job (MB)
	577356  -  ResidentSetSize of job (KB)
...
006 (77553689.000.000) 2025-04-14 02:15:50 Image size of job updated: 613
	613  -  MemoryUsage of job (MB)
	628484  -  ResidentSetSize of job (KB)
...
006 (77553689.000.000) 2025-04-14 02:16:51 Image size of job updated: 614
	614  -  MemoryUsage of job (MB)
	628800  -  ResidentSetSize of job (KB)
...
006 (77553689.000.000) 2025-04-14 02:17:52 Image size of job updated: 689
	689  -  MemoryUsage of job (MB)
	706484  -  ResidentSetSize of job (KB)
...
006 (77553689.001.000) 2025-04-14 02:18:39 Image size of job updated: 860
	860  -  MemoryUsage of job (MB)
	881660  -  ResidentSetSize of job (KB)
...
006 (77553689.000.000) 2025-04-14 02:18:53 Image size of job updated: 1015
	1015  -  MemoryUsage of job (MB)
	1040240  -  ResidentSetSize of job (KB)
...
006 (77553689.001.000) 2025-04-14 02:19:40 Image size of job updated: 934
	934  -  MemoryUsage of job (MB)
	956852  -  ResidentSetSize of job (KB)
...
006 (77553689.001.000) 2025-04-14 02:20:41 Image size of job updated: 934
	934  -  MemoryUsage of job (MB)
	957024  -  ResidentSetSize of job (KB)
...
006 (77553689.001.000) 2025-04-14 02:21:42 Image size of job updated: 947
	947  -  MemoryUsage of job (MB)
	970724  -  ResidentSetSize of job (KB)
...
006 (77553689.001.000) 2025-04-14 02:22:42 Image size of job updated: 947
	947  -  MemoryUsage of job (MB)
	970748  -  ResidentSetSize of job (KB)
...
006 (77553689.001.000) 2025-04-14 02:23:42 Image size of job updated: 949
	949  -  MemoryUsage of job (MB)
	972524  -  ResidentSetSize of job (KB)
...
006 (77553689.000.000) 2025-04-14 02:24:56 Image size of job updated: 1041
	1041  -  MemoryUsage of job (MB)
	1066252  -  ResidentSetSize of job (KB)
...
006 (77553689.001.000) 2025-04-14 02:26:43 Image size of job updated: 949
	949  -  MemoryUsage of job (MB)
	972700  -  ResidentSetSize of job (KB)
...
006 (77553689.000.000) 2025-04-14 02:26:58 Image size of job updated: 1041
	1041  -  MemoryUsage of job (MB)
	1066848  -  ResidentSetSize of job (KB)
...
006 (77553689.000.000) 2025-04-14 02:27:59 Image size of job updated: 1055
	1055  -  MemoryUsage of job (MB)
	1080396  -  ResidentSetSize of job (KB)
...
006 (77553689.001.000) 2025-04-14 02:28:44 Image size of job updated: 996
	996  -  MemoryUsage of job (MB)
	1020260  -  ResidentSetSize of job (KB)
...
006 (77553689.001.000) 2025-04-14 02:29:44 Image size of job updated: 1122
	1122  -  MemoryUsage of job (MB)
	1149288  -  ResidentSetSize of job (KB)
...
006 (77553689.001.000) 2025-04-14 02:30:45 Image size of job updated: 1287
	1287  -  MemoryUsage of job (MB)
	1318156  -  ResidentSetSize of job (KB)
...
006 (77553689.001.000) 2025-04-14 02:31:46 Image size of job updated: 1320
	1320  -  MemoryUsage of job (MB)
	1352436  -  ResidentSetSize of job (KB)
...
006 (77553689.001.000) 2025-04-14 02:32:46 Image size of job updated: 1349
	1349  -  MemoryUsage of job (MB)
	1382380  -  ResidentSetSize of job (KB)
...
006 (77553689.001.000) 2025-04-14 02:33:46 Image size of job updated: 1379
	1379  -  MemoryUsage of job (MB)
	1412832  -  ResidentSetSize of job (KB)
...
006 (77553689.001.000) 2025-04-14 02:34:46 Image size of job updated: 1409
	1409  -  MemoryUsage of job (MB)
	1443056  -  ResidentSetSize of job (KB)
...
006 (77553689.001.000) 2025-04-14 02:35:47 Image size of job updated: 1438
	1438  -  MemoryUsage of job (MB)
	1473344  -  ResidentSetSize of job (KB)
...
006 (77553689.001.000) 2025-04-14 02:36:48 Image size of job updated: 1468
	1468  -  MemoryUsage of job (MB)
	1503728  -  ResidentSetSize of job (KB)
...
006 (77553689.000.000) 2025-04-14 02:37:04 Image size of job updated: 1064
	1064  -  MemoryUsage of job (MB)
	1089544  -  ResidentSetSize of job (KB)
...
006 (77553689.001.000) 2025-04-14 02:37:48 Image size of job updated: 1498
	1498  -  MemoryUsage of job (MB)
	1533956  -  ResidentSetSize of job (KB)
...
006 (77553689.001.000) 2025-04-14 02:38:49 Image size of job updated: 1527
	1527  -  MemoryUsage of job (MB)
	1564088  -  ResidentSetSize of job (KB)
...
006 (77553689.001.000) 2025-04-14 02:39:49 Image size of job updated: 1557
	1557  -  MemoryUsage of job (MB)
	1594476  -  ResidentSetSize of job (KB)
...
006 (77553689.001.000) 2025-04-14 02:40:50 Image size of job updated: 1586
	1586  -  MemoryUsage of job (MB)
	1624768  -  ResidentSetSize of job (KB)
...
006 (77553689.001.000) 2025-04-14 02:41:50 Image size of job updated: 1616
	1616  -  MemoryUsage of job (MB)
	1654904  -  ResidentSetSize of job (KB)
...
006 (77553689.000.000) 2025-04-14 02:42:07 Image size of job updated: 1087
	1087  -  MemoryUsage of job (MB)
	1113808  -  ResidentSetSize of job (KB)
...
006 (77553689.001.000) 2025-04-14 02:42:51 Image size of job updated: 1645
	1645  -  MemoryUsage of job (MB)
	1685384  -  ResidentSetSize of job (KB)
...
006 (77553689.000.000) 2025-04-14 02:43:07 Image size of job updated: 1193
	1193  -  MemoryUsage of job (MB)
	1221868  -  ResidentSetSize of job (KB)
...
006 (77553689.001.000) 2025-04-14 02:43:51 Image size of job updated: 1674
	1674  -  MemoryUsage of job (MB)
	1714628  -  ResidentSetSize of job (KB)
...
006 (77553689.000.000) 2025-04-14 02:44:08 Image size of job updated: 1345
	1345  -  MemoryUsage of job (MB)
	1377632  -  ResidentSetSize of job (KB)
...
006 (77553689.001.000) 2025-04-14 02:44:51 Image size of job updated: 1704
	1704  -  MemoryUsage of job (MB)
	1745312  -  ResidentSetSize of job (KB)
...
006 (77553689.001.000) 2025-04-14 02:54:56 Image size of job updated: 1749
	1749  -  MemoryUsage of job (MB)
	1790984  -  ResidentSetSize of job (KB)
...
006 (77553689.001.000) 2025-04-14 02:55:57 Image size of job updated: 1778
	1778  -  MemoryUsage of job (MB)
	1821560  -  ResidentSetSize of job (KB)
...
006 (77553689.001.000) 2025-04-14 02:56:58 Image size of job updated: 1822
	1822  -  MemoryUsage of job (MB)
	1866568  -  ResidentSetSize of job (KB)
...
006 (77553689.001.000) 2025-04-14 02:57:58 Image size of job updated: 1869
	1869  -  MemoryUsage of job (MB)
	1914344  -  ResidentSetSize of job (KB)
...
006 (77553689.001.000) 2025-04-14 02:58:59 Image size of job updated: 1899
	1899  -  MemoryUsage of job (MB)
	1945204  -  ResidentSetSize of job (KB)
...
006 (77553689.000.000) 2025-04-14 02:59:15 Image size of job updated: 1355
	1355  -  MemoryUsage of job (MB)
	1387568  -  ResidentSetSize of job (KB)
...
006 (77553689.001.000) 2025-04-14 03:00:00 Image size of job updated: 1930
	1930  -  MemoryUsage of job (MB)
	1977048  -  ResidentSetSize of job (KB)
...
006 (77553689.000.000) 2025-04-14 03:00:16 Image size of job updated: 1367
	1367  -  MemoryUsage of job (MB)
	1400188  -  ResidentSetSize of job (KB)
...
006 (77553689.001.000) 2025-04-14 03:01:01 Image size of job updated: 1989
	1989  -  MemoryUsage of job (MB)
	2037204  -  ResidentSetSize of job (KB)
...
006 (77553689.000.000) 2025-04-14 03:01:17 Image size of job updated: 1397
	1397  -  MemoryUsage of job (MB)
	1430540  -  ResidentSetSize of job (KB)
...
006 (77553689.001.000) 2025-04-14 03:02:02 Image size of job updated: 2019
	2019  -  MemoryUsage of job (MB)
	2067928  -  ResidentSetSize of job (KB)
...
006 (77553689.000.000) 2025-04-14 03:02:17 Image size of job updated: 1426
	1426  -  MemoryUsage of job (MB)
	1461216  -  ResidentSetSize of job (KB)
...
006 (77553689.001.000) 2025-04-14 03:03:03 Image size of job updated: 2049
	2049  -  MemoryUsage of job (MB)
	2099184  -  ResidentSetSize of job (KB)
...
006 (77553689.000.000) 2025-04-14 03:03:17 Image size of job updated: 1427
	1427  -  MemoryUsage of job (MB)
	1461412  -  ResidentSetSize of job (KB)
...
006 (77553689.001.000) 2025-04-14 03:04:03 Image size of job updated: 2081
	2081  -  MemoryUsage of job (MB)
	2131416  -  ResidentSetSize of job (KB)
...
006 (77553689.000.000) 2025-04-14 03:04:18 Image size of job updated: 1456
	1456  -  MemoryUsage of job (MB)
	1491868  -  ResidentSetSize of job (KB)
...
006 (77553689.001.000) 2025-04-14 03:05:03 Image size of job updated: 2139
	2139  -  MemoryUsage of job (MB)
	2190976  -  ResidentSetSize of job (KB)
...
006 (77553689.000.000) 2025-04-14 03:05:19 Image size of job updated: 1486
	1486  -  MemoryUsage of job (MB)
	1522392  -  ResidentSetSize of job (KB)
...
006 (77553689.001.000) 2025-04-14 03:06:03 Image size of job updated: 2169
	2169  -  MemoryUsage of job (MB)
	2221448  -  ResidentSetSize of job (KB)
...
006 (77553689.000.000) 2025-04-14 03:06:20 Image size of job updated: 1516
	1516  -  MemoryUsage of job (MB)
	1553244  -  ResidentSetSize of job (KB)
...
006 (77553689.001.000) 2025-04-14 03:07:04 Image size of job updated: 2199
	2199  -  MemoryUsage of job (MB)
	2252676  -  ResidentSetSize of job (KB)
...
006 (77553689.000.000) 2025-04-14 03:07:20 Image size of job updated: 1546
	1546  -  MemoryUsage of job (MB)
	1583880  -  ResidentSetSize of job (KB)
...
006 (77553689.001.000) 2025-04-14 03:08:05 Image size of job updated: 2228
	2228  -  MemoryUsage of job (MB)
	2281904  -  ResidentSetSize of job (KB)
...
006 (77553689.000.000) 2025-04-14 03:08:20 Image size of job updated: 1576
	1576  -  MemoryUsage of job (MB)
	1614600  -  ResidentSetSize of job (KB)
...
006 (77553689.001.000) 2025-04-14 03:09:06 Image size of job updated: 2258
	2258  -  MemoryUsage of job (MB)
	2312392  -  ResidentSetSize of job (KB)
...
006 (77553689.000.000) 2025-04-14 03:09:20 Image size of job updated: 1606
	1606  -  MemoryUsage of job (MB)
	1645396  -  ResidentSetSize of job (KB)
...
006 (77553689.001.000) 2025-04-14 03:10:06 Image size of job updated: 2289
	2289  -  MemoryUsage of job (MB)
	2344612  -  ResidentSetSize of job (KB)
...
006 (77553689.000.000) 2025-04-14 03:10:21 Image size of job updated: 1633
	1633  -  MemoryUsage of job (MB)
	1672292  -  ResidentSetSize of job (KB)
...
006 (77553689.001.000) 2025-04-14 03:11:06 Image size of job updated: 2349
	2349  -  MemoryUsage of job (MB)
	2405400  -  ResidentSetSize of job (KB)
...
006 (77553689.000.000) 2025-04-14 03:11:22 Image size of job updated: 1663
	1663  -  MemoryUsage of job (MB)
	1703168  -  ResidentSetSize of job (KB)
...
006 (77553689.001.000) 2025-04-14 03:12:06 Image size of job updated: 2350
	2350  -  MemoryUsage of job (MB)
	2407204  -  ResidentSetSize of job (KB)
...
006 (77553689.000.000) 2025-04-14 03:12:22 Image size of job updated: 1693
	1693  -  MemoryUsage of job (MB)
	1733764  -  ResidentSetSize of job (KB)
...
006 (77553689.001.000) 2025-04-14 03:13:06 Image size of job updated: 2380
	2380  -  MemoryUsage of job (MB)
	2438024  -  ResidentSetSize of job (KB)
...
006 (77553689.000.000) 2025-04-14 03:13:23 Image size of job updated: 1725
	1725  -  MemoryUsage of job (MB)
	1766624  -  ResidentSetSize of job (KB)
...
006 (77553689.001.000) 2025-04-14 03:14:06 Image size of job updated: 2410
	2410  -  MemoryUsage of job (MB)
	2468488  -  ResidentSetSize of job (KB)
...
006 (77553689.000.000) 2025-04-14 03:14:24 Image size of job updated: 1754
	1754  -  MemoryUsage of job (MB)
	1797008  -  ResidentSetSize of job (KB)
...
006 (77553689.001.000) 2025-04-14 03:15:07 Image size of job updated: 2441
	2441  -  MemoryUsage of job (MB)
	2500176  -  ResidentSetSize of job (KB)
...
006 (77553689.001.000) 2025-04-14 03:16:07 Image size of job updated: 2481
	2481  -  MemoryUsage of job (MB)
	2541348  -  ResidentSetSize of job (KB)
...
006 (77553689.000.000) 2025-04-14 03:16:26 Image size of job updated: 1756
	1756  -  MemoryUsage of job (MB)
	1798220  -  ResidentSetSize of job (KB)
...
006 (77553689.001.000) 2025-04-14 03:17:08 Image size of job updated: 2502
	2502  -  MemoryUsage of job (MB)
	2562332  -  ResidentSetSize of job (KB)
...
006 (77553689.000.000) 2025-04-14 03:17:27 Image size of job updated: 1785
	1785  -  MemoryUsage of job (MB)
	1828744  -  ResidentSetSize of job (KB)
...
006 (77553689.001.000) 2025-04-14 03:18:09 Image size of job updated: 2541
	2541  -  MemoryUsage of job (MB)
	2602052  -  ResidentSetSize of job (KB)
...
006 (77553689.000.000) 2025-04-14 03:18:27 Image size of job updated: 1815
	1815  -  MemoryUsage of job (MB)
	1858808  -  ResidentSetSize of job (KB)
...
006 (77553689.001.000) 2025-04-14 03:19:09 Image size of job updated: 2562
	2562  -  MemoryUsage of job (MB)
	2623612  -  ResidentSetSize of job (KB)
...
006 (77553689.000.000) 2025-04-14 03:19:28 Image size of job updated: 1815
	1815  -  MemoryUsage of job (MB)
	1859248  -  ResidentSetSize of job (KB)
...
006 (77553689.001.000) 2025-04-14 03:20:09 Image size of job updated: 2591
	2591  -  MemoryUsage of job (MB)
	2653776  -  ResidentSetSize of job (KB)
...
006 (77553689.000.000) 2025-04-14 03:20:29 Image size of job updated: 1845
	1845  -  MemoryUsage of job (MB)
	1889748  -  ResidentSetSize of job (KB)
...
006 (77553689.001.000) 2025-04-14 03:21:09 Image size of job updated: 2650
	2650  -  MemoryUsage of job (MB)
	2714568  -  ResidentSetSize of job (KB)
...
006 (77553689.000.000) 2025-04-14 03:21:29 Image size of job updated: 1875
	1875  -  MemoryUsage of job (MB)
	1920452  -  ResidentSetSize of job (KB)
...
006 (77553689.001.000) 2025-04-14 03:22:09 Image size of job updated: 2681
	2681  -  MemoryUsage of job (MB)
	2745628  -  ResidentSetSize of job (KB)
...
006 (77553689.000.000) 2025-04-14 03:22:30 Image size of job updated: 1905
	1905  -  MemoryUsage of job (MB)
	1950760  -  ResidentSetSize of job (KB)
...
006 (77553689.001.000) 2025-04-14 03:23:09 Image size of job updated: 2711
	2711  -  MemoryUsage of job (MB)
	2776628  -  ResidentSetSize of job (KB)
...
006 (77553689.000.000) 2025-04-14 03:23:31 Image size of job updated: 1934
	1934  -  MemoryUsage of job (MB)
	1981016  -  ResidentSetSize of job (KB)
...
006 (77553689.001.000) 2025-04-14 03:24:10 Image size of job updated: 2742
	2742  -  MemoryUsage of job (MB)
	2807812  -  ResidentSetSize of job (KB)
...
006 (77553689.000.000) 2025-04-14 03:24:31 Image size of job updated: 1944
	1944  -  MemoryUsage of job (MB)
	1990928  -  ResidentSetSize of job (KB)
...
006 (77553689.001.000) 2025-04-14 03:25:10 Image size of job updated: 2772
	2772  -  MemoryUsage of job (MB)
	2838588  -  ResidentSetSize of job (KB)
...
006 (77553689.000.000) 2025-04-14 03:25:33 Image size of job updated: 1965
	1965  -  MemoryUsage of job (MB)
	2012316  -  ResidentSetSize of job (KB)
...
006 (77553689.001.000) 2025-04-14 03:26:11 Image size of job updated: 2801
	2801  -  MemoryUsage of job (MB)
	2868984  -  ResidentSetSize of job (KB)
...
006 (77553689.000.000) 2025-04-14 03:26:34 Image size of job updated: 1994
	1994  -  MemoryUsage of job (MB)
	2042676  -  ResidentSetSize of job (KB)
...
006 (77553689.001.000) 2025-04-14 03:27:11 Image size of job updated: 2832
	2832  -  MemoryUsage of job (MB)
	2900268  -  ResidentSetSize of job (KB)
...
006 (77553689.000.000) 2025-04-14 03:27:34 Image size of job updated: 2025
	2025  -  MemoryUsage of job (MB)
	2073648  -  ResidentSetSize of job (KB)
...
006 (77553689.001.000) 2025-04-14 03:28:11 Image size of job updated: 2863
	2863  -  MemoryUsage of job (MB)
	2932136  -  ResidentSetSize of job (KB)
...
006 (77553689.000.000) 2025-04-14 03:28:34 Image size of job updated: 2054
	2054  -  MemoryUsage of job (MB)
	2104072  -  ResidentSetSize of job (KB)
...
006 (77553689.001.000) 2025-04-14 03:29:11 Image size of job updated: 2922
	2922  -  MemoryUsage of job (MB)
	2992128  -  ResidentSetSize of job (KB)
...
006 (77553689.000.000) 2025-04-14 03:29:35 Image size of job updated: 2084
	2084  -  MemoryUsage of job (MB)
	2134748  -  ResidentSetSize of job (KB)
...
006 (77553689.001.000) 2025-04-14 03:30:11 Image size of job updated: 2952
	2952  -  MemoryUsage of job (MB)
	3023304  -  ResidentSetSize of job (KB)
...
006 (77553689.000.000) 2025-04-14 03:30:36 Image size of job updated: 2114
	2114  -  MemoryUsage of job (MB)
	2165188  -  ResidentSetSize of job (KB)
...
006 (77553689.001.000) 2025-04-14 03:31:11 Image size of job updated: 2982
	2982  -  MemoryUsage of job (MB)
	3054244  -  ResidentSetSize of job (KB)
...
006 (77553689.000.000) 2025-04-14 03:31:37 Image size of job updated: 2144
	2144  -  MemoryUsage of job (MB)
	2195756  -  ResidentSetSize of job (KB)
...
006 (77553689.001.000) 2025-04-14 03:32:11 Image size of job updated: 3013
	3013  -  MemoryUsage of job (MB)
	3085388  -  ResidentSetSize of job (KB)
...
006 (77553689.000.000) 2025-04-14 03:32:39 Image size of job updated: 2174
	2174  -  MemoryUsage of job (MB)
	2226324  -  ResidentSetSize of job (KB)
...
006 (77553689.001.000) 2025-04-14 03:33:11 Image size of job updated: 3043
	3043  -  MemoryUsage of job (MB)
	3116632  -  ResidentSetSize of job (KB)
...
006 (77553689.000.000) 2025-04-14 03:33:39 Image size of job updated: 2174
	2174  -  MemoryUsage of job (MB)
	2226504  -  ResidentSetSize of job (KB)
...
006 (77553689.001.000) 2025-04-14 03:34:11 Image size of job updated: 3074
	3074  -  MemoryUsage of job (MB)
	3148456  -  ResidentSetSize of job (KB)
...
006 (77553689.000.000) 2025-04-14 03:34:39 Image size of job updated: 2204
	2204  -  MemoryUsage of job (MB)
	2256916  -  ResidentSetSize of job (KB)
...
006 (77553689.001.000) 2025-04-14 03:35:11 Image size of job updated: 3132
	3132  -  MemoryUsage of job (MB)
	3207796  -  ResidentSetSize of job (KB)
...
006 (77553689.000.000) 2025-04-14 03:35:39 Image size of job updated: 2236
	2236  -  MemoryUsage of job (MB)
	2290260  -  ResidentSetSize of job (KB)
...
006 (77553689.001.000) 2025-04-14 03:36:11 Image size of job updated: 3162
	3162  -  MemoryUsage of job (MB)
	3238356  -  ResidentSetSize of job (KB)
...
006 (77553689.000.000) 2025-04-14 03:36:39 Image size of job updated: 2263
	2263  -  MemoryUsage of job (MB)
	2317896  -  ResidentSetSize of job (KB)
...
006 (77553689.001.000) 2025-04-14 03:37:11 Image size of job updated: 3192
	3192  -  MemoryUsage of job (MB)
	3269188  -  ResidentSetSize of job (KB)
...
006 (77553689.000.000) 2025-04-14 03:37:39 Image size of job updated: 2293
	2293  -  MemoryUsage of job (MB)
	2348528  -  ResidentSetSize of job (KB)
...
006 (77553689.001.000) 2025-04-14 03:38:11 Image size of job updated: 3221
	3221  -  MemoryUsage of job (MB)
	3298840  -  ResidentSetSize of job (KB)
...
006 (77553689.000.000) 2025-04-14 03:38:39 Image size of job updated: 2323
	2323  -  MemoryUsage of job (MB)
	2379296  -  ResidentSetSize of job (KB)
...
006 (77553689.001.000) 2025-04-14 03:39:11 Image size of job updated: 3249
	3249  -  MemoryUsage of job (MB)
	3327900  -  ResidentSetSize of job (KB)
...
006 (77553689.000.000) 2025-04-14 03:39:39 Image size of job updated: 2353
	2353  -  MemoryUsage of job (MB)
	2409748  -  ResidentSetSize of job (KB)
...
006 (77553689.001.000) 2025-04-14 03:40:12 Image size of job updated: 3278
	3278  -  MemoryUsage of job (MB)
	3356848  -  ResidentSetSize of job (KB)
...
006 (77553689.000.000) 2025-04-14 03:40:39 Image size of job updated: 2353
	2353  -  MemoryUsage of job (MB)
	2410076  -  ResidentSetSize of job (KB)
...
006 (77553689.001.000) 2025-04-14 03:41:13 Image size of job updated: 3306
	3306  -  MemoryUsage of job (MB)
	3385824  -  ResidentSetSize of job (KB)
...
006 (77553689.000.000) 2025-04-14 03:41:39 Image size of job updated: 2383
	2383  -  MemoryUsage of job (MB)
	2440528  -  ResidentSetSize of job (KB)
...
006 (77553689.001.000) 2025-04-14 03:42:14 Image size of job updated: 3336
	3336  -  MemoryUsage of job (MB)
	3416256  -  ResidentSetSize of job (KB)
...
006 (77553689.000.000) 2025-04-14 03:42:39 Image size of job updated: 2413
	2413  -  MemoryUsage of job (MB)
	2471248  -  ResidentSetSize of job (KB)
...
006 (77553689.001.000) 2025-04-14 03:43:14 Image size of job updated: 3390
	3390  -  MemoryUsage of job (MB)
	3472304  -  ResidentSetSize of job (KB)
...
006 (77553689.000.000) 2025-04-14 03:43:40 Image size of job updated: 2443
	2443  -  MemoryUsage of job (MB)
	2501684  -  ResidentSetSize of job (KB)
...
006 (77553689.001.000) 2025-04-14 03:44:15 Image size of job updated: 3419
	3419  -  MemoryUsage of job (MB)
	3501432  -  ResidentSetSize of job (KB)
...
006 (77553689.000.000) 2025-04-14 03:44:41 Image size of job updated: 2472
	2472  -  MemoryUsage of job (MB)
	2532132  -  ResidentSetSize of job (KB)
...
006 (77553689.001.000) 2025-04-14 03:45:15 Image size of job updated: 3447
	3447  -  MemoryUsage of job (MB)
	3530536  -  ResidentSetSize of job (KB)
...
006 (77553689.000.000) 2025-04-14 03:45:42 Image size of job updated: 2502
	2502  -  MemoryUsage of job (MB)
	2562804  -  ResidentSetSize of job (KB)
...
006 (77553689.001.000) 2025-04-14 03:46:16 Image size of job updated: 3503
	3503  -  MemoryUsage of job (MB)
	3587944  -  ResidentSetSize of job (KB)
...
006 (77553689.000.000) 2025-04-14 03:46:42 Image size of job updated: 2503
	2503  -  MemoryUsage of job (MB)
	2563452  -  ResidentSetSize of job (KB)
...
006 (77553689.001.000) 2025-04-14 03:47:17 Image size of job updated: 3532
	3532  -  MemoryUsage of job (MB)
	3616788  -  ResidentSetSize of job (KB)
...
006 (77553689.000.000) 2025-04-14 03:47:43 Image size of job updated: 2565
	2565  -  MemoryUsage of job (MB)
	2627168  -  ResidentSetSize of job (KB)
...
006 (77553689.001.000) 2025-04-14 03:48:17 Image size of job updated: 3561
	3561  -  MemoryUsage of job (MB)
	3647332  -  ResidentSetSize of job (KB)
...
006 (77553689.000.000) 2025-04-14 03:48:44 Image size of job updated: 2596
	2596  -  MemoryUsage of job (MB)
	2659284  -  ResidentSetSize of job (KB)
...
006 (77553689.001.000) 2025-04-14 03:49:17 Image size of job updated: 3616
	3616  -  MemoryUsage of job (MB)
	3703556  -  ResidentSetSize of job (KB)
...
006 (77553689.000.000) 2025-04-14 03:49:44 Image size of job updated: 2628
	2628  -  MemoryUsage of job (MB)
	2692084  -  ResidentSetSize of job (KB)
...
006 (77553689.001.000) 2025-04-14 03:50:18 Image size of job updated: 3645
	3645  -  MemoryUsage of job (MB)
	3732888  -  ResidentSetSize of job (KB)
...
006 (77553689.000.000) 2025-04-14 03:50:45 Image size of job updated: 2683
	2683  -  MemoryUsage of job (MB)
	2748188  -  ResidentSetSize of job (KB)
...
006 (77553689.001.000) 2025-04-14 03:51:18 Image size of job updated: 3701
	3701  -  MemoryUsage of job (MB)
	3790348  -  ResidentSetSize of job (KB)
...
006 (77553689.000.000) 2025-04-14 03:51:46 Image size of job updated: 2723
	2723  -  MemoryUsage of job (MB)
	2789372  -  ResidentSetSize of job (KB)
...
006 (77553689.001.000) 2025-04-14 03:52:18 Image size of job updated: 3729
	3729  -  MemoryUsage of job (MB)
	3819252  -  ResidentSetSize of job (KB)
...
006 (77553689.000.000) 2025-04-14 03:52:46 Image size of job updated: 2755
	2755  -  MemoryUsage of job (MB)
	2821272  -  ResidentSetSize of job (KB)
...
006 (77553689.001.000) 2025-04-14 03:53:18 Image size of job updated: 3785
	3785  -  MemoryUsage of job (MB)
	3876780  -  ResidentSetSize of job (KB)
...
006 (77553689.000.000) 2025-04-14 03:53:47 Image size of job updated: 2786
	2786  -  MemoryUsage of job (MB)
	2853464  -  ResidentSetSize of job (KB)
...
006 (77553689.001.000) 2025-04-14 03:54:18 Image size of job updated: 3786
	3786  -  MemoryUsage of job (MB)
	3877000  -  ResidentSetSize of job (KB)
...
006 (77553689.000.000) 2025-04-14 03:54:48 Image size of job updated: 2849
	2849  -  MemoryUsage of job (MB)
	2917508  -  ResidentSetSize of job (KB)
...
006 (77553689.001.000) 2025-04-14 03:55:18 Image size of job updated: 3814
	3814  -  MemoryUsage of job (MB)
	3906280  -  ResidentSetSize of job (KB)
...
006 (77553689.000.000) 2025-04-14 03:55:48 Image size of job updated: 2881
	2881  -  MemoryUsage of job (MB)
	2950220  -  ResidentSetSize of job (KB)
...
006 (77553689.001.000) 2025-04-14 03:56:18 Image size of job updated: 3848
	3848  -  MemoryUsage of job (MB)
	3941272  -  ResidentSetSize of job (KB)
...
006 (77553689.000.000) 2025-04-14 03:56:49 Image size of job updated: 2943
	2943  -  MemoryUsage of job (MB)
	3013676  -  ResidentSetSize of job (KB)
...
006 (77553689.001.000) 2025-04-14 03:57:18 Image size of job updated: 3849
	3849  -  MemoryUsage of job (MB)
	3941672  -  ResidentSetSize of job (KB)
...
006 (77553689.000.000) 2025-04-14 03:57:50 Image size of job updated: 2974
	2974  -  MemoryUsage of job (MB)
	3046052  -  ResidentSetSize of job (KB)
...
006 (77553689.001.000) 2025-04-14 03:58:19 Image size of job updated: 3877
	3877  -  MemoryUsage of job (MB)
	3970980  -  ResidentSetSize of job (KB)
...
006 (77553689.000.000) 2025-04-14 03:58:50 Image size of job updated: 3036
	3036  -  MemoryUsage of job (MB)
	3109728  -  ResidentSetSize of job (KB)
...
006 (77553689.001.000) 2025-04-14 03:59:19 Image size of job updated: 3906
	3906  -  MemoryUsage of job (MB)
	4000500  -  ResidentSetSize of job (KB)
...
006 (77553689.000.000) 2025-04-14 03:59:51 Image size of job updated: 3069
	3069  -  MemoryUsage of job (MB)
	3143576  -  ResidentSetSize of job (KB)
...
006 (77553689.001.000) 2025-04-14 04:00:20 Image size of job updated: 3941
	3941  -  MemoryUsage of job (MB)
	4036140  -  ResidentSetSize of job (KB)
...
006 (77553689.000.000) 2025-04-14 04:00:51 Image size of job updated: 3130
	3130  -  MemoryUsage of job (MB)
	3205916  -  ResidentSetSize of job (KB)
...
006 (77553689.001.000) 2025-04-14 04:01:21 Image size of job updated: 3970
	3970  -  MemoryUsage of job (MB)
	4065640  -  ResidentSetSize of job (KB)
...
006 (77553689.000.000) 2025-04-14 04:01:52 Image size of job updated: 3162
	3162  -  MemoryUsage of job (MB)
	3238276  -  ResidentSetSize of job (KB)
...
006 (77553689.000.000) 2025-04-14 04:02:53 Image size of job updated: 3195
	3195  -  MemoryUsage of job (MB)
	3272212  -  ResidentSetSize of job (KB)
...
006 (77553689.001.000) 2025-04-14 04:03:21 Image size of job updated: 3999
	3999  -  MemoryUsage of job (MB)
	4095028  -  ResidentSetSize of job (KB)
...
006 (77553689.000.000) 2025-04-14 04:03:53 Image size of job updated: 3256
	3256  -  MemoryUsage of job (MB)
	3334868  -  ResidentSetSize of job (KB)
...
006 (77553689.001.000) 2025-04-14 04:04:22 Image size of job updated: 4027
	4027  -  MemoryUsage of job (MB)
	4124584  -  ResidentSetSize of job (KB)
...
006 (77553689.000.000) 2025-04-14 04:04:53 Image size of job updated: 3288
	3288  -  MemoryUsage of job (MB)
	3367552  -  ResidentSetSize of job (KB)
...
006 (77553689.001.000) 2025-04-14 04:05:23 Image size of job updated: 4056
	4056  -  MemoryUsage of job (MB)
	4154004  -  ResidentSetSize of job (KB)
...
006 (77553689.000.000) 2025-04-14 04:05:53 Image size of job updated: 3320
	3320  -  MemoryUsage of job (MB)
	3399992  -  ResidentSetSize of job (KB)
...
006 (77553689.000.000) 2025-04-14 04:06:53 Image size of job updated: 3351
	3351  -  MemoryUsage of job (MB)
	3432008  -  ResidentSetSize of job (KB)
...
006 (77553689.001.000) 2025-04-14 04:07:23 Image size of job updated: 4085
	4085  -  MemoryUsage of job (MB)
	4183452  -  ResidentSetSize of job (KB)
...
006 (77553689.000.000) 2025-04-14 04:07:53 Image size of job updated: 3384
	3384  -  MemoryUsage of job (MB)
	3465540  -  ResidentSetSize of job (KB)
...
006 (77553689.001.000) 2025-04-14 04:08:24 Image size of job updated: 4114
	4114  -  MemoryUsage of job (MB)
	4213164  -  ResidentSetSize of job (KB)
...
006 (77553689.000.000) 2025-04-14 04:08:54 Image size of job updated: 3446
	3446  -  MemoryUsage of job (MB)
	3529088  -  ResidentSetSize of job (KB)
...
006 (77553689.001.000) 2025-04-14 04:09:25 Image size of job updated: 4142
	4142  -  MemoryUsage of job (MB)
	4242328  -  ResidentSetSize of job (KB)
...
006 (77553689.000.000) 2025-04-14 04:09:55 Image size of job updated: 3509
	3509  -  MemoryUsage of job (MB)
	3593772  -  ResidentSetSize of job (KB)
...
006 (77553689.001.000) 2025-04-14 04:10:26 Image size of job updated: 4143
	4143  -  MemoryUsage of job (MB)
	4242528  -  ResidentSetSize of job (KB)
...
006 (77553689.000.000) 2025-04-14 04:10:56 Image size of job updated: 3571
	3571  -  MemoryUsage of job (MB)
	3657248  -  ResidentSetSize of job (KB)
...
006 (77553689.001.000) 2025-04-14 04:11:26 Image size of job updated: 4171
	4171  -  MemoryUsage of job (MB)
	4271600  -  ResidentSetSize of job (KB)
...
006 (77553689.000.000) 2025-04-14 04:11:56 Image size of job updated: 3603
	3603  -  MemoryUsage of job (MB)
	3690372  -  ResidentSetSize of job (KB)
...
006 (77553689.001.000) 2025-04-14 04:12:27 Image size of job updated: 4200
	4200  -  MemoryUsage of job (MB)
	4301164  -  ResidentSetSize of job (KB)
...
006 (77553689.000.000) 2025-04-14 04:12:57 Image size of job updated: 3666
	3666  -  MemoryUsage of job (MB)
	3753984  -  ResidentSetSize of job (KB)
...
006 (77553689.001.000) 2025-04-14 04:13:27 Image size of job updated: 4228
	4228  -  MemoryUsage of job (MB)
	4330460  -  ResidentSetSize of job (KB)
...
006 (77553689.000.000) 2025-04-14 04:13:58 Image size of job updated: 3698
	3698  -  MemoryUsage of job (MB)
	3787416  -  ResidentSetSize of job (KB)
...
006 (77553689.001.000) 2025-04-14 04:14:28 Image size of job updated: 4229
	4229  -  MemoryUsage of job (MB)
	4330732  -  ResidentSetSize of job (KB)
...
006 (77553689.000.000) 2025-04-14 04:14:58 Image size of job updated: 3759
	3759  -  MemoryUsage of job (MB)
	3850200  -  ResidentSetSize of job (KB)
...
006 (77553689.001.000) 2025-04-14 04:15:28 Image size of job updated: 4257
	4257  -  MemoryUsage of job (MB)
	4360008  -  ResidentSetSize of job (KB)
...
009 (77553689.002.000) 2025-04-14 04:15:40 Job was aborted.
	via condor_rm (by user msahoo)
...
006 (77553689.000.000) 2025-04-14 04:15:58 Image size of job updated: 3792
	3792  -  MemoryUsage of job (MB)
	3883024  -  ResidentSetSize of job (KB)
...
006 (77553689.001.000) 2025-04-14 04:16:29 Image size of job updated: 4286
	4286  -  MemoryUsage of job (MB)
	4389392  -  ResidentSetSize of job (KB)
...
006 (77553689.000.000) 2025-04-14 04:16:59 Image size of job updated: 3852
	3852  -  MemoryUsage of job (MB)
	3944840  -  ResidentSetSize of job (KB)
...
006 (77553689.001.000) 2025-04-14 04:17:29 Image size of job updated: 4315
	4315  -  MemoryUsage of job (MB)
	4418576  -  ResidentSetSize of job (KB)
...
006 (77553689.000.000) 2025-04-14 04:18:00 Image size of job updated: 3915
	3915  -  MemoryUsage of job (MB)
	4009068  -  ResidentSetSize of job (KB)
...
006 (77553689.001.000) 2025-04-14 04:18:29 Image size of job updated: 4343
	4343  -  MemoryUsage of job (MB)
	4447828  -  ResidentSetSize of job (KB)
...
006 (77553689.000.000) 2025-04-14 04:19:01 Image size of job updated: 3947
	3947  -  MemoryUsage of job (MB)
	4042064  -  ResidentSetSize of job (KB)
...
006 (77553689.001.000) 2025-04-14 04:19:30 Image size of job updated: 4343
	4343  -  MemoryUsage of job (MB)
	4448064  -  ResidentSetSize of job (KB)
...
006 (77553689.000.000) 2025-04-14 04:20:01 Image size of job updated: 4010
	4010  -  MemoryUsage of job (MB)
	4106416  -  ResidentSetSize of job (KB)
...
006 (77553689.001.000) 2025-04-14 04:20:30 Image size of job updated: 4372
	4372  -  MemoryUsage of job (MB)
	4477404  -  ResidentSetSize of job (KB)
...
006 (77553689.000.000) 2025-04-14 04:21:02 Image size of job updated: 4043
	4043  -  MemoryUsage of job (MB)
	4140556  -  ResidentSetSize of job (KB)
...
006 (77553689.001.000) 2025-04-14 04:21:30 Image size of job updated: 4401
	4401  -  MemoryUsage of job (MB)
	4506820  -  ResidentSetSize of job (KB)
...
006 (77553689.000.000) 2025-04-14 04:22:02 Image size of job updated: 4052
	4052  -  MemoryUsage of job (MB)
	4149624  -  ResidentSetSize of job (KB)
...
006 (77553689.001.000) 2025-04-14 04:22:31 Image size of job updated: 4429
	4429  -  MemoryUsage of job (MB)
	4536172  -  ResidentSetSize of job (KB)
...
006 (77553689.000.000) 2025-04-14 04:23:02 Image size of job updated: 4085
	4085  -  MemoryUsage of job (MB)
	4183292  -  ResidentSetSize of job (KB)
...
006 (77553689.001.000) 2025-04-14 04:23:32 Image size of job updated: 4458
	4458  -  MemoryUsage of job (MB)
	4565296  -  ResidentSetSize of job (KB)
...
006 (77553689.000.000) 2025-04-14 04:24:03 Image size of job updated: 4147
	4147  -  MemoryUsage of job (MB)
	4246752  -  ResidentSetSize of job (KB)
...
006 (77553689.001.000) 2025-04-14 04:24:32 Image size of job updated: 4458
	4458  -  MemoryUsage of job (MB)
	4565560  -  ResidentSetSize of job (KB)
...
006 (77553689.000.000) 2025-04-14 04:25:04 Image size of job updated: 4179
	4179  -  MemoryUsage of job (MB)
	4279892  -  ResidentSetSize of job (KB)
...
006 (77553689.001.000) 2025-04-14 04:25:33 Image size of job updated: 4487
	4487  -  MemoryUsage of job (MB)
	4594732  -  ResidentSetSize of job (KB)
...
006 (77553689.000.000) 2025-04-14 04:26:04 Image size of job updated: 4240
	4240  -  MemoryUsage of job (MB)
	4342424  -  ResidentSetSize of job (KB)
...
006 (77553689.001.000) 2025-04-14 04:26:34 Image size of job updated: 4515
	4515  -  MemoryUsage of job (MB)
	4624024  -  ResidentSetSize of job (KB)
...
006 (77553689.000.000) 2025-04-14 04:27:04 Image size of job updated: 4273
	4273  -  MemoryUsage of job (MB)
	4376380  -  ResidentSetSize of job (KB)
...
006 (77553689.001.000) 2025-04-14 04:27:34 Image size of job updated: 4544
	4544  -  MemoryUsage of job (MB)
	4653468  -  ResidentSetSize of job (KB)
...
006 (77553689.000.000) 2025-04-14 04:28:04 Image size of job updated: 4335
	4335  -  MemoryUsage of job (MB)
	4439560  -  ResidentSetSize of job (KB)
...
006 (77553689.001.000) 2025-04-14 04:28:35 Image size of job updated: 4544
	4544  -  MemoryUsage of job (MB)
	4653512  -  ResidentSetSize of job (KB)
...
006 (77553689.000.000) 2025-04-14 04:29:04 Image size of job updated: 4367
	4367  -  MemoryUsage of job (MB)
	4472456  -  ResidentSetSize of job (KB)
...
006 (77553689.001.000) 2025-04-14 04:29:35 Image size of job updated: 4573
	4573  -  MemoryUsage of job (MB)
	4682948  -  ResidentSetSize of job (KB)
...
006 (77553689.000.000) 2025-04-14 04:30:05 Image size of job updated: 4429
	4429  -  MemoryUsage of job (MB)
	4535568  -  ResidentSetSize of job (KB)
...
006 (77553689.001.000) 2025-04-14 04:30:36 Image size of job updated: 4601
	4601  -  MemoryUsage of job (MB)
	4712304  -  ResidentSetSize of job (KB)
...
006 (77553689.000.000) 2025-04-14 04:31:06 Image size of job updated: 4461
	4461  -  MemoryUsage of job (MB)
	4568972  -  ResidentSetSize of job (KB)
...
006 (77553689.001.000) 2025-04-14 04:31:37 Image size of job updated: 4630
	4630  -  MemoryUsage of job (MB)
	4741508  -  ResidentSetSize of job (KB)
...
006 (77553689.000.000) 2025-04-14 04:32:07 Image size of job updated: 4524
	4524  -  MemoryUsage of job (MB)
	4633596  -  ResidentSetSize of job (KB)
...
006 (77553689.001.000) 2025-04-14 04:32:37 Image size of job updated: 4652
	4652  -  MemoryUsage of job (MB)
	4764556  -  ResidentSetSize of job (KB)
...
006 (77553689.000.000) 2025-04-14 04:33:08 Image size of job updated: 4556
	4556  -  MemoryUsage of job (MB)
	4666144  -  ResidentSetSize of job (KB)
...
006 (77553689.001.000) 2025-04-14 04:33:37 Image size of job updated: 4659
	4659  -  MemoryUsage of job (MB)
	4771064  -  ResidentSetSize of job (KB)
...
006 (77553689.000.000) 2025-04-14 04:34:09 Image size of job updated: 4619
	4619  -  MemoryUsage of job (MB)
	4730636  -  ResidentSetSize of job (KB)
...
006 (77553689.001.000) 2025-04-14 04:34:38 Image size of job updated: 4687
	4687  -  MemoryUsage of job (MB)
	4800504  -  ResidentSetSize of job (KB)
...
006 (77553689.000.000) 2025-04-14 04:35:10 Image size of job updated: 4651
	4651  -  MemoryUsage of job (MB)
	4763516  -  ResidentSetSize of job (KB)
...
006 (77553689.001.000) 2025-04-14 04:35:39 Image size of job updated: 4716
	4716  -  MemoryUsage of job (MB)
	4829784  -  ResidentSetSize of job (KB)
...
006 (77553689.000.000) 2025-04-14 04:36:11 Image size of job updated: 4688
	4688  -  MemoryUsage of job (MB)
	4801360  -  ResidentSetSize of job (KB)
...
006 (77553689.001.000) 2025-04-14 04:36:39 Image size of job updated: 4747
	4747  -  MemoryUsage of job (MB)
	4861336  -  ResidentSetSize of job (KB)
...
006 (77553689.000.000) 2025-04-14 04:37:12 Image size of job updated: 4750
	4750  -  MemoryUsage of job (MB)
	4864728  -  ResidentSetSize of job (KB)
...
006 (77553689.001.000) 2025-04-14 04:37:40 Image size of job updated: 4773
	4773  -  MemoryUsage of job (MB)
	4888252  -  ResidentSetSize of job (KB)
...
006 (77553689.000.000) 2025-04-14 04:38:12 Image size of job updated: 4783
	4783  -  MemoryUsage of job (MB)
	4897968  -  ResidentSetSize of job (KB)
...
006 (77553689.001.000) 2025-04-14 04:38:41 Image size of job updated: 4776
	4776  -  MemoryUsage of job (MB)
	4890696  -  ResidentSetSize of job (KB)
...
006 (77553689.000.000) 2025-04-14 04:39:13 Image size of job updated: 4844
	4844  -  MemoryUsage of job (MB)
	4960624  -  ResidentSetSize of job (KB)
...
006 (77553689.001.000) 2025-04-14 04:39:41 Image size of job updated: 4804
	4804  -  MemoryUsage of job (MB)
	4920088  -  ResidentSetSize of job (KB)
...
006 (77553689.000.000) 2025-04-14 04:40:14 Image size of job updated: 4875
	4875  -  MemoryUsage of job (MB)
	4992888  -  ResidentSetSize of job (KB)
...
006 (77553689.001.000) 2025-04-14 04:40:42 Image size of job updated: 4833
	4833  -  MemoryUsage of job (MB)
	4949276  -  ResidentSetSize of job (KB)
...
006 (77553689.000.000) 2025-04-14 04:41:14 Image size of job updated: 4909
	4909  -  MemoryUsage of job (MB)
	5026860  -  ResidentSetSize of job (KB)
...
006 (77553689.001.000) 2025-04-14 04:41:42 Image size of job updated: 4862
	4862  -  MemoryUsage of job (MB)
	4978840  -  ResidentSetSize of job (KB)
...
006 (77553689.000.000) 2025-04-14 04:42:14 Image size of job updated: 4971
	4971  -  MemoryUsage of job (MB)
	5090488  -  ResidentSetSize of job (KB)
...
006 (77553689.001.000) 2025-04-14 04:42:43 Image size of job updated: 4890
	4890  -  MemoryUsage of job (MB)
	5008188  -  ResidentSetSize of job (KB)
...
006 (77553689.000.000) 2025-04-14 04:43:14 Image size of job updated: 5002
	5002  -  MemoryUsage of job (MB)
	5122716  -  ResidentSetSize of job (KB)
...
006 (77553689.001.000) 2025-04-14 04:43:44 Image size of job updated: 4920
	4920  -  MemoryUsage of job (MB)
	5038192  -  ResidentSetSize of job (KB)
...
006 (77553689.000.000) 2025-04-14 04:44:15 Image size of job updated: 5035
	5035  -  MemoryUsage of job (MB)
	5156060  -  ResidentSetSize of job (KB)
...
006 (77553689.001.000) 2025-04-14 04:44:44 Image size of job updated: 4950
	4950  -  MemoryUsage of job (MB)
	5069084  -  ResidentSetSize of job (KB)
...
006 (77553689.000.000) 2025-04-14 04:45:16 Image size of job updated: 5097
	5097  -  MemoryUsage of job (MB)
	5219412  -  ResidentSetSize of job (KB)
...
006 (77553689.001.000) 2025-04-14 04:45:44 Image size of job updated: 4980
	4980  -  MemoryUsage of job (MB)
	5100000  -  ResidentSetSize of job (KB)
...
006 (77553689.000.000) 2025-04-14 04:46:16 Image size of job updated: 5128
	5128  -  MemoryUsage of job (MB)
	5251792  -  ResidentSetSize of job (KB)
...
006 (77553689.001.000) 2025-04-14 04:46:45 Image size of job updated: 5010
	5010  -  MemoryUsage of job (MB)
	5130836  -  ResidentSetSize of job (KB)
...
006 (77553689.000.000) 2025-04-14 04:47:16 Image size of job updated: 5161
	5161  -  MemoryUsage of job (MB)
	5284928  -  ResidentSetSize of job (KB)
...
006 (77553689.001.000) 2025-04-14 04:47:46 Image size of job updated: 5011
	5011  -  MemoryUsage of job (MB)
	5132184  -  ResidentSetSize of job (KB)
...
006 (77553689.000.000) 2025-04-14 04:48:16 Image size of job updated: 5211
	5211  -  MemoryUsage of job (MB)
	5336928  -  ResidentSetSize of job (KB)
...
006 (77553689.001.000) 2025-04-14 04:48:46 Image size of job updated: 5040
	5040  -  MemoryUsage of job (MB)
	5161704  -  ResidentSetSize of job (KB)
...
006 (77553689.000.000) 2025-04-14 04:49:17 Image size of job updated: 5212
	5212  -  MemoryUsage of job (MB)
	5337288  -  ResidentSetSize of job (KB)
...
006 (77553689.001.000) 2025-04-14 04:49:46 Image size of job updated: 5059
	5059  -  MemoryUsage of job (MB)
	5181048  -  ResidentSetSize of job (KB)
...
006 (77553689.000.000) 2025-04-14 04:50:18 Image size of job updated: 5275
	5275  -  MemoryUsage of job (MB)
	5402416  -  ResidentSetSize of job (KB)
...
006 (77553689.001.000) 2025-04-14 04:50:46 Image size of job updated: 5089
	5089  -  MemoryUsage of job (MB)
	5212088  -  ResidentSetSize of job (KB)
...
006 (77553689.000.000) 2025-04-14 04:51:18 Image size of job updated: 5306
	5306  -  MemoryUsage of job (MB)
	5434292  -  ResidentSetSize of job (KB)
...
006 (77553689.001.000) 2025-04-14 04:51:47 Image size of job updated: 5124
	5124  -  MemoryUsage of job (MB)
	5247948  -  ResidentSetSize of job (KB)
...
006 (77553689.000.000) 2025-04-14 04:52:19 Image size of job updated: 5340
	5340  -  MemoryUsage of job (MB)
	5468476  -  ResidentSetSize of job (KB)
...
006 (77553689.001.000) 2025-04-14 04:52:47 Image size of job updated: 5126
	5126  -  MemoryUsage of job (MB)
	5249132  -  ResidentSetSize of job (KB)
...
006 (77553689.000.000) 2025-04-14 04:53:19 Image size of job updated: 5401
	5401  -  MemoryUsage of job (MB)
	5531460  -  ResidentSetSize of job (KB)
...
006 (77553689.001.000) 2025-04-14 04:53:47 Image size of job updated: 5156
	5156  -  MemoryUsage of job (MB)
	5280336  -  ResidentSetSize of job (KB)
...
006 (77553689.000.000) 2025-04-14 04:54:20 Image size of job updated: 5433
	5433  -  MemoryUsage of job (MB)
	5564368  -  ResidentSetSize of job (KB)
...
006 (77553689.001.000) 2025-04-14 04:54:47 Image size of job updated: 5186
	5186  -  MemoryUsage of job (MB)
	5311456  -  ResidentSetSize of job (KB)
...
006 (77553689.000.000) 2025-04-14 04:55:21 Image size of job updated: 5495
	5495  -  MemoryUsage of job (MB)
	5627728  -  ResidentSetSize of job (KB)
...
006 (77553689.001.000) 2025-04-14 04:55:47 Image size of job updated: 5216
	5216  -  MemoryUsage of job (MB)
	5341920  -  ResidentSetSize of job (KB)
...
006 (77553689.000.000) 2025-04-14 04:56:22 Image size of job updated: 5527
	5527  -  MemoryUsage of job (MB)
	5660404  -  ResidentSetSize of job (KB)
...
006 (77553689.001.000) 2025-04-14 04:56:47 Image size of job updated: 5245
	5245  -  MemoryUsage of job (MB)
	5371764  -  ResidentSetSize of job (KB)
...
006 (77553689.000.000) 2025-04-14 04:57:23 Image size of job updated: 5561
	5561  -  MemoryUsage of job (MB)
	5694752  -  ResidentSetSize of job (KB)
...
006 (77553689.001.000) 2025-04-14 04:57:48 Image size of job updated: 5275
	5275  -  MemoryUsage of job (MB)
	5402420  -  ResidentSetSize of job (KB)
...
006 (77553689.000.000) 2025-04-14 04:58:23 Image size of job updated: 5623
	5623  -  MemoryUsage of job (MB)
	5758308  -  ResidentSetSize of job (KB)
...
006 (77553689.001.000) 2025-04-14 04:58:48 Image size of job updated: 5305
	5305  -  MemoryUsage of job (MB)
	5433284  -  ResidentSetSize of job (KB)
...
006 (77553689.000.000) 2025-04-14 04:59:24 Image size of job updated: 5660
	5660  -  MemoryUsage of job (MB)
	5796228  -  ResidentSetSize of job (KB)
...
006 (77553689.001.000) 2025-04-14 04:59:48 Image size of job updated: 5336
	5336  -  MemoryUsage of job (MB)
	5464208  -  ResidentSetSize of job (KB)
...
006 (77553689.000.000) 2025-04-14 05:00:25 Image size of job updated: 5693
	5693  -  MemoryUsage of job (MB)
	5830176  -  ResidentSetSize of job (KB)
...
006 (77553689.001.000) 2025-04-14 05:00:49 Image size of job updated: 5366
	5366  -  MemoryUsage of job (MB)
	5495764  -  ResidentSetSize of job (KB)
...
006 (77553689.000.000) 2025-04-14 05:01:25 Image size of job updated: 5754
	5754  -  MemoryUsage of job (MB)
	5892756  -  ResidentSetSize of job (KB)
...
006 (77553689.001.000) 2025-04-14 05:01:50 Image size of job updated: 5397
	5397  -  MemoryUsage of job (MB)
	5527508  -  ResidentSetSize of job (KB)
...
006 (77553689.000.000) 2025-04-14 05:02:26 Image size of job updated: 5787
	5787  -  MemoryUsage of job (MB)
	5926396  -  ResidentSetSize of job (KB)
...
006 (77553689.001.000) 2025-04-14 05:02:51 Image size of job updated: 5428
	5428  -  MemoryUsage of job (MB)
	5558444  -  ResidentSetSize of job (KB)
...
006 (77553689.000.000) 2025-04-14 05:03:26 Image size of job updated: 5849
	5849  -  MemoryUsage of job (MB)
	5989424  -  ResidentSetSize of job (KB)
...
006 (77553689.001.000) 2025-04-14 05:03:51 Image size of job updated: 5463
	5463  -  MemoryUsage of job (MB)
	5594684  -  ResidentSetSize of job (KB)
...
006 (77553689.000.000) 2025-04-14 05:04:27 Image size of job updated: 5880
	5880  -  MemoryUsage of job (MB)
	6021764  -  ResidentSetSize of job (KB)
...
006 (77553689.001.000) 2025-04-14 05:04:51 Image size of job updated: 5517
	5517  -  MemoryUsage of job (MB)
	5649808  -  ResidentSetSize of job (KB)
...
006 (77553689.000.000) 2025-04-14 05:05:27 Image size of job updated: 5943
	5943  -  MemoryUsage of job (MB)
	6085920  -  ResidentSetSize of job (KB)
...
006 (77553689.001.000) 2025-04-14 05:05:52 Image size of job updated: 5547
	5547  -  MemoryUsage of job (MB)
	5680648  -  ResidentSetSize of job (KB)
...
006 (77553689.000.000) 2025-04-14 05:06:27 Image size of job updated: 5974
	5974  -  MemoryUsage of job (MB)
	6118072  -  ResidentSetSize of job (KB)
...
006 (77553689.001.000) 2025-04-14 05:06:53 Image size of job updated: 5549
	5549  -  MemoryUsage of job (MB)
	5682560  -  ResidentSetSize of job (KB)
...
006 (77553689.000.000) 2025-04-14 05:07:28 Image size of job updated: 6006
	6006  -  MemoryUsage of job (MB)
	6151036  -  ResidentSetSize of job (KB)
...
006 (77553689.001.000) 2025-04-14 05:07:53 Image size of job updated: 5579
	5579  -  MemoryUsage of job (MB)
	5713268  -  ResidentSetSize of job (KB)
...
006 (77553689.000.000) 2025-04-14 05:08:28 Image size of job updated: 6042
	6042  -  MemoryUsage of job (MB)
	6187408  -  ResidentSetSize of job (KB)
...
006 (77553689.001.000) 2025-04-14 05:08:53 Image size of job updated: 5609
	5609  -  MemoryUsage of job (MB)
	5744096  -  ResidentSetSize of job (KB)
...
006 (77553689.000.000) 2025-04-14 05:09:29 Image size of job updated: 6096
	6096  -  MemoryUsage of job (MB)
	6242424  -  ResidentSetSize of job (KB)
...
006 (77553689.001.000) 2025-04-14 05:09:53 Image size of job updated: 5639
	5639  -  MemoryUsage of job (MB)
	5774892  -  ResidentSetSize of job (KB)
...
006 (77553689.000.000) 2025-04-14 05:10:29 Image size of job updated: 6129
	6129  -  MemoryUsage of job (MB)
	6276980  -  ResidentSetSize of job (KB)
...
006 (77553689.001.000) 2025-04-14 05:10:53 Image size of job updated: 5669
	5669  -  MemoryUsage of job (MB)
	5805948  -  ResidentSetSize of job (KB)
...
006 (77553689.000.000) 2025-04-14 05:11:30 Image size of job updated: 6161
	6161  -  MemoryUsage of job (MB)
	6309420  -  ResidentSetSize of job (KB)
...
006 (77553689.001.000) 2025-04-14 05:11:53 Image size of job updated: 5699
	5699  -  MemoryUsage of job (MB)
	5836572  -  ResidentSetSize of job (KB)
...
006 (77553689.000.000) 2025-04-14 05:12:31 Image size of job updated: 6193
	6193  -  MemoryUsage of job (MB)
	6342248  -  ResidentSetSize of job (KB)
...
006 (77553689.001.000) 2025-04-14 05:12:54 Image size of job updated: 5730
	5730  -  MemoryUsage of job (MB)
	5867880  -  ResidentSetSize of job (KB)
...
006 (77553689.000.000) 2025-04-14 05:13:32 Image size of job updated: 6225
	6225  -  MemoryUsage of job (MB)
	6374404  -  ResidentSetSize of job (KB)
...
006 (77553689.001.000) 2025-04-14 05:13:55 Image size of job updated: 5760
	5760  -  MemoryUsage of job (MB)
	5898716  -  ResidentSetSize of job (KB)
...
006 (77553689.000.000) 2025-04-14 05:14:32 Image size of job updated: 6278
	6278  -  MemoryUsage of job (MB)
	6428968  -  ResidentSetSize of job (KB)
...
006 (77553689.001.000) 2025-04-14 05:14:56 Image size of job updated: 5789
	5789  -  MemoryUsage of job (MB)
	5928420  -  ResidentSetSize of job (KB)
...
006 (77553689.000.000) 2025-04-14 05:15:32 Image size of job updated: 6318
	6318  -  MemoryUsage of job (MB)
	6470044  -  ResidentSetSize of job (KB)
...
006 (77553689.001.000) 2025-04-14 05:15:56 Image size of job updated: 5819
	5819  -  MemoryUsage of job (MB)
	5959324  -  ResidentSetSize of job (KB)
...
006 (77553689.000.000) 2025-04-14 05:16:33 Image size of job updated: 6350
	6350  -  MemoryUsage of job (MB)
	6502980  -  ResidentSetSize of job (KB)
...
006 (77553689.001.000) 2025-04-14 05:16:57 Image size of job updated: 5850
	5850  -  MemoryUsage of job (MB)
	5990748  -  ResidentSetSize of job (KB)
...
006 (77553689.000.000) 2025-04-14 05:17:34 Image size of job updated: 6382
	6382  -  MemoryUsage of job (MB)
	6535836  -  ResidentSetSize of job (KB)
...
006 (77553689.001.000) 2025-04-14 05:17:58 Image size of job updated: 5880
	5880  -  MemoryUsage of job (MB)
	6021188  -  ResidentSetSize of job (KB)
...
006 (77553689.000.000) 2025-04-14 05:18:34 Image size of job updated: 6435
	6435  -  MemoryUsage of job (MB)
	6589656  -  ResidentSetSize of job (KB)
...
006 (77553689.001.000) 2025-04-14 05:18:59 Image size of job updated: 5910
	5910  -  MemoryUsage of job (MB)
	6052064  -  ResidentSetSize of job (KB)
...
006 (77553689.000.000) 2025-04-14 05:19:34 Image size of job updated: 6476
	6476  -  MemoryUsage of job (MB)
	6632328  -  ResidentSetSize of job (KB)
...
006 (77553689.001.000) 2025-04-14 05:20:00 Image size of job updated: 5940
	5940  -  MemoryUsage of job (MB)
	6083132  -  ResidentSetSize of job (KB)
...
006 (77553689.000.000) 2025-04-14 05:20:35 Image size of job updated: 6507
	6507  -  MemoryUsage of job (MB)
	6663704  -  ResidentSetSize of job (KB)
...
006 (77553689.001.000) 2025-04-14 05:21:01 Image size of job updated: 5970
	5970  -  MemoryUsage of job (MB)
	6114000  -  ResidentSetSize of job (KB)
...
006 (77553689.000.000) 2025-04-14 05:21:36 Image size of job updated: 6536
	6536  -  MemoryUsage of job (MB)
	6693824  -  ResidentSetSize of job (KB)
...
006 (77553689.001.000) 2025-04-14 05:22:01 Image size of job updated: 6000
	6000  -  MemoryUsage of job (MB)
	6144824  -  ResidentSetSize of job (KB)
...
006 (77553689.000.000) 2025-04-14 05:22:36 Image size of job updated: 6594
	6594  -  MemoryUsage of job (MB)
	6753084  -  ResidentSetSize of job (KB)
...
006 (77553689.001.000) 2025-04-14 05:23:01 Image size of job updated: 6030
	6030  -  MemoryUsage of job (MB)
	6175704  -  ResidentSetSize of job (KB)
...
006 (77553689.000.000) 2025-04-14 05:23:36 Image size of job updated: 6624
	6624  -  MemoryUsage of job (MB)
	6783084  -  ResidentSetSize of job (KB)
...
006 (77553689.001.000) 2025-04-14 05:24:01 Image size of job updated: 6061
	6061  -  MemoryUsage of job (MB)
	6206648  -  ResidentSetSize of job (KB)
...
006 (77553689.000.000) 2025-04-14 05:24:36 Image size of job updated: 6653
	6653  -  MemoryUsage of job (MB)
	6813112  -  ResidentSetSize of job (KB)
...
006 (77553689.001.000) 2025-04-14 05:25:01 Image size of job updated: 6091
	6091  -  MemoryUsage of job (MB)
	6237448  -  ResidentSetSize of job (KB)
...
006 (77553689.000.000) 2025-04-14 05:25:37 Image size of job updated: 6684
	6684  -  MemoryUsage of job (MB)
	6844956  -  ResidentSetSize of job (KB)
...
006 (77553689.001.000) 2025-04-14 05:26:02 Image size of job updated: 6121
	6121  -  MemoryUsage of job (MB)
	6268148  -  ResidentSetSize of job (KB)
...
006 (77553689.000.000) 2025-04-14 05:26:38 Image size of job updated: 6742
	6742  -  MemoryUsage of job (MB)
	6904276  -  ResidentSetSize of job (KB)
...
006 (77553689.001.000) 2025-04-14 05:27:03 Image size of job updated: 6151
	6151  -  MemoryUsage of job (MB)
	6299024  -  ResidentSetSize of job (KB)
...
006 (77553689.000.000) 2025-04-14 05:27:38 Image size of job updated: 6771
	6771  -  MemoryUsage of job (MB)
	6934372  -  ResidentSetSize of job (KB)
...
006 (77553689.001.000) 2025-04-14 05:28:03 Image size of job updated: 6180
	6180  -  MemoryUsage of job (MB)
	6328440  -  ResidentSetSize of job (KB)
...
006 (77553689.000.000) 2025-04-14 05:28:38 Image size of job updated: 6801
	6801  -  MemoryUsage of job (MB)
	6964368  -  ResidentSetSize of job (KB)
...
006 (77553689.001.000) 2025-04-14 05:29:03 Image size of job updated: 6189
	6189  -  MemoryUsage of job (MB)
	6338344  -  ResidentSetSize of job (KB)
...
006 (77553689.000.000) 2025-04-14 05:29:38 Image size of job updated: 6859
	6859  -  MemoryUsage of job (MB)
	7024040  -  ResidentSetSize of job (KB)
...
006 (77553689.001.000) 2025-04-14 05:30:04 Image size of job updated: 6213
	6213  -  MemoryUsage of job (MB)
	6362492  -  ResidentSetSize of job (KB)
...
006 (77553689.000.000) 2025-04-14 05:30:38 Image size of job updated: 6888
	6888  -  MemoryUsage of job (MB)
	7053988  -  ResidentSetSize of job (KB)
...
006 (77553689.001.000) 2025-04-14 05:31:04 Image size of job updated: 6242
	6242  -  MemoryUsage of job (MB)
	6392632  -  ResidentSetSize of job (KB)
...
006 (77553689.000.000) 2025-04-14 05:31:38 Image size of job updated: 6917
	6917  -  MemoryUsage of job (MB)
	7083884  -  ResidentSetSize of job (KB)
...
006 (77553689.001.000) 2025-04-14 05:32:04 Image size of job updated: 6272
	6272  -  MemoryUsage of job (MB)
	6423152  -  ResidentSetSize of job (KB)
...
006 (77553689.000.000) 2025-04-14 05:32:39 Image size of job updated: 6947
	6947  -  MemoryUsage of job (MB)
	7114328  -  ResidentSetSize of job (KB)
...
006 (77553689.001.000) 2025-04-14 05:33:05 Image size of job updated: 6302
	6302  -  MemoryUsage of job (MB)
	6453900  -  ResidentSetSize of job (KB)
...
006 (77553689.000.000) 2025-04-14 05:33:40 Image size of job updated: 6977
	6977  -  MemoryUsage of job (MB)
	7145372  -  ResidentSetSize of job (KB)
...
006 (77553689.001.000) 2025-04-14 05:34:06 Image size of job updated: 6333
	6333  -  MemoryUsage of job (MB)
	6485076  -  ResidentSetSize of job (KB)
...
006 (77553689.000.000) 2025-04-14 05:34:41 Image size of job updated: 7035
	7035  -  MemoryUsage of job (MB)
	7203980  -  ResidentSetSize of job (KB)
...
006 (77553689.001.000) 2025-04-14 05:35:07 Image size of job updated: 6363
	6363  -  MemoryUsage of job (MB)
	6515844  -  ResidentSetSize of job (KB)
...
006 (77553689.000.000) 2025-04-14 05:35:42 Image size of job updated: 7064
	7064  -  MemoryUsage of job (MB)
	7234068  -  ResidentSetSize of job (KB)
...
006 (77553689.001.000) 2025-04-14 05:36:08 Image size of job updated: 6393
	6393  -  MemoryUsage of job (MB)
	6546804  -  ResidentSetSize of job (KB)
...
006 (77553689.000.000) 2025-04-14 05:36:43 Image size of job updated: 7093
	7093  -  MemoryUsage of job (MB)
	7264032  -  ResidentSetSize of job (KB)
...
006 (77553689.001.000) 2025-04-14 05:37:09 Image size of job updated: 6423
	6423  -  MemoryUsage of job (MB)
	6577776  -  ResidentSetSize of job (KB)
...
006 (77553689.000.000) 2025-04-14 05:37:44 Image size of job updated: 7139
	7139  -  MemoryUsage of job (MB)
	7311044  -  ResidentSetSize of job (KB)
...
006 (77553689.001.000) 2025-04-14 05:38:10 Image size of job updated: 6453
	6453  -  MemoryUsage of job (MB)
	6608564  -  ResidentSetSize of job (KB)
...
006 (77553689.000.000) 2025-04-14 05:38:44 Image size of job updated: 7168
	7168  -  MemoryUsage of job (MB)
	7340520  -  ResidentSetSize of job (KB)
...
006 (77553689.001.000) 2025-04-14 05:39:10 Image size of job updated: 6492
	6492  -  MemoryUsage of job (MB)
	6648172  -  ResidentSetSize of job (KB)
...
006 (77553689.000.000) 2025-04-14 05:39:44 Image size of job updated: 7197
	7197  -  MemoryUsage of job (MB)
	7370424  -  ResidentSetSize of job (KB)
...
006 (77553689.001.000) 2025-04-14 05:40:10 Image size of job updated: 6522
	6522  -  MemoryUsage of job (MB)
	6679132  -  ResidentSetSize of job (KB)
...
006 (77553689.000.000) 2025-04-14 05:40:44 Image size of job updated: 7227
	7227  -  MemoryUsage of job (MB)
	7400860  -  ResidentSetSize of job (KB)
...
006 (77553689.001.000) 2025-04-14 05:41:10 Image size of job updated: 6552
	6552  -  MemoryUsage of job (MB)
	6710116  -  ResidentSetSize of job (KB)
...
006 (77553689.000.000) 2025-04-14 05:41:45 Image size of job updated: 7285
	7285  -  MemoryUsage of job (MB)
	7460488  -  ResidentSetSize of job (KB)
...
006 (77553689.001.000) 2025-04-14 05:42:10 Image size of job updated: 6583
	6583  -  MemoryUsage of job (MB)
	6741072  -  ResidentSetSize of job (KB)
...
006 (77553689.000.000) 2025-04-14 05:42:45 Image size of job updated: 7314
	7314  -  MemoryUsage of job (MB)
	7490508  -  ResidentSetSize of job (KB)
...
006 (77553689.001.000) 2025-04-14 05:43:10 Image size of job updated: 6613
	6613  -  MemoryUsage of job (MB)
	6771840  -  ResidentSetSize of job (KB)
...
006 (77553689.000.000) 2025-04-14 05:43:45 Image size of job updated: 7315
	7315  -  MemoryUsage of job (MB)
	7490932  -  ResidentSetSize of job (KB)
...
006 (77553689.001.000) 2025-04-14 05:44:12 Image size of job updated: 6643
	6643  -  MemoryUsage of job (MB)
	6802764  -  ResidentSetSize of job (KB)
...
006 (77553689.000.000) 2025-04-14 05:44:46 Image size of job updated: 7365
	7365  -  MemoryUsage of job (MB)
	7541904  -  ResidentSetSize of job (KB)
...
006 (77553689.001.000) 2025-04-14 05:45:12 Image size of job updated: 6668
	6668  -  MemoryUsage of job (MB)
	6828800  -  ResidentSetSize of job (KB)
...
006 (77553689.000.000) 2025-04-14 05:45:47 Image size of job updated: 7376
	7376  -  MemoryUsage of job (MB)
	7553184  -  ResidentSetSize of job (KB)
...
006 (77553689.001.000) 2025-04-14 05:46:12 Image size of job updated: 6699
	6699  -  MemoryUsage of job (MB)
	6859800  -  ResidentSetSize of job (KB)
...
006 (77553689.000.000) 2025-04-14 05:46:47 Image size of job updated: 7410
	7410  -  MemoryUsage of job (MB)
	7588324  -  ResidentSetSize of job (KB)
...
006 (77553689.001.000) 2025-04-14 05:47:12 Image size of job updated: 6729
	6729  -  MemoryUsage of job (MB)
	6890564  -  ResidentSetSize of job (KB)
...
006 (77553689.000.000) 2025-04-14 05:47:49 Image size of job updated: 7469
	7469  -  MemoryUsage of job (MB)
	7648408  -  ResidentSetSize of job (KB)
...
006 (77553689.001.000) 2025-04-14 05:48:12 Image size of job updated: 6759
	6759  -  MemoryUsage of job (MB)
	6921648  -  ResidentSetSize of job (KB)
...
006 (77553689.000.000) 2025-04-14 05:48:49 Image size of job updated: 7498
	7498  -  MemoryUsage of job (MB)
	7678504  -  ResidentSetSize of job (KB)
...
006 (77553689.001.000) 2025-04-14 05:49:13 Image size of job updated: 6789
	6789  -  MemoryUsage of job (MB)
	6952552  -  ResidentSetSize of job (KB)
...
006 (77553689.000.000) 2025-04-14 05:49:49 Image size of job updated: 7511
	7511  -  MemoryUsage of job (MB)
	7692076  -  ResidentSetSize of job (KB)
...
006 (77553689.001.000) 2025-04-14 05:50:14 Image size of job updated: 6824
	6824  -  MemoryUsage of job (MB)
	6988496  -  ResidentSetSize of job (KB)
...
006 (77553689.000.000) 2025-04-14 05:50:50 Image size of job updated: 7533
	7533  -  MemoryUsage of job (MB)
	7713988  -  ResidentSetSize of job (KB)
...
006 (77553689.001.000) 2025-04-14 05:51:15 Image size of job updated: 6854
	6854  -  MemoryUsage of job (MB)
	7019404  -  ResidentSetSize of job (KB)
...
006 (77553689.000.000) 2025-04-14 05:51:50 Image size of job updated: 7547
	7547  -  MemoryUsage of job (MB)
	7728200  -  ResidentSetSize of job (KB)
...
006 (77553689.001.000) 2025-04-14 05:52:16 Image size of job updated: 6885
	6885  -  MemoryUsage of job (MB)
	7050576  -  ResidentSetSize of job (KB)
...
006 (77553689.001.000) 2025-04-14 05:53:17 Image size of job updated: 6915
	6915  -  MemoryUsage of job (MB)
	7081388  -  ResidentSetSize of job (KB)
...
006 (77553689.001.000) 2025-04-14 05:54:18 Image size of job updated: 6945
	6945  -  MemoryUsage of job (MB)
	7112260  -  ResidentSetSize of job (KB)
...
006 (77553689.001.000) 2025-04-14 05:55:18 Image size of job updated: 6975
	6975  -  MemoryUsage of job (MB)
	7143028  -  ResidentSetSize of job (KB)
...
006 (77553689.001.000) 2025-04-14 05:56:18 Image size of job updated: 7005
	7005  -  MemoryUsage of job (MB)
	7173940  -  ResidentSetSize of job (KB)
...
006 (77553689.001.000) 2025-04-14 05:57:18 Image size of job updated: 7035
	7035  -  MemoryUsage of job (MB)
	7204840  -  ResidentSetSize of job (KB)
...
006 (77553689.001.000) 2025-04-14 05:58:18 Image size of job updated: 7066
	7066  -  MemoryUsage of job (MB)
	7235660  -  ResidentSetSize of job (KB)
...
006 (77553689.001.000) 2025-04-14 05:59:18 Image size of job updated: 7096
	7096  -  MemoryUsage of job (MB)
	7266808  -  ResidentSetSize of job (KB)
...
006 (77553689.000.000) 2025-04-14 05:59:54 Image size of job updated: 7556
	7556  -  MemoryUsage of job (MB)
	7737708  -  ResidentSetSize of job (KB)
...
006 (77553689.001.000) 2025-04-14 06:00:18 Image size of job updated: 7122
	7122  -  MemoryUsage of job (MB)
	7293896  -  ResidentSetSize of job (KB)
...
006 (77553689.000.000) 2025-04-14 06:00:55 Image size of job updated: 7579
	7579  -  MemoryUsage of job (MB)
	7761280  -  ResidentSetSize of job (KB)
...
040 (77553689.001.000) 2025-04-14 06:01:29 Finished transferring output files
...
005 (77553689.001.000) 2025-04-14 06:01:29 Job terminated.
	(1) Normal termination (return value 0)
		Usr 0 03:14:17, Sys 0 00:04:07  -  Run Remote Usage
		Usr 0 00:00:00, Sys 0 00:00:00  -  Run Local Usage
		Usr 0 03:14:17, Sys 0 00:04:07  -  Total Remote Usage
		Usr 0 00:00:00, Sys 0 00:00:00  -  Total Local Usage
	0  -  Run Bytes Sent By Job
	647575808  -  Run Bytes Received By Job
	0  -  Total Bytes Sent By Job
	647575808  -  Total Bytes Received By Job
	Partitionable Resources :      Usage  Request Allocated 
	   Cpus                 :       0.01        1         1 
	   Disk (KB)            : 6841868    52428800  52430330 
	   GPUs                 :                             0 
	   Memory (MB)          :    7122        8192      8192 
	   TimeExecute (s)      :   13862                       
	   TimeSlotBusy (s)     :   13872                       

	Job terminated of its own accord at 2025-04-14T11:01:29Z with exit-code 0.
...
006 (77553689.000.000) 2025-04-14 06:01:55 Image size of job updated: 7604
	7604  -  MemoryUsage of job (MB)
	7787360  -  ResidentSetSize of job (KB)
...
006 (77553689.000.000) 2025-04-14 06:02:55 Image size of job updated: 7624
	7624  -  MemoryUsage of job (MB)
	7807036  -  ResidentSetSize of job (KB)
...
006 (77553689.000.000) 2025-04-14 06:03:56 Image size of job updated: 7657
	7657  -  MemoryUsage of job (MB)
	7841380  -  ResidentSetSize of job (KB)
...
006 (77553689.000.000) 2025-04-14 06:04:56 Image size of job updated: 7657
	7657  -  MemoryUsage of job (MB)
	7841692  -  ResidentSetSize of job (KB)
...
006 (77553689.000.000) 2025-04-14 06:05:57 Image size of job updated: 7687
	7687  -  MemoryUsage of job (MB)
	7872000  -  ResidentSetSize of job (KB)
...
006 (77553689.000.000) 2025-04-14 06:06:57 Image size of job updated: 7715
	7715  -  MemoryUsage of job (MB)
	7900304  -  ResidentSetSize of job (KB)
...
006 (77553689.000.000) 2025-04-14 06:07:57 Image size of job updated: 7716
	7716  -  MemoryUsage of job (MB)
	7901496  -  ResidentSetSize of job (KB)
...
006 (77553689.000.000) 2025-04-14 06:08:58 Image size of job updated: 7741
	7741  -  MemoryUsage of job (MB)
	7926936  -  ResidentSetSize of job (KB)
...
006 (77553689.000.000) 2025-04-14 06:09:59 Image size of job updated: 7767
	7767  -  MemoryUsage of job (MB)
	7953540  -  ResidentSetSize of job (KB)
...
006 (77553689.000.000) 2025-04-14 06:10:59 Image size of job updated: 7794
	7794  -  MemoryUsage of job (MB)
	7981804  -  ResidentSetSize of job (KB)
...
006 (77553689.000.000) 2025-04-14 06:11:59 Image size of job updated: 7826
	7826  -  MemoryUsage of job (MB)
	8014744  -  ResidentSetSize of job (KB)
...
006 (77553689.000.000) 2025-04-14 06:13:00 Image size of job updated: 7827
	7827  -  MemoryUsage of job (MB)
	8014856  -  ResidentSetSize of job (KB)
...
006 (77553689.000.000) 2025-04-14 06:14:01 Image size of job updated: 7856
	7856  -  MemoryUsage of job (MB)
	8045020  -  ResidentSetSize of job (KB)
...
006 (77553689.000.000) 2025-04-14 06:15:01 Image size of job updated: 7886
	7886  -  MemoryUsage of job (MB)
	8075324  -  ResidentSetSize of job (KB)
...
006 (77553689.000.000) 2025-04-14 06:17:02 Image size of job updated: 7901
	7901  -  MemoryUsage of job (MB)
	8090900  -  ResidentSetSize of job (KB)
...
006 (77553689.000.000) 2025-04-14 06:18:03 Image size of job updated: 7901
	7901  -  MemoryUsage of job (MB)
	8091104  -  ResidentSetSize of job (KB)
...
006 (77553689.000.000) 2025-04-14 06:19:04 Image size of job updated: 7930
	7930  -  MemoryUsage of job (MB)
	8121236  -  ResidentSetSize of job (KB)
...
006 (77553689.000.000) 2025-04-14 06:20:05 Image size of job updated: 7973
	7973  -  MemoryUsage of job (MB)
	8164692  -  ResidentSetSize of job (KB)
...
006 (77553689.000.000) 2025-04-14 06:21:05 Image size of job updated: 8002
	8002  -  MemoryUsage of job (MB)
	8194892  -  ResidentSetSize of job (KB)
...
006 (77553689.000.000) 2025-04-14 06:22:05 Image size of job updated: 8032
	8032  -  MemoryUsage of job (MB)
	8225240  -  ResidentSetSize of job (KB)
...
006 (77553689.000.000) 2025-04-14 06:23:06 Image size of job updated: 8061
	8061  -  MemoryUsage of job (MB)
	8255452  -  ResidentSetSize of job (KB)
...
006 (77553689.000.000) 2025-04-14 06:25:07 Image size of job updated: 8089
	8089  -  MemoryUsage of job (MB)
	8283880  -  ResidentSetSize of job (KB)
...
006 (77553689.000.000) 2025-04-14 06:26:07 Image size of job updated: 8119
	8119  -  MemoryUsage of job (MB)
	8314196  -  ResidentSetSize of job (KB)
...
006 (77553689.000.000) 2025-04-14 06:27:07 Image size of job updated: 8148
	8148  -  MemoryUsage of job (MB)
	8344520  -  ResidentSetSize of job (KB)
...
006 (77553689.000.000) 2025-04-14 06:28:08 Image size of job updated: 8178
	8178  -  MemoryUsage of job (MB)
	8374560  -  ResidentSetSize of job (KB)
...
006 (77553689.000.000) 2025-04-14 06:29:09 Image size of job updated: 8191
	8191  -  MemoryUsage of job (MB)
	8388536  -  ResidentSetSize of job (KB)
...
006 (77553689.000.000) 2025-04-14 06:30:10 Image size of job updated: 8192
	8192  -  MemoryUsage of job (MB)
	8388724  -  ResidentSetSize of job (KB)
...
006 (77553689.000.000) 2025-04-14 06:52:20 Image size of job updated: 8192
	8192  -  MemoryUsage of job (MB)
	8388764  -  ResidentSetSize of job (KB)
...
006 (77553689.000.000) 2025-04-14 06:53:20 Image size of job updated: 8192
	8192  -  MemoryUsage of job (MB)
	8388768  -  ResidentSetSize of job (KB)
...
006 (77553689.000.000) 2025-04-14 09:44:04 Image size of job updated: 8192
	8192  -  MemoryUsage of job (MB)
	8388772  -  ResidentSetSize of job (KB)
...
006 (77553689.000.000) 2025-04-14 09:48:07 Image size of job updated: 8192
	8192  -  MemoryUsage of job (MB)
	8388840  -  ResidentSetSize of job (KB)
...
040 (77553689.000.000) 2025-04-14 11:11:59 Finished transferring output files
...
005 (77553689.000.000) 2025-04-14 11:12:00 Job terminated.
	(1) Normal termination (return value 0)
		Usr 0 07:28:59, Sys 0 00:08:47  -  Run Remote Usage
		Usr 0 00:00:00, Sys 0 00:00:00  -  Run Local Usage
		Usr 0 07:28:59, Sys 0 00:08:47  -  Total Remote Usage
		Usr 0 00:00:00, Sys 0 00:00:00  -  Total Local Usage
	0  -  Run Bytes Sent By Job
	647574720  -  Run Bytes Received By Job
	0  -  Total Bytes Sent By Job
	647574720  -  Total Bytes Received By Job
	Partitionable Resources :       Usage  Request Allocated 
	   Cpus                 :        0.01        1         1 
	   Disk (KB)            : 15630213    52428800  52432100 
	   GPUs                 :                              0 
	   Memory (MB)          :     8192        8192      8192 
	   TimeExecute (s)      :    32538                       
	   TimeSlotBusy (s)     :    32548                       

	Job terminated of its own accord at 2025-04-14T16:11:59Z with exit-code 0.
...
