000 (77567472.000.000) 2025-04-14 21:43:44 Job submitted from host: <131.225.189.168:9618?addrs=131.225.189.168-9618+[2620-6a-0-8421-f0-0-189-168]-9618&alias=lpcschedd6.fnal.gov&noUDP&sock=schedd_2292_b328>
...
000 (77567472.001.000) 2025-04-14 21:43:44 Job submitted from host: <131.225.189.168:9618?addrs=131.225.189.168-9618+[2620-6a-0-8421-f0-0-189-168]-9618&alias=lpcschedd6.fnal.gov&noUDP&sock=schedd_2292_b328>
...
040 (77567472.000.000) 2025-04-14 21:43:55 Started transferring input files
	Transferring to host: <131.225.188.14:9618?addrs=[2620-6a-0-8421-f0-0-188-14]-9618+131.225.188.14-9618&alias=cmswn2019.fnal.gov&noUDP&sock=slot1_6_2889734_c53f_12669>
...
040 (77567472.001.000) 2025-04-14 21:43:56 Started transferring input files
	Transferring to host: <131.225.188.14:9618?addrs=[2620-6a-0-8421-f0-0-188-14]-9618+131.225.188.14-9618&alias=cmswn2019.fnal.gov&noUDP&sock=slot1_8_2889734_c53f_12670>
...
040 (77567472.000.000) 2025-04-14 21:44:21 Finished transferring input files
...
001 (77567472.000.000) 2025-04-14 21:44:22 Job executing on host: <131.225.188.14:9618?addrs=[2620-6a-0-8421-f0-0-188-14]-9618+131.225.188.14-9618&alias=cmswn2019.fnal.gov&noUDP&sock=startd_2213_832d>
	SlotName: slot1_6@cmswn2019.fnal.gov
	CondorScratchDir = "/storage/local/data1/condor/execute/dir_1968682"
	Cpus = 1
	Disk = 52430459
	GPUs = 0
	Memory = 8192
...
040 (77567472.001.000) 2025-04-14 21:44:24 Finished transferring input files
...
001 (77567472.001.000) 2025-04-14 21:44:25 Job executing on host: <131.225.188.14:9618?addrs=[2620-6a-0-8421-f0-0-188-14]-9618+131.225.188.14-9618&alias=cmswn2019.fnal.gov&noUDP&sock=startd_2213_832d>
	SlotName: slot1_8@cmswn2019.fnal.gov
	CondorScratchDir = "/storage/local/data1/condor/execute/dir_1968684"
	Cpus = 1
	Disk = 52430459
	GPUs = 0
	Memory = 8192
...
006 (77567472.000.000) 2025-04-14 21:44:32 Image size of job updated: 50
	50  -  MemoryUsage of job (MB)
	51472  -  ResidentSetSize of job (KB)
...
006 (77567472.001.000) 2025-04-14 21:44:34 Image size of job updated: 44
	44  -  MemoryUsage of job (MB)
	45964  -  ResidentSetSize of job (KB)
...
006 (77567472.000.000) 2025-04-14 21:45:33 Image size of job updated: 471
	471  -  MemoryUsage of job (MB)
	483128  -  ResidentSetSize of job (KB)
...
006 (77567472.001.000) 2025-04-14 21:45:34 Image size of job updated: 251
	251  -  MemoryUsage of job (MB)
	257620  -  ResidentSetSize of job (KB)
...
006 (77567472.001.000) 2025-04-14 21:46:34 Image size of job updated: 251
	251  -  MemoryUsage of job (MB)
	257684  -  ResidentSetSize of job (KB)
...
006 (77567472.000.000) 2025-04-14 21:52:37 Image size of job updated: 737
	737  -  MemoryUsage of job (MB)
	755348  -  ResidentSetSize of job (KB)
...
006 (77567472.001.000) 2025-04-14 21:52:37 Image size of job updated: 431
	431  -  MemoryUsage of job (MB)
	441656  -  ResidentSetSize of job (KB)
...
006 (77567472.000.000) 2025-04-14 21:53:38 Image size of job updated: 833
	833  -  MemoryUsage of job (MB)
	853604  -  ResidentSetSize of job (KB)
...
006 (77567472.001.000) 2025-04-14 21:53:38 Image size of job updated: 513
	513  -  MemoryUsage of job (MB)
	526332  -  ResidentSetSize of job (KB)
...
006 (77567472.001.000) 2025-04-14 21:54:14 Image size of job updated: 538
	538  -  MemoryUsage of job (MB)
	551036  -  ResidentSetSize of job (KB)
...
040 (77567472.001.000) 2025-04-14 21:54:14 Started transferring output files
...
040 (77567472.001.000) 2025-04-14 21:54:14 Finished transferring output files
...
005 (77567472.001.000) 2025-04-14 21:54:15 Job terminated.
	(1) Normal termination (return value 1)
		Usr 0 00:06:05, Sys 0 00:00:04  -  Run Remote Usage
		Usr 0 00:00:00, Sys 0 00:00:00  -  Run Local Usage
		Usr 0 00:06:05, Sys 0 00:00:04  -  Total Remote Usage
		Usr 0 00:00:00, Sys 0 00:00:00  -  Total Local Usage
	19794  -  Run Bytes Sent By Job
	647719360  -  Run Bytes Received By Job
	19794  -  Total Bytes Sent By Job
	647719360  -  Total Bytes Received By Job
	Partitionable Resources :     Usage  Request Allocated 
	   Cpus                 :      0.00        1         1 
	   Disk (KB)            : 633428    52428800  52430459 
	   GPUs                 :                            0 
	   Memory (MB)          :    538        8192      8192 
	   TimeExecute (s)      :    589                       
	   TimeSlotBusy (s)     :    619                       

	Job terminated of its own accord at 2025-04-15T02:54:14Z with exit-code 1.
...
006 (77567472.000.000) 2025-04-14 21:54:38 Image size of job updated: 834
	834  -  MemoryUsage of job (MB)
	854288  -  ResidentSetSize of job (KB)
...
006 (77567472.000.000) 2025-04-14 21:55:38 Image size of job updated: 834
	834  -  MemoryUsage of job (MB)
	854652  -  ResidentSetSize of job (KB)
...
006 (77567472.000.000) 2025-04-14 21:56:19 Image size of job updated: 851
	851  -  MemoryUsage of job (MB)
	871984  -  ResidentSetSize of job (KB)
...
040 (77567472.000.000) 2025-04-14 21:56:19 Started transferring output files
...
040 (77567472.000.000) 2025-04-14 21:56:19 Finished transferring output files
...
005 (77567472.000.000) 2025-04-14 21:56:20 Job terminated.
	(1) Normal termination (return value 1)
		Usr 0 00:07:27, Sys 0 00:00:05  -  Run Remote Usage
		Usr 0 00:00:00, Sys 0 00:00:00  -  Run Local Usage
		Usr 0 00:07:27, Sys 0 00:00:05  -  Total Remote Usage
		Usr 0 00:00:00, Sys 0 00:00:00  -  Total Local Usage
	19590  -  Run Bytes Sent By Job
	647718912  -  Run Bytes Received By Job
	19590  -  Total Bytes Sent By Job
	647718912  -  Total Bytes Received By Job
	Partitionable Resources :     Usage  Request Allocated 
	   Cpus                 :      0.01        1         1 
	   Disk (KB)            : 633428    52428800  52430459 
	   GPUs                 :                            0 
	   Memory (MB)          :    851        8192      8192 
	   TimeExecute (s)      :    717                       
	   TimeSlotBusy (s)     :    745                       

	Job terminated of its own accord at 2025-04-15T02:56:19Z with exit-code 1.
...
