000 (77813168.000.000) 2025-04-22 15:31:14 Job submitted from host: <131.225.189.168:9618?addrs=131.225.189.168-9618+[2620-6a-0-8421-f0-0-189-168]-9618&alias=lpcschedd6.fnal.gov&noUDP&sock=schedd_2264_7e81>
...
000 (77813168.001.000) 2025-04-22 15:31:14 Job submitted from host: <131.225.189.168:9618?addrs=131.225.189.168-9618+[2620-6a-0-8421-f0-0-189-168]-9618&alias=lpcschedd6.fnal.gov&noUDP&sock=schedd_2264_7e81>
...
000 (77813168.002.000) 2025-04-22 15:31:14 Job submitted from host: <131.225.189.168:9618?addrs=131.225.189.168-9618+[2620-6a-0-8421-f0-0-189-168]-9618&alias=lpcschedd6.fnal.gov&noUDP&sock=schedd_2264_7e81>
...
000 (77813168.003.000) 2025-04-22 15:31:14 Job submitted from host: <131.225.189.168:9618?addrs=131.225.189.168-9618+[2620-6a-0-8421-f0-0-189-168]-9618&alias=lpcschedd6.fnal.gov&noUDP&sock=schedd_2264_7e81>
...
000 (77813168.004.000) 2025-04-22 15:31:14 Job submitted from host: <131.225.189.168:9618?addrs=131.225.189.168-9618+[2620-6a-0-8421-f0-0-189-168]-9618&alias=lpcschedd6.fnal.gov&noUDP&sock=schedd_2264_7e81>
...
040 (77813168.000.000) 2025-04-22 15:31:25 Started transferring input files
	Transferring to host: <131.225.188.161:9618?addrs=[2620-6a-0-8421-f0-0-188-161]-9618+131.225.188.161-9618&alias=cmswn2055.fnal.gov&noUDP&sock=slot1_6_2664_c765_34846>
...
040 (77813168.001.000) 2025-04-22 15:31:25 Started transferring input files
	Transferring to host: <131.225.189.197:9618?addrs=[2620-6a-0-8421-f0-0-189-197]-9618+131.225.189.197-9618&alias=cmswn2138.fnal.gov&noUDP&sock=slot1_6_2300_4ed7_33556>
...
040 (77813168.004.000) 2025-04-22 15:31:25 Started transferring input files
	Transferring to host: <131.225.188.210:9618?addrs=[2620-6a-0-8421-f0-0-188-210]-9618+131.225.188.210-9618&alias=cmswn2067.fnal.gov&noUDP&sock=slot1_6_3488_5c87_35564>
...
040 (77813168.003.000) 2025-04-22 15:31:25 Started transferring input files
	Transferring to host: <131.225.189.175:9618?addrs=[2620-6a-0-8421-f0-0-189-175]-9618+131.225.189.175-9618&alias=cmswn2125.fnal.gov&noUDP&sock=slot1_13_2661_aa45_32782>
...
040 (77813168.002.000) 2025-04-22 15:31:25 Started transferring input files
	Transferring to host: <131.225.189.16:9618?addrs=[2620-6a-0-8421-f0-0-189-16]-9618+131.225.189.16-9618&alias=cmswn2080.fnal.gov&noUDP&sock=slot1_1_2065158_6244_11591>
...
040 (77813168.003.000) 2025-04-22 15:31:37 Finished transferring input files
...
001 (77813168.003.000) 2025-04-22 15:31:38 Job executing on host: <131.225.189.175:9618?addrs=[2620-6a-0-8421-f0-0-189-175]-9618+131.225.189.175-9618&alias=cmswn2125.fnal.gov&noUDP&sock=startd_2329_1429>
	SlotName: slot1_13@cmswn2125.fnal.gov
	CondorScratchDir = "/storage/local/data1/condor/execute/dir_2019623"
	Cpus = 1
	Disk = 52432110
	GPUs = 0
	Memory = 8192
...
040 (77813168.001.000) 2025-04-22 15:31:39 Finished transferring input files
...
001 (77813168.001.000) 2025-04-22 15:31:40 Job executing on host: <131.225.189.197:9618?addrs=[2620-6a-0-8421-f0-0-189-197]-9618+131.225.189.197-9618&alias=cmswn2138.fnal.gov&noUDP&sock=startd_2250_e42e>
	SlotName: slot1_6@cmswn2138.fnal.gov
	CondorScratchDir = "/storage/local/data1/condor/execute/dir_1289494"
	Cpus = 1
	Disk = 52432302
	GPUs = 0
	Memory = 8192
...
040 (77813168.000.000) 2025-04-22 15:31:45 Finished transferring input files
...
001 (77813168.000.000) 2025-04-22 15:31:46 Job executing on host: <131.225.188.161:9618?addrs=[2620-6a-0-8421-f0-0-188-161]-9618+131.225.188.161-9618&alias=cmswn2055.fnal.gov&noUDP&sock=startd_2288_f4c7>
	SlotName: slot1_6@cmswn2055.fnal.gov
	CondorScratchDir = "/storage/local/data1/condor/execute/dir_2103831"
	Cpus = 1
	Disk = 52430330
	GPUs = 0
	Memory = 8192
...
006 (77813168.001.000) 2025-04-22 15:31:48 Image size of job updated: 55
	55  -  MemoryUsage of job (MB)
	57104  -  ResidentSetSize of job (KB)
...
040 (77813168.004.000) 2025-04-22 15:31:50 Finished transferring input files
...
001 (77813168.004.000) 2025-04-22 15:31:51 Job executing on host: <131.225.188.210:9618?addrs=[2620-6a-0-8421-f0-0-188-210]-9618+131.225.188.210-9618&alias=cmswn2067.fnal.gov&noUDP&sock=startd_2908_397f>
	SlotName: slot1_6@cmswn2067.fnal.gov
	CondorScratchDir = "/storage/local/data1/condor/execute/dir_2723121"
	Cpus = 1
	Disk = 52430341
	GPUs = 0
	Memory = 8192
...
006 (77813168.000.000) 2025-04-22 15:31:55 Image size of job updated: 40
	40  -  MemoryUsage of job (MB)
	41208  -  ResidentSetSize of job (KB)
...
040 (77813168.002.000) 2025-04-22 15:32:02 Finished transferring input files
...
001 (77813168.002.000) 2025-04-22 15:32:03 Job executing on host: <131.225.189.16:9618?addrs=[2620-6a-0-8421-f0-0-189-16]-9618+131.225.189.16-9618&alias=cmswn2080.fnal.gov&noUDP&sock=startd_2280_7805>
	SlotName: slot1_1@cmswn2080.fnal.gov
	CondorScratchDir = "/storage/local/data1/condor/execute/dir_742188"
	Cpus = 1
	Disk = 52430332
	GPUs = 0
	Memory = 8192
...
006 (77813168.003.000) 2025-04-22 15:32:48 Image size of job updated: 536
	536  -  MemoryUsage of job (MB)
	549000  -  ResidentSetSize of job (KB)
...
006 (77813168.001.000) 2025-04-22 15:32:49 Image size of job updated: 536
	536  -  MemoryUsage of job (MB)
	549716  -  ResidentSetSize of job (KB)
...
006 (77813168.000.000) 2025-04-22 15:32:56 Image size of job updated: 537
	537  -  MemoryUsage of job (MB)
	550892  -  ResidentSetSize of job (KB)
...
006 (77813168.004.000) 2025-04-22 15:33:01 Image size of job updated: 483
	483  -  MemoryUsage of job (MB)
	495268  -  ResidentSetSize of job (KB)
...
006 (77813168.002.000) 2025-04-22 15:33:11 Image size of job updated: 540
	540  -  MemoryUsage of job (MB)
	553732  -  ResidentSetSize of job (KB)
...
006 (77813168.001.000) 2025-04-22 15:33:50 Image size of job updated: 537
	537  -  MemoryUsage of job (MB)
	550200  -  ResidentSetSize of job (KB)
...
006 (77813168.000.000) 2025-04-22 15:33:57 Image size of job updated: 538
	538  -  MemoryUsage of job (MB)
	551004  -  ResidentSetSize of job (KB)
...
006 (77813168.004.000) 2025-04-22 15:34:01 Image size of job updated: 541
	541  -  MemoryUsage of job (MB)
	554284  -  ResidentSetSize of job (KB)
...
006 (77813168.002.000) 2025-04-22 15:34:12 Image size of job updated: 541
	541  -  MemoryUsage of job (MB)
	554952  -  ResidentSetSize of job (KB)
...
006 (77813168.003.000) 2025-04-22 15:34:48 Image size of job updated: 536
	536  -  MemoryUsage of job (MB)
	549348  -  ResidentSetSize of job (KB)
...
006 (77813168.001.000) 2025-04-22 15:34:50 Image size of job updated: 537
	537  -  MemoryUsage of job (MB)
	550476  -  ResidentSetSize of job (KB)
...
006 (77813168.004.000) 2025-04-22 15:35:01 Image size of job updated: 541
	541  -  MemoryUsage of job (MB)
	554948  -  ResidentSetSize of job (KB)
...
006 (77813168.003.000) 2025-04-22 15:35:21 Image size of job updated: 537
	537  -  MemoryUsage of job (MB)
	550120  -  ResidentSetSize of job (KB)
...
040 (77813168.003.000) 2025-04-22 15:35:21 Started transferring output files
...
040 (77813168.003.000) 2025-04-22 15:35:21 Finished transferring output files
...
040 (77813168.004.000) 2025-04-22 15:35:21 Started transferring output files
...
040 (77813168.004.000) 2025-04-22 15:35:21 Finished transferring output files
...
004 (77813168.003.000) 2025-04-22 15:35:22 Job was evicted.
	(0) CPU times
		Usr 0 00:00:31, Sys 0 00:00:03  -  Run Remote Usage
		Usr 0 00:00:00, Sys 0 00:00:00  -  Run Local Usage
	5959  -  Run Bytes Sent By Job
	774281856  -  Run Bytes Received By Job
	Partitionable Resources :     Usage  Request Allocated 
	   Cpus                 :      0.00        1         1 
	   Disk (KB)            : 757012    52428800  52432110 
	   GPUs                 :                            0 
	   Memory (MB)          :    537        8192      8192 
	   TimeExecute (s)      :    223                       
	   TimeSlotBusy (s)     :    238                       
...
009 (77813168.003.000) 2025-04-22 15:35:22 Job was aborted.
	via condor_rm (by user msahoo)
...
004 (77813168.004.000) 2025-04-22 15:35:22 Job was evicted.
	(0) CPU times
		Usr 0 00:01:10, Sys 0 00:00:02  -  Run Remote Usage
		Usr 0 00:00:00, Sys 0 00:00:00  -  Run Local Usage
	5959  -  Run Bytes Sent By Job
	774283328  -  Run Bytes Received By Job
	Partitionable Resources :     Usage  Request Allocated 
	   Cpus                 :      0.00        1         1 
	   Disk (KB)            : 757013    52428800  52430341 
	   GPUs                 :                            0 
	   Memory (MB)          :    541        8192      8192 
	   TimeExecute (s)      :    210                       
	   TimeSlotBusy (s)     :    238                       
...
009 (77813168.004.000) 2025-04-22 15:35:22 Job was aborted.
	via condor_rm (by user msahoo)
...
040 (77813168.001.000) 2025-04-22 15:35:22 Started transferring output files
...
040 (77813168.001.000) 2025-04-22 15:35:22 Finished transferring output files
...
040 (77813168.000.000) 2025-04-22 15:35:23 Started transferring output files
...
004 (77813168.001.000) 2025-04-22 15:35:23 Job was evicted.
	(0) CPU times
		Usr 0 00:01:13, Sys 0 00:00:02  -  Run Remote Usage
		Usr 0 00:00:00, Sys 0 00:00:00  -  Run Local Usage
	5959  -  Run Bytes Sent By Job
	774282304  -  Run Bytes Received By Job
	Partitionable Resources :     Usage  Request Allocated 
	   Cpus                 :      0.00        1         1 
	   Disk (KB)            : 757011    52428800  52432302 
	   GPUs                 :                            0 
	   Memory (MB)          :    537        8192      8192 
	   TimeExecute (s)      :    222                       
	   TimeSlotBusy (s)     :    239                       
...
040 (77813168.000.000) 2025-04-22 15:35:23 Finished transferring output files
...
009 (77813168.001.000) 2025-04-22 15:35:23 Job was aborted.
	via condor_rm (by user msahoo)
...
004 (77813168.000.000) 2025-04-22 15:35:23 Job was evicted.
	(0) CPU times
		Usr 0 00:01:11, Sys 0 00:00:02  -  Run Remote Usage
		Usr 0 00:00:00, Sys 0 00:00:00  -  Run Local Usage
	5959  -  Run Bytes Sent By Job
	774282752  -  Run Bytes Received By Job
	Partitionable Resources :     Usage  Request Allocated 
	   Cpus                 :      0.00        1         1 
	   Disk (KB)            : 757012    52428800  52430330 
	   GPUs                 :                            0 
	   Memory (MB)          :    538        8192      8192 
	   TimeExecute (s)      :    216                       
	   TimeSlotBusy (s)     :    239                       
...
009 (77813168.000.000) 2025-04-22 15:35:23 Job was aborted.
	via condor_rm (by user msahoo)
...
040 (77813168.002.000) 2025-04-22 15:35:25 Started transferring output files
...
040 (77813168.002.000) 2025-04-22 15:35:25 Finished transferring output files
...
004 (77813168.002.000) 2025-04-22 15:35:25 Job was evicted.
	(0) CPU times
		Usr 0 00:01:10, Sys 0 00:00:03  -  Run Remote Usage
		Usr 0 00:00:00, Sys 0 00:00:00  -  Run Local Usage
	5958  -  Run Bytes Sent By Job
	774283968  -  Run Bytes Received By Job
	Partitionable Resources :    Usage  Request Allocated 
	   Cpus                 :        0        1         1 
	   Disk (KB)            :   757014 52428800  52430332 
	   GPUs                 :                           0 
	   Memory (MB)          :      541     8192      8192 
	   TimeExecute (s)      :      201                    
	   TimeSlotBusy (s)     :      240                    
...
009 (77813168.002.000) 2025-04-22 15:35:25 Job was aborted.
	via condor_rm (by user msahoo)
...
